2026-04-21 14:04:06,015 - INFO - logger.py:96 - info - 开始录制: 项目=LD, 模块=product_file, 用例=standard_time, ms_id=0
2026-04-21 14:04:06,021 - INFO - logger.py:96 - info - 启动Playwright Codegen，浏览器: chromium，URL: https://test2.saas-test3.supcon.com:32188
2026-04-21 14:04:06,022 - INFO - logger.py:96 - info - 已启用忽略 HTTPS 证书错误
2026-04-21 14:05:56,973 - INFO - logger.py:96 - info - 录制完成，录制完的代码:
2026-04-21 14:05:56,974 - INFO - logger.py:96 - info - import re
from playwright.sync_api import Playwright, sync_playwright, expect


def run(playwright: Playwright) -> None:
    browser = playwright.chromium.launch(headless=False)
    context = browser.new_context(ignore_https_errors=True)
    page = context.new_page()
    page.goto("https://test2.saas-test3.supcon.com:32188/login#/login")
    page.get_by_role("textbox", name="请输入用户名").click()
    page.get_by_role("textbox", name="请输入用户名").fill("admin")
    page.get_by_role("textbox", name="请输入密码").click()
    page.get_by_role("textbox", name="请输入密码").click()
    page.get_by_role("textbox", name="请输入密码").fill("Supcon1304@")
    page.get_by_label("图标: eye-invisible").locator("svg").click()
    page.get_by_role("button", name="登 录").click()
    page.get_by_role("button", name="确定").click()
    page.get_by_text("基础资料").click()
    page.get_by_text("产品档案").click()
    page.locator("iframe[name=\"supos-tab-framework-2\"]").content_frame.get_by_role("button", name="plus-circle 新增").click()
    page.locator("iframe[name=\"supos-tab-framework-2\"]").content_frame.get_by_label("创建产品").get_by_text("标准工时").click()
    expect(page.locator("iframe[name=\"supos-tab-framework-2\"]").content_frame.get_by_label("创建产品").locator("form")).to_contain_text("标准工时")
    expect(page.locator("iframe[name=\"supos-tab-framework-2\"]").content_frame.locator("div").filter(has_text=re.compile(r"^标准工时小时分秒$")).first).to_be_visible()
    expect(page.locator("iframe[name=\"supos-tab-framework-2\"]").content_frame.locator("div").filter(has_text=re.compile(r"^标准工时小时分秒$")).first).to_be_visible()
    page.close()

    # ---------------------
    context.close()
    browser.close()


with sync_playwright() as playwright:
    run(playwright)

2026-04-21 14:05:56,975 - INFO - logger.py:96 - info - 开始AI代码格式化
2026-04-21 14:05:56,975 - INFO - logger.py:96 - info - ============================================================
2026-04-21 14:05:56,975 - INFO - logger.py:96 - info - 开始处理录制代码...
2026-04-21 14:05:56,976 - INFO - logger.py:96 - info - ============================================================
2026-04-21 14:05:56,976 - INFO - logger.py:96 - info - 构建提示词完成，时间戳: 1776751556
2026-04-21 14:05:56,976 - INFO - logger.py:96 - info - 调用AI处理录制代码...
2026-04-21 14:05:56,976 - INFO - logger.py:96 - info - 开始调用豆包AI API...
2026-04-21 14:05:56,976 - INFO - logger.py:96 - info - 发送请求到: https://ark.cn-beijing.volces.com/api/v3/chat/completions
2026-04-21 14:06:32,975 - INFO - logger.py:96 - info - 总token消耗: 2914
2026-04-21 14:06:32,975 - INFO - logger.py:96 - info - 豆包AI API调用成功，耗时: 36.00秒
2026-04-21 14:06:32,978 - INFO - logger.py:96 - info - AI返回原始响应类型: <class 'dict'>
2026-04-21 14:06:32,978 - INFO - logger.py:96 - info - AI处理代码成功
2026-04-21 14:06:32,978 - INFO - logger.py:96 - info - 提取代码块成功
2026-04-21 14:06:32,979 - INFO - logger.py:96 - info - ============================================================
2026-04-21 14:06:32,979 - INFO - logger.py:96 - info - 代码处理完成
2026-04-21 14:06:32,979 - INFO - logger.py:96 - info - ============================================================
2026-04-21 14:06:32,979 - INFO - logger.py:96 - info - 代码格式化完成:
2026-04-21 14:06:32,979 - INFO - logger.py:96 - info - import re
import pytest
from playwright.sync_api import Page, expect
from src.base.base_test import BaseTest
from src.common.logger import logger

class TestStandardTime(BaseTest):
    """
    用例名：standard_time
    用例ms的id：0
    """

    def test_standard_time(self, page: Page, project_name: str):
        f"""测试新增产品标准工时功能
        用例名：standard_time
        用例ms的id：0
        项目名：{project_name}

        Args:
            page: 页面实例
            project_name: 项目名称
        """
        logger.info("=" * 60)
        logger.info(f"开始执行用例：standard_time")
        logger.info(f"用例ms的id：0")
        logger.info("=" * 60)
        
        # 使用封装好的公用登录方法登录系统
        self.login(page, project_name)
        logger.info("系统登录完成")

        # 处理登录后弹窗，进入主页面
        page.get_by_role("button", name="确定").click()
        logger.info("点击确定，进入系统主页面")

        # 导航到产品档案页面
        page.get_by_text("基础资料").click()
        page.get_by_text("产品档案").click()
        logger.info("成功进入【基础资料->产品档案】页面")

        # 获取产品档案iframe上下文，简化后续定位
        product_frame = page.locator("iframe[name=\"supos-tab-framework-2\"]").content_frame
        # 点击新增产品按钮
        product_frame.get_by_role("button", name="plus-circle 新增").click()
        logger.info("点击新增产品按钮")

        # 点击标准工时选项，验证展示
        product_frame.get_by_label("创建产品").get_by_text("标准工时").click()
        logger.info("点击标准工时选项，开始验证展示效果")

        # 断言验证标准工时展示正常
        expect(product_frame.get_by_label("创建产品").locator("form")).to_contain_text("标准工时")
        expect(product_frame.locator("div").filter(has_text=re.compile(r"^标准工时小时分秒$")).first).to_be_visible()
        
        logger.info("所有断言通过，标准工时展示正常")
        logger.info(f"用例standard_time执行完成")
2026-04-21 14:06:32,998 - INFO - logger.py:96 - info - 不需要AI分层，保存格式化后的代码
2026-04-21 14:06:32,999 - INFO - logger.py:96 - info - 格式化后的代码已保存: D:\install\auto_ui-master\src\testcase\LD\product_file\test_standard_time.py
