2026-04-28 10:23:27,803 - INFO - logger.py:104 - info - 开始录制: 项目=LD, 模块=system_configuration, 用例=verify_require_field, ms_id=0
2026-04-28 10:23:27,806 - INFO - logger.py:104 - info - 启动Playwright Codegen，浏览器: chromium，URL: https://test2.saas-test3.supcon.com:32188
2026-04-28 10:23:27,806 - INFO - logger.py:104 - info - 已启用忽略 HTTPS 证书错误
2026-04-28 10:24:22,525 - INFO - logger.py:104 - info - 录制完成，录制完的代码:
2026-04-28 10:24:22,525 - INFO - logger.py:104 - info - import re
from playwright.sync_api import Playwright, sync_playwright, expect


def run(playwright: Playwright) -> None:
    browser = playwright.chromium.launch(headless=False)
    context = browser.new_context(ignore_https_errors=True)
    page = context.new_page()
    page.goto("https://test2.saas-test3.supcon.com:32188/login#/login")
    page.get_by_role("textbox", name="请输入用户名").click()
    page.get_by_role("textbox", name="请输入用户名").fill("admin")
    page.get_by_role("textbox", name="请输入密码").click()
    page.get_by_role("textbox", name="请输入密码").fill("Supcon1304@")
    page.get_by_role("button", name="登 录").click()
    page.get_by_role("button", name="确定").click()
    page.get_by_text("基础资料").click()
    page.get_by_text("系统配置").click()
    page.get_by_text("标签打印配置").click()
    page.locator("iframe[name=\"supos-tab-framework-2\"]").content_frame.get_by_role("button", name="plus-circle 新增").click()
    page.locator("iframe[name=\"supos-tab-framework-2\"]").content_frame.get_by_role("button", name="保 存").click()
    expect(page.locator("iframe[name=\"supos-tab-framework-2\"]").content_frame.get_by_text("模板ID请输入模板ID模板名称请输入模板名称模板类型标签所属业务请选择所属业务")).to_be_visible()
    page.locator("iframe[name=\"supos-tab-framework-2\"]").content_frame.get_by_role("button", name="取 消").click()
    page.close()

    # ---------------------
    context.close()
    browser.close()


with sync_playwright() as playwright:
    run(playwright)

2026-04-28 10:24:22,526 - INFO - logger.py:104 - info - 开始AI代码格式化
2026-04-28 10:24:22,527 - INFO - logger.py:104 - info - ============================================================
2026-04-28 10:24:22,527 - INFO - logger.py:104 - info - 开始处理录制代码...
2026-04-28 10:24:22,527 - INFO - logger.py:104 - info - ============================================================
2026-04-28 10:24:22,527 - INFO - logger.py:104 - info - 构建提示词完成，时间戳: 1777343062
2026-04-28 10:24:22,527 - INFO - logger.py:104 - info - 调用AI处理录制代码...
2026-04-28 10:24:22,528 - INFO - logger.py:104 - info - 开始调用豆包AI API...
2026-04-28 10:24:22,528 - INFO - logger.py:104 - info - 发送请求到: https://ark.cn-beijing.volces.com/api/v3/chat/completions
2026-04-28 10:25:27,557 - INFO - logger.py:104 - info - 总token消耗: 3537
2026-04-28 10:25:27,557 - INFO - logger.py:104 - info - 豆包AI API调用成功，耗时: 65.03秒
2026-04-28 10:25:27,559 - INFO - logger.py:104 - info - AI返回原始响应类型: <class 'dict'>
2026-04-28 10:25:27,559 - INFO - logger.py:104 - info - AI处理代码成功
2026-04-28 10:25:27,559 - INFO - logger.py:104 - info - 提取代码块成功
2026-04-28 10:25:27,560 - INFO - logger.py:104 - info - ============================================================
2026-04-28 10:25:27,560 - INFO - logger.py:104 - info - 代码处理完成
2026-04-28 10:25:27,560 - INFO - logger.py:104 - info - ============================================================
2026-04-28 10:25:27,560 - INFO - logger.py:104 - info - 代码格式化完成:
2026-04-28 10:25:27,560 - INFO - logger.py:104 - info - import re
import pytest
from playwright.sync_api import Page, expect
from src.base.base_test import BaseTest
from src.common.logger import logger

class TestVerifyRequireField(BaseTest):
    """
    用例名：verify_require_field
    用例ms的id：0
    """

    def test_verify_require_field(self, page: Page, project_name: str):
        f"""测试标签打印配置新增必填项校验
        用例名：verify_require_field
        用例ms的id：0
        项目名：{project_name}

        Args:
            page: 页面实例
            project_name: 项目名称
        """
        logger.info("=" * 60)
        logger.info(f"开始执行用例：verify_require_field")
        logger.info(f"用例ms的id：0")
        logger.info("=" * 60)
        
        # 使用封装好的公用登录方法
        self.login(page, project_name)
        logger.info("登录成功，开始导航到目标页面")
        
        # 导航到标签打印配置页面
        logger.info("点击基础资料菜单")
        page.get_by_text("基础资料").click()
        logger.info("点击系统配置菜单")
        page.get_by_text("系统配置").click()
        logger.info("点击进入标签打印配置页面")
        page.get_by_text("标签打印配置").click()
        
        # 获取页面iframe上下文
        frame = page.locator("iframe[name=\"supos-tab-framework-2\"]").content_frame
        
        # 空表单提交测试必填校验
        logger.info("点击新增按钮打开新增表单")
        frame.get_by_role("button", name="plus-circle 新增").click()
        logger.info("不填写任何内容，直接点击保存按钮")
        frame.get_by_role("button", name="保 存").click()
        logger.info("校验必填项提示信息是否正常显示")
        expect(frame.get_by_text("模板ID请输入模板ID模板名称请输入模板名称模板类型标签所属业务请选择所属业务")).to_be_visible()
        
        logger.info("点击取消关闭新增表单")
        frame.get_by_role("button", name="取 消").click()
        
        logger.info("用例执行完成")
2026-04-28 10:25:27,561 - INFO - logger.py:104 - info - 不需要AI分层，保存格式化后的代码
2026-04-28 10:25:27,562 - INFO - logger.py:104 - info - 格式化后的代码已保存: D:\install\auto_ui-master\src\testcase\LD\system_configuration\test_verify_require_field.py
