2026-04-23 17:05:09,479 - INFO - logger.py:104 - info - 开始录制: 项目=LD, 模块=bom_management, 用例=verify_child_product, ms_id=0
2026-04-23 17:05:09,484 - INFO - logger.py:104 - info - 启动Playwright Codegen，浏览器: chromium，URL: https://test2.saas-test3.supcon.com:32188
2026-04-23 17:05:09,485 - INFO - logger.py:104 - info - 已启用忽略 HTTPS 证书错误
2026-04-23 17:06:33,948 - INFO - logger.py:104 - info - 录制完成，录制完的代码:
2026-04-23 17:06:33,948 - INFO - logger.py:104 - info - import re
from playwright.sync_api import Playwright, sync_playwright, expect


def run(playwright: Playwright) -> None:
    browser = playwright.chromium.launch(headless=False)
    context = browser.new_context(ignore_https_errors=True)
    page = context.new_page()
    page.goto("https://test2.saas-test3.supcon.com:32188/login#/login")
    page.get_by_role("textbox", name="请输入用户名").click()
    page.get_by_role("textbox", name="请输入用户名").fill("admin")
    page.get_by_role("textbox", name="请输入密码").click()
    page.get_by_role("textbox", name="请输入密码").fill("Supcon1304@")
    page.get_by_role("button", name="登 录").click()
    page.get_by_role("button", name="确定").click()
    page.get_by_text("基础资料").click()
    page.get_by_text("物料清单").click()
    expect(page.locator("iframe[name=\"supos-tab-framework-2\"]").content_frame.get_by_role("cell", name="CPTB001")).to_be_visible()
    page.locator("iframe[name=\"supos-tab-framework-2\"]").content_frame.locator(".ant-menu-overflow-item.ant-menu-item.ant-menu-item-active > .ant-menu-title-content > .edit-btn").click()
    page.locator("iframe[name=\"supos-tab-framework-2\"]").content_frame.get_by_role("button", name="plus-circle 添加子项产品").click()
    page.locator("iframe[name=\"supos-tab-framework-2\"]").content_frame.locator(".tree-layout > .list-layout > .table-wrapper").click()
    page.locator("iframe[name=\"supos-tab-framework-2\"]").content_frame.locator(".ant-table-cell > .ant-checkbox-wrapper").first.click()
    page.locator("iframe[name=\"supos-tab-framework-2\"]").content_frame.get_by_role("button", name="选 择").click()
    page.locator("iframe[name=\"supos-tab-framework-2\"]").content_frame.locator("#rc_select_8").click()
    page.locator("iframe[name=\"supos-tab-framework-2\"]").content_frame.get_by_text("饺子工序").click()
    page.locator("iframe[name=\"supos-tab-framework-2\"]").content_frame.get_by_role("button", name="保 存").click()
    page.locator("iframe[name=\"supos-tab-framework-2\"]").content_frame.locator("div").filter(has_text="提示是否确认保存该物料清单？取 消确 认").nth(5).click()
    page.locator("iframe[name=\"supos-tab-framework-2\"]").content_frame.get_by_role("button", name="确 认").click()
    page.locator("iframe[name=\"supos-tab-framework-2\"]").content_frame.get_by_text("删除").nth(1).click()
    page.locator("iframe[name=\"supos-tab-framework-2\"]").content_frame.get_by_role("button", name="确 定").click()
    page.locator("iframe[name=\"supos-tab-framework-2\"]").content_frame.locator("div").filter(has_text="操作成功！").nth(3).click()
    page.close()

    # ---------------------
    context.close()
    browser.close()


with sync_playwright() as playwright:
    run(playwright)

2026-04-23 17:06:33,950 - INFO - logger.py:104 - info - 开始AI代码格式化
2026-04-23 17:06:33,950 - INFO - logger.py:104 - info - ============================================================
2026-04-23 17:06:33,950 - INFO - logger.py:104 - info - 开始处理录制代码...
2026-04-23 17:06:33,950 - INFO - logger.py:104 - info - ============================================================
2026-04-23 17:06:33,950 - INFO - logger.py:104 - info - 构建提示词完成，时间戳: 1776935193
2026-04-23 17:06:33,951 - INFO - logger.py:104 - info - 调用AI处理录制代码...
2026-04-23 17:06:33,951 - INFO - logger.py:104 - info - 开始调用豆包AI API...
2026-04-23 17:06:33,951 - INFO - logger.py:104 - info - 发送请求到: https://ark.cn-beijing.volces.com/api/v3/chat/completions
2026-04-23 17:07:38,234 - INFO - logger.py:104 - info - 总token消耗: 4334
2026-04-23 17:07:38,235 - INFO - logger.py:104 - info - 豆包AI API调用成功，耗时: 64.28秒
2026-04-23 17:07:38,237 - INFO - logger.py:104 - info - AI返回原始响应类型: <class 'dict'>
2026-04-23 17:07:38,237 - INFO - logger.py:104 - info - AI处理代码成功
2026-04-23 17:07:38,237 - INFO - logger.py:104 - info - 提取代码块成功
2026-04-23 17:07:38,238 - INFO - logger.py:104 - info - ============================================================
2026-04-23 17:07:38,238 - INFO - logger.py:104 - info - 代码处理完成
2026-04-23 17:07:38,238 - INFO - logger.py:104 - info - ============================================================
2026-04-23 17:07:38,238 - INFO - logger.py:104 - info - 代码格式化完成:
2026-04-23 17:07:38,239 - INFO - logger.py:104 - info - import re
import pytest
from playwright.sync_api import Page, expect
from src.base.base_test import BaseTest
from src.common.logger import logger

class TestVerifyChildProduct(BaseTest):
    """
    用例名：verify_child_product
    用例ms的id：0
    """

    def test_verify_child_product(self, page: Page, project_name: str):
        f"""测试物料清单添加子产品功能
        用例名：verify_child_product
        用例ms的id：0
        项目名：{project_name}

        Args:
            page: 页面实例
            project_name: 项目名称
        """
        logger.info("=" * 60)
        logger.info(f"开始执行用例：verify_child_product")
        logger.info(f"用例ms ID：0")
        logger.info("=" * 60)
        
        # 使用公用登录方法登录系统
        logger.info("调用公用登录方法完成登录")
        self.login(page, project_name)

        # 进入物料清单功能页面
        logger.info("导航进入物料清单页面")
        page.get_by_text("基础资料").click()
        page.get_by_text("物料清单").click()

        # 提取iframe内容框架，减少重复代码
        bom_content_frame = page.locator("iframe[name=\"supos-tab-framework-2\"]").content_frame
        
        # 验证目标物料存在
        logger.info("验证物料CPTB001可见")
        expect(bom_content_frame.get_by_role("cell", name="CPTB001")).to_be_visible()

        # 进入编辑模式
        logger.info("点击编辑按钮")
        bom_content_frame.locator(".ant-menu-overflow-item.ant-menu-item.ant-menu-item-active > .ant-menu-title-content > .edit-btn").click()
        
        # 触发添加子项产品
        logger.info("点击添加子项产品按钮")
        bom_content_frame.get_by_role("button", name="plus-circle 添加子项产品").click()
        
        # 选择目标产品
        logger.info("选择产品后确认选择")
        bom_content_frame.locator(".tree-layout > .list-layout > .table-wrapper").click()
        bom_content_frame.locator(".ant-table-cell > .ant-checkbox-wrapper").first.click()
        bom_content_frame.get_by_role("button", name="选 择").click()

        # 选择对应工序
        logger.info("选择饺子工序")
        bom_content_frame.locator("#rc_select_8").click()
        bom_content_frame.get_by_text("饺子工序").click()

        # 保存修改并确认
        logger.info("保存物料清单修改，确认操作")
        bom_content_frame.get_by_role("button", name="保 存").click()
        bom_content_frame.locator("div").filter(has_text="提示是否确认保存该物料清单？取 消确 认").nth(5).click()
        bom_content_frame.get_by_role("button", name="确 认").click()

        # 删除新增子项还原数据
        logger.info("删除新增子项，确认操作")
        bom_content_frame.get_by_text("删除").nth(1).click()
        bom_content_frame.get_by_role("button", name="确 定").click()

        # 验证操作成功
        logger.info("验证操作成功提示，用例执行完成")
        bom_content_frame.locator("div").filter(has_text="操作成功！").nth(3).click()
        logger.info("verify_child_product用例执行完毕")
2026-04-23 17:07:38,241 - INFO - logger.py:104 - info - 不需要AI分层，保存格式化后的代码
2026-04-23 17:07:38,243 - INFO - logger.py:104 - info - 格式化后的代码已保存: D:\install\auto_ui-master\src\testcase\LD\bom_management\test_verify_child_product.py
