2026-04-24 14:28:32,867 - INFO - logger.py:104 - info - 开始录制: 项目=LD, 模块=customer_file, 用例=table_properties, ms_id=0
2026-04-24 14:28:32,871 - INFO - logger.py:104 - info - 启动Playwright Codegen，浏览器: chromium，URL: https://test2.saas-test3.supcon.com:32188
2026-04-24 14:28:32,873 - INFO - logger.py:104 - info - 已启用忽略 HTTPS 证书错误
2026-04-24 14:29:53,567 - INFO - logger.py:104 - info - 录制完成，录制完的代码:
2026-04-24 14:29:53,567 - INFO - logger.py:104 - info - import re
from playwright.sync_api import Playwright, sync_playwright, expect


def run(playwright: Playwright) -> None:
    browser = playwright.chromium.launch(headless=False)
    context = browser.new_context(ignore_https_errors=True)
    page = context.new_page()
    page.goto("https://test2.saas-test3.supcon.com:32188/login#/login")
    page.get_by_role("textbox", name="请输入用户名").click()
    page.get_by_role("textbox", name="请输入用户名").fill("admin")
    page.get_by_role("textbox", name="请输入密码").click()
    page.get_by_role("textbox", name="请输入密码").click()
    page.get_by_role("textbox", name="请输入密码").fill("Supcon1304@")
    page.get_by_role("button", name="登 录").click()
    page.get_by_role("button", name="确定").click()
    page.get_by_text("基础资料").click()
    page.get_by_text("客户档案").click()
    page.locator("iframe[name=\"supos-tab-framework-2\"]").content_frame.get_by_role("button", name="plus-circle 新增").click()
    expect(page.locator("iframe[name=\"supos-tab-framework-2\"]").content_frame.get_by_label("创建客户").locator("form")).to_contain_text("客户编码")
    expect(page.locator("iframe[name=\"supos-tab-framework-2\"]").content_frame.get_by_label("创建客户").locator("form")).to_contain_text("客户编码")
    expect(page.locator("iframe[name=\"supos-tab-framework-2\"]").content_frame.locator("div").filter(has_text=re.compile(r"^客户名称$")).nth(4)).to_be_visible()
    expect(page.locator("iframe[name=\"supos-tab-framework-2\"]").content_frame.locator("div").filter(has_text=re.compile(r"^统一社会信用代码$")).first).to_be_visible()
    expect(page.locator("iframe[name=\"supos-tab-framework-2\"]").content_frame.locator("div").filter(has_text=re.compile(r"^客户分类请选择客商分类$")).first).to_be_visible()
    expect(page.locator("iframe[name=\"supos-tab-framework-2\"]").content_frame.locator("div").filter(has_text=re.compile(r"^业务员请选择人员$")).first).to_be_visible()
    expect(page.locator("iframe[name=\"supos-tab-framework-2\"]").content_frame.locator("div").filter(has_text=re.compile(r"^价格等级$")).first).to_be_visible()
    expect(page.locator("iframe[name=\"supos-tab-framework-2\"]").content_frame.locator("div").filter(has_text=re.compile(r"^期初应收款$")).first).to_be_visible()
    expect(page.locator("iframe[name=\"supos-tab-framework-2\"]").content_frame.locator("div").filter(has_text=re.compile(r"^信用额度（元）$")).first).to_be_visible()
    expect(page.locator("iframe[name=\"supos-tab-framework-2\"]").content_frame.locator("div").filter(has_text=re.compile(r"^联系人$")).first).to_be_visible()
    expect(page.locator("iframe[name=\"supos-tab-framework-2\"]").content_frame.locator("div").filter(has_text=re.compile(r"^联系电话$")).first).to_be_visible()
    expect(page.locator("iframe[name=\"supos-tab-framework-2\"]").content_frame.locator("div").filter(has_text=re.compile(r"^手机号码$")).first).to_be_visible()
    expect(page.locator("iframe[name=\"supos-tab-framework-2\"]").content_frame.locator("div").filter(has_text=re.compile(r"^联系邮箱$")).first).to_be_visible()
    expect(page.locator("iframe[name=\"supos-tab-framework-2\"]").content_frame.locator("div").filter(has_text=re.compile(r"^国家中国$")).first).to_be_visible()
    expect(page.locator("iframe[name=\"supos-tab-framework-2\"]").content_frame.locator("div").filter(has_text=re.compile(r"^省份请选择省份$")).first).to_be_visible()
    expect(page.locator("iframe[name=\"supos-tab-framework-2\"]").content_frame.locator("div").filter(has_text=re.compile(r"^市级请选择市级$")).first).to_be_visible()
    expect(page.locator("iframe[name=\"supos-tab-framework-2\"]").content_frame.locator("div").filter(has_text=re.compile(r"^地区请选择地区$")).first).to_be_visible()
    expect(page.locator("iframe[name=\"supos-tab-framework-2\"]").content_frame.locator("div").filter(has_text=re.compile(r"^地址$")).first).to_be_visible()
    expect(page.locator("iframe[name=\"supos-tab-framework-2\"]").content_frame.get_by_text("备注0 /")).to_be_visible()
    page.locator("iframe[name=\"supos-tab-framework-2\"]").content_frame.get_by_role("button", name="Close").click()
    page.close()

    # ---------------------
    context.close()
    browser.close()


with sync_playwright() as playwright:
    run(playwright)

2026-04-24 14:29:53,570 - INFO - logger.py:104 - info - 开始AI代码格式化
2026-04-24 14:29:53,571 - INFO - logger.py:104 - info - ============================================================
2026-04-24 14:29:53,571 - INFO - logger.py:104 - info - 开始处理录制代码...
2026-04-24 14:29:53,571 - INFO - logger.py:104 - info - ============================================================
2026-04-24 14:29:53,572 - INFO - logger.py:104 - info - 构建提示词完成，时间戳: 1777012193
2026-04-24 14:29:53,572 - INFO - logger.py:104 - info - 调用AI处理录制代码...
2026-04-24 14:29:53,573 - INFO - logger.py:104 - info - 开始调用豆包AI API...
2026-04-24 14:29:53,573 - INFO - logger.py:104 - info - 发送请求到: https://ark.cn-beijing.volces.com/api/v3/chat/completions
2026-04-24 14:31:03,383 - INFO - logger.py:104 - info - 总token消耗: 4910
2026-04-24 14:31:03,383 - INFO - logger.py:104 - info - 豆包AI API调用成功，耗时: 69.81秒
2026-04-24 14:31:03,385 - INFO - logger.py:104 - info - AI返回原始响应类型: <class 'dict'>
2026-04-24 14:31:03,385 - INFO - logger.py:104 - info - AI处理代码成功
2026-04-24 14:31:03,385 - INFO - logger.py:104 - info - 提取代码块成功
2026-04-24 14:31:03,385 - INFO - logger.py:104 - info - ============================================================
2026-04-24 14:31:03,385 - INFO - logger.py:104 - info - 代码处理完成
2026-04-24 14:31:03,385 - INFO - logger.py:104 - info - ============================================================
2026-04-24 14:31:03,386 - INFO - logger.py:104 - info - 代码格式化完成:
2026-04-24 14:31:03,386 - INFO - logger.py:104 - info - import re
import pytest
from playwright.sync_api import Page, expect
from src.base.base_test import BaseTest
from src.common.logger import logger

class TestCustomerFormCheck(BaseTest):
    """
    用例名：table_properties
    用例ms的id：0
    """

    def test_customer_create_form_check(self, page: Page, project_name: str):
        f"""测试新增客户表单字段展示
        用例名：table_properties
        用例ms的id：0
        项目名：{project_name}

        Args:
            page: 页面实例
            project_name: 项目名称
        """
        logger.info("=" * 60)
        logger.info(f"开始执行用例：table_properties")
        logger.info(f"用例ms的id：0")
        logger.info("=" * 60)
        
        # 使用公用登录方法登录系统
        logger.info("调用公用登录方法完成登录")
        self.login(page, project_name)
        
        # 导航进入客户档案页面
        logger.info("导航进入客户档案模块")
        page.get_by_text("基础资料").click()
        page.get_by_text("客户档案").click()
        
        # 获取tab内容iframe，简化后续代码
        frame = page.locator("iframe[name=\"supos-tab-framework-2\"]").content_frame
        
        # 点击新增客户按钮打开创建弹窗
        logger.info("点击新增按钮，打开创建客户弹窗")
        frame.get_by_role("button", name="plus-circle 新增").click()
        
        # 断言表单所有必填字段正常可见
        logger.info("开始断言表单所有字段展示正确")
        create_form = frame.get_by_label("创建客户").locator("form")
        expect(create_form).to_contain_text("客户编码")
        expect(frame.locator("div").filter(has_text=re.compile(r"^客户名称$")).nth(4)).to_be_visible()
        expect(frame.locator("div").filter(has_text=re.compile(r"^统一社会信用代码$")).first).to_be_visible()
        expect(frame.locator("div").filter(has_text=re.compile(r"^客户分类请选择客商分类$")).first).to_be_visible()
        expect(frame.locator("div").filter(has_text=re.compile(r"^业务员请选择人员$")).first).to_be_visible()
        expect(frame.locator("div").filter(has_text=re.compile(r"^价格等级$")).first).to_be_visible()
        expect(frame.locator("div").filter(has_text=re.compile(r"^期初应收款$")).first).to_be_visible()
        expect(frame.locator("div").filter(has_text=re.compile(r"^信用额度（元）$")).first).to_be_visible()
        expect(frame.locator("div").filter(has_text=re.compile(r"^联系人$")).first).to_be_visible()
        expect(frame.locator("div").filter(has_text=re.compile(r"^联系电话$")).first).to_be_visible()
        expect(frame.locator("div").filter(has_text=re.compile(r"^手机号码$")).first).to_be_visible()
        expect(frame.locator("div").filter(has_text=re.compile(r"^联系邮箱$")).first).to_be_visible()
        expect(frame.locator("div").filter(has_text=re.compile(r"^国家中国$")).first).to_be_visible()
        expect(frame.locator("div").filter(has_text=re.compile(r"^省份请选择省份$")).first).to_be_visible()
        expect(frame.locator("div").filter(has_text=re.compile(r"^市级请选择市级$")).first).to_be_visible()
        expect(frame.locator("div").filter(has_text=re.compile(r"^地区请选择地区$")).first).to_be_visible()
        expect(frame.locator("div").filter(has_text=re.compile(r"^地址$")).first).to_be_visible()
        expect(frame.get_by_text("备注0 /")).to_be_visible()
        
        # 关闭创建弹窗
        logger.info("所有字段断言完成，关闭创建客户弹窗")
        frame.get_by_role("button", name="Close").click()
        
        logger.info(f"用例table_properties执行完成")
2026-04-24 14:31:03,388 - INFO - logger.py:104 - info - 不需要AI分层，保存格式化后的代码
2026-04-24 14:31:03,389 - INFO - logger.py:104 - info - 格式化后的代码已保存: D:\install\auto_ui-master\src\testcase\LD\customer_file\test_table_properties.py
