2026-04-27 09:39:19,972 - INFO - logger.py:104 - info - 开始录制: 项目=LD, 模块=code_rule_config, 用例=verify_whether_field, ms_id=0
2026-04-27 09:39:19,976 - INFO - logger.py:104 - info - 启动Playwright Codegen，浏览器: chromium，URL: https://test2.saas-test3.supcon.com:32188
2026-04-27 09:39:19,976 - INFO - logger.py:104 - info - 已启用忽略 HTTPS 证书错误
2026-04-27 09:40:39,846 - INFO - logger.py:104 - info - 录制完成，录制完的代码:
2026-04-27 09:40:39,847 - INFO - logger.py:104 - info - import re
from playwright.sync_api import Playwright, sync_playwright, expect


def run(playwright: Playwright) -> None:
    browser = playwright.chromium.launch(headless=False)
    context = browser.new_context(ignore_https_errors=True)
    page = context.new_page()
    page.goto("https://test2.saas-test3.supcon.com:32188/login#/login")
    page.get_by_role("textbox", name="请输入用户名").click()
    page.get_by_role("textbox", name="请输入用户名").fill("admin")
    page.get_by_role("textbox", name="请输入密码").click()
    page.get_by_role("textbox", name="请输入密码").click()
    page.get_by_role("textbox", name="请输入密码").fill("Supcon@1304")
    page.get_by_role("button", name="登 录").click()
    page.get_by_role("textbox", name="请输入密码").click()
    page.get_by_role("textbox", name="请输入密码").click()
    page.get_by_role("textbox", name="请输入密码").fill("Supcon1304@")
    page.get_by_role("button", name="登 录").click()
    page.get_by_role("button", name="确定").click()
    page.get_by_text("基础资料").click()
    page.get_by_text("编码规则配置").click()
    page.locator("iframe[name=\"supos-tab-framework-2\"]").content_frame.get_by_role("button", name="plus-circle 创建").click()
    page.locator("iframe[name=\"supos-tab-framework-2\"]").content_frame.get_by_role("textbox", name="请输入规则名称").click()
    page.locator("iframe[name=\"supos-tab-framework-2\"]").content_frame.get_by_role("textbox", name="请输入规则名称").fill("q")
    page.locator("iframe[name=\"supos-tab-framework-2\"]").content_frame.get_by_role("dialog", name="新增编码规则").locator("#businessTypeId").click()
    page.locator("iframe[name=\"supos-tab-framework-2\"]").content_frame.get_by_text("生产工单批号").nth(4).click()
    page.locator("iframe[name=\"supos-tab-framework-2\"]").content_frame.get_by_role("button", name="plus-circle 增行").click()
    page.locator("iframe[name=\"supos-tab-framework-2\"]").content_frame.locator("#rc_select_4").click()
    page.locator("iframe[name=\"supos-tab-framework-2\"]").content_frame.get_by_text("日期时间").click()
    page.locator("iframe[name=\"supos-tab-framework-2\"]").content_frame.get_by_role("button", name="holder 日期时间 日期时间 是 删除").click()
    page.locator("iframe[name=\"supos-tab-framework-2\"]").content_frame.get_by_role("button", name="holder 日期时间 是 删除").click()
    page.locator("iframe[name=\"supos-tab-framework-2\"]").content_frame.get_by_role("button", name="holder 日期时间 是 删除").click()
    page.locator("iframe[name=\"supos-tab-framework-2\"]").content_frame.get_by_role("button", name="holder 日期时间 是 删除").click()
    page.locator("iframe[name=\"supos-tab-framework-2\"]").content_frame.get_by_role("columnheader", name="* 是否显示 info-circle").click()
    page.locator("iframe[name=\"supos-tab-framework-2\"]").content_frame.get_by_role("button", name="holder 日期时间 是 删除").click()
    page.locator("iframe[name=\"supos-tab-framework-2\"]").content_frame.get_by_role("button", name="取 消").click()
    page.close()

    # ---------------------
    context.close()
    browser.close()


with sync_playwright() as playwright:
    run(playwright)

2026-04-27 09:40:39,848 - INFO - logger.py:104 - info - 开始AI代码格式化
2026-04-27 09:40:39,848 - INFO - logger.py:104 - info - ============================================================
2026-04-27 09:40:39,849 - INFO - logger.py:104 - info - 开始处理录制代码...
2026-04-27 09:40:39,849 - INFO - logger.py:104 - info - ============================================================
2026-04-27 09:40:39,849 - INFO - logger.py:104 - info - 构建提示词完成，时间戳: 1777254039
2026-04-27 09:40:39,849 - INFO - logger.py:104 - info - 调用AI处理录制代码...
2026-04-27 09:40:39,849 - INFO - logger.py:104 - info - 开始调用豆包AI API...
2026-04-27 09:40:39,850 - INFO - logger.py:104 - info - 发送请求到: https://ark.cn-beijing.volces.com/api/v3/chat/completions
2026-04-27 09:41:22,713 - INFO - logger.py:104 - info - 总token消耗: 3933
2026-04-27 09:41:22,713 - INFO - logger.py:104 - info - 豆包AI API调用成功，耗时: 42.86秒
2026-04-27 09:41:22,714 - INFO - logger.py:104 - info - AI返回原始响应类型: <class 'dict'>
2026-04-27 09:41:22,714 - INFO - logger.py:104 - info - AI处理代码成功
2026-04-27 09:41:22,714 - INFO - logger.py:104 - info - 提取代码块成功
2026-04-27 09:41:22,715 - INFO - logger.py:104 - info - ============================================================
2026-04-27 09:41:22,715 - INFO - logger.py:104 - info - 代码处理完成
2026-04-27 09:41:22,715 - INFO - logger.py:104 - info - ============================================================
2026-04-27 09:41:22,715 - INFO - logger.py:104 - info - 代码格式化完成:
2026-04-27 09:41:22,715 - INFO - logger.py:104 - info - import re
import pytest
from playwright.sync_api import Page, expect
from src.base.base_test import BaseTest
from src.common.logger import logger

class TestVerifyWhetherField(BaseTest):
    """
    用例名：verify_whether_field
    用例ms的id：0
    """

    def test_verify_whether_field(self, page: Page, project_name: str):
        f"""测试编码规则配置功能
        用例名：verify_whether_field
        用例ms的id：0
        项目名：{project_name}

        Args:
            page: 页面实例
            project_name: 项目名称
        """
        logger.info("=" * 60)
        logger.info(f"开始执行用例verify_whether_field")
        logger.info(f"用例ms的id：0")
        logger.info("=" * 60)
        
        # 使用公用登录方法
        self.login(page, project_name)
        
        # 进入编码规则配置页面
        logger.info("进入编码规则配置菜单")
        page.get_by_text("基础资料").click()
        page.get_by_text("编码规则配置").click()
        
        # 获取目标iframe
        frame = page.locator("iframe[name=\"supos-tab-framework-2\"]").content_frame
        
        # 打开新增编码规则弹窗
        logger.info("打开新增编码规则弹窗，填写基础信息")
        frame.get_by_role("button", name="plus-circle 创建").click()
        frame.get_by_role("textbox", name="请输入规则名称").click()
        frame.get_by_role("textbox", name="请输入规则名称").fill("q")
        frame.get_by_role("dialog", name="新增编码规则").locator("#businessTypeId").click()
        frame.get_by_text("生产工单批号").nth(4).click()
        
        # 添加规则段并处理多余项
        logger.info("新增规则段并清理多余项")
        frame.get_by_role("button", name="plus-circle 增行").click()
        frame.locator("#rc_select_4").click()
        frame.get_by_text("日期时间").click()
        # 去除重复录制的多余点击，仅保留有效删除操作
        frame.get_by_role("button", name="holder 日期时间 日期时间 是 删除").click()
        frame.get_by_role("columnheader", name="* 是否显示 info-circle").click()
        frame.get_by_role("button", name="holder 日期时间 是 删除").click()
        
        # 取消新增操作
        logger.info("取消新增，结束用例")
        frame.get_by_role("button", name="取 消").click()
2026-04-27 09:41:22,717 - INFO - logger.py:104 - info - 不需要AI分层，保存格式化后的代码
2026-04-27 09:41:22,718 - INFO - logger.py:104 - info - 格式化后的代码已保存: D:\install\auto_ui-master\src\testcase\LD\code_rule_config\test_verify_whether_field.py
