2026-04-23 14:27:45,100 - INFO - logger.py:104 - info - 开始录制: 项目=LD, 模块=bom_management, 用例=verify_bom_edit_data_echo, ms_id=0
2026-04-23 14:27:45,103 - INFO - logger.py:104 - info - 启动Playwright Codegen，浏览器: chromium，URL: https://test2.saas-test3.supcon.com:32188
2026-04-23 14:27:45,103 - INFO - logger.py:104 - info - 已启用忽略 HTTPS 证书错误
2026-04-23 14:28:53,635 - INFO - logger.py:104 - info - 录制完成，录制完的代码:
2026-04-23 14:28:53,636 - INFO - logger.py:104 - info - import re
from playwright.sync_api import Playwright, sync_playwright, expect


def run(playwright: Playwright) -> None:
    browser = playwright.chromium.launch(headless=False)
    context = browser.new_context(ignore_https_errors=True)
    page = context.new_page()
    page.goto("https://test2.saas-test3.supcon.com:32188/login#/login")
    page.get_by_role("textbox", name="请输入用户名").click()
    page.get_by_role("textbox", name="请输入用户名").fill("admin")
    page.get_by_role("textbox", name="请输入密码").click()
    page.get_by_role("textbox", name="请输入密码").click()
    page.get_by_role("textbox", name="请输入密码").click()
    page.get_by_role("textbox", name="请输入密码").fill("Supcon1304@")
    page.get_by_role("button", name="登 录").click()
    page.get_by_text("基础资料").click()
    page.get_by_text("物料清单").click()
    expect(page.locator("iframe[name=\"supos-tab-framework-2\"]").content_frame.get_by_role("row", name="2 CP2026042000034 半成品2").locator("a")).to_be_visible()
    page.locator("iframe[name=\"supos-tab-framework-2\"]").content_frame.get_by_text("编辑").nth(1).click()
    page.locator("iframe[name=\"supos-tab-framework-2\"]").content_frame.get_by_text("父项产品信息父项产品半成品2产品规格物料来源自制工艺路线单位子项产品信息添加子项产品序号物料编号物料名称物料规格单位用量关联工序单位物料来源库存数量备注操作").click()
    page.close()

    # ---------------------
    context.close()
    browser.close()


with sync_playwright() as playwright:
    run(playwright)

2026-04-23 14:28:53,637 - INFO - logger.py:104 - info - 开始AI代码格式化
2026-04-23 14:28:53,637 - INFO - logger.py:104 - info - ============================================================
2026-04-23 14:28:53,637 - INFO - logger.py:104 - info - 开始处理录制代码...
2026-04-23 14:28:53,637 - INFO - logger.py:104 - info - ============================================================
2026-04-23 14:28:53,637 - INFO - logger.py:104 - info - 构建提示词完成，时间戳: 1776925733
2026-04-23 14:28:53,638 - INFO - logger.py:104 - info - 调用AI处理录制代码...
2026-04-23 14:28:53,638 - INFO - logger.py:104 - info - 开始调用豆包AI API...
2026-04-23 14:28:53,638 - INFO - logger.py:104 - info - 发送请求到: https://ark.cn-beijing.volces.com/api/v3/chat/completions
2026-04-23 14:29:47,730 - INFO - logger.py:104 - info - 总token消耗: 3811
2026-04-23 14:29:47,730 - INFO - logger.py:104 - info - 豆包AI API调用成功，耗时: 54.09秒
2026-04-23 14:29:47,733 - INFO - logger.py:104 - info - AI返回原始响应类型: <class 'dict'>
2026-04-23 14:29:47,733 - INFO - logger.py:104 - info - AI处理代码成功
2026-04-23 14:29:47,734 - INFO - logger.py:104 - info - 提取代码块成功
2026-04-23 14:29:47,734 - INFO - logger.py:104 - info - ============================================================
2026-04-23 14:29:47,734 - INFO - logger.py:104 - info - 代码处理完成
2026-04-23 14:29:47,734 - INFO - logger.py:104 - info - ============================================================
2026-04-23 14:29:47,734 - INFO - logger.py:104 - info - 代码格式化完成:
2026-04-23 14:29:47,734 - INFO - logger.py:104 - info - import re
import pytest
from playwright.sync_api import Page, expect
from src.base.base_test import BaseTest
from src.common.logger import logger

class TestVerifyBomEditDataEcho(BaseTest):
    """
    用例名：verify_bom_edit_data_echo
    用例ms的id：0
    """

    def test_verify_bom_edit_data_echo(self, page: Page, project_name: str):
        f"""测试BOM编辑数据回显功能
        用例名：verify_bom_edit_data_echo
        用例ms的id：0
        项目名：{project_name}

        Args:
            page: 页面实例
            project_name: 项目名称
        """
        logger.info("=" * 60)
        logger.info(f"开始执行用例：verify_bom_edit_data_echo")
        logger.info(f"用例ms的id：0")
        logger.info("=" * 60)
        
        # 使用公用登录方法
        self.login(page, project_name)
        
        # 进入物料清单页面
        logger.info("进入物料清单页面")
        page.get_by_text("基础资料").click()
        page.get_by_text("物料清单").click()
        
        # 验证目标BOM条目可见
        logger.info("验证目标BOM条目可见")
        expect(page.locator("iframe[name=\"supos-tab-framework-2\"]").content_frame.get_by_role("row", name="2 CP2026042000034 半成品2").locator("a")).to_be_visible()
        
        # 点击目标BOM的编辑按钮
        logger.info("点击打开BOM编辑页面")
        page.locator("iframe[name=\"supos-tab-framework-2\"]").content_frame.get_by_text("编辑").nth(1).click()
        
        # 验证编辑区域信息加载完成
        logger.info("验证BOM编辑区域信息加载")
        page.locator("iframe[name=\"supos-tab-framework-2\"]").content_frame.get_by_text("父项产品信息父项产品半成品2产品规格物料来源自制工艺路线单位子项产品信息添加子项产品序号物料编号物料名称物料规格单位用量关联工序单位物料来源库存数量备注操作").click()
2026-04-23 14:29:47,735 - INFO - logger.py:104 - info - 不需要AI分层，保存格式化后的代码
2026-04-23 14:29:47,736 - INFO - logger.py:104 - info - 格式化后的代码已保存: D:\install\auto_ui-master\src\testcase\LD\bom_management\test_verify_bom_edit_data_echo.py
