2026-04-28 10:40:03,081 - INFO - logger.py:104 - info - 开始录制: 项目=LD, 模块=system_configuration, 用例=verify_left_and_right_list_interaction, ms_id=0
2026-04-28 10:40:03,084 - INFO - logger.py:104 - info - 启动Playwright Codegen，浏览器: chromium，URL: https://test2.saas-test3.supcon.com:32188
2026-04-28 10:40:03,085 - INFO - logger.py:104 - info - 已启用忽略 HTTPS 证书错误
2026-04-28 10:40:59,501 - INFO - logger.py:104 - info - 录制完成，录制完的代码:
2026-04-28 10:40:59,501 - INFO - logger.py:104 - info - import re
from playwright.sync_api import Playwright, sync_playwright, expect


def run(playwright: Playwright) -> None:
    browser = playwright.chromium.launch(headless=False)
    context = browser.new_context(ignore_https_errors=True)
    page = context.new_page()
    page.goto("https://test2.saas-test3.supcon.com:32188/login#/login")
    page.get_by_role("textbox", name="请输入用户名").click()
    page.get_by_role("textbox", name="请输入用户名").fill("admin")
    page.get_by_role("textbox", name="请输入密码").click()
    page.get_by_role("textbox", name="请输入密码").fill("Supcon1304@")
    page.get_by_role("button", name="登 录").click()
    page.get_by_role("button", name="确定").click()
    page.get_by_text("基础资料").click()
    page.get_by_text("系统配置").click()
    page.get_by_text("标签打印配置").click()
    page.locator("iframe[name=\"supos-tab-framework-2\"]").content_frame.locator("span").filter(has_text="托码").nth(1).click()
    page.locator("iframe[name=\"supos-tab-framework-2\"]").content_frame.get_by_text("托码").click()
    page.locator("iframe[name=\"supos-tab-framework-2\"]").content_frame.get_by_role("button", name="plus-circle 新增").click()
    page.locator("iframe[name=\"supos-tab-framework-2\"]").content_frame.get_by_role("button", name="取 消").click()
    page.close()

    # ---------------------
    context.close()
    browser.close()


with sync_playwright() as playwright:
    run(playwright)

2026-04-28 10:40:59,502 - INFO - logger.py:104 - info - 开始AI代码格式化
2026-04-28 10:40:59,502 - INFO - logger.py:104 - info - ============================================================
2026-04-28 10:40:59,502 - INFO - logger.py:104 - info - 开始处理录制代码...
2026-04-28 10:40:59,502 - INFO - logger.py:104 - info - ============================================================
2026-04-28 10:40:59,503 - INFO - logger.py:104 - info - 构建提示词完成，时间戳: 1777344059
2026-04-28 10:40:59,503 - INFO - logger.py:104 - info - 调用AI处理录制代码...
2026-04-28 10:40:59,503 - INFO - logger.py:104 - info - 开始调用豆包AI API...
2026-04-28 10:40:59,503 - INFO - logger.py:104 - info - 发送请求到: https://ark.cn-beijing.volces.com/api/v3/chat/completions
2026-04-28 10:41:58,108 - INFO - logger.py:104 - info - 总token消耗: 3000
2026-04-28 10:41:58,109 - INFO - logger.py:104 - info - 豆包AI API调用成功，耗时: 58.60秒
2026-04-28 10:41:58,110 - INFO - logger.py:104 - info - AI返回原始响应类型: <class 'dict'>
2026-04-28 10:41:58,110 - INFO - logger.py:104 - info - AI处理代码成功
2026-04-28 10:41:58,110 - INFO - logger.py:104 - info - 提取代码块成功
2026-04-28 10:41:58,110 - INFO - logger.py:104 - info - ============================================================
2026-04-28 10:41:58,111 - INFO - logger.py:104 - info - 代码处理完成
2026-04-28 10:41:58,111 - INFO - logger.py:104 - info - ============================================================
2026-04-28 10:41:58,111 - INFO - logger.py:104 - info - 代码格式化完成:
2026-04-28 10:41:58,111 - INFO - logger.py:104 - info - import re
import pytest
from playwright.sync_api import Page, expect
from src.base.base_test import BaseTest
from src.common.logger import logger

class TestLabelPrintConfigTest(BaseTest):
    """
    用例名：verify_left_and_right_list_interaction
    用例ms的id：0
    """

    def test_verify_left_and_right_list_interaction(self, page: Page, project_name: str):
        f"""测试标签打印配置左右列表交互
        用例名：verify_left_and_right_list_interaction
        用例ms的id：0
        项目名：{project_name}

        Args:
            page: 页面实例
            project_name: 项目名称
        """
        logger.info("=" * 60)
        logger.info(f"开始执行用例：verify_left_and_right_list_interaction")
        logger.info(f"用例ms的id：0")
        logger.info("=" * 60)
        
        # 使用封装好的公用登录方法
        self.login(page, project_name)

        # 处理登录后确认弹窗
        logger.info("处理登录后确认弹窗")
        page.get_by_role("button", name="确定").click()

        # 导航进入标签打印配置页面
        logger.info("导航进入标签打印配置页面")
        page.get_by_text("基础资料").click()
        page.get_by_text("系统配置").click()
        page.get_by_text("标签打印配置").click()

        # 获取标签内容iframe
        tab_frame = page.locator("iframe[name=\"supos-tab-framework-2\"]").content_frame
        
        # 选择托码分类，移除录制产生的重复点击操作
        logger.info("选择托码分类")
        tab_frame.locator("span").filter(has_text="托码").nth(1).click()
        
        # 点击新增按钮
        logger.info("点击新增按钮")
        tab_frame.get_by_role("button", name="plus-circle 新增").click()
        
        # 点击取消新增
        logger.info("点击取消新增按钮")
        tab_frame.get_by_role("button", name="取 消").click()

        logger.info("verify_left_and_right_list_interaction 用例执行完成")
2026-04-28 10:41:58,112 - INFO - logger.py:104 - info - 不需要AI分层，保存格式化后的代码
2026-04-28 10:41:58,113 - INFO - logger.py:104 - info - 格式化后的代码已保存: D:\install\auto_ui-master\src\testcase\LD\system_configuration\test_verify_left_and_right_list_interaction.py
