2026-04-22 10:17:53,379 - INFO - logger.py:104 - info - 开始录制: 项目=LD, 模块=bom_management, 用例=import_export_permission, ms_id=0
2026-04-22 10:17:53,389 - INFO - logger.py:104 - info - 启动Playwright Codegen，浏览器: chromium，URL: https://test2.saas-test3.supcon.com:32188
2026-04-22 10:17:53,392 - INFO - logger.py:104 - info - 已启用忽略 HTTPS 证书错误
2026-04-22 10:19:04,577 - INFO - logger.py:104 - info - 录制完成，录制完的代码:
2026-04-22 10:19:04,578 - INFO - logger.py:104 - info - import re
from playwright.sync_api import Playwright, sync_playwright, expect


def run(playwright: Playwright) -> None:
    browser = playwright.chromium.launch(headless=False)
    context = browser.new_context(ignore_https_errors=True)
    page = context.new_page()
    page.goto("https://test2.saas-test3.supcon.com:32188/login#/login")
    page.get_by_role("textbox", name="请输入用户名").click()
    page.get_by_role("textbox", name="请输入用户名").fill("admin")
    page.get_by_role("textbox", name="请输入密码").click()
    page.get_by_role("textbox", name="请输入密码").fill("Supcon1304@")
    page.get_by_role("button", name="登 录").click()
    page.locator("svg").nth(2).click()
    page.get_by_text("基础资料").click()
    page.get_by_text("物料清单").click()
    expect(page.locator("iframe[name=\"supos-tab-framework-2\"]").content_frame.locator("#root")).to_contain_text("导入")
    expect(page.locator("iframe[name=\"supos-tab-framework-2\"]").content_frame.get_by_role("button", name="import 导入")).to_be_visible()
    expect(page.locator("iframe[name=\"supos-tab-framework-2\"]").content_frame.locator("#root")).to_contain_text("导出")
    expect(page.locator("iframe[name=\"supos-tab-framework-2\"]").content_frame.get_by_role("button", name="export 导出")).to_be_visible()
    page.close()

    # ---------------------
    context.close()
    browser.close()


with sync_playwright() as playwright:
    run(playwright)

2026-04-22 10:19:04,580 - INFO - logger.py:104 - info - 开始AI代码格式化
2026-04-22 10:19:04,580 - INFO - logger.py:104 - info - ============================================================
2026-04-22 10:19:04,581 - INFO - logger.py:104 - info - 开始处理录制代码...
2026-04-22 10:19:04,581 - INFO - logger.py:104 - info - ============================================================
2026-04-22 10:19:04,581 - INFO - logger.py:104 - info - 构建提示词完成，时间戳: 1776824344
2026-04-22 10:19:04,581 - INFO - logger.py:104 - info - 调用AI处理录制代码...
2026-04-22 10:19:04,582 - INFO - logger.py:104 - info - 开始调用豆包AI API...
2026-04-22 10:19:04,582 - INFO - logger.py:104 - info - 发送请求到: https://ark.cn-beijing.volces.com/api/v3/chat/completions
2026-04-22 10:19:30,925 - INFO - logger.py:104 - info - 总token消耗: 2567
2026-04-22 10:19:30,926 - INFO - logger.py:104 - info - 豆包AI API调用成功，耗时: 26.34秒
2026-04-22 10:19:30,929 - INFO - logger.py:104 - info - AI返回原始响应类型: <class 'dict'>
2026-04-22 10:19:30,929 - INFO - logger.py:104 - info - AI处理代码成功
2026-04-22 10:19:30,929 - INFO - logger.py:104 - info - 提取代码块成功
2026-04-22 10:19:30,930 - INFO - logger.py:104 - info - ============================================================
2026-04-22 10:19:30,930 - INFO - logger.py:104 - info - 代码处理完成
2026-04-22 10:19:30,930 - INFO - logger.py:104 - info - ============================================================
2026-04-22 10:19:30,930 - INFO - logger.py:104 - info - 代码格式化完成:
2026-04-22 10:19:30,931 - INFO - logger.py:104 - info - import re
import pytest
from playwright.sync_api import Page, expect
from src.base.base_test import BaseTest
from src.common.logger import logger


class TestImportExportPermission(BaseTest):
    """
    用例名：import_export_permission
    用例ms的id：0
    """

    def test_import_export_permission(self, page: Page, project_name: str):
        f"""测试物料清单导入导出权限验证
        用例名：import_export_permission
        用例ms的id：0
        项目名：{project_name}

        Args:
            page: 页面实例
            project_name: 项目名称
        """
        logger.info("=" * 60)
        logger.info(f"开始执行用例：import_export_permission")
        logger.info(f"用例ms的id：0")
        logger.info("=" * 60)
        
        # 使用公用登录方法登录系统
        logger.info("调用公用登录方法完成登录")
        self.login(page, project_name)
        
        # 导航进入物料清单页面
        logger.info("导航进入物料清单页面")
        page.locator("svg").nth(2).click()
        page.get_by_text("基础资料").click()
        page.get_by_text("物料清单").click()
        
        # 验证导入导出按钮可见且存在
        logger.info("验证导入、导出按钮存在且可见")
        content_frame = page.locator("iframe[name=\"supos-tab-framework-2\"]").content_frame
        expect(content_frame.locator("#root")).to_contain_text("导入")
        expect(content_frame.get_by_role("button", name="import 导入")).to_be_visible()
        expect(content_frame.locator("#root")).to_contain_text("导出")
        expect(content_frame.get_by_role("button", name="export 导出")).to_be_visible()
        
        logger.info(f"用例import_export_permission执行完成")
2026-04-22 10:19:30,931 - INFO - logger.py:104 - info - 不需要AI分层，保存格式化后的代码
2026-04-22 10:19:30,940 - INFO - logger.py:104 - info - 格式化后的代码已保存: D:\install\auto_ui-master\src\testcase\LD\bom_management\test_import_export_permission.py
