2026-04-23 16:59:52,169 - INFO - logger.py:104 - info - 开始录制: 项目=LD, 模块=bom_management, 用例=bom_check_child, ms_id=0
2026-04-23 16:59:52,174 - INFO - logger.py:104 - info - 启动Playwright Codegen，浏览器: chromium，URL: https://test2.saas-test3.supcon.com:32188
2026-04-23 16:59:52,174 - INFO - logger.py:104 - info - 已启用忽略 HTTPS 证书错误
2026-04-23 17:01:26,737 - INFO - logger.py:104 - info - 录制完成，录制完的代码:
2026-04-23 17:01:26,738 - INFO - logger.py:104 - info - import re
from playwright.sync_api import Playwright, sync_playwright, expect


def run(playwright: Playwright) -> None:
    browser = playwright.chromium.launch(headless=False)
    context = browser.new_context(ignore_https_errors=True)
    page = context.new_page()
    page.goto("https://test2.saas-test3.supcon.com:32188/login#/login")
    page.get_by_role("textbox", name="请输入用户名").click()
    page.get_by_role("textbox", name="请输入用户名").fill("admin")
    page.get_by_role("textbox", name="请输入密码").click()
    page.get_by_role("textbox", name="请输入密码").fill(" Supcon1304@")
    page.get_by_role("button", name="登 录").click()
    page.get_by_label("图标: eye-invisible").locator("path").click()
    page.get_by_role("textbox", name="请输入密码").click()
    page.get_by_role("textbox", name="请输入密码").fill("Supcon1304@")
    page.get_by_role("button", name="登 录").click()
    page.get_by_text("基础资料").click()
    page.get_by_text("物料清单").click()
    page.locator("iframe[name=\"supos-tab-framework-2\"]").content_frame.locator("img").click()
    page.locator("iframe[name=\"supos-tab-framework-2\"]").content_frame.get_by_role("textbox", name="子项产品编码 :").click()
    page.locator("iframe[name=\"supos-tab-framework-2\"]").content_frame.get_by_role("textbox", name="子项产品编码 :").click()
    page.locator("iframe[name=\"supos-tab-framework-2\"]").content_frame.get_by_role("textbox", name="子项产品编码 :").fill(" CP2026040100006")
    page.locator("iframe[name=\"supos-tab-framework-2\"]").content_frame.get_by_role("button", name="查 询").click()
    page.locator("iframe[name=\"supos-tab-framework-2\"]").content_frame.get_by_role("textbox", name="子项产品名称 :").click()
    page.locator("iframe[name=\"supos-tab-framework-2\"]").content_frame.get_by_role("textbox", name="子项产品名称 :").fill("allen-物料02")
    page.locator("iframe[name=\"supos-tab-framework-2\"]").content_frame.get_by_role("button", name="查 询").click()
    page.locator("iframe[name=\"supos-tab-framework-2\"]").content_frame.get_by_role("combobox", name="子项产品来源 :").click()
    page.locator("iframe[name=\"supos-tab-framework-2\"]").content_frame.get_by_text("外采").nth(1).click()
    page.locator("iframe[name=\"supos-tab-framework-2\"]").content_frame.get_by_role("button", name="查 询").click()
    page.close()

    # ---------------------
    context.close()
    browser.close()


with sync_playwright() as playwright:
    run(playwright)

2026-04-23 17:01:26,741 - INFO - logger.py:104 - info - 开始AI代码格式化
2026-04-23 17:01:26,741 - INFO - logger.py:104 - info - ============================================================
2026-04-23 17:01:26,742 - INFO - logger.py:104 - info - 开始处理录制代码...
2026-04-23 17:01:26,742 - INFO - logger.py:104 - info - ============================================================
2026-04-23 17:01:26,742 - INFO - logger.py:104 - info - 构建提示词完成，时间戳: 1776934886
2026-04-23 17:01:26,742 - INFO - logger.py:104 - info - 调用AI处理录制代码...
2026-04-23 17:01:26,743 - INFO - logger.py:104 - info - 开始调用豆包AI API...
2026-04-23 17:01:26,745 - INFO - logger.py:104 - info - 发送请求到: https://ark.cn-beijing.volces.com/api/v3/chat/completions
2026-04-23 17:02:26,448 - INFO - logger.py:104 - info - 总token消耗: 3583
2026-04-23 17:02:26,450 - INFO - logger.py:104 - info - 豆包AI API调用成功，耗时: 59.70秒
2026-04-23 17:02:26,457 - INFO - logger.py:104 - info - AI返回原始响应类型: <class 'dict'>
2026-04-23 17:02:26,457 - INFO - logger.py:104 - info - AI处理代码成功
2026-04-23 17:02:26,458 - INFO - logger.py:104 - info - 提取代码块成功
2026-04-23 17:02:26,458 - INFO - logger.py:104 - info - ============================================================
2026-04-23 17:02:26,458 - INFO - logger.py:104 - info - 代码处理完成
2026-04-23 17:02:26,459 - INFO - logger.py:104 - info - ============================================================
2026-04-23 17:02:26,459 - INFO - logger.py:104 - info - 代码格式化完成:
2026-04-23 17:02:26,459 - INFO - logger.py:104 - info - import re
import pytest
from playwright.sync_api import Page, expect
from src.base.base_test import BaseTest
from src.common.logger import logger

class TestBomCheckChild(BaseTest):
    """
    用例名：bom_check_child
    用例ms的id：0
    """

    def test_bom_check_child(self, page: Page, project_name: str):
        f"""测试BOM子项查询功能
        用例名：bom_check_child
        用例ms的id：0
        项目名：{project_name}

        Args:
            page: 页面实例
            project_name: 项目名称
        """
        logger.info("=" * 60)
        logger.info(f"开始执行用例：bom_check_child")
        logger.info(f"用例ms的id：0")
        logger.info("=" * 60)
        
        # 使用封装好的公用登录方法
        self.login(page, project_name)

        # 进入物料清单模块
        logger.info("进入物料清单页面")
        page.get_by_text("基础资料").click()
        page.get_by_text("物料清单").click()

        # 复用iframe帧对象，减少重复定位
        logger.info("定位BOM查询页面iframe")
        bom_frame = page.locator("iframe[name=\"supos-tab-framework-2\"]").content_frame

        # 核心操作步骤，保留原有逻辑
        logger.info("点击操作图标")
        bom_frame.locator("img").click()

        # 按子项产品编码查询
        logger.info("输入子项产品编码并查询")
        bom_frame.get_by_role("textbox", name="子项产品编码 :").click()
        bom_frame.get_by_role("textbox", name="子项产品编码 :").fill(" CP2026040100006")
        bom_frame.get_by_role("button", name="查 询").click()

        # 按子项产品名称查询
        logger.info("输入子项产品名称并查询")
        bom_frame.get_by_role("textbox", name="子项产品名称 :").click()
        bom_frame.get_by_role("textbox", name="子项产品名称 :").fill("allen-物料02")
        bom_frame.get_by_role("button", name="查 询").click()

        # 按子项产品来源查询
        logger.info("选择子项产品来源并查询")
        bom_frame.get_by_role("combobox", name="子项产品来源 :").click()
        bom_frame.get_by_text("外采").nth(1).click()
        bom_frame.get_by_role("button", name="查 询").click()

        logger.info("用例bom_check_child执行完成")
2026-04-23 17:02:26,461 - INFO - logger.py:104 - info - 不需要AI分层，保存格式化后的代码
2026-04-23 17:02:26,462 - INFO - logger.py:104 - info - 格式化后的代码已保存: D:\install\auto_ui-master\src\testcase\LD\bom_management\test_bom_check_child.py
