2026-04-21 09:56:08,667 - INFO - logger.py:96 - info - 开始录制: 项目=LD, 模块=test, 用例=1, ms_id=0
2026-04-21 09:56:08,670 - INFO - logger.py:96 - info - 启动Playwright Codegen，浏览器: chromium，URL: https://test2.saas-test3.supcon.com:32188
2026-04-21 09:56:08,671 - INFO - logger.py:96 - info - 已启用忽略 HTTPS 证书错误
2026-04-21 09:58:57,226 - INFO - logger.py:96 - info - 录制完成，录制完的代码:
2026-04-21 09:58:57,227 - INFO - logger.py:96 - info - import re
from playwright.sync_api import Playwright, sync_playwright, expect


def run(playwright: Playwright) -> None:
    browser = playwright.chromium.launch(headless=False)
    context = browser.new_context(ignore_https_errors=True)
    page = context.new_page()
    page.goto("https://test2.saas-test3.supcon.com:32188/login#/login")
    page.get_by_role("textbox", name="请输入用户名").click()
    page.get_by_role("textbox", name="请输入用户名").fill("uitest")
    page.get_by_role("textbox", name="请输入密码").click()
    page.get_by_role("textbox", name="请输入密码").fill("Supcon@1304")
    page.get_by_role("button", name="登 录").click()
    page.get_by_text("基础资料").click()
    page.get_by_text("物料清单", exact=True).click()
    page.locator("iframe[name=\"supos-tab-framework-2\"]").content_frame.get_by_role("button", name="plus-circle 新增").click()
    expect(page.locator("iframe[name=\"supos-tab-framework-2\"]").content_frame.get_by_label("创建物料清单")).to_contain_text("父项产品信息")
    expect(page.locator("iframe[name=\"supos-tab-framework-2\"]").content_frame.get_by_label("创建物料清单")).to_contain_text("子项产品信息")
    page.locator("iframe[name=\"supos-tab-framework-2\"]").content_frame.locator(".anticon.anticon-search > svg").click()
    page.locator("iframe[name=\"supos-tab-framework-2\"]").content_frame.get_by_role("row", name="CP2026042000050 wt自行车 成品 - - 自制 辆 自行车生产 - yanshou 2026-04-20 17:25:43 yanshou").get_by_label("", exact=True).check()
    page.locator("iframe[name=\"supos-tab-framework-2\"]").content_frame.get_by_role("button", name="选 择").click()
    expect(page.locator("iframe[name=\"supos-tab-framework-2\"]").content_frame.get_by_label("创建物料清单")).to_contain_text("添加子项产品")
    expect(page.locator("iframe[name=\"supos-tab-framework-2\"]").content_frame.get_by_label("创建物料清单").locator("thead")).to_contain_text("序号")
    expect(page.locator("iframe[name=\"supos-tab-framework-2\"]").content_frame.get_by_label("创建物料清单").locator("thead")).to_contain_text("物料编号")
    expect(page.locator("iframe[name=\"supos-tab-framework-2\"]").content_frame.get_by_label("创建物料清单").locator("thead")).to_contain_text("物料名称")
    expect(page.locator("iframe[name=\"supos-tab-framework-2\"]").content_frame.get_by_label("创建物料清单").locator("thead")).to_contain_text("物料规格")
    expect(page.locator("iframe[name=\"supos-tab-framework-2\"]").content_frame.get_by_label("创建物料清单").locator("thead")).to_contain_text("单位用量")
    expect(page.locator("iframe[name=\"supos-tab-framework-2\"]").content_frame.get_by_label("创建物料清单").locator("thead")).to_contain_text("关联工序")

    # ---------------------
    context.close()
    browser.close()


with sync_playwright() as playwright:
    run(playwright)

2026-04-21 09:58:57,228 - INFO - logger.py:96 - info - 开始AI代码格式化
2026-04-21 09:58:57,229 - INFO - logger.py:96 - info - ============================================================
2026-04-21 09:58:57,229 - INFO - logger.py:96 - info - 开始处理录制代码...
2026-04-21 09:58:57,229 - INFO - logger.py:96 - info - ============================================================
2026-04-21 09:58:57,229 - INFO - logger.py:96 - info - 构建提示词完成，时间戳: 1776736737
2026-04-21 09:58:57,229 - INFO - logger.py:96 - info - 调用AI处理录制代码...
2026-04-21 09:58:57,230 - INFO - logger.py:96 - info - 开始调用豆包AI API...
2026-04-21 09:58:57,230 - INFO - logger.py:96 - info - 发送请求到: https://ark.cn-beijing.volces.com/api/v3/chat/completions
2026-04-21 09:59:42,099 - INFO - logger.py:96 - info - 总token消耗: 3678
2026-04-21 09:59:42,100 - INFO - logger.py:96 - info - 豆包AI API调用成功，耗时: 44.87秒
2026-04-21 09:59:42,102 - INFO - logger.py:96 - info - AI返回原始响应类型: <class 'dict'>
2026-04-21 09:59:42,103 - INFO - logger.py:96 - info - AI处理代码成功
2026-04-21 09:59:42,103 - INFO - logger.py:96 - info - 提取代码块成功
2026-04-21 09:59:42,103 - INFO - logger.py:96 - info - ============================================================
2026-04-21 09:59:42,103 - INFO - logger.py:96 - info - 代码处理完成
2026-04-21 09:59:42,104 - INFO - logger.py:96 - info - ============================================================
2026-04-21 09:59:42,104 - INFO - logger.py:96 - info - 代码格式化完成:
2026-04-21 09:59:42,104 - INFO - logger.py:96 - info - import re
import pytest
from playwright.sync_api import Page, expect
from src.base.base_test import BaseTest
from src.common.logger import logger

class TestCreateBOM(BaseTest):
    """
    用例名：1
    用例ms的id：0
    """

    def test_create_bom(self, page: Page, project_name: str):
        f"""测试新增物料清单功能
        用例名：1
        用例ms的id：0
        项目名：{project_name}

        Args:
            page: 页面实例
            project_name: 项目名称
        """
        logger.info("=" * 60)
        logger.info(f"开始执行{1}")
        logger.info(f"用例ms的id：{0}")
        logger.info("=" * 60)
        
        # 使用公用登录方法完成登录
        logger.info("完成系统登录")
        self.login(page, project_name)
        
        # 进入物料清单功能页面
        logger.info("导航到物料清单页面")
        page.get_by_text("基础资料").click()
        page.get_by_text("物料清单", exact=True).click()
        
        # 获取目标iframe内容页，简化重复定位
        bom_frame = page.locator("iframe[name=\"supos-tab-framework-2\"]").content_frame
        
        # 点击新增按钮打开创建弹窗
        logger.info("点击新增按钮，打开创建物料清单弹窗")
        bom_frame.get_by_role("button", name="plus-circle 新增").click()
        
        # 验证创建弹窗基础元素显示
        logger.info("验证创建弹窗基础区域显示正确")
        expect(bom_frame.get_by_label("创建物料清单")).to_contain_text("父项产品信息")
        expect(bom_frame.get_by_label("创建物料清单")).to_contain_text("子项产品信息")
        
        # 选择父项产品
        logger.info("打开产品选择弹窗并选中目标父项产品")
        bom_frame.locator(".anticon.anticon-search > svg").click()
        bom_frame.get_by_role("row", name="CP2026042000050 wt自行车 成品 - - 自制 辆 自行车生产 - yanshou 2026-04-20 17:25:43 yanshou").get_by_label("", exact=True).check()
        bom_frame.get_by_role("button", name="选 择").click()
        
        # 验证子项区域表头显示
        logger.info("验证子项产品表格表头显示符合预期")
        expect(bom_frame.get_by_label("创建物料清单")).to_contain_text("添加子项产品")
        expect(bom_frame.get_by_label("创建物料清单").locator("thead")).to_contain_text("序号")
        expect(bom_frame.get_by_label("创建物料清单").locator("thead")).to_contain_text("物料编号")
        expect(bom_frame.get_by_label("创建物料清单").locator("thead")).to_contain_text("物料名称")
        expect(bom_frame.get_by_label("创建物料清单").locator("thead")).to_contain_text("物料规格")
        expect(bom_frame.get_by_label("创建物料清单").locator("thead")).to_contain_text("单位用量")
        expect(bom_frame.get_by_label("创建物料清单").locator("thead")).to_contain_text("关联工序")
        
        logger.info("用例执行完成")
2026-04-21 09:59:42,106 - INFO - logger.py:96 - info - 不需要AI分层，保存格式化后的代码
2026-04-21 09:59:42,107 - INFO - logger.py:96 - info - 格式化后的代码已保存: D:\install\auto_ui-master\src\testcase\LD\test\test_1.py
