2026-04-27 14:32:35,701 - INFO - logger.py:104 - info - 开始录制: 项目=LD, 模块=code_rule_config, 用例=verify_enable_cancel_action, ms_id=0
2026-04-27 14:32:35,705 - INFO - logger.py:104 - info - 启动Playwright Codegen，浏览器: chromium，URL: https://test2.saas-test3.supcon.com:32188
2026-04-27 14:32:35,705 - INFO - logger.py:104 - info - 已启用忽略 HTTPS 证书错误
2026-04-27 14:33:20,709 - INFO - logger.py:104 - info - 录制完成，录制完的代码:
2026-04-27 14:33:20,709 - INFO - logger.py:104 - info - import re
from playwright.sync_api import Playwright, sync_playwright, expect


def run(playwright: Playwright) -> None:
    browser = playwright.chromium.launch(headless=False)
    context = browser.new_context(ignore_https_errors=True)
    page = context.new_page()
    page.goto("https://test2.saas-test3.supcon.com:32188/login#/login")
    page.get_by_role("textbox", name="请输入用户名").click()
    page.get_by_role("textbox", name="请输入用户名").fill("admin")
    page.get_by_role("textbox", name="请输入密码").click()
    page.get_by_role("textbox", name="请输入密码").fill("Supcon1304@")
    page.get_by_role("button", name="登 录").click()
    page.get_by_role("button", name="确定").click()
    page.get_by_text("基础资料").click()
    page.get_by_text("编码规则配置").click()
    page.locator("iframe[name=\"supos-tab-framework-2\"]").content_frame.get_by_role("cell", name="AA00006").click()
    page.locator("iframe[name=\"supos-tab-framework-2\"]").content_frame.locator("li:nth-child(4) > .ant-menu-title-content > .edit-btn").first.click()
    page.locator("iframe[name=\"supos-tab-framework-2\"]").content_frame.get_by_role("button", name="取 消").click()
    page.close()

    # ---------------------
    context.close()
    browser.close()


with sync_playwright() as playwright:
    run(playwright)

2026-04-27 14:33:20,711 - INFO - logger.py:104 - info - 开始AI代码格式化
2026-04-27 14:33:20,712 - INFO - logger.py:104 - info - ============================================================
2026-04-27 14:33:20,712 - INFO - logger.py:104 - info - 开始处理录制代码...
2026-04-27 14:33:20,713 - INFO - logger.py:104 - info - ============================================================
2026-04-27 14:33:20,713 - INFO - logger.py:104 - info - 构建提示词完成，时间戳: 1777271600
2026-04-27 14:33:20,714 - INFO - logger.py:104 - info - 调用AI处理录制代码...
2026-04-27 14:33:20,714 - INFO - logger.py:104 - info - 开始调用豆包AI API...
2026-04-27 14:33:20,714 - INFO - logger.py:104 - info - 发送请求到: https://ark.cn-beijing.volces.com/api/v3/chat/completions
2026-04-27 14:34:07,039 - INFO - logger.py:104 - info - 总token消耗: 2793
2026-04-27 14:34:07,040 - INFO - logger.py:104 - info - 豆包AI API调用成功，耗时: 46.33秒
2026-04-27 14:34:07,041 - INFO - logger.py:104 - info - AI返回原始响应类型: <class 'dict'>
2026-04-27 14:34:07,041 - INFO - logger.py:104 - info - AI处理代码成功
2026-04-27 14:34:07,041 - INFO - logger.py:104 - info - 提取代码块成功
2026-04-27 14:34:07,041 - INFO - logger.py:104 - info - ============================================================
2026-04-27 14:34:07,041 - INFO - logger.py:104 - info - 代码处理完成
2026-04-27 14:34:07,042 - INFO - logger.py:104 - info - ============================================================
2026-04-27 14:34:07,042 - INFO - logger.py:104 - info - 代码格式化完成:
2026-04-27 14:34:07,042 - INFO - logger.py:104 - info - import re
import pytest
from playwright.sync_api import Page, expect
from src.base.base_test import BaseTest
from src.common.logger import logger

class TestVerifyEnableCancelAction(BaseTest):
    """
    用例名：verify_enable_cancel_action
    用例ms的id：0
    """

    def test_verify_enable_cancel_action(self, page: Page, project_name: str):
        f"""测试编码规则编辑取消功能
        用例名：verify_enable_cancel_action
        用例ms的id：0
        项目名：{project_name}

        Args:
            page: 页面实例
            project_name: 项目名称
        """
        logger.info("=" * 60)
        logger.info(f"开始执行用例：verify_enable_cancel_action")
        logger.info(f"用例ms的id：0")
        logger.info("=" * 60)
        
        # 使用公用登录方法
        self.login(page, project_name)
        logger.info("系统登录完成，开始进入目标功能页面")
        
        # 登录后确认进入系统主页
        logger.info("点击确定按钮进入系统主页")
        page.get_by_role("button", name="确定").click()
        
        # 导航到编码规则配置页面
        logger.info("导航进入基础资料->编码规则配置页面")
        page.get_by_text("基础资料").click()
        page.get_by_text("编码规则配置").click()
        
        # 核心操作：选中目标规则，点击编辑后取消操作
        logger.info("执行编辑取消操作流程")
        content_frame = page.locator("iframe[name=\"supos-tab-framework-2\"]").content_frame
        content_frame.get_by_role("cell", name="AA00006").click()
        content_frame.locator("li:nth-child(4) > .ant-menu-title-content > .edit-btn").first.click()
        content_frame.get_by_role("button", name="取 消").click()
        
        logger.info(f"用例verify_enable_cancel_action执行完成")
2026-04-27 14:34:07,043 - INFO - logger.py:104 - info - 不需要AI分层，保存格式化后的代码
2026-04-27 14:34:07,045 - INFO - logger.py:104 - info - 格式化后的代码已保存: D:\install\auto_ui-master\src\testcase\LD\code_rule_config\test_verify_enable_cancel_action.py
