2026-04-24 10:53:42,364 - INFO - logger.py:104 - info - 开始录制: 项目=LD, 模块=customer_file, 用例=verify_delete, ms_id=0
2026-04-24 10:53:42,368 - INFO - logger.py:104 - info - 启动Playwright Codegen，浏览器: chromium，URL: https://test2.saas-test3.supcon.com:32188
2026-04-24 10:53:42,368 - INFO - logger.py:104 - info - 已启用忽略 HTTPS 证书错误
2026-04-24 10:54:35,857 - INFO - logger.py:104 - info - 录制完成，录制完的代码:
2026-04-24 10:54:35,857 - INFO - logger.py:104 - info - import re
from playwright.sync_api import Playwright, sync_playwright, expect


def run(playwright: Playwright) -> None:
    browser = playwright.chromium.launch(headless=False)
    context = browser.new_context(ignore_https_errors=True)
    page = context.new_page()
    page.goto("https://test2.saas-test3.supcon.com:32188/login#/login")
    page.get_by_role("textbox", name="请输入用户名").click()
    page.get_by_role("textbox", name="请输入用户名").fill("admin")
    page.get_by_role("textbox", name="请输入密码").click()
    page.get_by_role("textbox", name="请输入密码").click()
    page.get_by_role("textbox", name="请输入密码").fill("Supcon1304@")
    page.get_by_role("button", name="登 录").click()
    page.get_by_role("button", name="确定").click()
    page.get_by_text("基础资料").click()
    page.get_by_text("客户档案").click()
    page.locator("iframe[name=\"supos-tab-framework-2\"]").content_frame.get_by_role("cell", name="KS202604230024").click()
    page.locator("iframe[name=\"supos-tab-framework-2\"]").content_frame.get_by_text("删除").first.click()
    page.locator("iframe[name=\"supos-tab-framework-2\"]").content_frame.get_by_role("button", name="确 定").click()
    page.locator("iframe[name=\"supos-tab-framework-2\"]").content_frame.locator("div").filter(has_text="客商已启用，不可删除！").nth(3).click()
    page.close()

    # ---------------------
    context.close()
    browser.close()


with sync_playwright() as playwright:
    run(playwright)

2026-04-24 10:54:35,859 - INFO - logger.py:104 - info - 开始AI代码格式化
2026-04-24 10:54:35,859 - INFO - logger.py:104 - info - ============================================================
2026-04-24 10:54:35,859 - INFO - logger.py:104 - info - 开始处理录制代码...
2026-04-24 10:54:35,859 - INFO - logger.py:104 - info - ============================================================
2026-04-24 10:54:35,860 - INFO - logger.py:104 - info - 构建提示词完成，时间戳: 1776999275
2026-04-24 10:54:35,860 - INFO - logger.py:104 - info - 调用AI处理录制代码...
2026-04-24 10:54:35,860 - INFO - logger.py:104 - info - 开始调用豆包AI API...
2026-04-24 10:54:35,860 - INFO - logger.py:104 - info - 发送请求到: https://ark.cn-beijing.volces.com/api/v3/chat/completions
2026-04-24 10:55:21,292 - INFO - logger.py:104 - info - 总token消耗: 3579
2026-04-24 10:55:21,292 - INFO - logger.py:104 - info - 豆包AI API调用成功，耗时: 45.43秒
2026-04-24 10:55:21,294 - INFO - logger.py:104 - info - AI返回原始响应类型: <class 'dict'>
2026-04-24 10:55:21,294 - INFO - logger.py:104 - info - AI处理代码成功
2026-04-24 10:55:21,294 - INFO - logger.py:104 - info - 提取代码块成功
2026-04-24 10:55:21,295 - INFO - logger.py:104 - info - ============================================================
2026-04-24 10:55:21,295 - INFO - logger.py:104 - info - 代码处理完成
2026-04-24 10:55:21,295 - INFO - logger.py:104 - info - ============================================================
2026-04-24 10:55:21,295 - INFO - logger.py:104 - info - 代码格式化完成:
2026-04-24 10:55:21,295 - INFO - logger.py:104 - info - import re
import pytest
from playwright.sync_api import Page, expect
from src.base.base_test import BaseTest
from src.common.logger import logger

class TestVerifyDelete(BaseTest):
    """
    用例名：verify_delete
    用例ms的id：0
    """

    def test_verify_delete(self, page: Page, project_name: str):
        f"""测试删除已启用客商功能
        用例名：verify_delete
        用例ms的id：0
        项目名：{project_name}

        Args:
            page: 页面实例
            project_name: 项目名称
        """
        logger.info("=" * 60)
        logger.info(f"开始执行用例：verify_delete")
        logger.info(f"用例ms的id：0")
        logger.info("=" * 60)
        
        # 使用封装好的公用登录方法登录系统
        logger.info("执行系统登录")
        self.login(page, project_name)
        
        # 导航进入客户档案页面
        logger.info("进入客户档案模块")
        page.get_by_text("基础资料").click()
        page.get_by_text("客户档案").click()
        
        # 执行删除操作，验证禁用客商删除提示
        logger.info("执行删除目标客商操作，验证提示信息")
        page.locator("iframe[name=\"supos-tab-framework-2\"]").content_frame.get_by_role("cell", name="KS202604230024").click()
        page.locator("iframe[name=\"supos-tab-framework-2\"]").content_frame.get_by_text("删除").first.click()
        page.locator("iframe[name=\"supos-tab-framework-2\"]").content_frame.get_by_role("button", name="确 定").click()
        page.locator("iframe[name=\"supos-tab-framework-2\"]").content_frame.locator("div").filter(has_text="客商已启用，不可删除！").nth(3).click()
        
        # 验证提示符合预期
        expect(page.locator("iframe[name=\"supos-tab-framework-2\"]").content_frame.get_by_text("客商已启用，不可删除！")).to_be_visible()
        logger.info("验证完成：正确弹出「客商已启用，不可删除！」提示")
        logger.info(f"用例verify_delete执行完毕")
2026-04-24 10:55:21,301 - INFO - logger.py:104 - info - 不需要AI分层，保存格式化后的代码
2026-04-24 10:55:21,304 - INFO - logger.py:104 - info - 格式化后的代码已保存: D:\install\auto_ui-master\src\testcase\LD\customer_file\test_verify_delete.py
