2026-04-28 13:06:35,061 - INFO - logger.py:104 - info - 开始录制: 项目=LD, 模块=printer_management, 用例=verify_create_save, ms_id=0
2026-04-28 13:06:35,066 - INFO - logger.py:104 - info - 启动Playwright Codegen，浏览器: chromium，URL: https://test2.saas-test3.supcon.com:32188
2026-04-28 13:06:35,067 - INFO - logger.py:104 - info - 已启用忽略 HTTPS 证书错误
2026-04-28 13:07:44,264 - INFO - logger.py:104 - info - 录制完成，录制完的代码:
2026-04-28 13:07:44,302 - INFO - logger.py:104 - info - import re
from playwright.sync_api import Playwright, sync_playwright, expect


def run(playwright: Playwright) -> None:
    browser = playwright.chromium.launch(headless=False)
    context = browser.new_context(ignore_https_errors=True)
    page = context.new_page()
    page.goto("https://test2.saas-test3.supcon.com:32188/login#/login")
    page.get_by_role("textbox", name="请输入用户名").click()
    page.get_by_role("textbox", name="请输入用户名").fill("admin")
    page.get_by_role("textbox", name="请输入密码").click()
    page.get_by_role("textbox", name="请输入密码").fill("Supcon1304@")
    page.get_by_role("button", name="登 录").click()
    page.get_by_role("button", name="确定").click()
    page.get_by_text("基础资料").click()
    page.get_by_text("系统配置").click()
    page.get_by_text("打印机管理").click()
    page.locator("iframe[name=\"supos-tab-framework-2\"]").content_frame.get_by_role("button", name="plus-circle 新增").click()
    page.locator("iframe[name=\"supos-tab-framework-2\"]").content_frame.get_by_role("textbox", name="请输入序列号").click()
    page.locator("iframe[name=\"supos-tab-framework-2\"]").content_frame.get_by_role("textbox", name="请输入序列号").fill("666")
    page.locator("iframe[name=\"supos-tab-framework-2\"]").content_frame.get_by_role("textbox", name="请输入名称备注").click()
    page.locator("iframe[name=\"supos-tab-framework-2\"]").content_frame.get_by_role("textbox", name="请输入名称备注").fill("测试")
    page.locator("iframe[name=\"supos-tab-framework-2\"]").content_frame.get_by_role("button", name="保 存").click()
    page.close()

    # ---------------------
    context.close()
    browser.close()


with sync_playwright() as playwright:
    run(playwright)

2026-04-28 13:07:44,303 - INFO - logger.py:104 - info - 开始AI代码格式化
2026-04-28 13:07:44,303 - INFO - logger.py:104 - info - ============================================================
2026-04-28 13:07:44,303 - INFO - logger.py:104 - info - 开始处理录制代码...
2026-04-28 13:07:44,303 - INFO - logger.py:104 - info - ============================================================
2026-04-28 13:07:44,303 - INFO - logger.py:104 - info - 构建提示词完成，时间戳: 1777352864
2026-04-28 13:07:44,304 - INFO - logger.py:104 - info - 调用AI处理录制代码...
2026-04-28 13:07:44,330 - INFO - logger.py:104 - info - 开始调用豆包AI API...
2026-04-28 13:07:44,331 - INFO - logger.py:104 - info - 发送请求到: https://ark.cn-beijing.volces.com/api/v3/chat/completions
2026-04-28 13:08:32,510 - INFO - logger.py:104 - info - 总token消耗: 3401
2026-04-28 13:08:32,511 - INFO - logger.py:104 - info - 豆包AI API调用成功，耗时: 48.18秒
2026-04-28 13:08:32,513 - INFO - logger.py:104 - info - AI返回原始响应类型: <class 'dict'>
2026-04-28 13:08:32,514 - INFO - logger.py:104 - info - AI处理代码成功
2026-04-28 13:08:32,514 - INFO - logger.py:104 - info - 提取代码块成功
2026-04-28 13:08:32,514 - INFO - logger.py:104 - info - ============================================================
2026-04-28 13:08:32,514 - INFO - logger.py:104 - info - 代码处理完成
2026-04-28 13:08:32,515 - INFO - logger.py:104 - info - ============================================================
2026-04-28 13:08:32,516 - INFO - logger.py:104 - info - 代码格式化完成:
2026-04-28 13:08:32,516 - INFO - logger.py:104 - info - import re
import pytest
from playwright.sync_api import Page, expect
from src.base.base_test import BaseTest
from src.common.logger import logger

class TestVerifyCreateSave(BaseTest):
    """
    用例名：verify_create_save
    用例ms的id：0
    """

    def test_verify_create_save(self, page: Page, project_name: str):
        f"""测试新增打印机功能
        用例名：verify_create_save
        用例ms的id：0
        项目名：{project_name}

        Args:
            page: 页面实例
            project_name: 项目名称
        """
        logger.info("=" * 60)
        logger.info(f"开始执行用例：verify_create_save")
        logger.info(f"用例ms的id：0")
        logger.info("=" * 60)
        
        # 使用公用登录方法
        logger.info("完成系统登录")
        self.login(page, project_name)
        
        # 点击确定进入系统
        logger.info("点击确定按钮进入首页")
        page.get_by_role("button", name="确定").click()
        
        # 导航进入打印机管理页面
        logger.info("导航进入打印机管理菜单")
        page.get_by_text("基础资料").click()
        page.get_by_text("系统配置").click()
        page.get_by_text("打印机管理").click()
        
        # 获取内容iframe，简化重复定位
        frame = page.locator("iframe[name=\"supos-tab-framework-2\"]").content_frame
        
        # 点击新增按钮开始创建
        logger.info("点击新增按钮，填写打印机信息")
        frame.get_by_role("button", name="plus-circle 新增").click()
        
        # 填写序列号
        frame.get_by_role("textbox", name="请输入序列号").click()
        frame.get_by_role("textbox", name="请输入序列号").fill("666")
        
        # 填写名称备注
        frame.get_by_role("textbox", name="请输入名称备注").click()
        frame.get_by_role("textbox", name="请输入名称备注").fill("测试")
        
        # 保存新增打印机
        logger.info("点击保存按钮完成新增")
        frame.get_by_role("button", name="保 存").click()
        
        logger.info("用例verify_create_save执行完成")
2026-04-28 13:08:32,518 - INFO - logger.py:104 - info - 不需要AI分层，保存格式化后的代码
2026-04-28 13:08:32,521 - INFO - logger.py:104 - info - 格式化后的代码已保存: D:\install\auto_ui-master\src\testcase\LD\printer_management\test_verify_create_save.py
