2026-05-08 15:31:57,372 - INFO - logger.py:104 - info - 开始录制: 项目=LD, 模块=interface_solution_configuration, 用例=verify_business_tree, ms_id=100879
2026-05-08 15:31:57,377 - INFO - logger.py:104 - info - 启动Playwright Codegen，浏览器: chromium，URL: https://test2.saas-test3.supcon.com:32188
2026-05-08 15:31:57,378 - INFO - logger.py:104 - info - 已启用忽略 HTTPS 证书错误
2026-05-08 15:33:01,064 - INFO - logger.py:104 - info - 录制完成，录制完的代码:
2026-05-08 15:33:01,064 - INFO - logger.py:104 - info - import re
from playwright.sync_api import Playwright, sync_playwright, expect


def run(playwright: Playwright) -> None:
    browser = playwright.chromium.launch(headless=False)
    context = browser.new_context(ignore_https_errors=True)
    page = context.new_page()
    page.goto("https://test2.saas-test3.supcon.com:32188/login#/login")
    page.get_by_role("textbox", name="请输入用户名").click()
    page.get_by_role("textbox", name="请输入用户名").fill("admin")
    page.get_by_role("textbox", name="请输入密码").click()
    page.get_by_role("textbox", name="请输入密码").click()
    page.get_by_role("textbox", name="请输入密码").fill("Supcon1304@")
    page.get_by_role("button", name="登 录").click()
    page.get_by_role("button", name="确定").click()
    page.get_by_text("基础资料").click()
    page.get_by_text("系统配置").click()
    page.get_by_text("接口方案配置").click()
    page.locator("iframe[name=\"supos-tab-framework-2\"]").content_frame.locator(".ant-tree-switcher.ant-tree-switcher_close").first.click()
    page.locator("iframe[name=\"supos-tab-framework-2\"]").content_frame.locator(".ant-tree-switcher.ant-tree-switcher_close").first.click()
    page.locator("iframe[name=\"supos-tab-framework-2\"]").content_frame.locator(".ant-tree-switcher.ant-tree-switcher_close").first.click()
    page.locator("iframe[name=\"supos-tab-framework-2\"]").content_frame.locator(".ant-tree-switcher.ant-tree-switcher_close").click()
    page.close()

    # ---------------------
    context.close()
    browser.close()


with sync_playwright() as playwright:
    run(playwright)

2026-05-08 15:33:01,066 - INFO - logger.py:104 - info - 开始AI代码格式化
2026-05-08 15:33:01,067 - INFO - logger.py:104 - info - ============================================================
2026-05-08 15:33:01,068 - INFO - logger.py:104 - info - 开始处理录制代码...
2026-05-08 15:33:01,068 - INFO - logger.py:104 - info - ============================================================
2026-05-08 15:33:01,068 - INFO - logger.py:104 - info - 构建提示词完成，时间戳: 1778225581
2026-05-08 15:33:01,069 - INFO - logger.py:104 - info - 调用AI处理录制代码...
2026-05-08 15:33:01,069 - INFO - logger.py:104 - info - 开始调用豆包AI API...
2026-05-08 15:33:01,070 - INFO - logger.py:104 - info - 发送请求到: https://ark.cn-beijing.volces.com/api/v3/chat/completions
2026-05-08 15:33:49,947 - INFO - logger.py:104 - info - 总token消耗: 3547
2026-05-08 15:33:49,947 - INFO - logger.py:104 - info - 豆包AI API调用成功，耗时: 48.88秒
2026-05-08 15:33:49,948 - INFO - logger.py:104 - info - AI返回原始响应类型: <class 'dict'>
2026-05-08 15:33:49,948 - INFO - logger.py:104 - info - AI处理代码成功
2026-05-08 15:33:49,949 - INFO - logger.py:104 - info - 提取代码块成功
2026-05-08 15:33:49,949 - INFO - logger.py:104 - info - ============================================================
2026-05-08 15:33:49,949 - INFO - logger.py:104 - info - 代码处理完成
2026-05-08 15:33:49,949 - INFO - logger.py:104 - info - ============================================================
2026-05-08 15:33:49,949 - INFO - logger.py:104 - info - 代码格式化完成:
2026-05-08 15:33:49,950 - INFO - logger.py:104 - info - import re
import pytest
from playwright.sync_api import Page, expect
from src.base.base_test import BaseTest
from src.common.logger import logger

class TestVerifyBusinessTree(BaseTest):
    """
    用例名：verify_business_tree
    用例ms的id：100879
    """

    def test_verify_business_tree(self, page: Page, project_name: str):
        f"""测试接口方案配置业务树展开功能
        用例名：verify_business_tree
        用例ms的id：100879
        项目名：{project_name}

        Args:
            page: 页面实例
            project_name: 项目名称
        """
        logger.info("=" * 60)
        logger.info(f"开始执行用例：verify_business_tree")
        logger.info(f"用例ms ID：100879")
        logger.info("=" * 60)
        
        # 使用封装好的公用登录方法登录系统
        self.login(page, project_name)
        logger.info("登录成功，导航到目标功能页面")

        # 进入接口方案配置菜单
        page.get_by_text("基础资料").click()
        page.get_by_text("系统配置").click()
        page.get_by_text("接口方案配置").click()

        # 获取iframe上下文，优化重复获取iframe的冗余操作
        logger.info("逐层展开业务树折叠节点")
        tree_frame = page.locator("iframe[name=\"supos-tab-framework-2\"]").content_frame
        tree_frame.locator(".ant-tree-switcher.ant-tree-switcher_close").first.click()
        tree_frame.locator(".ant-tree-switcher.ant-tree-switcher_close").first.click()
        tree_frame.locator(".ant-tree-switcher.ant-tree-switcher_close").first.click()
        tree_frame.locator(".ant-tree-switcher.ant-tree-switcher_close").click()

        logger.info(f"用例verify_business_tree(ms ID: 100879)执行完成")
2026-05-08 15:33:49,951 - INFO - logger.py:104 - info - 不需要AI分层，保存格式化后的代码
2026-05-08 15:33:49,952 - INFO - logger.py:104 - info - 格式化后的代码已保存: D:\install\auto_ui-master\src\testcase\LD\interface_solution_configuration\test_verify_business_tree.py
