2026-04-28 14:12:09,850 - INFO - logger.py:104 - info - 开始录制: 项目=LD, 模块=mobile_card_configuration, 用例=verify_create_settings, ms_id=0
2026-04-28 14:12:09,858 - INFO - logger.py:104 - info - 启动Playwright Codegen，浏览器: chromium，URL: https://test2.saas-test3.supcon.com:32188
2026-04-28 14:12:09,858 - INFO - logger.py:104 - info - 已启用忽略 HTTPS 证书错误
2026-04-28 14:13:18,137 - INFO - logger.py:104 - info - 录制完成，录制完的代码:
2026-04-28 14:13:18,137 - INFO - logger.py:104 - info - import re
from playwright.sync_api import Playwright, sync_playwright, expect


def run(playwright: Playwright) -> None:
    browser = playwright.chromium.launch(headless=False)
    context = browser.new_context(ignore_https_errors=True)
    page = context.new_page()
    page.goto("https://test2.saas-test3.supcon.com:32188/login#/login")
    page.get_by_text("记住用户名忘记密码登 录").click()
    page.get_by_role("textbox", name="请输入用户名").click()
    page.get_by_role("textbox", name="请输入用户名").fill("admin")
    page.get_by_role("textbox", name="请输入密码").click()
    page.get_by_role("textbox", name="请输入密码").fill("Supcon1304@")
    page.get_by_role("button", name="登 录").click()
    page.get_by_role("button", name="确定").click()
    page.get_by_text("基础资料").click()
    page.get_by_text("系统配置").click()
    page.get_by_text("移动端卡片配置").click()
    page.locator("iframe[name=\"supos-tab-framework-2\"]").content_frame.get_by_role("button", name="plus-circle 新增模板").click()
    page.locator("iframe[name=\"supos-tab-framework-2\"]").content_frame.get_by_role("button", name="取 消").click()
    page.locator("iframe[name=\"supos-tab-framework-2\"]").content_frame.get_by_text("报工").click()
    page.locator("iframe[name=\"supos-tab-framework-2\"]").content_frame.get_by_role("button", name="plus-circle 新增模板").click()
    page.locator("iframe[name=\"supos-tab-framework-2\"]").content_frame.get_by_role("button", name="取 消").click()
    page.close()

    # ---------------------
    context.close()
    browser.close()


with sync_playwright() as playwright:
    run(playwright)

2026-04-28 14:13:18,138 - INFO - logger.py:104 - info - 开始AI代码格式化
2026-04-28 14:13:18,138 - INFO - logger.py:104 - info - ============================================================
2026-04-28 14:13:18,138 - INFO - logger.py:104 - info - 开始处理录制代码...
2026-04-28 14:13:18,139 - INFO - logger.py:104 - info - ============================================================
2026-04-28 14:13:18,139 - INFO - logger.py:104 - info - 构建提示词完成，时间戳: 1777356798
2026-04-28 14:13:18,139 - INFO - logger.py:104 - info - 调用AI处理录制代码...
2026-04-28 14:13:18,139 - INFO - logger.py:104 - info - 开始调用豆包AI API...
2026-04-28 14:13:18,139 - INFO - logger.py:104 - info - 发送请求到: https://ark.cn-beijing.volces.com/api/v3/chat/completions
2026-04-28 14:14:10,512 - INFO - logger.py:104 - info - 总token消耗: 3402
2026-04-28 14:14:10,513 - INFO - logger.py:104 - info - 豆包AI API调用成功，耗时: 52.37秒
2026-04-28 14:14:10,514 - INFO - logger.py:104 - info - AI返回原始响应类型: <class 'dict'>
2026-04-28 14:14:10,514 - INFO - logger.py:104 - info - AI处理代码成功
2026-04-28 14:14:10,514 - INFO - logger.py:104 - info - 提取代码块成功
2026-04-28 14:14:10,514 - INFO - logger.py:104 - info - ============================================================
2026-04-28 14:14:10,515 - INFO - logger.py:104 - info - 代码处理完成
2026-04-28 14:14:10,515 - INFO - logger.py:104 - info - ============================================================
2026-04-28 14:14:10,515 - INFO - logger.py:104 - info - 代码格式化完成:
2026-04-28 14:14:10,515 - INFO - logger.py:104 - info - import re
import pytest
from playwright.sync_api import Page, expect
from src.base.base_test import BaseTest
from src.common.logger import logger

class TestVerifyCreateSettings(BaseTest):
    """
    用例名：verify_create_settings
    用例ms的id：0
    """

    def test_verify_create_settings(self, page: Page, project_name: str):
        f"""测试移动端卡片配置新增模板功能
        用例名：verify_create_settings
        用例ms的id：0
        项目名：{project_name}

        Args:
            page: 页面实例
            project_name: 项目名称
        """
        logger.info("=" * 60)
        logger.info(f"开始执行用例：verify_create_settings")
        logger.info(f"用例ms的id：0")
        logger.info("=" * 60)
        
        # 调用封装好的公用登录方法
        logger.info("登录系统")
        self.login(page, project_name)
        
        # 导航到移动端卡片配置页面
        logger.info("导航到移动端卡片配置菜单")
        page.get_by_text("基础资料").click()
        page.get_by_text("系统配置").click()
        page.get_by_text("移动端卡片配置").click()
        
        # 获取目标iframe上下文
        tab_frame = page.locator("iframe[name=\"supos-tab-framework-2\"]").content_frame
        
        # 测试1：不选择模板类型，点击新增后取消
        logger.info("执行测试：不选择模板类型新增后取消")
        tab_frame.get_by_role("button", name="plus-circle 新增模板").click()
        tab_frame.get_by_role("button", name="取 消").click()
        
        # 测试2：选择报工模板类型，点击新增后取消
        logger.info("执行测试：选择报工类型新增后取消")
        tab_frame.get_by_text("报工").click()
        tab_frame.get_by_role("button", name="plus-circle 新增模板").click()
        tab_frame.get_by_role("button", name="取 消").click()
2026-04-28 14:14:10,516 - INFO - logger.py:104 - info - 不需要AI分层，保存格式化后的代码
2026-04-28 14:14:10,517 - INFO - logger.py:104 - info - 格式化后的代码已保存: D:\install\auto_ui-master\src\testcase\LD\mobile_card_configuration\test_verify_create_settings.py
