2026-04-28 11:03:32,117 - INFO - logger.py:104 - info - 开始录制: 项目=LD, 模块=system_configuration, 用例=verify_new_create_function, ms_id=0
2026-04-28 11:03:32,119 - INFO - logger.py:104 - info - 启动Playwright Codegen，浏览器: chromium，URL: https://test2.saas-test3.supcon.com:32188
2026-04-28 11:03:32,120 - INFO - logger.py:104 - info - 已启用忽略 HTTPS 证书错误
2026-04-28 11:04:52,356 - INFO - logger.py:104 - info - 录制完成，录制完的代码:
2026-04-28 11:04:52,356 - INFO - logger.py:104 - info - import re
from playwright.sync_api import Playwright, sync_playwright, expect


def run(playwright: Playwright) -> None:
    browser = playwright.chromium.launch(headless=False)
    context = browser.new_context(ignore_https_errors=True)
    page = context.new_page()
    page.goto("https://test2.saas-test3.supcon.com:32188/login#/login")
    page.get_by_role("textbox", name="请输入用户名").click()
    page.get_by_role("textbox", name="请输入用户名").fill("admin")
    page.get_by_role("textbox", name="请输入密码").click()
    page.get_by_role("textbox", name="请输入密码").fill("Supcon1304@")
    page.get_by_role("button", name="登 录").click()
    page.get_by_role("button", name="确定").click()
    page.get_by_text("基础资料").click()
    page.get_by_text("系统配置").click()
    page.get_by_text("标签打印配置").click()
    page.locator("iframe[name=\"supos-tab-framework-2\"]").content_frame.get_by_role("button", name="plus-circle 新增").click()
    page.locator("iframe[name=\"supos-tab-framework-2\"]").content_frame.get_by_role("textbox", name="请输入模板ID").click()
    page.locator("iframe[name=\"supos-tab-framework-2\"]").content_frame.get_by_role("textbox", name="请输入模板ID").fill("666")
    page.locator("iframe[name=\"supos-tab-framework-2\"]").content_frame.get_by_role("textbox", name="请输入模板名称").click()
    page.locator("iframe[name=\"supos-tab-framework-2\"]").content_frame.get_by_role("textbox", name="请输入模板名称").fill("测试")
    page.locator("iframe[name=\"supos-tab-framework-2\"]").content_frame.locator("div:nth-child(4) > .ant-row > .ant-col.ant-col-24 > .ant-form-item-control-input > .ant-form-item-control-input-content > .ant-select > .ant-select-selector > .ant-select-selection-item").click()
    page.locator("iframe[name=\"supos-tab-framework-2\"]").content_frame.locator("[id=\"1\"]").get_by_text("包码").click()
    page.locator("iframe[name=\"supos-tab-framework-2\"]").content_frame.get_by_role("button", name="保 存").click()
    page.close()

    # ---------------------
    context.close()
    browser.close()


with sync_playwright() as playwright:
    run(playwright)

2026-04-28 11:04:52,364 - INFO - logger.py:104 - info - 开始AI代码格式化
2026-04-28 11:04:52,364 - INFO - logger.py:104 - info - ============================================================
2026-04-28 11:04:52,365 - INFO - logger.py:104 - info - 开始处理录制代码...
2026-04-28 11:04:52,365 - INFO - logger.py:104 - info - ============================================================
2026-04-28 11:04:52,365 - INFO - logger.py:104 - info - 构建提示词完成，时间戳: 1777345492
2026-04-28 11:04:52,365 - INFO - logger.py:104 - info - 调用AI处理录制代码...
2026-04-28 11:04:52,366 - INFO - logger.py:104 - info - 开始调用豆包AI API...
2026-04-28 11:04:52,366 - INFO - logger.py:104 - info - 发送请求到: https://ark.cn-beijing.volces.com/api/v3/chat/completions
2026-04-28 11:06:00,326 - INFO - logger.py:104 - info - 总token消耗: 3562
2026-04-28 11:06:00,326 - INFO - logger.py:104 - info - 豆包AI API调用成功，耗时: 67.96秒
2026-04-28 11:06:00,327 - INFO - logger.py:104 - info - AI返回原始响应类型: <class 'dict'>
2026-04-28 11:06:00,328 - INFO - logger.py:104 - info - AI处理代码成功
2026-04-28 11:06:00,328 - INFO - logger.py:104 - info - 提取代码块成功
2026-04-28 11:06:00,328 - INFO - logger.py:104 - info - ============================================================
2026-04-28 11:06:00,328 - INFO - logger.py:104 - info - 代码处理完成
2026-04-28 11:06:00,328 - INFO - logger.py:104 - info - ============================================================
2026-04-28 11:06:00,329 - INFO - logger.py:104 - info - 代码格式化完成:
2026-04-28 11:06:00,329 - INFO - logger.py:104 - info - import re
import pytest
from playwright.sync_api import Page, expect
from src.base.base_test import BaseTest
from src.common.logger import logger

class TestLabelPrintTemplateCreate(BaseTest):
    """
    用例名：verify_new_create_function
    用例ms的id：0
    """

    def test_verify_new_create_function(self, page: Page, project_name: str):
        f"""测试新增标签打印配置功能
        用例名：verify_new_create_function
        用例ms的id：0
        项目名：{project_name}

        Args:
            page: 页面实例
            project_name: 项目名称
        """
        logger.info("=" * 60)
        logger.info(f"开始执行用例：verify_new_create_function")
        logger.info(f"用例ms的id：0")
        logger.info("=" * 60)
        
        # 使用公用登录方法
        self.login(page, project_name)
        logger.info("系统登录完成，开始业务操作")

        # 登录后确认弹窗
        logger.info("点击登录后确定按钮")
        page.get_by_role("button", name="确定").click()

        # 导航进入标签打印配置页面
        logger.info("导航进入标签打印配置页面")
        page.get_by_text("基础资料").click()
        page.get_by_text("系统配置").click()
        page.get_by_text("标签打印配置").click()

        # 获取业务内容iframe，简化重复定位代码
        frame = page.locator("iframe[name=\"supos-tab-framework-2\"]").content_frame
        logger.info("获取业务iframe完成，开始新增操作")

        # 点击新增按钮
        frame.get_by_role("button", name="plus-circle 新增").click()

        # 填写模板信息，去除录制生成的多余点击操作，fill可自动激活输入框
        logger.info("填写模板基础信息，模板ID=666，模板名称=测试")
        frame.get_by_role("textbox", name="请输入模板ID").fill("666")
        frame.get_by_role("textbox", name="请输入模板名称").fill("测试")

        # 选择模板类型
        logger.info("选择模板类型为包码")
        frame.locator("div:nth-child(4) > .ant-row > .ant-col.ant-col-24 > .ant-form-item-control-input > .ant-form-item-control-input-content > .ant-select > .ant-select-selector > .ant-select-selection-item").click()
        frame.locator("[id=\"1\"]").get_by_text("包码").click()

        # 保存新增模板
        logger.info("点击保存按钮完成新增")
        frame.get_by_role("button", name="保 存").click()

        logger.info(f"用例{verify_new_create_function}执行完成")
2026-04-28 11:06:00,330 - INFO - logger.py:104 - info - 不需要AI分层，保存格式化后的代码
2026-04-28 11:06:00,331 - INFO - logger.py:104 - info - 格式化后的代码已保存: D:\install\auto_ui-master\src\testcase\LD\system_configuration\test_verify_new_create_function.py
