2026-04-20 14:18:29,085 - INFO - logger.py:95 - info - 开始录制: 项目=project1, 模块=module1, 用例=login, ms_id=0
2026-04-20 14:18:29,096 - INFO - logger.py:95 - info - 启动Playwright Codegen，浏览器: chromium，URL: https://www.baidu.com
2026-04-20 14:19:30,866 - INFO - logger.py:95 - info - 录制完成，录制完的代码:
2026-04-20 14:19:30,897 - INFO - logger.py:95 - info - 开始AI代码格式化
2026-04-20 14:19:30,898 - INFO - logger.py:95 - info - ============================================================
2026-04-20 14:19:30,898 - INFO - logger.py:95 - info - 开始处理录制代码...
2026-04-20 14:19:30,900 - INFO - logger.py:95 - info - ============================================================
2026-04-20 14:19:30,900 - INFO - logger.py:95 - info - 构建提示词完成，时间戳: 1776665970
2026-04-20 14:19:30,901 - INFO - logger.py:95 - info - 调用AI处理录制代码...
2026-04-20 14:19:30,901 - INFO - logger.py:95 - info - 开始调用豆包AI API...
2026-04-20 14:19:30,903 - INFO - logger.py:95 - info - 发送请求到: https://ark.cn-beijing.volces.com/api/v3/chat/completions
2026-04-20 14:20:12,124 - INFO - logger.py:95 - info - 总token消耗: 2791
2026-04-20 14:20:12,125 - INFO - logger.py:95 - info - 豆包AI API调用成功，耗时: 41.22秒
2026-04-20 14:20:12,128 - INFO - logger.py:95 - info - AI返回原始响应类型: <class 'dict'>
2026-04-20 14:20:12,128 - INFO - logger.py:95 - info - AI处理代码成功
2026-04-20 14:20:12,128 - INFO - logger.py:95 - info - 提取代码块成功
2026-04-20 14:20:12,129 - INFO - logger.py:95 - info - ============================================================
2026-04-20 14:20:12,129 - INFO - logger.py:95 - info - 代码处理完成
2026-04-20 14:20:12,129 - INFO - logger.py:95 - info - ============================================================
2026-04-20 14:20:12,129 - INFO - logger.py:95 - info - 代码格式化完成:
2026-04-20 14:20:12,134 - INFO - logger.py:95 - info - 不需要AI分层，保存格式化后的代码
2026-04-20 14:20:12,135 - INFO - logger.py:95 - info - 格式化后的代码已保存: D:\install\auto_ui-master\src\testcase\project1\module1\test_login.py
