2026-05-09 08:42:04,766 - INFO - logger.py:104 - info - 开始录制: 项目=LD, 模块=bom_management, 用例=verify_child_product, ms_id=100991
2026-05-09 08:42:04,815 - INFO - logger.py:104 - info - 启动Playwright Codegen，浏览器: chromium，URL: https://test2.saas-test3.supcon.com:32188
2026-05-09 08:42:04,816 - INFO - logger.py:104 - info - 已启用忽略 HTTPS 证书错误
2026-05-09 08:43:41,671 - INFO - logger.py:104 - info - 录制完成，录制完的代码:
2026-05-09 08:43:41,686 - INFO - logger.py:104 - info - import re
from playwright.sync_api import Playwright, sync_playwright, expect


def run(playwright: Playwright) -> None:
    browser = playwright.chromium.launch(headless=False)
    context = browser.new_context(ignore_https_errors=True)
    page = context.new_page()
    page.goto("https://test2.saas-test3.supcon.com:32188/login#/login")
    page.get_by_role("textbox", name="请输入用户名").click()
    page.get_by_role("textbox", name="请输入用户名").fill("admin")
    page.get_by_role("textbox", name="请输入密码").click()
    page.get_by_role("textbox", name="请输入密码").click()
    page.get_by_role("textbox", name="请输入密码").fill("Supcon1304@")
    page.get_by_role("button", name="登 录").click()
    page.get_by_role("button", name="确定").click()
    page.locator("div").filter(has_text=re.compile(r"^基础资料$")).nth(2).click()
    page.get_by_text("物料清单").click()
    page.locator("iframe[name=\"supos-tab-framework-2\"]").content_frame.get_by_text("编辑").first.click()
    page.locator("iframe[name=\"supos-tab-framework-2\"]").content_frame.get_by_role("button", name="plus-circle 添加子项产品").click()
    page.locator("iframe[name=\"supos-tab-framework-2\"]").content_frame.locator(".ant-table-cell > .ant-checkbox-wrapper").first.click()
    page.locator("iframe[name=\"supos-tab-framework-2\"]").content_frame.get_by_role("button", name="选 择").click()
    page.locator("iframe[name=\"supos-tab-framework-2\"]").content_frame.get_by_role("columnheader", name="关联工序").click()
    page.locator("iframe[name=\"supos-tab-framework-2\"]").content_frame.get_by_role("button", name="holder 1 bcp120260508974 UI").click()
    page.locator("iframe[name=\"supos-tab-framework-2\"]").content_frame.get_by_role("button", name="holder 1 bcp120260508974 UI").click()
    page.locator("iframe[name=\"supos-tab-framework-2\"]").content_frame.get_by_role("button", name="holder 1 bcp120260508974 UI").click()
    page.locator("iframe[name=\"supos-tab-framework-2\"]").content_frame.get_by_role("columnheader", name="库存数量").click()
    page.locator("iframe[name=\"supos-tab-framework-2\"]").content_frame.get_by_role("button", name="取 消").click()
    page.close()

    # ---------------------
    context.close()
    browser.close()


with sync_playwright() as playwright:
    run(playwright)

2026-05-09 08:43:41,690 - INFO - logger.py:104 - info - 开始AI代码格式化
2026-05-09 08:43:41,691 - INFO - logger.py:104 - info - ============================================================
2026-05-09 08:43:41,691 - INFO - logger.py:104 - info - 开始处理录制代码...
2026-05-09 08:43:41,691 - INFO - logger.py:104 - info - ============================================================
2026-05-09 08:43:41,692 - INFO - logger.py:104 - info - 构建提示词完成，时间戳: 1778287421
2026-05-09 08:43:41,693 - INFO - logger.py:104 - info - 调用AI处理录制代码...
2026-05-09 08:43:41,740 - INFO - logger.py:104 - info - 开始调用豆包AI API...
2026-05-09 08:43:41,740 - INFO - logger.py:104 - info - 发送请求到: https://ark.cn-beijing.volces.com/api/v3/chat/completions
2026-05-09 08:44:26,987 - INFO - logger.py:104 - info - 总token消耗: 3630
2026-05-09 08:44:26,988 - INFO - logger.py:104 - info - 豆包AI API调用成功，耗时: 45.25秒
2026-05-09 08:44:26,992 - INFO - logger.py:104 - info - AI返回原始响应类型: <class 'dict'>
2026-05-09 08:44:26,992 - INFO - logger.py:104 - info - AI处理代码成功
2026-05-09 08:44:26,993 - INFO - logger.py:104 - info - 提取代码块成功
2026-05-09 08:44:26,993 - INFO - logger.py:104 - info - ============================================================
2026-05-09 08:44:26,993 - INFO - logger.py:104 - info - 代码处理完成
2026-05-09 08:44:26,993 - INFO - logger.py:104 - info - ============================================================
2026-05-09 08:44:26,994 - INFO - logger.py:104 - info - 代码格式化完成:
2026-05-09 08:44:26,994 - INFO - logger.py:104 - info - import re
import pytest
from playwright.sync_api import Page, expect
from src.base.base_test import BaseTest
from src.common.logger import logger

class TestVerifyChildProduct(BaseTest):
    """
    用例名：verify_child_product
    用例ms的id：100991
    """

    def test_verify_child_product(self, page: Page, project_name: str):
        f"""验证BOM添加子产品功能
        用例名：verify_child_product
        用例ms的id：100991
        项目名：{project_name}

        Args:
            page: 页面实例
            project_name: 项目名称
        """
        logger.info("=" * 60)
        logger.info(f"开始执行测试用例：verify_child_product")
        logger.info(f"用例ms ID：100991")
        logger.info("=" * 60)
        
        # 使用封装好的公用登录方法登录系统
        self.login(page, project_name)
        
        # 登录后关闭弹窗
        logger.info("登录成功，关闭登录后弹窗")
        page.get_by_role("button", name="确定").click()
        
        # 进入基础资料-物料清单页面
        logger.info("进入物料清单页面")
        page.locator("div").filter(has_text=re.compile(r"^基础资料$")).nth(2).click()
        page.get_by_text("物料清单").click()
        
        # 获取BOM页面iframe上下文，简化后续调用
        bom_iframe = page.locator("iframe[name=\"supos-tab-framework-2\"]").content_frame
        
        # 进入编辑状态，发起添加子项产品操作
        logger.info("进入编辑，发起添加子产品操作")
        bom_iframe.get_by_text("编辑").first.click()
        bom_iframe.get_by_role("button", name="plus-circle 添加子项产品").click()
        
        # 选择第一个产品并确认
        logger.info("选择目标子产品")
        bom_iframe.locator(".ant-table-cell > .ant-checkbox-wrapper").first.click()
        bom_iframe.get_by_role("button", name="选 择").click()
        
        # 执行关联工序相关操作
        logger.info("执行关联工序操作")
        bom_iframe.get_by_role("columnheader", name="关联工序").click()
        # 去除录制产生的重复点击，仅保留必要操作
        bom_iframe.get_by_role("button", name="holder 1 bcp120260508974 UI").click()
        bom_iframe.get_by_role("columnheader", name="库存数量").click()
        
        # 点击取消完成测试
        logger.info("取消操作，结束测试")
        bom_iframe.get_by_role("button", name="取 消").click()
        
        logger.info(f"测试用例verify_child_product执行完成")
2026-05-09 08:44:26,997 - INFO - logger.py:104 - info - 不需要AI分层，保存格式化后的代码
2026-05-09 08:44:26,998 - INFO - logger.py:104 - info - 格式化后的代码已保存: D:\install\auto_ui-master\src\testcase\LD\bom_management\test_verify_child_product.py
