2026-04-22 17:14:07,411 - INFO - logger.py:104 - info - 开始录制: 项目=LD, 模块=bom_management, 用例=verify_edit_bom_delete_child_item, ms_id=0
2026-04-22 17:14:07,414 - INFO - logger.py:104 - info - 启动Playwright Codegen，浏览器: chromium，URL: https://test2.saas-test3.supcon.com:32188
2026-04-22 17:14:07,414 - INFO - logger.py:104 - info - 已启用忽略 HTTPS 证书错误
2026-04-22 17:15:42,260 - INFO - logger.py:104 - info - 录制完成，录制完的代码:
2026-04-22 17:15:42,261 - INFO - logger.py:104 - info - import re
from playwright.sync_api import Playwright, sync_playwright, expect


def run(playwright: Playwright) -> None:
    browser = playwright.chromium.launch(headless=False)
    context = browser.new_context(ignore_https_errors=True)
    page = context.new_page()
    page.goto("https://test2.saas-test3.supcon.com:32188/login#/login")
    page.get_by_role("textbox", name="请输入用户名").click()
    page.get_by_role("textbox", name="请输入用户名").fill("admin")
    page.get_by_role("textbox", name="请输入密码").click()
    page.get_by_role("textbox", name="请输入密码").fill("Supcon1304@")
    page.get_by_role("button", name="登 录").click()
    page.get_by_text("基础资料").click()
    page.get_by_text("物料清单").click()
    expect(page.locator("iframe[name=\"supos-tab-framework-2\"]").content_frame.get_by_role("row", name="2 CP2026042000034 半成品2").locator("a")).to_be_visible()
    expect(page.locator("iframe[name=\"supos-tab-framework-2\"]").content_frame.get_by_text("编辑").nth(1)).to_be_visible()
    page.locator("iframe[name=\"supos-tab-framework-2\"]").content_frame.get_by_text("编辑").nth(1).click()
    expect(page.locator("iframe[name=\"supos-tab-framework-2\"]").content_frame.locator("div").filter(has_text=re.compile(r"^子项产品信息$"))).to_be_visible()
    expect(page.locator("iframe[name=\"supos-tab-framework-2\"]").content_frame.get_by_text("添加子项产品序号物料编号物料名称物料规格单位用量关联工序单位物料来源库存数量备注操作 1CP2026042000037物料21半成品2工序1千克外采0删除")).to_be_visible()
    expect(page.locator("iframe[name=\"supos-tab-framework-2\"]").content_frame.get_by_role("button", name="删除").nth(1)).to_be_visible()
    page.locator("iframe[name=\"supos-tab-framework-2\"]").content_frame.get_by_role("button", name="删除").nth(3).click()
    expect(page.locator("iframe[name=\"supos-tab-framework-2\"]").content_frame.get_by_text("添加子项产品序号物料编号物料名称物料规格单位用量关联工序单位物料来源库存数量备注操作 1CP2026042000037物料21半成品2工序1千克外采0删除")).to_be_visible()
    expect(page.locator("iframe[name=\"supos-tab-framework-2\"]").content_frame.get_by_role("button", name="保 存")).to_be_visible()
    page.locator("iframe[name=\"supos-tab-framework-2\"]").content_frame.get_by_role("button", name="保 存").click()
    page.locator("iframe[name=\"supos-tab-framework-2\"]").content_frame.get_by_role("button", name="确 认").click()
    expect(page.locator("iframe[name=\"supos-tab-framework-2\"]").content_frame.locator("div").filter(has_text="保存成功！").nth(3)).to_be_visible()
    page.close()

    # ---------------------
    context.close()
    browser.close()


with sync_playwright() as playwright:
    run(playwright)

2026-04-22 17:15:42,266 - INFO - logger.py:104 - info - 开始AI代码格式化
2026-04-22 17:15:42,266 - INFO - logger.py:104 - info - ============================================================
2026-04-22 17:15:42,269 - INFO - logger.py:104 - info - 开始处理录制代码...
2026-04-22 17:15:42,270 - INFO - logger.py:104 - info - ============================================================
2026-04-22 17:15:42,271 - INFO - logger.py:104 - info - 构建提示词完成，时间戳: 1776849342
2026-04-22 17:15:42,272 - INFO - logger.py:104 - info - 调用AI处理录制代码...
2026-04-22 17:15:42,273 - INFO - logger.py:104 - info - 开始调用豆包AI API...
2026-04-22 17:15:42,274 - INFO - logger.py:104 - info - 发送请求到: https://ark.cn-beijing.volces.com/api/v3/chat/completions
2026-04-22 17:16:38,745 - INFO - logger.py:104 - info - 总token消耗: 4191
2026-04-22 17:16:38,745 - INFO - logger.py:104 - info - 豆包AI API调用成功，耗时: 56.47秒
2026-04-22 17:16:38,747 - INFO - logger.py:104 - info - AI返回原始响应类型: <class 'dict'>
2026-04-22 17:16:38,747 - INFO - logger.py:104 - info - AI处理代码成功
2026-04-22 17:16:38,747 - INFO - logger.py:104 - info - 提取代码块成功
2026-04-22 17:16:38,747 - INFO - logger.py:104 - info - ============================================================
2026-04-22 17:16:38,748 - INFO - logger.py:104 - info - 代码处理完成
2026-04-22 17:16:38,748 - INFO - logger.py:104 - info - ============================================================
2026-04-22 17:16:38,748 - INFO - logger.py:104 - info - 代码格式化完成:
2026-04-22 17:16:38,748 - INFO - logger.py:104 - info - import re
import pytest
from playwright.sync_api import Page, expect
from src.base.base_test import BaseTest
from src.common.logger import logger


class TestEditBOM(BaseTest):
    """
    用例名：verify_edit_bom_delete_child_item
    用例ms的id：0
    """

    def test_verify_edit_bom_delete_child_item(self, page: Page, project_name: str):
        f"""测试编辑BOM删除子项功能
        用例名：verify_edit_bom_delete_child_item
        用例ms的id：0
        项目名：{project_name}

        Args:
            page: 页面实例
            project_name: 项目名称
        """
        logger.info("=" * 60)
        logger.info(f"开始执行用例：verify_edit_bom_delete_child_item")
        logger.info(f"用例ms的id：0")
        logger.info("=" * 60)
        
        # 使用公用登录方法
        logger.info("执行登录操作")
        self.login(page, project_name)
        
        # 进入物料清单页面
        logger.info("进入基础资料->物料清单模块")
        page.get_by_text("基础资料").click()
        page.get_by_text("物料清单").click()

        # 验证目标BOM，点击编辑
        expect(page.locator("iframe[name=\"supos-tab-framework-2\"]").content_frame.get_by_role("row", name="2 CP2026042000034 半成品2").locator("a")).to_be_visible()
        expect(page.locator("iframe[name=\"supos-tab-framework-2\"]").content_frame.get_by_text("编辑").nth(1)).to_be_visible()
        page.locator("iframe[name=\"supos-tab-framework-2\"]").content_frame.get_by_text("编辑").nth(1).click()

        # 验证编辑页面加载完成
        expect(page.locator("iframe[name=\"supos-tab-framework-2\"]").content_frame.locator("div").filter(has_text=re.compile(r"^子项产品信息$"))).to_be_visible()
        expect(page.locator("iframe[name=\"supos-tab-framework-2\"]").content_frame.get_by_text("添加子项产品序号物料编号物料名称物料规格单位用量关联工序单位物料来源库存数量备注操作 1CP2026042000037物料21半成品2工序1千克外采0删除")).to_be_visible()
        expect(page.locator("iframe[name=\"supos-tab-framework-2\"]").content_frame.get_by_role("button", name="删除").nth(1)).to_be_visible()

        # 删除目标子项
        logger.info("执行删除子项操作")
        page.locator("iframe[name=\"supos-tab-framework-2\"]").content_frame.get_by_role("button", name="删除").nth(3).click()

        # 保存修改并确认
        expect(page.locator("iframe[name=\"supos-tab-framework-2\"]").content_frame.get_by_text("添加子项产品序号物料编号物料名称物料规格单位用量关联工序单位物料来源库存数量备注操作 1CP2026042000037物料21半成品2工序1千克外采0删除")).to_be_visible()
        expect(page.locator("iframe[name=\"supos-tab-framework-2\"]").content_frame.get_by_role("button", name="保 存")).to_be_visible()
        logger.info("执行保存修改操作")
        page.locator("iframe[name=\"supos-tab-framework-2\"]").content_frame.get_by_role("button", name="保 存").click()
        page.locator("iframe[name=\"supos-tab-framework-2\"]").content_frame.get_by_role("button", name="确 认").click()

        # 断言操作结果
        logger.info("验证操作结果")
        expect(page.locator("iframe[name=\"supos-tab-framework-2\"]").content_frame.locator("div").filter(has_text="保存成功！").nth(3)).to_be_visible()
        logger.info(f"用例verify_edit_bom_delete_child_item执行完成")
2026-04-22 17:16:38,749 - INFO - logger.py:104 - info - 不需要AI分层，保存格式化后的代码
2026-04-22 17:16:38,751 - INFO - logger.py:104 - info - 格式化后的代码已保存: D:\install\auto_ui-master\src\testcase\LD\bom_management\test_verify_edit_bom_delete_child_item.py
