2026-04-27 10:06:30,136 - INFO - logger.py:104 - info - 开始录制: 项目=LD, 模块=code_rule_config, 用例=verify_work_order_batch, ms_id=0
2026-04-27 10:06:30,140 - INFO - logger.py:104 - info - 启动Playwright Codegen，浏览器: chromium，URL: https://test2.saas-test3.supcon.com:32188
2026-04-27 10:06:30,140 - INFO - logger.py:104 - info - 已启用忽略 HTTPS 证书错误
2026-04-27 10:07:16,017 - INFO - logger.py:104 - info - 录制完成，录制完的代码:
2026-04-27 10:07:16,017 - INFO - logger.py:104 - info - import re
from playwright.sync_api import Playwright, sync_playwright, expect


def run(playwright: Playwright) -> None:
    browser = playwright.chromium.launch(headless=False)
    context = browser.new_context(ignore_https_errors=True)
    page = context.new_page()
    page.goto("https://test2.saas-test3.supcon.com:32188/login#/login")
    page.get_by_role("textbox", name="请输入用户名").click()
    page.get_by_role("textbox", name="请输入用户名").fill("admin")
    page.get_by_text("记住用户名忘记密码登 录").click()
    page.get_by_role("textbox", name="请输入密码").click()
    page.get_by_role("textbox", name="请输入密码").fill("Supcon1304@")
    page.get_by_role("button", name="登 录").click()
    page.get_by_role("button", name="确定").click()
    page.get_by_text("基础资料").click()
    page.get_by_text("编码规则配置").click()
    page.locator("iframe[name=\"supos-tab-framework-2\"]").content_frame.get_by_role("cell", name="SCGDPH").click()
    page.locator("iframe[name=\"supos-tab-framework-2\"]").content_frame.get_by_text("查看").nth(2).click()
    page.locator("iframe[name=\"supos-tab-framework-2\"]").content_frame.get_by_text("基础信息规则编码SCGDPH规则名称生产工单批号业务类型生产工单批号编码规则yyyyMMdd000001字段类型字段值补位方式补位符号长度是否显示 日期时间").click()
    page.locator("iframe[name=\"supos-tab-framework-2\"]").content_frame.get_by_role("button", name="返 回").click()
    page.close()

    # ---------------------
    context.close()
    browser.close()


with sync_playwright() as playwright:
    run(playwright)

2026-04-27 10:07:16,019 - INFO - logger.py:104 - info - 开始AI代码格式化
2026-04-27 10:07:16,019 - INFO - logger.py:104 - info - ============================================================
2026-04-27 10:07:16,019 - INFO - logger.py:104 - info - 开始处理录制代码...
2026-04-27 10:07:16,019 - INFO - logger.py:104 - info - ============================================================
2026-04-27 10:07:16,019 - INFO - logger.py:104 - info - 构建提示词完成，时间戳: 1777255636
2026-04-27 10:07:16,019 - INFO - logger.py:104 - info - 调用AI处理录制代码...
2026-04-27 10:07:16,020 - INFO - logger.py:104 - info - 开始调用豆包AI API...
2026-04-27 10:07:16,020 - INFO - logger.py:104 - info - 发送请求到: https://ark.cn-beijing.volces.com/api/v3/chat/completions
2026-04-27 10:07:52,911 - INFO - logger.py:104 - info - 总token消耗: 2662
2026-04-27 10:07:52,912 - INFO - logger.py:104 - info - 豆包AI API调用成功，耗时: 36.89秒
2026-04-27 10:07:52,914 - INFO - logger.py:104 - info - AI返回原始响应类型: <class 'dict'>
2026-04-27 10:07:52,914 - INFO - logger.py:104 - info - AI处理代码成功
2026-04-27 10:07:52,914 - INFO - logger.py:104 - info - 提取代码块成功
2026-04-27 10:07:52,915 - INFO - logger.py:104 - info - ============================================================
2026-04-27 10:07:52,915 - INFO - logger.py:104 - info - 代码处理完成
2026-04-27 10:07:52,915 - INFO - logger.py:104 - info - ============================================================
2026-04-27 10:07:52,915 - INFO - logger.py:104 - info - 代码格式化完成:
2026-04-27 10:07:52,915 - INFO - logger.py:104 - info - import re
import pytest
from playwright.sync_api import Page, expect
from src.base.base_test import BaseTest
from src.common.logger import logger

class TestVerifyWorkOrderBatch(BaseTest):
    """
    用例名：verify_work_order_batch
    用例ms的id：0
    """

    def test_verify_work_order_batch(self, page: Page, project_name: str):
        f"""测试生产工单批号编码规则查看流程
        用例名：verify_work_order_batch
        用例ms的id：0
        项目名：{project_name}

        Args:
            page: 页面实例
            project_name: 项目名称
        """
        logger.info("=" * 60)
        logger.info(f"开始执行用例verify_work_order_batch")
        logger.info(f"用例ms的id：0")
        logger.info("=" * 60)
        
        # 使用公用登录方法完成登录
        self.login(page, project_name)
        
        # 进入编码规则配置页面
        logger.info("导航进入编码规则配置页面")
        page.get_by_text("基础资料").click()
        page.get_by_text("编码规则配置").click()
        
        # 查看生产工单批号编码规则详情
        logger.info("执行查看生产工单批号编码规则操作")
        frame = page.locator("iframe[name=\"supos-tab-framework-2\"]").content_frame
        frame.get_by_role("cell", name="SCGDPH").click()
        frame.get_by_text("查看").nth(2).click()
        frame.get_by_text("基础信息规则编码SCGDPH规则名称生产工单批号业务类型生产工单批号编码规则yyyyMMdd000001字段类型字段值补位方式补位符号长度是否显示 日期时间").click()
        frame.get_by_role("button", name="返 回").click()
        
        logger.info(f"用例verify_work_order_batch执行完成")
2026-04-27 10:07:52,916 - INFO - logger.py:104 - info - 不需要AI分层，保存格式化后的代码
2026-04-27 10:07:52,917 - INFO - logger.py:104 - info - 格式化后的代码已保存: D:\install\auto_ui-master\src\testcase\LD\code_rule_config\test_verify_work_order_batch.py
