2026-04-27 15:05:37,532 - INFO - logger.py:104 - info - 开始录制: 项目=LD, 模块=code_rule_config, 用例=verify_complement_symbol, ms_id=0
2026-04-27 15:05:37,535 - INFO - logger.py:104 - info - 启动Playwright Codegen，浏览器: chromium，URL: https://test2.saas-test3.supcon.com:32188
2026-04-27 15:05:37,535 - INFO - logger.py:104 - info - 已启用忽略 HTTPS 证书错误
2026-04-27 15:06:41,808 - INFO - logger.py:104 - info - 录制完成，录制完的代码:
2026-04-27 15:06:41,809 - INFO - logger.py:104 - info - import re
from playwright.sync_api import Playwright, sync_playwright, expect


def run(playwright: Playwright) -> None:
    browser = playwright.chromium.launch(headless=False)
    context = browser.new_context(ignore_https_errors=True)
    page = context.new_page()
    page.goto("https://test2.saas-test3.supcon.com:32188/login#/login")
    page.get_by_role("textbox", name="请输入用户名").click()
    page.get_by_role("textbox", name="请输入用户名").fill("admin")
    page.get_by_role("textbox", name="请输入密码").click()
    page.get_by_role("textbox", name="请输入密码").fill("Supcon1304@")
    page.get_by_role("button", name="登 录").click()
    page.get_by_role("button", name="确定").click()
    page.get_by_text("基础资料").click()
    page.get_by_text("编码规则配置").click()
    page.locator("iframe[name=\"supos-tab-framework-2\"]").content_frame.get_by_role("button", name="plus-circle 创建").click()
    page.locator("iframe[name=\"supos-tab-framework-2\"]").content_frame.get_by_role("button", name="plus-circle 增行").click()
    page.locator("iframe[name=\"supos-tab-framework-2\"]").content_frame.locator("#rc_select_4").click()
    page.locator("iframe[name=\"supos-tab-framework-2\"]").content_frame.get_by_text("流水号").click()
    page.locator("iframe[name=\"supos-tab-framework-2\"]").content_frame.get_by_role("button", name="holder 流水号 流水号 自增长数字 无 是 删除").click()
    page.locator("iframe[name=\"supos-tab-framework-2\"]").content_frame.get_by_text("左补位").click()
    page.locator("iframe[name=\"supos-tab-framework-2\"]").content_frame.get_by_role("button", name="holder 流水号 自增长数字 左补位 左补位").get_by_role("textbox").click()
    page.locator("iframe[name=\"supos-tab-framework-2\"]").content_frame.get_by_role("button", name="holder 流水号 自增长数字 左补位 Increase").get_by_role("textbox").fill("q")
    page.locator("iframe[name=\"supos-tab-framework-2\"]").content_frame.get_by_role("button", name="取 消").click()
    page.close()

    # ---------------------
    context.close()
    browser.close()


with sync_playwright() as playwright:
    run(playwright)

2026-04-27 15:06:41,810 - INFO - logger.py:104 - info - 开始AI代码格式化
2026-04-27 15:06:41,810 - INFO - logger.py:104 - info - ============================================================
2026-04-27 15:06:41,811 - INFO - logger.py:104 - info - 开始处理录制代码...
2026-04-27 15:06:41,811 - INFO - logger.py:104 - info - ============================================================
2026-04-27 15:06:41,811 - INFO - logger.py:104 - info - 构建提示词完成，时间戳: 1777273601
2026-04-27 15:06:41,811 - INFO - logger.py:104 - info - 调用AI处理录制代码...
2026-04-27 15:06:41,812 - INFO - logger.py:104 - info - 开始调用豆包AI API...
2026-04-27 15:06:41,812 - INFO - logger.py:104 - info - 发送请求到: https://ark.cn-beijing.volces.com/api/v3/chat/completions
2026-04-27 15:07:36,001 - INFO - logger.py:104 - info - 总token消耗: 3435
2026-04-27 15:07:36,001 - INFO - logger.py:104 - info - 豆包AI API调用成功，耗时: 54.19秒
2026-04-27 15:07:36,002 - INFO - logger.py:104 - info - AI返回原始响应类型: <class 'dict'>
2026-04-27 15:07:36,002 - INFO - logger.py:104 - info - AI处理代码成功
2026-04-27 15:07:36,003 - INFO - logger.py:104 - info - 提取代码块成功
2026-04-27 15:07:36,003 - INFO - logger.py:104 - info - ============================================================
2026-04-27 15:07:36,003 - INFO - logger.py:104 - info - 代码处理完成
2026-04-27 15:07:36,003 - INFO - logger.py:104 - info - ============================================================
2026-04-27 15:07:36,004 - INFO - logger.py:104 - info - 代码格式化完成:
2026-04-27 15:07:36,004 - INFO - logger.py:104 - info - import re
import pytest
from playwright.sync_api import Page, expect
from src.base.base_test import BaseTest
from src.common.logger import logger

class TestVerifyComplementSymbol(BaseTest):
    """
    用例名：verify_complement_symbol
    用例ms的id：0
    """

    def test_verify_complement_symbol(self, page: Page, project_name: str):
        f"""测试编码规则左补位符号配置功能
        用例名：verify_complement_symbol
        用例ms的id：0
        项目名：{project_name}

        Args:
            page: 页面实例
            project_name: 项目名称
        """
        logger.info("=" * 60)
        logger.info(f"开始执行用例：verify_complement_symbol")
        logger.info(f"用例ms的id：0")
        logger.info("=" * 60)
        
        # 调用封装好的公用登录方法完成登录
        logger.info("登录系统")
        self.login(page, project_name)

        # 登录后确认进入系统主页
        logger.info("确认进入系统主页")
        page.get_by_role("button", name="确定").click()

        # 导航到编码规则配置页面
        logger.info("导航到编码规则配置页面")
        page.get_by_text("基础资料").click()
        page.get_by_text("编码规则配置").click()

        # 获取目标iframe内容帧
        frame = page.locator("iframe[name=\"supos-tab-framework-2\"]").content_frame
        
        # 创建新编码规则，新增规则行
        logger.info("开始创建新编码规则")
        frame.get_by_role("button", name="plus-circle 创建").click()
        frame.get_by_role("button", name="plus-circle 增行").click()

        # 选择规则类型为流水号
        frame.locator("#rc_select_4").click()
        frame.get_by_text("流水号").click()

        # 配置流水号左补位，输入补位符号
        logger.info("配置流水号左补位参数")
        frame.get_by_role("button", name="holder 流水号 流水号 自增长数字 无 是 删除").click()
        frame.get_by_text("左补位").click()
        frame.get_by_role("button", name="holder 流水号 自增长数字 左补位 左补位").get_by_role("textbox").click()
        frame.get_by_role("button", name="holder 流水号 自增长数字 左补位 Increase").get_by_role("textbox").fill("q")

        # 点击取消完成测试操作
        logger.info("完成操作，点击取消")
        frame.get_by_role("button", name="取 消").click()

        logger.info(f"用例verify_complement_symbol执行完毕")
2026-04-27 15:07:36,005 - INFO - logger.py:104 - info - 不需要AI分层，保存格式化后的代码
2026-04-27 15:07:36,006 - INFO - logger.py:104 - info - 格式化后的代码已保存: D:\install\auto_ui-master\src\testcase\LD\code_rule_config\test_verify_complement_symbol.py
