2026-04-28 13:28:36,281 - INFO - logger.py:104 - info - 开始录制: 项目=LD, 模块=printer_management, 用例=verify_edit_function, ms_id=0
2026-04-28 13:28:36,283 - INFO - logger.py:104 - info - 启动Playwright Codegen，浏览器: chromium，URL: https://test2.saas-test3.supcon.com:32188
2026-04-28 13:28:36,283 - INFO - logger.py:104 - info - 已启用忽略 HTTPS 证书错误
2026-04-28 13:29:31,574 - INFO - logger.py:104 - info - 录制完成，录制完的代码:
2026-04-28 13:29:31,574 - INFO - logger.py:104 - info - import re
from playwright.sync_api import Playwright, sync_playwright, expect


def run(playwright: Playwright) -> None:
    browser = playwright.chromium.launch(headless=False)
    context = browser.new_context(ignore_https_errors=True)
    page = context.new_page()
    page.goto("https://test2.saas-test3.supcon.com:32188/login#/login")
    page.get_by_role("textbox", name="请输入用户名").click()
    page.get_by_role("textbox", name="请输入用户名").fill("admin")
    page.get_by_role("textbox", name="请输入密码").click()
    page.get_by_role("textbox", name="请输入密码").fill("Supcon1304@")
    page.get_by_role("button", name="登 录").click()
    page.get_by_text("基础资料").click()
    page.get_by_text("系统配置").click()
    page.get_by_text("打印机管理").click()
    page.locator("iframe[name=\"supos-tab-framework-2\"]").content_frame.get_by_role("cell", name="600").click()
    page.locator("iframe[name=\"supos-tab-framework-2\"]").content_frame.get_by_text("编辑").first.click()
    page.locator("iframe[name=\"supos-tab-framework-2\"]").content_frame.get_by_role("textbox", name="请输入名称备注").click()
    page.locator("iframe[name=\"supos-tab-framework-2\"]").content_frame.get_by_role("textbox", name="请输入名称备注").fill("测试1")
    page.locator("iframe[name=\"supos-tab-framework-2\"]").content_frame.get_by_role("button", name="保 存").click()
    page.close()

    # ---------------------
    context.close()
    browser.close()


with sync_playwright() as playwright:
    run(playwright)

2026-04-28 13:29:31,575 - INFO - logger.py:104 - info - 开始AI代码格式化
2026-04-28 13:29:31,575 - INFO - logger.py:104 - info - ============================================================
2026-04-28 13:29:31,576 - INFO - logger.py:104 - info - 开始处理录制代码...
2026-04-28 13:29:31,576 - INFO - logger.py:104 - info - ============================================================
2026-04-28 13:29:31,576 - INFO - logger.py:104 - info - 构建提示词完成，时间戳: 1777354171
2026-04-28 13:29:31,576 - INFO - logger.py:104 - info - 调用AI处理录制代码...
2026-04-28 13:29:31,576 - INFO - logger.py:104 - info - 开始调用豆包AI API...
2026-04-28 13:29:31,576 - INFO - logger.py:104 - info - 发送请求到: https://ark.cn-beijing.volces.com/api/v3/chat/completions
2026-04-28 13:30:08,235 - INFO - logger.py:104 - info - 总token消耗: 2750
2026-04-28 13:30:08,235 - INFO - logger.py:104 - info - 豆包AI API调用成功，耗时: 36.66秒
2026-04-28 13:30:08,237 - INFO - logger.py:104 - info - AI返回原始响应类型: <class 'dict'>
2026-04-28 13:30:08,237 - INFO - logger.py:104 - info - AI处理代码成功
2026-04-28 13:30:08,237 - INFO - logger.py:104 - info - 提取代码块成功
2026-04-28 13:30:08,237 - INFO - logger.py:104 - info - ============================================================
2026-04-28 13:30:08,238 - INFO - logger.py:104 - info - 代码处理完成
2026-04-28 13:30:08,238 - INFO - logger.py:104 - info - ============================================================
2026-04-28 13:30:08,238 - INFO - logger.py:104 - info - 代码格式化完成:
2026-04-28 13:30:08,238 - INFO - logger.py:104 - info - import re
import pytest
from playwright.sync_api import Page, expect
from src.base.base_test import BaseTest
from src.common.logger import logger


class TestVerifyEditFunction(BaseTest):
    """
    用例名：verify_edit_function
    用例ms的id：0
    """

    def test_verify_edit_function(self, page: Page, project_name: str):
        f"""测试打印机编辑功能
        用例名：verify_edit_function
        用例ms的id：0
        项目名：{project_name}

        Args:
            page: 页面实例
            project_name: 项目名称
        """
        logger.info("=" * 60)
        logger.info(f"开始执行用例：verify_edit_function")
        logger.info(f"用例ms的id：0")
        logger.info("=" * 60)
        
        # 使用公用登录方法登录系统
        logger.info("调用公用登录方法完成登录")
        self.login(page, project_name)
        
        # 导航到打印机管理页面
        logger.info("进入打印机管理菜单")
        page.get_by_text("基础资料").click()
        page.get_by_text("系统配置").click()
        page.get_by_text("打印机管理").click()
        
        # 获取目标iframe，执行编辑操作
        logger.info("执行编辑打印机信息操作")
        edit_iframe = page.locator("iframe[name=\"supos-tab-framework-2\"]").content_frame
        edit_iframe.get_by_role("cell", name="600").click()
        edit_iframe.get_by_text("编辑").first.click()
        edit_iframe.get_by_role("textbox", name="请输入名称备注").click()
        edit_iframe.get_by_role("textbox", name="请输入名称备注").fill("测试1")
        edit_iframe.get_by_role("button", name="保 存").click()

        logger.info("用例verify_edit_function执行完成")
2026-04-28 13:30:08,239 - INFO - logger.py:104 - info - 不需要AI分层，保存格式化后的代码
2026-04-28 13:30:08,241 - INFO - logger.py:104 - info - 格式化后的代码已保存: D:\install\auto_ui-master\src\testcase\LD\printer_management\test_verify_edit_function.py
