2026-04-23 15:52:28,560 - INFO - logger.py:104 - info - 开始录制: 项目=LD, 模块=bom_management, 用例=verify_child_product_, ms_id=0
2026-04-23 15:52:28,563 - INFO - logger.py:104 - info - 启动Playwright Codegen，浏览器: chromium，URL: https://test2.saas-test3.supcon.com:32188
2026-04-23 15:52:28,563 - INFO - logger.py:104 - info - 已启用忽略 HTTPS 证书错误
2026-04-23 15:55:17,617 - INFO - logger.py:104 - info - 录制完成，录制完的代码:
2026-04-23 15:55:17,617 - INFO - logger.py:104 - info - import re
from playwright.sync_api import Playwright, sync_playwright, expect


def run(playwright: Playwright) -> None:
    browser = playwright.chromium.launch(headless=False)
    context = browser.new_context(ignore_https_errors=True)
    page = context.new_page()
    page.goto("https://test2.saas-test3.supcon.com:32188/login#/login")
    page.get_by_role("textbox", name="请输入用户名").click()
    page.get_by_role("textbox", name="请输入用户名").fill("admin")
    page.get_by_role("textbox", name="请输入密码").click()
    page.get_by_role("textbox", name="请输入密码").fill("Supcon1304@")
    page.get_by_role("button", name="登 录").click()
    page.get_by_text("基础资料").click()
    page.get_by_text("物料清单").click()
    page.locator("iframe[name=\"supos-tab-framework-2\"]").content_frame.locator(".ant-menu-overflow-item.ant-menu-item.ant-menu-item-active > .ant-menu-title-content > .edit-btn").click()
    page.locator("iframe[name=\"supos-tab-framework-2\"]").content_frame.get_by_role("button", name="plus-circle 添加子项产品").click()
    page.locator("iframe[name=\"supos-tab-framework-2\"]").content_frame.locator(".tree-layout > .list-layout > .table-wrapper").click()
    expect(page.locator("iframe[name=\"supos-tab-framework-2\"]").content_frame.locator(".tree-layout")).to_be_visible()
    page.locator("iframe[name=\"supos-tab-framework-2\"]").content_frame.get_by_label("产品参照").get_by_role("button", name="取 消").click()
    page.locator("iframe[name=\"supos-tab-framework-2\"]").content_frame.get_by_role("button", name="plus-circle 添加子项产品").click()
    page.locator("iframe[name=\"supos-tab-framework-2\"]").content_frame.get_by_role("row", name="CPZXC001").get_by_label("", exact=True).check()
    page.locator("iframe[name=\"supos-tab-framework-2\"]").content_frame.get_by_role("button", name="选 择").click()
    page.locator("iframe[name=\"supos-tab-framework-2\"]").content_frame.get_by_role("button", name="holder 2 CPZXC001 自行车").get_by_role("spinbutton").click()
    page.locator("iframe[name=\"supos-tab-framework-2\"]").content_frame.get_by_label("创建物料清单").get_by_role("columnheader", name="单位用量").click()
    page.locator("iframe[name=\"supos-tab-framework-2\"]").content_frame.get_by_role("button", name="holder 2 CPZXC001 自行车").get_by_role("spinbutton").click()
    page.locator("iframe[name=\"supos-tab-framework-2\"]").content_frame.get_by_role("button", name="保 存").click()
    page.locator("iframe[name=\"supos-tab-framework-2\"]").content_frame.locator("#rc_select_10").click()
    page.locator("iframe[name=\"supos-tab-framework-2\"]").content_frame.get_by_text("发酵面包").click()
    page.locator("iframe[name=\"supos-tab-framework-2\"]").content_frame.get_by_role("button", name="保 存").click()
    expect(page.locator("iframe[name=\"supos-tab-framework-2\"]").content_frame.locator("div").filter(has_text="提示是否确认保存该物料清单？取 消确 认").nth(5)).to_be_visible()
    page.locator("iframe[name=\"supos-tab-framework-2\"]").content_frame.get_by_role("button", name="确 认").click()
    page.locator("iframe[name=\"supos-tab-framework-2\"]").content_frame.locator(".ant-menu-overflow-item.ant-menu-item.ant-menu-item-active > .ant-menu-title-content > .edit-btn").click()
    page.locator("iframe[name=\"supos-tab-framework-2\"]").content_frame.locator(".ant-menu-overflow-item.ant-menu-item.ant-menu-item-active > .ant-menu-title-content > .edit-btn").click()
    page.locator("iframe[name=\"supos-tab-framework-2\"]").content_frame.locator(".ant-menu-overflow-item.ant-menu-item.ant-menu-item-active > .ant-menu-title-content > .edit-btn").click()
    page.locator("iframe[name=\"supos-tab-framework-2\"]").content_frame.get_by_role("button", name="holder 1 CP2026042300005").click()
    page.locator("iframe[name=\"supos-tab-framework-2\"]").content_frame.get_by_role("button", name="holder 3 CP2026042300007").click()
    page.locator("iframe[name=\"supos-tab-framework-2\"]").content_frame.get_by_role("button", name="取 消").click()
    page.locator("iframe[name=\"supos-tab-framework-2\"]").content_frame.locator(".ant-menu-overflow-item.ant-menu-item.ant-menu-item-active > .ant-menu-title-content > .edit-btn").click()
    page.locator("iframe[name=\"supos-tab-framework-2\"]").content_frame.get_by_role("button", name="取 消").click()
    page.locator("iframe[name=\"supos-tab-framework-2\"]").content_frame.locator(".ant-table-cell.ant-table-cell-fix-right.ant-table-cell-fix-right-first.ant-table-cell-row-hover > .ant-menu-overflow > .ant-menu-overflow-item.ant-menu-item.ant-menu-item-active > .ant-menu-title-content > .edit-btn").click()
    page.locator("iframe[name=\"supos-tab-framework-2\"]").content_frame.get_by_role("button", name="删除", exact=True).click()
    page.locator("iframe[name=\"supos-tab-framework-2\"]").content_frame.get_by_role("button", name="取 消").click()
    page.close()

    # ---------------------
    context.close()
    browser.close()


with sync_playwright() as playwright:
    run(playwright)

2026-04-23 15:55:17,619 - INFO - logger.py:104 - info - 开始AI代码格式化
2026-04-23 15:55:17,620 - INFO - logger.py:104 - info - ============================================================
2026-04-23 15:55:17,620 - INFO - logger.py:104 - info - 开始处理录制代码...
2026-04-23 15:55:17,620 - INFO - logger.py:104 - info - ============================================================
2026-04-23 15:55:17,620 - INFO - logger.py:104 - info - 构建提示词完成，时间戳: 1776930917
2026-04-23 15:55:17,621 - INFO - logger.py:104 - info - 调用AI处理录制代码...
2026-04-23 15:55:17,621 - INFO - logger.py:104 - info - 开始调用豆包AI API...
2026-04-23 15:55:17,622 - INFO - logger.py:104 - info - 发送请求到: https://ark.cn-beijing.volces.com/api/v3/chat/completions
2026-04-23 15:56:34,323 - INFO - logger.py:104 - info - 总token消耗: 5184
2026-04-23 15:56:34,323 - INFO - logger.py:104 - info - 豆包AI API调用成功，耗时: 76.70秒
2026-04-23 15:56:34,325 - INFO - logger.py:104 - info - AI返回原始响应类型: <class 'dict'>
2026-04-23 15:56:34,325 - INFO - logger.py:104 - info - AI处理代码成功
2026-04-23 15:56:34,325 - INFO - logger.py:104 - info - 提取代码块成功
2026-04-23 15:56:34,325 - INFO - logger.py:104 - info - ============================================================
2026-04-23 15:56:34,325 - INFO - logger.py:104 - info - 代码处理完成
2026-04-23 15:56:34,326 - INFO - logger.py:104 - info - ============================================================
2026-04-23 15:56:34,326 - INFO - logger.py:104 - info - 代码格式化完成:
2026-04-23 15:56:34,326 - INFO - logger.py:104 - info - import re
import pytest
from playwright.sync_api import Page, expect
from src.base.base_test import BaseTest
from src.common.logger import logger


class TestVerifyChildProduct(BaseTest):
    """
    用例名：verify_child_product_
    用例ms的id：0
    """

    def test_verify_child_product_(self, page: Page, project_name: str):
        f"""测试物料清单新增子产品功能
        用例名：verify_child_product_
        用例ms的id：0
        项目名：{project_name}

        Args:
            page: 页面实例
            project_name: 项目名称
        """
        logger.info("=" * 60)
        logger.info(f"开始执行用例：verify_child_product_")
        logger.info(f"用例ms的id：0")
        logger.info("=" * 60)
        
        # 使用公用登录方法登录系统
        self.login(page, project_name)
        logger.info("登录成功，开始导航到目标页面")

        # 进入物料清单菜单
        logger.info("导航到物料清单页面")
        page.get_by_text("基础资料").click()
        page.get_by_text("物料清单").click()

        # 提取iframe公共实例，简化后续代码
        bom_frame = page.locator("iframe[name=\"supos-tab-framework-2\"]").content_frame
        logger.info("进入物料清单编辑页面")

        # 点击进入编辑状态
        bom_frame.locator(".ant-menu-overflow-item.ant-menu-item.ant-menu-item-active > .ant-menu-title-content > .edit-btn").click()
        # 打开添加子项产品弹窗
        bom_frame.get_by_role("button", name="plus-circle 添加子项产品").click()
        bom_frame.locator(".tree-layout > .list-layout > .table-wrapper").click()
        expect(bom_frame.locator(".tree-layout")).to_be_visible()

        # 取消重新添加
        logger.info("重新选择子产品")
        bom_frame.get_by_label("产品参照").get_by_role("button", name="取 消").click()
        bom_frame.get_by_role("button", name="plus-circle 添加子项产品").click()

        # 选择目标子产品
        bom_frame.get_by_role("row", name="CPZXC001").get_by_label("", exact=True).check()
        bom_frame.get_by_role("button", name="选 择").click()

        # 设置单位用量
        logger.info("填写产品用量")
        bom_frame.get_by_role("button", name="holder 2 CPZXC001 自行车").get_by_role("spinbutton").click()
        bom_frame.get_by_label("创建物料清单").get_by_role("columnheader", name="单位用量").click()
        bom_frame.get_by_role("button", name="holder 2 CPZXC001 自行车").get_by_role("spinbutton").click()

        # 保存物料清单
        logger.info("保存新增的物料清单")
        bom_frame.get_by_role("button", name="保 存").click()
        bom_frame.locator("#rc_select_10").click()
        bom_frame.get_by_text("发酵面包").click()
        bom_frame.get_by_role("button", name="保 存").click()

        # 确认保存
        expect(bom_frame.locator("div").filter(has_text="提示是否确认保存该物料清单？取 消确 认").nth(5)).to_be_visible()
        bom_frame.get_by_role("button", name="确 认").click()

        # 测试删除操作
        logger.info("测试删除新增子项操作")
        bom_frame.locator(".ant-menu-overflow-item.ant-menu-item.ant-menu-item-active > .ant-menu-title-content > .edit-btn").click()
        bom_frame.get_by_role("button", name="holder 1 CP2026042300005").click()
        bom_frame.get_by_role("button", name="holder 3 CP2026042300007").click()
        bom_frame.get_by_role("button", name="取 消").click()
        bom_frame.locator(".ant-menu-overflow-item.ant-menu-item.ant-menu-item-active > .ant-menu-title-content > .edit-btn").click()
        bom_frame.get_by_role("button", name="取 消").click()
        bom_frame.locator(".ant-table-cell.ant-table-cell-fix-right.ant-table-cell-fix-right-first.ant-table-cell-row-hover > .ant-menu-overflow > .ant-menu-overflow-item.ant-menu-item.ant-menu-item-active > .ant-menu-title-content > .edit-btn").click()
        bom_frame.get_by_role("button", name="删除", exact=True).click()
        bom_frame.get_by_role("button", name="取 消").click()

        logger.info("用例verify_child_product_执行完成")
2026-04-23 15:56:34,328 - INFO - logger.py:104 - info - 不需要AI分层，保存格式化后的代码
2026-04-23 15:56:34,328 - INFO - logger.py:104 - info - 格式化后的代码已保存: D:\install\auto_ui-master\src\testcase\LD\bom_management\test_verify_child_product_.py
