2026-05-09 08:58:53,392 - INFO - logger.py:104 - info - 开始录制: 项目=LD, 模块=bom_management, 用例=verify_editpage_data, ms_id=101212
2026-05-09 08:58:53,396 - INFO - logger.py:104 - info - 启动Playwright Codegen，浏览器: chromium，URL: https://test2.saas-test3.supcon.com:32188
2026-05-09 08:58:53,396 - INFO - logger.py:104 - info - 已启用忽略 HTTPS 证书错误
2026-05-09 08:59:35,939 - INFO - logger.py:104 - info - 录制完成，录制完的代码:
2026-05-09 08:59:35,939 - INFO - logger.py:104 - info - import re
from playwright.sync_api import Playwright, sync_playwright, expect


def run(playwright: Playwright) -> None:
    browser = playwright.chromium.launch(headless=False)
    context = browser.new_context(ignore_https_errors=True)
    page = context.new_page()
    page.goto("https://test2.saas-test3.supcon.com:32188/login#/login")
    page.get_by_role("textbox", name="请输入用户名").click()
    page.get_by_role("textbox", name="请输入用户名").fill("admin")
    page.get_by_role("textbox", name="请输入密码").click()
    page.get_by_role("textbox", name="请输入密码").click()
    page.get_by_role("textbox", name="请输入密码").fill("Supcon1304@")
    page.get_by_role("button", name="登 录").click()
    page.get_by_role("button", name="确定").click()
    page.get_by_text("基础资料").click()
    page.get_by_text("物料清单").click()
    page.locator("iframe[name=\"supos-tab-framework-2\"]").content_frame.get_by_text("编辑").first.click()
    page.locator("iframe[name=\"supos-tab-framework-2\"]").content_frame.get_by_role("button", name="取 消").click()
    page.close()

    # ---------------------
    context.close()
    browser.close()


with sync_playwright() as playwright:
    run(playwright)

2026-05-09 08:59:35,940 - INFO - logger.py:104 - info - 开始AI代码格式化
2026-05-09 08:59:35,941 - INFO - logger.py:104 - info - ============================================================
2026-05-09 08:59:35,941 - INFO - logger.py:104 - info - 开始处理录制代码...
2026-05-09 08:59:35,941 - INFO - logger.py:104 - info - ============================================================
2026-05-09 08:59:35,941 - INFO - logger.py:104 - info - 构建提示词完成，时间戳: 1778288375
2026-05-09 08:59:35,941 - INFO - logger.py:104 - info - 调用AI处理录制代码...
2026-05-09 08:59:35,941 - INFO - logger.py:104 - info - 开始调用豆包AI API...
2026-05-09 08:59:35,942 - INFO - logger.py:104 - info - 发送请求到: https://ark.cn-beijing.volces.com/api/v3/chat/completions
2026-05-09 09:00:07,564 - INFO - logger.py:104 - info - 总token消耗: 2888
2026-05-09 09:00:07,564 - INFO - logger.py:104 - info - 豆包AI API调用成功，耗时: 31.62秒
2026-05-09 09:00:07,566 - INFO - logger.py:104 - info - AI返回原始响应类型: <class 'dict'>
2026-05-09 09:00:07,567 - INFO - logger.py:104 - info - AI处理代码成功
2026-05-09 09:00:07,567 - INFO - logger.py:104 - info - 提取代码块成功
2026-05-09 09:00:07,567 - INFO - logger.py:104 - info - ============================================================
2026-05-09 09:00:07,567 - INFO - logger.py:104 - info - 代码处理完成
2026-05-09 09:00:07,568 - INFO - logger.py:104 - info - ============================================================
2026-05-09 09:00:07,568 - INFO - logger.py:104 - info - 代码格式化完成:
2026-05-09 09:00:07,568 - INFO - logger.py:104 - info - import re
import pytest
from playwright.sync_api import Page, expect
from src.base.base_test import BaseTest
from src.common.logger import logger

class TestVerifyEditPageData(BaseTest):
    """
    用例名：verify_editpage_data
    用例ms的id：101212
    """

    def test_verify_editpage_data(self, page: Page, project_name: str):
        f"""测试物料清单编辑页面取消操作
        用例名：verify_editpage_data
        用例ms的id：101212
        项目名：{project_name}

        Args:
            page: 页面实例
            project_name: 项目名称
        """
        logger.info("=" * 60)
        logger.info(f"开始执行用例：verify_editpage_data")
        logger.info(f"用例ms的id：101212")
        logger.info("=" * 60)
        
        # 使用封装好的公用登录方法登录系统
        logger.info("执行系统登录")
        self.login(page, project_name)
        
        # 登录后确认弹窗
        logger.info("点击登录后确认按钮")
        page.get_by_role("button", name="确定").click()
        
        # 导航到物料清单菜单
        logger.info("进入基础资料->物料清单页面")
        page.get_by_text("基础资料").click()
        page.get_by_text("物料清单").click()
        
        # 编辑后取消操作
        logger.info("点击首个编辑按钮，随后点击取消")
        content_frame = page.locator("iframe[name=\"supos-tab-framework-2\"]").content_frame
        content_frame.get_by_text("编辑").first.click()
        content_frame.get_by_role("button", name="取 消").click()
        
        logger.info(f"用例verify_editpage_data执行完成")
2026-05-09 09:00:07,570 - INFO - logger.py:104 - info - 不需要AI分层，保存格式化后的代码
2026-05-09 09:00:07,571 - INFO - logger.py:104 - info - 格式化后的代码已保存: D:\install\auto_ui-master\src\testcase\LD\bom_management\test_verify_editpage_data.py
