2026-04-20 16:54:13,685 - INFO - logger.py:96 - info - 开始录制: 项目=project1, 模块=module1, 用例=login, ms_id=0
2026-04-20 16:54:13,688 - INFO - logger.py:96 - info - 启动Playwright Codegen，浏览器: chromium，URL: http://10.30.22.45:8080/login.html
2026-04-20 16:55:20,900 - INFO - logger.py:96 - info - 录制完成，录制完的代码:
2026-04-20 16:55:20,901 - INFO - logger.py:96 - info - import re
from playwright.sync_api import Playwright, sync_playwright, expect


def run(playwright: Playwright) -> None:
    browser = playwright.chromium.launch(headless=False)
    context = browser.new_context()
    page = context.new_page()
    page.goto("http://10.30.22.45:8080/login.html")
    page.get_by_role("textbox", name="请输入用户名").click()
    page.get_by_role("textbox", name="请输入用户名").fill("admin")
    page.get_by_role("textbox", name="请输入密码").click()
    page.get_by_role("textbox", name="请输入密码").click()
    page.get_by_role("textbox", name="请输入密码").fill("Supcon@1304")
    page.get_by_role("button", name="登录").click()
    page.close()

    # ---------------------
    context.close()
    browser.close()


with sync_playwright() as playwright:
    run(playwright)

2026-04-20 16:55:20,902 - INFO - logger.py:96 - info - 开始AI代码格式化
2026-04-20 16:55:20,902 - INFO - logger.py:96 - info - ============================================================
2026-04-20 16:55:20,902 - INFO - logger.py:96 - info - 开始处理录制代码...
2026-04-20 16:55:20,902 - INFO - logger.py:96 - info - ============================================================
2026-04-20 16:55:20,903 - INFO - logger.py:96 - info - 构建提示词完成，时间戳: 1776675320
2026-04-20 16:55:20,903 - INFO - logger.py:96 - info - 调用AI处理录制代码...
2026-04-20 16:55:20,903 - INFO - logger.py:96 - info - 开始调用豆包AI API...
2026-04-20 16:55:20,903 - INFO - logger.py:96 - info - 发送请求到: https://ark.cn-beijing.volces.com/api/v3/chat/completions
2026-04-20 16:56:14,243 - INFO - logger.py:96 - info - 总token消耗: 3045
2026-04-20 16:56:14,243 - INFO - logger.py:96 - info - 豆包AI API调用成功，耗时: 53.34秒
2026-04-20 16:56:14,245 - INFO - logger.py:96 - info - AI返回原始响应类型: <class 'dict'>
2026-04-20 16:56:14,245 - INFO - logger.py:96 - info - AI处理代码成功
2026-04-20 16:56:14,245 - INFO - logger.py:96 - info - 提取代码块成功
2026-04-20 16:56:14,245 - INFO - logger.py:96 - info - ============================================================
2026-04-20 16:56:14,245 - INFO - logger.py:96 - info - 代码处理完成
2026-04-20 16:56:14,246 - INFO - logger.py:96 - info - ============================================================
2026-04-20 16:56:14,246 - INFO - logger.py:96 - info - 代码格式化完成:
2026-04-20 16:56:14,246 - INFO - logger.py:96 - info - import re
import pytest
from playwright.sync_api import Page, expect
from src.base.base_test import BaseTest
from src.common.logger import logger

class TestLogin(BaseTest):
    """
    用例名：login
    用例ms的id：0
    """

    def test_login(self, page: Page, project_name: str):
        f"""测试系统登录功能
        用例名：login
        用例ms的id：0
        项目名：{project_name}
        
        Args:
            page: 页面实例
            project_name: 项目名称
        """
        logger.info("=" * 60)
        logger.info(f"开始执行login")
        logger.info(f"用例ms的id：0")
        logger.info("=" * 60)
        
        # 打开登录页面
        logger.info("打开系统登录页面")
        page.goto("http://10.30.22.45:8080/login.html")
        
        # 输入用户名
        logger.info("输入登录用户名")
        page.get_by_role("textbox", name="请输入用户名").click()
        page.get_by_role("textbox", name="请输入用户名").fill("admin")
        
        # 输入登录密码，已去除录制生成的重复点击操作
        logger.info("输入登录密码")
        page.get_by_role("textbox", name="请输入密码").click()
        page.get_by_role("textbox", name="请输入密码").fill("Supcon@1304")
        
        # 点击登录按钮
        logger.info("点击登录按钮提交登录")
        page.get_by_role("button", name="登录").click()
2026-04-20 16:56:14,247 - INFO - logger.py:96 - info - 不需要AI分层，保存格式化后的代码
2026-04-20 16:56:14,248 - INFO - logger.py:96 - info - 格式化后的代码已保存: D:\install\auto_ui-master\src\testcase\project1\module1\test_login.py
