2026-04-22 17:05:48,740 - INFO - logger.py:104 - info - 开始录制: 项目=LD, 模块=bom_management, 用例=verify_create_bom_page_initialization, ms_id=0
2026-04-22 17:05:48,744 - INFO - logger.py:104 - info - 启动Playwright Codegen，浏览器: chromium，URL: https://test2.saas-test3.supcon.com:32188
2026-04-22 17:05:48,745 - INFO - logger.py:104 - info - 已启用忽略 HTTPS 证书错误
2026-04-22 17:07:34,390 - INFO - logger.py:104 - info - 录制完成，录制完的代码:
2026-04-22 17:07:34,391 - INFO - logger.py:104 - info - import re
from playwright.sync_api import Playwright, sync_playwright, expect


def run(playwright: Playwright) -> None:
    browser = playwright.chromium.launch(headless=False)
    context = browser.new_context(ignore_https_errors=True)
    page = context.new_page()
    page.goto("https://test2.saas-test3.supcon.com:32188/login#/login")
    page.get_by_role("textbox", name="请输入用户名").click()
    page.get_by_role("textbox", name="请输入用户名").fill("admin")
    page.get_by_role("textbox", name="请输入密码").click()
    page.get_by_role("textbox", name="请输入密码").fill("Supcon1304@")
    page.get_by_role("button", name="登 录").click()
    page.get_by_text("基础资料").click()
    page.get_by_text("物料清单").click()
    expect(page.locator("iframe[name=\"supos-tab-framework-2\"]").content_frame.get_by_role("button", name="plus-circle 新增")).to_be_visible()
    page.locator("iframe[name=\"supos-tab-framework-2\"]").content_frame.get_by_role("button", name="plus-circle 新增").click()
    expect(page.locator("iframe[name=\"supos-tab-framework-2\"]").content_frame.get_by_text("父项产品信息")).to_be_visible()
    expect(page.locator("iframe[name=\"supos-tab-framework-2\"]").content_frame.get_by_role("dialog", name="创建物料清单").locator("form")).to_be_visible()
    expect(page.locator("iframe[name=\"supos-tab-framework-2\"]").content_frame.locator("div").filter(has_text=re.compile(r"^子项产品信息$"))).to_be_visible()
    expect(page.locator("iframe[name=\"supos-tab-framework-2\"]").content_frame.get_by_text("添加子项产品序号物料编号物料名称物料规格单位用量关联工序单位物料来源库存数量备注操作 暂无数据 To pick up a draggable item,")).to_be_visible()
    expect(page.locator("iframe[name=\"supos-tab-framework-2\"]").content_frame.get_by_label("创建物料清单").locator("form")).to_contain_text("父项产品")
    expect(page.locator("iframe[name=\"supos-tab-framework-2\"]").content_frame.get_by_label("创建物料清单").locator("form")).to_contain_text("产品规格")
    expect(page.locator("iframe[name=\"supos-tab-framework-2\"]").content_frame.get_by_label("创建物料清单").locator("form")).to_contain_text("物料来源")
    expect(page.locator("iframe[name=\"supos-tab-framework-2\"]").content_frame.get_by_label("创建物料清单").locator("form")).to_contain_text("工艺路线")
    expect(page.locator("iframe[name=\"supos-tab-framework-2\"]").content_frame.get_by_label("创建物料清单").locator("form")).to_contain_text("单位")
    expect(page.locator("iframe[name=\"supos-tab-framework-2\"]").content_frame.get_by_label("创建物料清单").locator("thead")).to_contain_text("序号")
    expect(page.locator("iframe[name=\"supos-tab-framework-2\"]").content_frame.get_by_label("创建物料清单").locator("thead")).to_contain_text("物料编号")
    expect(page.locator("iframe[name=\"supos-tab-framework-2\"]").content_frame.get_by_label("创建物料清单").locator("thead")).to_contain_text("物料名称")
    expect(page.locator("iframe[name=\"supos-tab-framework-2\"]").content_frame.get_by_label("创建物料清单").locator("thead")).to_contain_text("物料规格")
    expect(page.locator("iframe[name=\"supos-tab-framework-2\"]").content_frame.get_by_label("创建物料清单").locator("thead")).to_contain_text("单位用量")
    expect(page.locator("iframe[name=\"supos-tab-framework-2\"]").content_frame.get_by_label("创建物料清单").locator("thead")).to_contain_text("关联工序")
    expect(page.locator("iframe[name=\"supos-tab-framework-2\"]").content_frame.get_by_label("创建物料清单").locator("thead")).to_contain_text("单位")
    expect(page.locator("iframe[name=\"supos-tab-framework-2\"]").content_frame.get_by_label("创建物料清单").locator("thead")).to_contain_text("物料来源")
    expect(page.locator("iframe[name=\"supos-tab-framework-2\"]").content_frame.get_by_label("创建物料清单").locator("thead")).to_contain_text("库存数量")
    expect(page.locator("iframe[name=\"supos-tab-framework-2\"]").content_frame.get_by_label("创建物料清单").locator("thead")).to_contain_text("备注")
    expect(page.locator("iframe[name=\"supos-tab-framework-2\"]").content_frame.get_by_label("创建物料清单").locator("thead")).to_contain_text("操作")
    page.locator("iframe[name=\"supos-tab-framework-2\"]").content_frame.get_by_role("button", name="保 存").click()
    page.locator("iframe[name=\"supos-tab-framework-2\"]").content_frame.get_by_role("button", name="取 消").click()
    page.close()

    # ---------------------
    context.close()
    browser.close()


with sync_playwright() as playwright:
    run(playwright)

2026-04-22 17:07:34,392 - INFO - logger.py:104 - info - 开始AI代码格式化
2026-04-22 17:07:34,393 - INFO - logger.py:104 - info - ============================================================
2026-04-22 17:07:34,393 - INFO - logger.py:104 - info - 开始处理录制代码...
2026-04-22 17:07:34,393 - INFO - logger.py:104 - info - ============================================================
2026-04-22 17:07:34,393 - INFO - logger.py:104 - info - 构建提示词完成，时间戳: 1776848854
2026-04-22 17:07:34,393 - INFO - logger.py:104 - info - 调用AI处理录制代码...
2026-04-22 17:07:34,393 - INFO - logger.py:104 - info - 开始调用豆包AI API...
2026-04-22 17:07:34,394 - INFO - logger.py:104 - info - 发送请求到: https://ark.cn-beijing.volces.com/api/v3/chat/completions
2026-04-22 17:08:44,030 - INFO - logger.py:104 - info - 总token消耗: 5189
2026-04-22 17:08:44,030 - INFO - logger.py:104 - info - 豆包AI API调用成功，耗时: 69.64秒
2026-04-22 17:08:44,032 - INFO - logger.py:104 - info - AI返回原始响应类型: <class 'dict'>
2026-04-22 17:08:44,032 - INFO - logger.py:104 - info - AI处理代码成功
2026-04-22 17:08:44,032 - INFO - logger.py:104 - info - 提取代码块成功
2026-04-22 17:08:44,033 - INFO - logger.py:104 - info - ============================================================
2026-04-22 17:08:44,033 - INFO - logger.py:104 - info - 代码处理完成
2026-04-22 17:08:44,033 - INFO - logger.py:104 - info - ============================================================
2026-04-22 17:08:44,033 - INFO - logger.py:104 - info - 代码格式化完成:
2026-04-22 17:08:44,033 - INFO - logger.py:104 - info - import re
import pytest
from playwright.sync_api import Page, expect
from src.base.base_test import BaseTest
from src.common.logger import logger

class TestVerifyCreateBomPageInitialization(BaseTest):
    """
    用例名：verify_create_bom_page_initialization
    用例ms的id：0
    """

    def test_verify_create_bom_page_initialization(self, page: Page, project_name: str):
        f"""验证创建物料清单页面初始化渲染正确性
        用例名：verify_create_bom_page_initialization
        用例ms的id：0
        项目名：{project_name}

        Args:
            page: 页面实例
            project_name: 项目名称
        """
        logger.info("=" * 60)
        logger.info(f"开始执行用例：verify_create_bom_page_initialization")
        logger.info(f"用例ms的ID：0")
        logger.info("=" * 60)
        
        # 使用公用登录方法登录系统
        self.login(page, project_name)
        logger.info("系统登录成功")

        # 导航到物料清单页面
        logger.info("点击【基础资料】菜单")
        page.get_by_text("基础资料").click()
        logger.info("点击【物料清单】菜单")
        page.get_by_text("物料清单").click()

        # 提取iframe内容帧，避免重复定位
        bom_frame = page.locator("iframe[name=\"supos-tab-framework-2\"]").content_frame
        
        # 校验新增按钮可见性
        logger.info("校验物料清单页面新增按钮可见性")
        expect(bom_frame.get_by_role("button", name="plus-circle 新增")).to_be_visible()

        # 打开创建BOM弹窗
        logger.info("点击新增按钮，打开创建物料清单弹窗")
        bom_frame.get_by_role("button", name="plus-circle 新增").click()

        # 校验弹窗所有初始化元素渲染正确性
        logger.info("开始校验创建物料清单弹窗初始化元素")
        expect(bom_frame.get_by_text("父项产品信息")).to_be_visible()
        expect(bom_frame.get_by_role("dialog", name="创建物料清单").locator("form")).to_be_visible()
        expect(bom_frame.locator("div").filter(has_text=re.compile(r"^子项产品信息$"))).to_be_visible()
        expect(bom_frame.get_by_text("添加子项产品序号物料编号物料名称物料规格单位用量关联工序单位物料来源库存数量备注操作 暂无数据 To pick up a draggable item,")).to_be_visible()
        expect(bom_frame.get_by_label("创建物料清单").locator("form")).to_contain_text("父项产品")
        expect(bom_frame.get_by_label("创建物料清单").locator("form")).to_contain_text("产品规格")
        expect(bom_frame.get_by_label("创建物料清单").locator("form")).to_contain_text("物料来源")
        expect(bom_frame.get_by_label("创建物料清单").locator("form")).to_contain_text("工艺路线")
        expect(bom_frame.get_by_label("创建物料清单").locator("form")).to_contain_text("单位")
        expect(bom_frame.get_by_label("创建物料清单").locator("thead")).to_contain_text("序号")
        expect(bom_frame.get_by_label("创建物料清单").locator("thead")).to_contain_text("物料编号")
        expect(bom_frame.get_by_label("创建物料清单").locator("thead")).to_contain_text("物料名称")
        expect(bom_frame.get_by_label("创建物料清单").locator("thead")).to_contain_text("物料规格")
        expect(bom_frame.get_by_label("创建物料清单").locator("thead")).to_contain_text("单位用量")
        expect(bom_frame.get_by_label("创建物料清单").locator("thead")).to_contain_text("关联工序")
        expect(bom_frame.get_by_label("创建物料清单").locator("thead")).to_contain_text("单位")
        expect(bom_frame.get_by_label("创建物料清单").locator("thead")).to_contain_text("物料来源")
        expect(bom_frame.get_by_label("创建物料清单").locator("thead")).to_contain_text("库存数量")
        expect(bom_frame.get_by_label("创建物料清单").locator("thead")).to_contain_text("备注")
        expect(bom_frame.get_by_label("创建物料清单").locator("thead")).to_contain_text("操作")

        # 验证弹窗按钮可正常交互
        logger.info("验证弹窗按钮可正常点击")
        bom_frame.get_by_role("button", name="保 存").click()
        bom_frame.get_by_role("button", name="取 消").click()

        logger.info(f"用例verify_create_bom_page_initialization执行完成")
2026-04-22 17:08:44,042 - INFO - logger.py:104 - info - 不需要AI分层，保存格式化后的代码
2026-04-22 17:08:44,054 - INFO - logger.py:104 - info - 格式化后的代码已保存: D:\install\auto_ui-master\src\testcase\LD\bom_management\test_verify_create_bom_page_initialization.py
