2026-04-28 09:04:52,786 - INFO - logger.py:104 - info - 开始录制: 项目=LD, 模块=base_information, 用例=verify_name_rejected, ms_id=0
2026-04-28 09:04:52,790 - INFO - logger.py:104 - info - 启动Playwright Codegen，浏览器: chromium，URL: https://test2.saas-test3.supcon.com:32188
2026-04-28 09:04:52,820 - INFO - logger.py:104 - info - 已启用忽略 HTTPS 证书错误
2026-04-28 09:06:34,046 - INFO - logger.py:104 - info - 录制完成，录制完的代码:
2026-04-28 09:06:34,100 - INFO - logger.py:104 - info - import re
from playwright.sync_api import Playwright, sync_playwright, expect


def run(playwright: Playwright) -> None:
    browser = playwright.chromium.launch(headless=False)
    context = browser.new_context(ignore_https_errors=True)
    page = context.new_page()
    page.goto("https://test2.saas-test3.supcon.com:32188/login#/login")
    page.get_by_role("textbox", name="请输入用户名").click()
    page.get_by_role("textbox", name="请输入用户名").fill("admin")
    page.get_by_role("textbox", name="请输入密码").click()
    page.get_by_role("textbox", name="请输入密码").fill("Supcon1304@")
    page.get_by_role("button", name="登 录").click()
    page.get_by_role("button", name="确定").click()
    page.get_by_text("基础资料").click()
    page.get_by_text("基础信息").click()
    page.get_by_text("产线设置").click()
    page.locator("iframe[name=\"supos-tab-framework-2\"]").content_frame.get_by_role("button", name="plus-circle 新增").click()
    page.locator("iframe[name=\"supos-tab-framework-2\"]").content_frame.get_by_role("dialog", name="创建产线").locator("#prodLineCode").click()
    page.locator("iframe[name=\"supos-tab-framework-2\"]").content_frame.get_by_role("dialog", name="创建产线").locator("#prodLineCode").fill("11")
    page.locator("iframe[name=\"supos-tab-framework-2\"]").content_frame.get_by_role("dialog", name="创建产线").locator("#prodLineName").click()
    page.locator("iframe[name=\"supos-tab-framework-2\"]").content_frame.get_by_role("dialog", name="创建产线").locator("#prodLineName").fill("11")
    page.locator("iframe[name=\"supos-tab-framework-2\"]").content_frame.locator(".ant-col.ant-col-24 > .ant-form-item-control-input > .ant-form-item-control-input-content > .refer-list > .anticon > svg").first.click()
    page.locator("iframe[name=\"supos-tab-framework-2\"]").content_frame.locator("iframe[name=\"equipment\"]").content_frame.get_by_role("cell", name="1", exact=True).click()
    page.locator("iframe[name=\"supos-tab-framework-2\"]").content_frame.locator("iframe[name=\"equipment\"]").content_frame.get_by_role("row", name="1 - 设备哦哦哦、jjjj 特种设备 222 在用 sj").get_by_label("", exact=True).uncheck()
    page.locator("iframe[name=\"supos-tab-framework-2\"]").content_frame.locator("iframe[name=\"equipment\"]").content_frame.get_by_role("row", name="1 - 设备哦哦哦、jjjj 特种设备 222 在用 sj").get_by_label("", exact=True).check()
    page.locator("iframe[name=\"supos-tab-framework-2\"]").content_frame.get_by_label("选择设备").get_by_role("button", name="保 存").click()
    page.locator("iframe[name=\"supos-tab-framework-2\"]").content_frame.locator(".ant-col.ant-col-24 > .ant-form-item-control-input > .ant-form-item-control-input-content > .refer-list > .anticon > svg").click()
    page.locator("iframe[name=\"supos-tab-framework-2\"]").content_frame.locator("iframe[name=\"depart\"]").content_frame.get_by_text("生产部门").click()
    page.locator("iframe[name=\"supos-tab-framework-2\"]").content_frame.get_by_label("选择部门").get_by_role("button", name="保 存").click()
    page.locator("iframe[name=\"supos-tab-framework-2\"]").content_frame.get_by_role("button", name="保 存").click()
    page.locator("iframe[name=\"supos-tab-framework-2\"]").content_frame.locator("div").filter(has_text="产线名称重复！").nth(3).click()
    page.locator("iframe[name=\"supos-tab-framework-2\"]").content_frame.get_by_role("button", name="取 消").click()
    page.close()

    # ---------------------
    context.close()
    browser.close()


with sync_playwright() as playwright:
    run(playwright)

2026-04-28 09:06:34,112 - INFO - logger.py:104 - info - 开始AI代码格式化
2026-04-28 09:06:34,112 - INFO - logger.py:104 - info - ============================================================
2026-04-28 09:06:34,112 - INFO - logger.py:104 - info - 开始处理录制代码...
2026-04-28 09:06:34,112 - INFO - logger.py:104 - info - ============================================================
2026-04-28 09:06:34,113 - INFO - logger.py:104 - info - 构建提示词完成，时间戳: 1777338394
2026-04-28 09:06:34,113 - INFO - logger.py:104 - info - 调用AI处理录制代码...
2026-04-28 09:06:34,163 - INFO - logger.py:104 - info - 开始调用豆包AI API...
2026-04-28 09:06:34,164 - INFO - logger.py:104 - info - 发送请求到: https://ark.cn-beijing.volces.com/api/v3/chat/completions
2026-04-28 09:07:34,514 - INFO - logger.py:104 - info - 总token消耗: 4517
2026-04-28 09:07:34,514 - INFO - logger.py:104 - info - 豆包AI API调用成功，耗时: 60.35秒
2026-04-28 09:07:34,516 - INFO - logger.py:104 - info - AI返回原始响应类型: <class 'dict'>
2026-04-28 09:07:34,516 - INFO - logger.py:104 - info - AI处理代码成功
2026-04-28 09:07:34,516 - INFO - logger.py:104 - info - 提取代码块成功
2026-04-28 09:07:34,517 - INFO - logger.py:104 - info - ============================================================
2026-04-28 09:07:34,517 - INFO - logger.py:104 - info - 代码处理完成
2026-04-28 09:07:34,517 - INFO - logger.py:104 - info - ============================================================
2026-04-28 09:07:34,518 - INFO - logger.py:104 - info - 代码格式化完成:
2026-04-28 09:07:34,518 - INFO - logger.py:104 - info - import re
import pytest
from playwright.sync_api import Page, expect
from src.base.base_test import BaseTest
from src.common.logger import logger

class TestVerifyProdLineNameRejected(BaseTest):
    """
    用例名：verify_name_rejected
    用例ms的id：0
    """

    def test_verify_prod_line_name_rejected(self, page: Page, project_name: str):
        f"""测试创建产线名称重复校验功能
        用例名：verify_name_rejected
        用例ms的id：0
        项目名：{project_name}

        Args:
            page: 页面实例
            project_name: 项目名称
        """
        logger.info("=" * 60)
        logger.info(f"开始执行用例：verify_name_rejected")
        logger.info(f"用例ms ID：0")
        logger.info("=" * 60)
        
        # 使用公用登录方法登录系统
        logger.info("执行公用登录")
        self.login(page, project_name)
        
        # 导航到产线设置页面
        logger.info("导航到产线设置页面")
        page.get_by_role("button", name="确定").click()
        page.get_by_text("基础资料").click()
        page.get_by_text("基础信息").click()
        page.get_by_text("产线设置").click()
        
        # 获取主内容iframe
        main_frame = page.locator("iframe[name=\"supos-tab-framework-2\"]").content_frame
        # 打开新增产线弹窗
        logger.info("打开新增产线弹窗")
        main_frame.get_by_role("button", name="plus-circle 新增").click()
        create_dialog = main_frame.get_by_role("dialog", name="创建产线")
        
        # 填充产线基本信息（去除多余的前置点击操作，fill自动聚焦）
        logger.info("填充产线基本信息")
        create_dialog.locator("#prodLineCode").fill("11")
        create_dialog.locator("#prodLineName").fill("11")
        
        # 选择关联设备
        logger.info("选择关联设备")
        main_frame.locator(".ant-col.ant-col-24 > .ant-form-item-control-input > .ant-form-item-control-input-content > .refer-list > .anticon > svg").first.click()
        equip_frame = main_frame.locator("iframe[name=\"equipment\"]").content_frame
        equip_frame.get_by_role("cell", name="1", exact=True).click()
        target_equip_row = equip_frame.get_by_role("row", name="1 - 设备哦哦哦、jjjj 特种设备 222 在用 sj")
        # 去除录制多余的重复uncheck操作，仅保留核心选中操作
        target_equip_row.get_by_label("", exact=True).check()
        equip_frame.get_by_label("选择设备").get_by_role("button", name="保 存").click()
        
        # 选择关联部门
        logger.info("选择关联部门")
        main_frame.locator(".ant-col.ant-col-24 > .ant-form-item-control-input > .ant-form-item-control-input-content > .refer-list > .anticon > svg").click()
        depart_frame = main_frame.locator("iframe[name=\"depart\"]").content_frame
        depart_frame.get_by_text("生产部门").click()
        main_frame.get_by_label("选择部门").get_by_role("button", name="保 存").click()
        
        # 提交表单，验证重复提示
        logger.info("提交表单，验证产线名称重复校验逻辑")
        main_frame.get_by_role("button", name="保 存").click()
        # 添加断言验证预期结果
        expect(main_frame.locator("div").filter(has_text="产线名称重复！").nth(3)).to_be_visible()
        logger.info("成功捕获'产线名称重复！'提示，校验通过")
        
        # 关闭新增弹窗
        logger.info("关闭新增产线弹窗")
        main_frame.get_by_role("button", name="取 消").click()
        
        logger.info(f"用例verify_name_rejected执行完成")
2026-04-28 09:07:34,531 - INFO - logger.py:104 - info - 不需要AI分层，保存格式化后的代码
2026-04-28 09:07:34,532 - INFO - logger.py:104 - info - 格式化后的代码已保存: D:\install\auto_ui-master\src\testcase\LD\base_information\test_verify_name_rejected.py
