2026-04-28 10:58:01,820 - INFO - logger.py:104 - info - 开始录制: 项目=LD, 模块=system_configuration, 用例=verify_delete_function, ms_id=0
2026-04-28 10:58:01,823 - INFO - logger.py:104 - info - 启动Playwright Codegen，浏览器: chromium，URL: https://test2.saas-test3.supcon.com:32188
2026-04-28 10:58:01,823 - INFO - logger.py:104 - info - 已启用忽略 HTTPS 证书错误
2026-04-28 10:58:45,935 - INFO - logger.py:104 - info - 录制完成，录制完的代码:
2026-04-28 10:58:45,935 - INFO - logger.py:104 - info - import re
from playwright.sync_api import Playwright, sync_playwright, expect


def run(playwright: Playwright) -> None:
    browser = playwright.chromium.launch(headless=False)
    context = browser.new_context(ignore_https_errors=True)
    page = context.new_page()
    page.goto("https://test2.saas-test3.supcon.com:32188/login#/login")
    page.get_by_role("textbox", name="请输入用户名").click()
    page.get_by_role("textbox", name="请输入用户名").fill("admin")
    page.get_by_role("textbox", name="请输入密码").click()
    page.get_by_role("textbox", name="请输入密码").fill("Supcon1304@")
    page.get_by_role("button", name="登 录").click()
    page.get_by_role("button", name="确定").click()
    page.get_by_text("基础资料").click()
    page.get_by_text("系统配置").click()
    page.get_by_text("标签打印配置").click()
    page.locator("iframe[name=\"supos-tab-framework-2\"]").content_frame.get_by_role("cell", name="12", exact=True).click()
    page.locator("iframe[name=\"supos-tab-framework-2\"]").content_frame.get_by_text("删除").nth(2).click()
    page.locator("iframe[name=\"supos-tab-framework-2\"]").content_frame.get_by_role("button", name="确 定").click()
    page.locator("iframe[name=\"supos-tab-framework-2\"]").content_frame.get_by_role("cell", name="777").click()
    page.locator("iframe[name=\"supos-tab-framework-2\"]").content_frame.get_by_text("删除").first.click()
    page.locator("iframe[name=\"supos-tab-framework-2\"]").content_frame.get_by_role("button", name="取 消").click()
    page.close()

    # ---------------------
    context.close()
    browser.close()


with sync_playwright() as playwright:
    run(playwright)

2026-04-28 10:58:45,937 - INFO - logger.py:104 - info - 开始AI代码格式化
2026-04-28 10:58:45,937 - INFO - logger.py:104 - info - ============================================================
2026-04-28 10:58:45,937 - INFO - logger.py:104 - info - 开始处理录制代码...
2026-04-28 10:58:45,937 - INFO - logger.py:104 - info - ============================================================
2026-04-28 10:58:45,937 - INFO - logger.py:104 - info - 构建提示词完成，时间戳: 1777345125
2026-04-28 10:58:45,938 - INFO - logger.py:104 - info - 调用AI处理录制代码...
2026-04-28 10:58:45,938 - INFO - logger.py:104 - info - 开始调用豆包AI API...
2026-04-28 10:58:45,938 - INFO - logger.py:104 - info - 发送请求到: https://ark.cn-beijing.volces.com/api/v3/chat/completions
2026-04-28 10:59:55,005 - INFO - logger.py:104 - info - 总token消耗: 3472
2026-04-28 10:59:55,005 - INFO - logger.py:104 - info - 豆包AI API调用成功，耗时: 69.07秒
2026-04-28 10:59:55,006 - INFO - logger.py:104 - info - AI返回原始响应类型: <class 'dict'>
2026-04-28 10:59:55,006 - INFO - logger.py:104 - info - AI处理代码成功
2026-04-28 10:59:55,007 - INFO - logger.py:104 - info - 提取代码块成功
2026-04-28 10:59:55,007 - INFO - logger.py:104 - info - ============================================================
2026-04-28 10:59:55,008 - INFO - logger.py:104 - info - 代码处理完成
2026-04-28 10:59:55,008 - INFO - logger.py:104 - info - ============================================================
2026-04-28 10:59:55,008 - INFO - logger.py:104 - info - 代码格式化完成:
2026-04-28 10:59:55,008 - INFO - logger.py:104 - info - import re
import pytest
from playwright.sync_api import Page, expect
from src.base.base_test import BaseTest
from src.common.logger import logger

class TestVerifyDeleteFunction(BaseTest):
    """
    用例名：verify_delete_function
    用例ms的id：0
    """

    def test_verify_delete_function(self, page: Page, project_name: str):
        f"""测试标签打印配置删除功能
        用例名：verify_delete_function
        用例ms的id：0
        项目名：{project_name}

        Args:
            page: 页面实例
            project_name: 项目名称
        """
        logger.info("=" * 60)
        logger.info(f"开始执行用例：verify_delete_function")
        logger.info(f"用例ms的id：0")
        logger.info("=" * 60)
        
        # 使用公用登录方法登录系统
        logger.info("调用公用登录方法登录系统")
        self.login(page, project_name)
        
        # 进入标签打印配置页面
        logger.info("登录完成，后续跳转进入标签打印配置页面")
        page.get_by_role("button", name="确定").click()
        page.get_by_text("基础资料").click()
        page.get_by_text("系统配置").click()
        page.get_by_text("标签打印配置").click()
        
        # 获取业务内容iframe，复用定位
        frame = page.locator("iframe[name=\"supos-tab-framework-2\"]").content_frame
        logger.info("开始执行删除功能验证")
        
        # 场景1：删除指定条目点击确认
        logger.info("测试场景1：删除名称为12的配置，确认删除操作")
        frame.get_by_role("cell", name="12", exact=True).click()
        frame.get_by_text("删除").nth(2).click()
        frame.get_by_role("button", name="确 定").click()
        
        # 场景2：删除指定条目点击取消
        logger.info("测试场景2：删除名称为777的配置，取消删除操作")
        frame.get_by_role("cell", name="777").click()
        frame.get_by_text("删除").first.click()
        frame.get_by_role("button", name="取 消").click()
        
        logger.info("用例verify_delete_function执行完成")
2026-04-28 10:59:55,009 - INFO - logger.py:104 - info - 不需要AI分层，保存格式化后的代码
2026-04-28 10:59:55,010 - INFO - logger.py:104 - info - 格式化后的代码已保存: D:\install\auto_ui-master\src\testcase\LD\system_configuration\test_verify_delete_function.py
