2026-04-24 14:05:07,117 - INFO - logger.py:104 - info - 开始录制: 项目=LD, 模块=customer_file, 用例=import_product_code_exists, ms_id=0
2026-04-24 14:05:07,121 - INFO - logger.py:104 - info - 启动Playwright Codegen，浏览器: chromium，URL: https://test2.saas-test3.supcon.com:32188
2026-04-24 14:05:07,121 - INFO - logger.py:104 - info - 已启用忽略 HTTPS 证书错误
2026-04-24 14:06:36,268 - INFO - logger.py:104 - info - 录制完成，录制完的代码:
2026-04-24 14:06:36,269 - INFO - logger.py:104 - info - import re
from playwright.sync_api import Playwright, sync_playwright, expect


def run(playwright: Playwright) -> None:
    browser = playwright.chromium.launch(headless=False)
    context = browser.new_context(ignore_https_errors=True)
    page = context.new_page()
    page.goto("https://test2.saas-test3.supcon.com:32188/login#/login")
    page.get_by_role("textbox", name="请输入用户名").click()
    page.get_by_role("textbox", name="请输入用户名").fill("admin")
    page.get_by_role("textbox", name="请输入密码").click()
    page.get_by_role("textbox", name="请输入密码").fill("Supcon1304@")
    page.get_by_role("button", name="登 录").click()
    page.get_by_role("button", name="确定").click()
    page.get_by_text("基础资料").click()
    page.get_by_text("客户档案").click()
    page.locator("iframe[name=\"supos-tab-framework-2\"]").content_frame.get_by_role("cell", name="KS202604230022").click()
    page.locator("iframe[name=\"supos-tab-framework-2\"]").content_frame.get_by_role("button", name="import 导入").nth(1).click()
    page.locator("iframe[name=\"supos-tab-framework-2\"]").content_frame.get_by_role("button").filter(has_text=re.compile(r"^$")).nth(5).click()
    page.locator("iframe[name=\"supos-tab-framework-2\"]").content_frame.get_by_role("button").filter(has_text=re.compile(r"^$")).nth(5).set_input_files("KS202604230022-ldj20260423产品映射表.xls")
    page.locator("iframe[name=\"supos-tab-framework-2\"]").content_frame.get_by_role("button", name="确 认").click()
    expect(page.locator("iframe[name=\"supos-tab-framework-2\"]").content_frame.get_by_text("[2026-04-24 14:06:19 640] - 导入开始 [2026-04-24 14:06:19 695] - 校验开始（1/1） [2026-04")).to_be_visible()
    page.locator("iframe[name=\"supos-tab-framework-2\"]").content_frame.get_by_role("button", name="关 闭").click()
    page.locator("iframe[name=\"supos-tab-framework-2\"]").content_frame.get_by_text("序号客户产品编码客户产品名称客户产品规格产品编码产品名称产品规格备注 1wwww镜架-CP001成品镜架52□18-145-2qqqq截止阀-FG-001").click()
    page.close()

    # ---------------------
    context.close()
    browser.close()


with sync_playwright() as playwright:
    run(playwright)

2026-04-24 14:06:36,272 - INFO - logger.py:104 - info - 开始AI代码格式化
2026-04-24 14:06:36,273 - INFO - logger.py:104 - info - ============================================================
2026-04-24 14:06:36,273 - INFO - logger.py:104 - info - 开始处理录制代码...
2026-04-24 14:06:36,274 - INFO - logger.py:104 - info - ============================================================
2026-04-24 14:06:36,274 - INFO - logger.py:104 - info - 构建提示词完成，时间戳: 1777010796
2026-04-24 14:06:36,274 - INFO - logger.py:104 - info - 调用AI处理录制代码...
2026-04-24 14:06:36,275 - INFO - logger.py:104 - info - 开始调用豆包AI API...
2026-04-24 14:06:36,275 - INFO - logger.py:104 - info - 发送请求到: https://ark.cn-beijing.volces.com/api/v3/chat/completions
2026-04-24 14:07:21,968 - INFO - logger.py:104 - info - 总token消耗: 3498
2026-04-24 14:07:21,969 - INFO - logger.py:104 - info - 豆包AI API调用成功，耗时: 45.69秒
2026-04-24 14:07:21,972 - INFO - logger.py:104 - info - AI返回原始响应类型: <class 'dict'>
2026-04-24 14:07:21,972 - INFO - logger.py:104 - info - AI处理代码成功
2026-04-24 14:07:21,973 - INFO - logger.py:104 - info - 提取代码块成功
2026-04-24 14:07:21,973 - INFO - logger.py:104 - info - ============================================================
2026-04-24 14:07:21,973 - INFO - logger.py:104 - info - 代码处理完成
2026-04-24 14:07:21,973 - INFO - logger.py:104 - info - ============================================================
2026-04-24 14:07:21,974 - INFO - logger.py:104 - info - 代码格式化完成:
2026-04-24 14:07:21,974 - INFO - logger.py:104 - info - import re
import pytest
from playwright.sync_api import Page, expect
from src.base.base_test import BaseTest
from src.common.logger import logger

class TestImportProductCodeExists(BaseTest):
    """
    用例名：import_product_code_exists
    用例ms的id：0
    """

    def test_import_product_code_exists(self, page: Page, project_name: str):
        f"""测试导入已存在产品编码场景
        用例名：import_product_code_exists
        用例ms的id：0
        项目名：{project_name}

        Args:
            page: 页面实例
            project_name: 项目名称
        """
        logger.info("=" * 60)
        logger.info(f"开始执行测试用例：import_product_code_exists")
        logger.info(f"用例ms的id：0")
        logger.info("=" * 60)
        
        # 使用封装好的公用登录方法登录系统
        logger.info("完成系统登录")
        self.login(page, project_name)
        
        # 进入客户档案模块
        logger.info("导航进入客户档案页面")
        page.get_by_text("基础资料").click()
        page.get_by_text("客户档案").click()
        
        # 获取目标内容iframe
        frame = page.locator("iframe[name=\"supos-tab-framework-2\"]").content_frame
        
        # 选择目标客户，触发导入操作
        logger.info("选择目标客户，点击导入按钮")
        frame.get_by_role("cell", name="KS202604230022").click()
        frame.get_by_role("button", name="import 导入").nth(1).click()
        
        # 上传待导入的文件
        logger.info("上传导入文件")
        frame.get_by_role("button").filter(has_text=re.compile(r"^$")).nth(5).click()
        frame.get_by_role("button").filter(has_text=re.compile(r"^$")).nth(5).set_input_files("KS202604230022-ldj20260423产品映射表.xls")
        
        # 确认导入并校验导入过程日志
        logger.info("确认导入，校验导入结果")
        frame.get_by_role("button", name="确 认").click()
        expect(frame.get_by_text("[2026-04-24 14:06:19 640] - 导入开始 [2026-04-24 14:06:19 695] - 校验开始（1/1） [2026-04")).to_be_visible()
        
        # 关闭弹窗，验证导入数据
        logger.info("关闭弹窗，验证导入数据展示")
        frame.get_by_role("button", name="关 闭").click()
        frame.get_by_text("序号客户产品编码客户产品名称客户产品规格产品编码产品名称产品规格备注 1wwww镜架-CP001成品镜架52□18-145-2qqqq截止阀-FG-001").click()
        
        logger.info(f"测试用例import_product_code_exists执行完成")
2026-04-24 14:07:21,975 - INFO - logger.py:104 - info - 不需要AI分层，保存格式化后的代码
2026-04-24 14:07:21,976 - INFO - logger.py:104 - info - 格式化后的代码已保存: D:\install\auto_ui-master\src\testcase\LD\customer_file\test_import_product_code_exists.py
