2026-04-23 14:34:52,731 - INFO - logger.py:104 - info - 开始录制: 项目=LD, 模块=bom_management, 用例=verify_bom_list_columns, ms_id=0
2026-04-23 14:34:52,734 - INFO - logger.py:104 - info - 启动Playwright Codegen，浏览器: chromium，URL: https://test2.saas-test3.supcon.com:32188
2026-04-23 14:34:52,734 - INFO - logger.py:104 - info - 已启用忽略 HTTPS 证书错误
2026-04-23 14:35:52,529 - INFO - logger.py:104 - info - 录制完成，录制完的代码:
2026-04-23 14:35:52,529 - INFO - logger.py:104 - info - import re
from playwright.sync_api import Playwright, sync_playwright, expect


def run(playwright: Playwright) -> None:
    browser = playwright.chromium.launch(headless=False)
    context = browser.new_context(ignore_https_errors=True)
    page = context.new_page()
    page.goto("https://test2.saas-test3.supcon.com:32188/login#/login")
    page.get_by_role("textbox", name="请输入用户名").click()
    page.get_by_role("textbox", name="请输入用户名").fill("admin")
    page.get_by_role("textbox", name="请输入密码").click()
    page.get_by_role("textbox", name="请输入密码").fill("Supcon1304@")
    page.get_by_role("button", name="登 录").click()
    page.get_by_text("基础资料").click()
    page.get_by_text("物料清单").click()
    page.locator("iframe[name=\"supos-tab-framework-2\"]").content_frame.locator(".ant-table-container").click()
    page.locator("iframe[name=\"supos-tab-framework-2\"]").content_frame.get_by_role("columnheader", name="创建时间").click()
    page.locator("iframe[name=\"supos-tab-framework-2\"]").content_frame.get_by_role("columnheader", name="更新人").click()
    page.locator("iframe[name=\"supos-tab-framework-2\"]").content_frame.get_by_role("columnheader", name="创建人").click()
    expect(page.locator("iframe[name=\"supos-tab-framework-2\"]").content_frame.get_by_role("columnheader", name="创建人")).to_be_visible()
    expect(page.locator("iframe[name=\"supos-tab-framework-2\"]").content_frame.get_by_role("columnheader", name="创建时间")).to_be_visible()
    expect(page.locator("iframe[name=\"supos-tab-framework-2\"]").content_frame.get_by_role("columnheader", name="更新人")).to_be_visible()
    page.close()

    # ---------------------
    context.close()
    browser.close()


with sync_playwright() as playwright:
    run(playwright)

2026-04-23 14:35:52,531 - INFO - logger.py:104 - info - 开始AI代码格式化
2026-04-23 14:35:52,531 - INFO - logger.py:104 - info - ============================================================
2026-04-23 14:35:52,531 - INFO - logger.py:104 - info - 开始处理录制代码...
2026-04-23 14:35:52,531 - INFO - logger.py:104 - info - ============================================================
2026-04-23 14:35:52,532 - INFO - logger.py:104 - info - 构建提示词完成，时间戳: 1776926152
2026-04-23 14:35:52,532 - INFO - logger.py:104 - info - 调用AI处理录制代码...
2026-04-23 14:35:52,532 - INFO - logger.py:104 - info - 开始调用豆包AI API...
2026-04-23 14:35:52,532 - INFO - logger.py:104 - info - 发送请求到: https://ark.cn-beijing.volces.com/api/v3/chat/completions
2026-04-23 14:36:31,672 - INFO - logger.py:104 - info - 总token消耗: 3327
2026-04-23 14:36:31,672 - INFO - logger.py:104 - info - 豆包AI API调用成功，耗时: 39.14秒
2026-04-23 14:36:31,673 - INFO - logger.py:104 - info - AI返回原始响应类型: <class 'dict'>
2026-04-23 14:36:31,674 - INFO - logger.py:104 - info - AI处理代码成功
2026-04-23 14:36:31,674 - INFO - logger.py:104 - info - 提取代码块成功
2026-04-23 14:36:31,674 - INFO - logger.py:104 - info - ============================================================
2026-04-23 14:36:31,674 - INFO - logger.py:104 - info - 代码处理完成
2026-04-23 14:36:31,674 - INFO - logger.py:104 - info - ============================================================
2026-04-23 14:36:31,675 - INFO - logger.py:104 - info - 代码格式化完成:
2026-04-23 14:36:31,675 - INFO - logger.py:104 - info - import re
import pytest
from playwright.sync_api import Page, expect
from src.base.base_test import BaseTest
from src.common.logger import logger


class TestVerifyBomListColumns(BaseTest):
    """
    用例名：verify_bom_list_columns
    用例ms的id：0
    """

    def test_verify_bom_list_columns(self, page: Page, project_name: str):
        f"""验证物料清单列表列展示功能
        用例名：verify_bom_list_columns
        用例ms的id：0
        项目名：{project_name}

        Args:
            page: 页面实例
            project_name: 项目名称
        """
        logger.info("=" * 60)
        logger.info(f"开始执行用例：verify_bom_list_columns")
        logger.info(f"用例ms的id：0")
        logger.info("=" * 60)
        
        # 使用封装好的公用登录方法
        logger.info("完成系统登录")
        self.login(page, project_name)
        
        # 导航进入物料清单页面
        logger.info("导航进入物料清单模块")
        page.get_by_text("基础资料").click()
        page.get_by_text("物料清单").click()
        
        # 复用iframe实例，减少重复定位
        bom_frame = page.locator("iframe[name=\"supos-tab-framework-2\"]").content_frame
        
        # 核心操作：触发列排序操作
        logger.info("执行列头点击排序操作")
        bom_frame.locator(".ant-table-container").click()
        bom_frame.get_by_role("columnheader", name="创建时间").click()
        bom_frame.get_by_role("columnheader", name="更新人").click()
        bom_frame.get_by_role("columnheader", name="创建人").click()
        
        # 验证列头可见性
        logger.info("验证所有目标列头正常展示")
        expect(bom_frame.get_by_role("columnheader", name="创建人")).to_be_visible()
        expect(bom_frame.get_by_role("columnheader", name="创建时间")).to_be_visible()
        expect(bom_frame.get_by_role("columnheader", name="更新人")).to_be_visible()
        
        logger.info("用例verify_bom_list_columns执行完成")
2026-04-23 14:36:31,676 - INFO - logger.py:104 - info - 不需要AI分层，保存格式化后的代码
2026-04-23 14:36:31,678 - INFO - logger.py:104 - info - 格式化后的代码已保存: D:\install\auto_ui-master\src\testcase\LD\bom_management\test_verify_bom_list_columns.py
