2026-04-23 09:22:06,229 - INFO - logger.py:104 - info - 开始录制: 项目=LD, 模块=bom_management, 用例=verify_data_prepopulation, ms_id=0
2026-04-23 09:22:06,233 - INFO - logger.py:104 - info - 启动Playwright Codegen，浏览器: chromium，URL: https://test2.saas-test3.supcon.com:32188
2026-04-23 09:22:06,234 - INFO - logger.py:104 - info - 已启用忽略 HTTPS 证书错误
2026-04-23 09:24:50,764 - INFO - logger.py:104 - info - 录制完成，录制完的代码:
2026-04-23 09:24:50,765 - INFO - logger.py:104 - info - import re
from playwright.sync_api import Playwright, sync_playwright, expect


def run(playwright: Playwright) -> None:
    browser = playwright.chromium.launch(headless=False)
    context = browser.new_context(ignore_https_errors=True)
    page = context.new_page()
    page.goto("https://test2.saas-test3.supcon.com:32188/login#/login")
    page.get_by_role("textbox", name="请输入用户名").click()
    page.get_by_role("textbox", name="请输入用户名").fill("admin")
    page.get_by_role("textbox", name="请输入密码").click()
    page.get_by_role("textbox", name="请输入密码").fill("Supcon1304@")
    page.get_by_role("button", name="登 录").click()
    page.get_by_text("基础资料").click()
    page.get_by_text("物料清单").click()
    expect(page.locator("iframe[name=\"supos-tab-framework-2\"]").content_frame.get_by_role("row", name="6 CP2026042000039 自行车 - 自制 辆").locator("a")).to_be_visible()
    expect(page.locator("iframe[name=\"supos-tab-framework-2\"]").content_frame.get_by_text("编辑").nth(5)).to_be_visible()
    page.locator("iframe[name=\"supos-tab-framework-2\"]").content_frame.get_by_text("编辑").nth(4).click()
    expect(page.locator("iframe[name=\"supos-tab-framework-2\"]").content_frame.locator("div").filter(has_text="父项产品信息父项产品自行车产品规格物料来源自制工艺路线单位子项产品信息添加子项产品序号物料编号物料名称物料规格单位用量关联工序单位物料来源库存数量备注操作").nth(5)).to_be_visible()
    expect(page.locator("iframe[name=\"supos-tab-framework-2\"]").content_frame.locator("div").filter(has_text=re.compile(r"^父项产品信息$"))).to_be_visible()
    expect(page.locator("iframe[name=\"supos-tab-framework-2\"]").content_frame.get_by_text("父项产品自行车产品规格物料来源自制工艺路线单位")).to_be_visible()
    expect(page.locator("iframe[name=\"supos-tab-framework-2\"]").content_frame.locator("div").filter(has_text=re.compile(r"^子项产品信息$"))).to_be_visible()
    expect(page.locator("iframe[name=\"supos-tab-framework-2\"]").content_frame.get_by_role("button", name="plus-circle 添加子项产品")).to_be_visible()
    expect(page.locator("iframe[name=\"supos-tab-framework-2\"]").content_frame.get_by_text("添加子项产品序号物料编号物料名称物料规格单位用量关联工序单位物料来源库存数量备注操作 1CP2026042000046轮胎整车组装个自制0删除")).to_be_visible()
    expect(page.locator("iframe[name=\"supos-tab-framework-2\"]").content_frame.get_by_label("创建物料清单").locator("form")).to_contain_text("父项产品")
    expect(page.locator("iframe[name=\"supos-tab-framework-2\"]").content_frame.get_by_label("创建物料清单").locator("form")).to_contain_text("产品规格")
    expect(page.locator("iframe[name=\"supos-tab-framework-2\"]").content_frame.get_by_label("创建物料清单").locator("form")).to_contain_text("物料来源")
    expect(page.locator("iframe[name=\"supos-tab-framework-2\"]").content_frame.get_by_label("创建物料清单").locator("form")).to_contain_text("工艺路线")
    expect(page.locator("iframe[name=\"supos-tab-framework-2\"]").content_frame.get_by_label("创建物料清单").locator("form")).to_contain_text("单位")
    expect(page.locator("iframe[name=\"supos-tab-framework-2\"]").content_frame.get_by_label("创建物料清单").locator("thead")).to_contain_text("序号")
    expect(page.locator("iframe[name=\"supos-tab-framework-2\"]").content_frame.get_by_label("创建物料清单").locator("thead")).to_contain_text("物料编号")
    expect(page.locator("iframe[name=\"supos-tab-framework-2\"]").content_frame.get_by_label("创建物料清单").locator("thead")).to_contain_text("物料名称")
    expect(page.locator("iframe[name=\"supos-tab-framework-2\"]").content_frame.get_by_label("创建物料清单").locator("thead")).to_contain_text("物料规格")
    expect(page.locator("iframe[name=\"supos-tab-framework-2\"]").content_frame.get_by_label("创建物料清单").locator("thead")).to_contain_text("单位用量")
    expect(page.locator("iframe[name=\"supos-tab-framework-2\"]").content_frame.get_by_label("创建物料清单").locator("thead")).to_contain_text("关联工序")
    page.locator("iframe[name=\"supos-tab-framework-2\"]").content_frame.get_by_role("columnheader", name="单位", exact=True).click()
    page.locator("iframe[name=\"supos-tab-framework-2\"]").content_frame.get_by_role("columnheader", name="单位", exact=True).click()
    expect(page.locator("iframe[name=\"supos-tab-framework-2\"]").content_frame.get_by_label("创建物料清单").locator("thead")).to_contain_text("单位")
    page.locator("iframe[name=\"supos-tab-framework-2\"]").content_frame.get_by_role("columnheader", name="单位", exact=True).click()
    page.locator("iframe[name=\"supos-tab-framework-2\"]").content_frame.get_by_role("columnheader", name="单位", exact=True).click()
    page.close()

    # ---------------------
    context.close()
    browser.close()


with sync_playwright() as playwright:
    run(playwright)

2026-04-23 09:24:50,804 - INFO - logger.py:104 - info - 开始AI代码格式化
2026-04-23 09:24:50,804 - INFO - logger.py:104 - info - ============================================================
2026-04-23 09:24:50,805 - INFO - logger.py:104 - info - 开始处理录制代码...
2026-04-23 09:24:50,805 - INFO - logger.py:104 - info - ============================================================
2026-04-23 09:24:50,806 - INFO - logger.py:104 - info - 构建提示词完成，时间戳: 1776907490
2026-04-23 09:24:50,806 - INFO - logger.py:104 - info - 调用AI处理录制代码...
2026-04-23 09:24:50,806 - INFO - logger.py:104 - info - 开始调用豆包AI API...
2026-04-23 09:24:50,807 - INFO - logger.py:104 - info - 发送请求到: https://ark.cn-beijing.volces.com/api/v3/chat/completions
2026-04-23 09:25:51,801 - INFO - logger.py:104 - info - 总token消耗: 4856
2026-04-23 09:25:51,802 - INFO - logger.py:104 - info - 豆包AI API调用成功，耗时: 60.99秒
2026-04-23 09:25:51,803 - INFO - logger.py:104 - info - AI返回原始响应类型: <class 'dict'>
2026-04-23 09:25:51,803 - INFO - logger.py:104 - info - AI处理代码成功
2026-04-23 09:25:51,803 - INFO - logger.py:104 - info - 提取代码块成功
2026-04-23 09:25:51,804 - INFO - logger.py:104 - info - ============================================================
2026-04-23 09:25:51,804 - INFO - logger.py:104 - info - 代码处理完成
2026-04-23 09:25:51,804 - INFO - logger.py:104 - info - ============================================================
2026-04-23 09:25:51,804 - INFO - logger.py:104 - info - 代码格式化完成:
2026-04-23 09:25:51,804 - INFO - logger.py:104 - info - import re
import pytest
from playwright.sync_api import Page, expect
from src.base.base_test import BaseTest
from src.common.logger import logger


class TestVerifyBomDataPrepopulation(BaseTest):
    """
    用例名：verify_data_prepopulation
    用例ms的id：0
    """

    def test_verify_data_prepopulation(self, page: Page, project_name: str):
        f"""测试BOM编辑页面数据预填充校验
        用例名：verify_data_prepopulation
        用例ms的id：0
        项目名：{project_name}

        Args:
            page: 页面实例
            project_name: 项目名称
        """
        logger.info("=" * 60)
        logger.info(f"开始执行用例：verify_data_prepopulation")
        logger.info(f"用例ms ID：0")
        logger.info("=" * 60)
        
        # 使用公用登录方法登录系统
        logger.info("调用公用登录方法完成登录")
        self.login(page, project_name)

        # 导航到物料清单页面
        logger.info("进入菜单：基础资料 -> 物料清单")
        page.get_by_text("基础资料").click()
        page.get_by_text("物料清单").click()

        # 提取iframe内容，简化后续定位
        bom_frame = page.locator("iframe[name=\"supos-tab-framework-2\"]").content_frame

        # 校验目标物料行，点击编辑进入编辑页
        logger.info("校验目标物料行可见，点击编辑按钮")
        expect(bom_frame.get_by_role("row", name="6 CP2026042000039 自行车 - 自制 辆").locator("a")).to_be_visible()
        expect(bom_frame.get_by_text("编辑").nth(5)).to_be_visible()
        bom_frame.get_by_text("编辑").nth(4).click()

        # 校验编辑页面数据预填充
        logger.info("开始校验编辑页各模块数据预填充")
        expect(bom_frame.locator("div").filter(has_text=re.compile(r"^父项产品信息$")).nth(5)).to_be_visible()
        expect(bom_frame.locator("div").filter(has_text=re.compile(r"^父项产品信息$"))).to_be_visible()
        expect(bom_frame.get_by_text("父项产品自行车产品规格物料来源自制工艺路线单位")).to_be_visible()
        expect(bom_frame.locator("div").filter(has_text=re.compile(r"^子项产品信息$"))).to_be_visible()
        expect(bom_frame.get_by_role("button", name="plus-circle 添加子项产品")).to_be_visible()
        expect(bom_frame.get_by_text("添加子项产品序号物料编号物料名称物料规格单位用量关联工序单位物料来源库存数量备注操作 1CP2026042000046轮胎整车组装个自制0删除")).to_be_visible()

        form_locator = bom_frame.get_by_label("创建物料清单").locator("form")
        expect(form_locator).to_contain_text("父项产品")
        expect(form_locator).to_contain_text("产品规格")
        expect(form_locator).to_contain_text("物料来源")
        expect(form_locator).to_contain_text("工艺路线")
        expect(form_locator).to_contain_text("单位")

        thead_locator = bom_frame.get_by_label("创建物料清单").locator("thead")
        expect(thead_locator).to_contain_text("序号")
        expect(thead_locator).to_contain_text("物料编号")
        expect(thead_locator).to_contain_text("物料名称")
        expect(thead_locator).to_contain_text("物料规格")
        expect(thead_locator).to_contain_text("单位用量")
        expect(thead_locator).to_contain_text("关联工序")

        # 校验单位列头排序（去除录制产生的重复点击，保留核心操作）
        logger.info("校验单位列表头排序功能")
        unit_column_header = bom_frame.get_by_role("columnheader", name="单位", exact=True)
        unit_column_header.click()
        expect(thead_locator).to_contain_text("单位")
        unit_column_header.click()

        logger.info("用例verify_data_prepopulation执行完成")
2026-04-23 09:25:51,806 - INFO - logger.py:104 - info - 不需要AI分层，保存格式化后的代码
2026-04-23 09:25:51,813 - INFO - logger.py:104 - info - 格式化后的代码已保存: D:\install\auto_ui-master\src\testcase\LD\bom_management\test_verify_data_prepopulation.py
