2026-05-09 09:27:11,125 - INFO - logger.py:104 - info - 开始录制: 项目=LD, 模块=bom_management, 用例=verify_import_export_button, ms_id=101312
2026-05-09 09:27:11,127 - INFO - logger.py:104 - info - 启动Playwright Codegen，浏览器: chromium，URL: https://test2.saas-test3.supcon.com:32188
2026-05-09 09:27:11,128 - INFO - logger.py:104 - info - 已启用忽略 HTTPS 证书错误
2026-05-09 09:27:51,547 - INFO - logger.py:104 - info - 录制完成，录制完的代码:
2026-05-09 09:27:51,548 - INFO - logger.py:104 - info - import re
from playwright.sync_api import Playwright, sync_playwright, expect


def run(playwright: Playwright) -> None:
    browser = playwright.chromium.launch(headless=False)
    context = browser.new_context(ignore_https_errors=True)
    page = context.new_page()
    page.goto("https://test2.saas-test3.supcon.com:32188/login#/login")
    page.get_by_role("textbox", name="请输入用户名").click()
    page.get_by_role("textbox", name="请输入用户名").fill("admin")
    page.get_by_role("textbox", name="请输入密码").click()
    page.get_by_role("textbox", name="请输入密码").fill("Supcon1304@")
    page.get_by_role("button", name="登 录").click()
    page.get_by_role("button", name="确定").click()
    page.get_by_text("基础资料").click()
    page.get_by_text("物料清单").click()
    expect(page.locator("iframe[name=\"supos-tab-framework-2\"]").content_frame.get_by_role("button", name="import 导入")).to_be_visible()
    expect(page.locator("iframe[name=\"supos-tab-framework-2\"]").content_frame.get_by_role("button", name="export 导出")).to_be_visible()
    page.close()

    # ---------------------
    context.close()
    browser.close()


with sync_playwright() as playwright:
    run(playwright)

2026-05-09 09:27:51,549 - INFO - logger.py:104 - info - 开始AI代码格式化
2026-05-09 09:27:51,549 - INFO - logger.py:104 - info - ============================================================
2026-05-09 09:27:51,549 - INFO - logger.py:104 - info - 开始处理录制代码...
2026-05-09 09:27:51,549 - INFO - logger.py:104 - info - ============================================================
2026-05-09 09:27:51,549 - INFO - logger.py:104 - info - 构建提示词完成，时间戳: 1778290071
2026-05-09 09:27:51,550 - INFO - logger.py:104 - info - 调用AI处理录制代码...
2026-05-09 09:27:51,550 - INFO - logger.py:104 - info - 开始调用豆包AI API...
2026-05-09 09:27:51,550 - INFO - logger.py:104 - info - 发送请求到: https://ark.cn-beijing.volces.com/api/v3/chat/completions
2026-05-09 09:28:30,400 - INFO - logger.py:104 - info - 总token消耗: 2711
2026-05-09 09:28:30,401 - INFO - logger.py:104 - info - 豆包AI API调用成功，耗时: 38.85秒
2026-05-09 09:28:30,403 - INFO - logger.py:104 - info - AI返回原始响应类型: <class 'dict'>
2026-05-09 09:28:30,403 - INFO - logger.py:104 - info - AI处理代码成功
2026-05-09 09:28:30,403 - INFO - logger.py:104 - info - 提取代码块成功
2026-05-09 09:28:30,404 - INFO - logger.py:104 - info - ============================================================
2026-05-09 09:28:30,404 - INFO - logger.py:104 - info - 代码处理完成
2026-05-09 09:28:30,404 - INFO - logger.py:104 - info - ============================================================
2026-05-09 09:28:30,404 - INFO - logger.py:104 - info - 代码格式化完成:
2026-05-09 09:28:30,405 - INFO - logger.py:104 - info - import re
import pytest
from playwright.sync_api import Page, expect
from src.base.base_test import BaseTest
from src.common.logger import logger

class TestVerifyImportExportButton(BaseTest):
    """
    用例名：verify_import_export_button
    用例ms的id：101312
    """

    def test_verify_import_export_button(self, page: Page, project_name: str):
        f"""验证物料清单页面导入导出按钮显示正常
        用例名：verify_import_export_button
        用例ms的id：101312
        项目名：{project_name}

        Args:
            page: 页面实例
            project_name: 项目名称
        """
        logger.info("=" * 60)
        logger.info(f"开始执行用例：verify_import_export_button")
        logger.info(f"用例ms的id：101312")
        logger.info("=" * 60)
        
        # 使用封装好的公用登录方法完成登录
        self.login(page, project_name)

        # 点击登录后弹窗确定按钮
        logger.info("点击确定关闭登录后弹窗")
        page.get_by_role("button", name="确定").click()
        
        # 导航进入物料清单功能页面
        logger.info("进入物料清单页面")
        page.get_by_text("基础资料").click()
        page.get_by_text("物料清单").click()

        # 验证导入、导出按钮可见
        logger.info("验证导入导出按钮可见性")
        expect(page.locator("iframe[name=\"supos-tab-framework-2\"]").content_frame.get_by_role("button", name="import 导入")).to_be_visible()
        expect(page.locator("iframe[name=\"supos-tab-framework-2\"]").content_frame.get_by_role("button", name="export 导出")).to_be_visible()
        
        logger.info(f"用例verify_import_export_button执行完成")
2026-05-09 09:28:30,418 - INFO - logger.py:104 - info - 不需要AI分层，保存格式化后的代码
2026-05-09 09:28:30,429 - INFO - logger.py:104 - info - 格式化后的代码已保存: D:\install\auto_ui-master\src\testcase\LD\bom_management\test_verify_import_export_button.py
