2026-04-28 09:29:22,335 - INFO - logger.py:104 - info - 开始录制: 项目=LD, 模块=base_information, 用例=verify_warehouse_create_update, ms_id=0
2026-04-28 09:29:22,337 - INFO - logger.py:104 - info - 启动Playwright Codegen，浏览器: chromium，URL: https://test2.saas-test3.supcon.com:32188
2026-04-28 09:29:22,338 - INFO - logger.py:104 - info - 已启用忽略 HTTPS 证书错误
2026-04-28 09:30:31,122 - INFO - logger.py:104 - info - 录制完成，录制完的代码:
2026-04-28 09:30:31,122 - INFO - logger.py:104 - info - import re
from playwright.sync_api import Playwright, sync_playwright, expect


def run(playwright: Playwright) -> None:
    browser = playwright.chromium.launch(headless=False)
    context = browser.new_context(ignore_https_errors=True)
    page = context.new_page()
    page.goto("https://test2.saas-test3.supcon.com:32188/login#/login")
    page.get_by_role("textbox", name="请输入用户名").click()
    page.get_by_role("textbox", name="请输入用户名").fill("admin")
    page.get_by_role("textbox", name="请输入密码").click()
    page.get_by_role("textbox", name="请输入密码").fill("Supcon1304@")
    page.get_by_role("button", name="登 录").click()
    page.get_by_role("button", name="确定").click()
    page.get_by_text("基础资料").click()
    page.get_by_text("基础信息").click()
    page.get_by_text("仓库管理").first.click()
    page.locator("iframe[name=\"supos-tab-framework-2\"]").content_frame.get_by_role("button", name="plus-circle 创建").click()
    page.locator("iframe[name=\"supos-tab-framework-2\"]").content_frame.get_by_role("dialog", name="创建仓库").locator("#code").click()
    page.locator("iframe[name=\"supos-tab-framework-2\"]").content_frame.get_by_role("dialog", name="创建仓库").locator("#code").fill("11")
    page.locator("iframe[name=\"supos-tab-framework-2\"]").content_frame.get_by_role("dialog", name="创建仓库").locator("#name").click()
    page.locator("iframe[name=\"supos-tab-framework-2\"]").content_frame.get_by_role("dialog", name="创建仓库").locator("#name").fill("创建按钮")
    page.locator("iframe[name=\"supos-tab-framework-2\"]").content_frame.get_by_title("仓库", exact=True).click()
    page.locator("iframe[name=\"supos-tab-framework-2\"]").content_frame.get_by_label("创建仓库").get_by_text("仓库", exact=True).click()
    page.locator("iframe[name=\"supos-tab-framework-2\"]").content_frame.get_by_role("button", name="保 存").click()
    page.close()

    # ---------------------
    context.close()
    browser.close()


with sync_playwright() as playwright:
    run(playwright)

2026-04-28 09:30:31,124 - INFO - logger.py:104 - info - 开始AI代码格式化
2026-04-28 09:30:31,124 - INFO - logger.py:104 - info - ============================================================
2026-04-28 09:30:31,124 - INFO - logger.py:104 - info - 开始处理录制代码...
2026-04-28 09:30:31,125 - INFO - logger.py:104 - info - ============================================================
2026-04-28 09:30:31,125 - INFO - logger.py:104 - info - 构建提示词完成，时间戳: 1777339831
2026-04-28 09:30:31,125 - INFO - logger.py:104 - info - 调用AI处理录制代码...
2026-04-28 09:30:31,125 - INFO - logger.py:104 - info - 开始调用豆包AI API...
2026-04-28 09:30:31,126 - INFO - logger.py:104 - info - 发送请求到: https://ark.cn-beijing.volces.com/api/v3/chat/completions
2026-04-28 09:31:42,826 - INFO - logger.py:104 - info - 总token消耗: 3897
2026-04-28 09:31:42,827 - INFO - logger.py:104 - info - 豆包AI API调用成功，耗时: 71.70秒
2026-04-28 09:31:42,828 - INFO - logger.py:104 - info - AI返回原始响应类型: <class 'dict'>
2026-04-28 09:31:42,828 - INFO - logger.py:104 - info - AI处理代码成功
2026-04-28 09:31:42,828 - INFO - logger.py:104 - info - 提取代码块成功
2026-04-28 09:31:42,829 - INFO - logger.py:104 - info - ============================================================
2026-04-28 09:31:42,829 - INFO - logger.py:104 - info - 代码处理完成
2026-04-28 09:31:42,829 - INFO - logger.py:104 - info - ============================================================
2026-04-28 09:31:42,829 - INFO - logger.py:104 - info - 代码格式化完成:
2026-04-28 09:31:42,829 - INFO - logger.py:104 - info - import re
import pytest
from playwright.sync_api import Page, expect
from src.base.base_test import BaseTest
from src.common.logger import logger

class TestVerifyWarehouseCreateUpdate(BaseTest):
    """
    用例名：verify_warehouse_create_update
    用例ms的id：0
    """

    def test_verify_warehouse_create_update(self, page: Page, project_name: str):
        f"""测试仓库创建功能
        用例名：verify_warehouse_create_update
        用例ms的id：0
        项目名：{project_name}

        Args:
            page: 页面实例
            project_name: 项目名称
        """
        logger.info("=" * 60)
        logger.info(f"开始执行用例：verify_warehouse_create_update")
        logger.info(f"用例ms的id：0")
        logger.info("=" * 60)
        
        # 调用封装好的公用登录方法
        logger.info("完成系统登录")
        self.login(page, project_name)
        
        # 导航到仓库管理页面
        logger.info("导航进入仓库管理页面")
        page.get_by_text("基础资料").click()
        page.get_by_text("基础信息").click()
        page.get_by_text("仓库管理").first.click()
        
        # 提取iframe上下文，简化重复定位
        tab_frame = page.locator("iframe[name=\"supos-tab-framework-2\"]").content_frame
        
        # 打开创建仓库弹窗
        logger.info("点击创建按钮，打开创建仓库弹窗")
        tab_frame.get_by_role("button", name="plus-circle 创建").click()
        create_dialog = tab_frame.get_by_role("dialog", name="创建仓库")
        
        # 填写仓库基础信息
        logger.info("填写仓库编码和名称信息")
        create_dialog.locator("#code").click()
        create_dialog.locator("#code").fill("11")
        create_dialog.locator("#name").click()
        create_dialog.locator("#name").fill("创建按钮")
        
        # 选择仓库，去除录制产生的重复点击操作
        logger.info("选择仓库配置项")
        tab_frame.get_by_label("创建仓库").get_by_text("仓库", exact=True).click()
        
        # 保存新建的仓库
        logger.info("点击保存按钮完成创建")
        tab_frame.get_by_role("button", name="保 存").click()
        
        logger.info("verify_warehouse_create_update用例执行完成")
2026-04-28 09:31:42,830 - INFO - logger.py:104 - info - 不需要AI分层，保存格式化后的代码
2026-04-28 09:31:42,831 - INFO - logger.py:104 - info - 格式化后的代码已保存: D:\install\auto_ui-master\src\testcase\LD\base_information\test_verify_warehouse_create_update.py
