2026-04-23 16:04:15,562 - INFO - logger.py:104 - info - 开始录制: 项目=LD, 模块=bom_management, 用例=verify_child_product_create, ms_id=0
2026-04-23 16:04:15,566 - INFO - logger.py:104 - info - 启动Playwright Codegen，浏览器: chromium，URL: https://test2.saas-test3.supcon.com:32188
2026-04-23 16:04:15,566 - INFO - logger.py:104 - info - 已启用忽略 HTTPS 证书错误
2026-04-23 16:05:28,658 - INFO - logger.py:104 - info - 录制完成，录制完的代码:
2026-04-23 16:05:28,658 - INFO - logger.py:104 - info - import re
from playwright.sync_api import Playwright, sync_playwright, expect


def run(playwright: Playwright) -> None:
    browser = playwright.chromium.launch(headless=False)
    context = browser.new_context(ignore_https_errors=True)
    page = context.new_page()
    page.goto("https://test2.saas-test3.supcon.com:32188/login#/login")
    page.get_by_role("textbox", name="请输入用户名").click()
    page.get_by_role("textbox", name="请输入用户名").fill("admin")
    page.get_by_role("textbox", name="请输入密码").click()
    page.get_by_role("textbox", name="请输入密码").fill("Supcon1304@")
    page.get_by_role("button", name="登 录").click()
    page.get_by_text("基础资料").click()
    page.get_by_text("物料清单").click()
    page.locator("iframe[name=\"supos-tab-framework-2\"]").content_frame.get_by_role("cell", name="FJ00001").click()
    page.locator("iframe[name=\"supos-tab-framework-2\"]").content_frame.locator(".ant-menu-overflow-item.ant-menu-item.ant-menu-item-active > .ant-menu-title-content > .edit-btn").click()
    page.locator("iframe[name=\"supos-tab-framework-2\"]").content_frame.get_by_role("button", name="plus-circle 添加子项产品").click()
    page.locator("iframe[name=\"supos-tab-framework-2\"]").content_frame.locator(".ant-pro-table.c_table__owHvy.c_table_nodrag__HgCrc > .ant-pro-card > .ant-pro-card-body").click()
    page.locator("iframe[name=\"supos-tab-framework-2\"]").content_frame.get_by_role("row", name="CPJSG001").get_by_label("", exact=True).check()
    page.locator("iframe[name=\"supos-tab-framework-2\"]").content_frame.get_by_role("button", name="选 择").click()
    page.locator("iframe[name=\"supos-tab-framework-2\"]").content_frame.get_by_label("创建物料清单").get_by_role("columnheader", name="单位用量").click()
    page.locator("iframe[name=\"supos-tab-framework-2\"]").content_frame.get_by_role("button", name="holder 2 CPJSG001 金属管").get_by_role("spinbutton").click()
    page.locator("iframe[name=\"supos-tab-framework-2\"]").content_frame.get_by_role("columnheader", name="关联工序").click()
    page.locator("iframe[name=\"supos-tab-framework-2\"]").content_frame.locator("#rc_select_8").click()
    page.locator("iframe[name=\"supos-tab-framework-2\"]").content_frame.get_by_title("饺子工序").click()
    page.locator("iframe[name=\"supos-tab-framework-2\"]").content_frame.get_by_role("button", name="保 存").click()
    page.locator("iframe[name=\"supos-tab-framework-2\"]").content_frame.get_by_text("提示是否确认保存该物料清单？取 消确 认").click()
    page.locator("iframe[name=\"supos-tab-framework-2\"]").content_frame.get_by_role("button", name="确 认").click()
    page.locator("iframe[name=\"supos-tab-framework-2\"]").content_frame.get_by_text("保存成功！").click()
    page.close()

    # ---------------------
    context.close()
    browser.close()


with sync_playwright() as playwright:
    run(playwright)

2026-04-23 16:05:28,660 - INFO - logger.py:104 - info - 开始AI代码格式化
2026-04-23 16:05:28,660 - INFO - logger.py:104 - info - ============================================================
2026-04-23 16:05:28,661 - INFO - logger.py:104 - info - 开始处理录制代码...
2026-04-23 16:05:28,661 - INFO - logger.py:104 - info - ============================================================
2026-04-23 16:05:28,661 - INFO - logger.py:104 - info - 构建提示词完成，时间戳: 1776931528
2026-04-23 16:05:28,661 - INFO - logger.py:104 - info - 调用AI处理录制代码...
2026-04-23 16:05:28,661 - INFO - logger.py:104 - info - 开始调用豆包AI API...
2026-04-23 16:05:28,662 - INFO - logger.py:104 - info - 发送请求到: https://ark.cn-beijing.volces.com/api/v3/chat/completions
2026-04-23 16:06:49,140 - INFO - logger.py:104 - info - 总token消耗: 4722
2026-04-23 16:06:49,141 - INFO - logger.py:104 - info - 豆包AI API调用成功，耗时: 80.48秒
2026-04-23 16:06:49,142 - INFO - logger.py:104 - info - AI返回原始响应类型: <class 'dict'>
2026-04-23 16:06:49,143 - INFO - logger.py:104 - info - AI处理代码成功
2026-04-23 16:06:49,143 - INFO - logger.py:104 - info - 提取代码块成功
2026-04-23 16:06:49,143 - INFO - logger.py:104 - info - ============================================================
2026-04-23 16:06:49,143 - INFO - logger.py:104 - info - 代码处理完成
2026-04-23 16:06:49,143 - INFO - logger.py:104 - info - ============================================================
2026-04-23 16:06:49,143 - INFO - logger.py:104 - info - 代码格式化完成:
2026-04-23 16:06:49,144 - INFO - logger.py:104 - info - import re
import pytest
from playwright.sync_api import Page, expect
from src.base.base_test import BaseTest
from src.common.logger import logger


class TestVerifyChildProductCreate(BaseTest):
    """
    用例名：verify_child_product_create
    用例ms的id：0
    """

    def test_verify_child_product_create(self, page: Page, project_name: str):
        f"""测试新增物料清单子项产品功能
        用例名：verify_child_product_create
        用例ms的id：0
        项目名：{project_name}

        Args:
            page: 页面实例
            project_name: 项目名称
        """
        logger.info("=" * 60)
        logger.info(f"开始执行用例：verify_child_product_create")
        logger.info(f"用例ms的id：0")
        logger.info("=" * 60)
        
        # 使用封装好的公用登录方法
        self.login(page, project_name)
        logger.info("登录成功，导航到物料清单页面")
        
        # 菜单导航
        page.get_by_text("基础资料").click()
        page.get_by_text("物料清单").click()
        
        # 提取公共iframe框架，减少重复定位
        operation_frame = page.locator("iframe[name=\"supos-tab-framework-2\"]").content_frame
        logger.info("进入目标物料清单编辑流程")
        
        # 核心业务操作，保持原录制步骤逻辑不变
        operation_frame.get_by_role("cell", name="FJ00001").click()
        operation_frame.locator(".ant-menu-overflow-item.ant-menu-item.ant-menu-item-active > .ant-menu-title-content > .edit-btn").click()
        operation_frame.get_by_role("button", name="plus-circle 添加子项产品").click()
        operation_frame.locator(".ant-pro-table.c_table__owHvy.c_table_nodrag__HgCrc > .ant-pro-card > .ant-pro-card-body").click()
        operation_frame.get_by_role("row", name="CPJSG001").get_by_label("", exact=True).check()
        operation_frame.get_by_role("button", name="选 择").click()
        operation_frame.get_by_label("创建物料清单").get_by_role("columnheader", name="单位用量").click()
        operation_frame.get_by_role("button", name="holder 2 CPJSG001 金属管").get_by_role("spinbutton").click()
        operation_frame.get_by_role("columnheader", name="关联工序").click()
        operation_frame.locator("#rc_select_8").click()
        operation_frame.get_by_title("饺子工序").click()
        
        # 保存确认操作
        logger.info("提交保存物料清单修改")
        operation_frame.get_by_role("button", name="保 存").click()
        operation_frame.get_by_text("提示是否确认保存该物料清单？取 消确 认").click()
        operation_frame.get_by_role("button", name="确 认").click()
        
        # 验证操作结果
        logger.info("验证保存成功提示")
        expect(operation_frame.get_by_text("保存成功！")).to_be_visible()
        logger.info("用例verify_child_product_create执行完成，执行结果：通过")
2026-04-23 16:06:49,145 - INFO - logger.py:104 - info - 不需要AI分层，保存格式化后的代码
2026-04-23 16:06:49,146 - INFO - logger.py:104 - info - 格式化后的代码已保存: D:\install\auto_ui-master\src\testcase\LD\bom_management\test_verify_child_product_create.py
