2026-04-24 14:49:45,303 - INFO - logger.py:104 - info - 开始录制: 项目=LD, 模块=customer_file, 用例=verify_import_button, ms_id=0
2026-04-24 14:49:45,306 - INFO - logger.py:104 - info - 启动Playwright Codegen，浏览器: chromium，URL: https://test2.saas-test3.supcon.com:32188
2026-04-24 14:49:45,307 - INFO - logger.py:104 - info - 已启用忽略 HTTPS 证书错误
2026-04-24 14:50:30,119 - INFO - logger.py:104 - info - 录制完成，录制完的代码:
2026-04-24 14:50:30,119 - INFO - logger.py:104 - info - import re
from playwright.sync_api import Playwright, sync_playwright, expect


def run(playwright: Playwright) -> None:
    browser = playwright.chromium.launch(headless=False)
    context = browser.new_context(ignore_https_errors=True)
    page = context.new_page()
    page.goto("https://test2.saas-test3.supcon.com:32188/login#/login")
    page.get_by_role("textbox", name="请输入用户名").click()
    page.get_by_role("textbox", name="请输入用户名").fill("admin")
    page.get_by_role("textbox", name="请输入密码").click()
    page.get_by_role("textbox", name="请输入密码").fill("Supcon1304@")
    page.get_by_role("button", name="登 录").click()
    page.get_by_role("button", name="确定").click()
    page.get_by_text("基础资料").click()
    page.get_by_text("客户档案").click()
    page.locator("iframe[name=\"supos-tab-framework-2\"]").content_frame.get_by_role("button", name="import 导入").first.click()
    page.locator("iframe[name=\"supos-tab-framework-2\"]").content_frame.locator("div").filter(has_text="文件选择模板下载操作模式更新并新增导入说明:1.仅支持").nth(5).click()
    page.close()

    # ---------------------
    context.close()
    browser.close()


with sync_playwright() as playwright:
    run(playwright)

2026-04-24 14:50:30,121 - INFO - logger.py:104 - info - 开始AI代码格式化
2026-04-24 14:50:30,122 - INFO - logger.py:104 - info - ============================================================
2026-04-24 14:50:30,122 - INFO - logger.py:104 - info - 开始处理录制代码...
2026-04-24 14:50:30,122 - INFO - logger.py:104 - info - ============================================================
2026-04-24 14:50:30,123 - INFO - logger.py:104 - info - 构建提示词完成，时间戳: 1777013430
2026-04-24 14:50:30,123 - INFO - logger.py:104 - info - 调用AI处理录制代码...
2026-04-24 14:50:30,124 - INFO - logger.py:104 - info - 开始调用豆包AI API...
2026-04-24 14:50:30,124 - INFO - logger.py:104 - info - 发送请求到: https://ark.cn-beijing.volces.com/api/v3/chat/completions
2026-04-24 14:51:15,428 - INFO - logger.py:104 - info - 总token消耗: 3077
2026-04-24 14:51:15,428 - INFO - logger.py:104 - info - 豆包AI API调用成功，耗时: 45.30秒
2026-04-24 14:51:15,430 - INFO - logger.py:104 - info - AI返回原始响应类型: <class 'dict'>
2026-04-24 14:51:15,430 - INFO - logger.py:104 - info - AI处理代码成功
2026-04-24 14:51:15,431 - INFO - logger.py:104 - info - 提取代码块成功
2026-04-24 14:51:15,431 - INFO - logger.py:104 - info - ============================================================
2026-04-24 14:51:15,431 - INFO - logger.py:104 - info - 代码处理完成
2026-04-24 14:51:15,431 - INFO - logger.py:104 - info - ============================================================
2026-04-24 14:51:15,431 - INFO - logger.py:104 - info - 代码格式化完成:
2026-04-24 14:51:15,432 - INFO - logger.py:104 - info - import re
import pytest
from playwright.sync_api import Page, expect
from src.base.base_test import BaseTest
from src.common.logger import logger

class TestVerifyImportButton(BaseTest):
    """
    用例名：verify_import_button
    用例ms的id：0
    """

    def test_verify_import_button(self, page: Page, project_name: str):
        f"""测试客户档案导入按钮验证
        用例名：verify_import_button
        用例ms的id：0
        项目名：{project_name}

        Args:
            page: 页面实例
            project_name: 项目名称
        """
        logger.info("=" * 60)
        logger.info(f"开始执行用例：verify_import_button")
        logger.info(f"用例ms的id：0")
        logger.info("=" * 60)
        
        # 使用封装好的公用登录方法完成登录
        self.login(page, project_name)
        logger.info("系统登录完成")
        
        # 点击登录后确认弹窗按钮
        logger.info("关闭登录确认弹窗")
        page.get_by_role("button", name="确定").click()
        
        # 导航进入客户档案页面
        logger.info("导航进入客户档案页面")
        page.get_by_text("基础资料").click()
        page.get_by_text("客户档案").click()
        
        # 点击导入按钮
        logger.info("点击导入按钮唤起导入弹窗")
        page.locator("iframe[name=\"supos-tab-framework-2\"]").content_frame.get_by_role("button", name="import 导入").first.click()
        
        # 点击导入说明文本区域
        logger.info("点击导入说明区域完成交互")
        page.locator("iframe[name=\"supos-tab-framework-2\"]").content_frame.locator("div").filter(has_text="文件选择模板下载操作模式更新并新增导入说明:1.仅支持").nth(5).click()
        
        logger.info("verify_import_button用例执行完成")
```
2026-04-24 14:51:15,433 - INFO - logger.py:104 - info - 不需要AI分层，保存格式化后的代码
2026-04-24 14:51:15,435 - INFO - logger.py:104 - info - 格式化后的代码已保存: D:\install\auto_ui-master\src\testcase\LD\customer_file\test_verify_import_button.py
