2026-04-23 13:52:53,665 - INFO - logger.py:104 - info - 开始录制: 项目=LD, 模块=bom_management, 用例=verify_bom_template_pagination, ms_id=0
2026-04-23 13:52:53,668 - INFO - logger.py:104 - info - 启动Playwright Codegen，浏览器: chromium，URL: https://test2.saas-test3.supcon.com:32188
2026-04-23 13:52:53,669 - INFO - logger.py:104 - info - 已启用忽略 HTTPS 证书错误
2026-04-23 13:54:54,507 - INFO - logger.py:104 - info - 录制完成，录制完的代码:
2026-04-23 13:54:54,522 - INFO - logger.py:104 - info - 开始AI代码格式化
2026-04-23 13:54:54,522 - INFO - logger.py:104 - info - ============================================================
2026-04-23 13:54:54,523 - INFO - logger.py:104 - info - 开始处理录制代码...
2026-04-23 13:54:54,523 - INFO - logger.py:104 - info - ============================================================
2026-04-23 13:54:54,523 - INFO - logger.py:104 - info - 构建提示词完成，时间戳: 1776923694
2026-04-23 13:54:54,523 - INFO - logger.py:104 - info - 调用AI处理录制代码...
2026-04-23 13:54:54,523 - INFO - logger.py:104 - info - 开始调用豆包AI API...
2026-04-23 13:54:54,524 - INFO - logger.py:104 - info - 发送请求到: https://ark.cn-beijing.volces.com/api/v3/chat/completions
2026-04-23 13:55:51,793 - INFO - logger.py:104 - info - 总token消耗: 4663
2026-04-23 13:55:51,794 - INFO - logger.py:104 - info - 豆包AI API调用成功，耗时: 57.27秒
2026-04-23 13:55:51,796 - INFO - logger.py:104 - info - AI返回原始响应类型: <class 'dict'>
2026-04-23 13:55:51,796 - INFO - logger.py:104 - info - AI处理代码成功
2026-04-23 13:55:51,796 - INFO - logger.py:104 - info - 提取代码块成功
2026-04-23 13:55:51,797 - INFO - logger.py:104 - info - ============================================================
2026-04-23 13:55:51,797 - INFO - logger.py:104 - info - 代码处理完成
2026-04-23 13:55:51,797 - INFO - logger.py:104 - info - ============================================================
2026-04-23 13:55:51,797 - INFO - logger.py:104 - info - 代码格式化完成:
2026-04-23 13:55:51,800 - INFO - logger.py:104 - info - 不需要AI分层，保存格式化后的代码
2026-04-23 13:55:51,803 - INFO - logger.py:104 - info - 格式化后的代码已保存: D:\install\auto_ui-master\src\testcase\LD\bom_management\test_verify_bom_template_pagination.py
