2026-04-28 13:41:24,857 - INFO - logger.py:104 - info - 开始录制: 项目=LD, 模块=printer_management, 用例=verify_create_page, ms_id=0
2026-04-28 13:41:24,860 - INFO - logger.py:104 - info - 启动Playwright Codegen，浏览器: chromium，URL: https://test2.saas-test3.supcon.com:32188
2026-04-28 13:41:24,861 - INFO - logger.py:104 - info - 已启用忽略 HTTPS 证书错误
2026-04-28 13:42:08,225 - INFO - logger.py:104 - info - 录制完成，录制完的代码:
2026-04-28 13:42:08,225 - INFO - logger.py:104 - info - import re
from playwright.sync_api import Playwright, sync_playwright, expect


def run(playwright: Playwright) -> None:
    browser = playwright.chromium.launch(headless=False)
    context = browser.new_context(ignore_https_errors=True)
    page = context.new_page()
    page.goto("https://test2.saas-test3.supcon.com:32188/login#/login")
    page.get_by_role("textbox", name="请输入用户名").click()
    page.get_by_role("textbox", name="请输入用户名").fill("admin")
    page.get_by_role("textbox", name="请输入密码").click()
    page.get_by_role("textbox", name="请输入密码").fill("Supcon1304@")
    page.get_by_role("button", name="登 录").click()
    page.get_by_role("button", name="确定").click()
    page.get_by_text("基础资料").click()
    page.get_by_text("系统配置").click()
    page.get_by_text("打印机管理").click()
    page.locator("iframe[name=\"supos-tab-framework-2\"]").content_frame.get_by_role("button", name="plus-circle 新增").click()
    page.locator("iframe[name=\"supos-tab-framework-2\"]").content_frame.get_by_role("button", name="保 存").click()
    page.locator("iframe[name=\"supos-tab-framework-2\"]").content_frame.get_by_role("button", name="取 消").click()
    page.close()

    # ---------------------
    context.close()
    browser.close()


with sync_playwright() as playwright:
    run(playwright)

2026-04-28 13:42:08,227 - INFO - logger.py:104 - info - 开始AI代码格式化
2026-04-28 13:42:08,227 - INFO - logger.py:104 - info - ============================================================
2026-04-28 13:42:08,227 - INFO - logger.py:104 - info - 开始处理录制代码...
2026-04-28 13:42:08,227 - INFO - logger.py:104 - info - ============================================================
2026-04-28 13:42:08,227 - INFO - logger.py:104 - info - 构建提示词完成，时间戳: 1777354928
2026-04-28 13:42:08,227 - INFO - logger.py:104 - info - 调用AI处理录制代码...
2026-04-28 13:42:08,228 - INFO - logger.py:104 - info - 开始调用豆包AI API...
2026-04-28 13:42:08,228 - INFO - logger.py:104 - info - 发送请求到: https://ark.cn-beijing.volces.com/api/v3/chat/completions
2026-04-28 13:42:45,656 - INFO - logger.py:104 - info - 总token消耗: 2569
2026-04-28 13:42:45,656 - INFO - logger.py:104 - info - 豆包AI API调用成功，耗时: 37.43秒
2026-04-28 13:42:45,657 - INFO - logger.py:104 - info - AI返回原始响应类型: <class 'dict'>
2026-04-28 13:42:45,657 - INFO - logger.py:104 - info - AI处理代码成功
2026-04-28 13:42:45,657 - INFO - logger.py:104 - info - 提取代码块成功
2026-04-28 13:42:45,658 - INFO - logger.py:104 - info - ============================================================
2026-04-28 13:42:45,658 - INFO - logger.py:104 - info - 代码处理完成
2026-04-28 13:42:45,658 - INFO - logger.py:104 - info - ============================================================
2026-04-28 13:42:45,658 - INFO - logger.py:104 - info - 代码格式化完成:
2026-04-28 13:42:45,658 - INFO - logger.py:104 - info - import re
import pytest
from playwright.sync_api import Page, expect
from src.base.base_test import BaseTest
from src.common.logger import logger

class TestPrinterCreateVerify(BaseTest):
    """
    用例名：verify_create_page
    用例ms的id：0
    """

    def test_verify_create_page(self, page: Page, project_name: str):
        f"""测试打印机管理新增页面校验
        用例名：verify_create_page
        用例ms的id：0
        项目名：{project_name}

        Args:
            page: 页面实例
            project_name: 项目名称
        """
        logger.info("=" * 60)
        logger.info(f"开始执行用例verify_create_page")
        logger.info(f"用例ms的id：0")
        logger.info("=" * 60)
        
        # 使用公用登录方法登录系统
        logger.info("登录目标系统")
        self.login(page, project_name)
        
        # 导航进入打印机管理菜单
        logger.info("进入打印机管理页面")
        page.get_by_text("基础资料").click()
        page.get_by_text("系统配置").click()
        page.get_by_text("打印机管理").click()
        
        # 获取功能页面iframe
        content_frame = page.locator("iframe[name=\"supos-tab-framework-2\"]").content_frame
        
        # 验证新增页面操作
        logger.info("打开新增打印机页面")
        content_frame.get_by_role("button", name="plus-circle 新增").click()
        logger.info("点击保存按钮校验页面")
        content_frame.get_by_role("button", name="保 存").click()
        logger.info("点击取消返回列表页")
        content_frame.get_by_role("button", name="取 消").click()
2026-04-28 13:42:45,659 - INFO - logger.py:104 - info - 不需要AI分层，保存格式化后的代码
2026-04-28 13:42:45,660 - INFO - logger.py:104 - info - 格式化后的代码已保存: D:\install\auto_ui-master\src\testcase\LD\printer_management\test_verify_create_page.py
