2026-04-21 15:39:01,304 - INFO - logger.py:104 - info - 开始录制: 项目=LD, 模块=product_file, 用例=fun_optimized, ms_id=0
2026-04-21 15:39:01,307 - INFO - logger.py:104 - info - 启动Playwright Codegen，浏览器: chromium，URL: https://test2.saas-test3.supcon.com:32188
2026-04-21 15:39:01,307 - INFO - logger.py:104 - info - 已启用忽略 HTTPS 证书错误
2026-04-21 15:40:07,419 - INFO - logger.py:104 - info - 录制完成，录制完的代码:
2026-04-21 15:40:07,420 - INFO - logger.py:104 - info - import re
from playwright.sync_api import Playwright, sync_playwright, expect


def run(playwright: Playwright) -> None:
    browser = playwright.chromium.launch(headless=False)
    context = browser.new_context(ignore_https_errors=True)
    page = context.new_page()
    page.goto("https://test2.saas-test3.supcon.com:32188/login#/login")
    page.get_by_role("textbox", name="请输入用户名").click()
    page.get_by_role("textbox", name="请输入用户名").fill("admin")
    page.get_by_role("textbox", name="请输入密码").click()
    page.get_by_role("textbox", name="请输入密码").fill("Supcon1304@")
    page.get_by_role("button", name="登 录").click()
    page.locator("div").filter(has_text=re.compile(r"^基础资料$")).nth(2).click()
    page.get_by_text("产品档案").click()
    page.locator("iframe[name=\"supos-tab-framework-2\"]").content_frame.get_by_role("button", name="plus-circle 新增").click()
    page.locator("iframe[name=\"supos-tab-framework-2\"]").content_frame.get_by_label("创建产品").get_by_text("启用质检控制").click()
    page.locator("iframe[name=\"supos-tab-framework-2\"]").content_frame.locator("#qualityControl").click()
    expect(page.locator("iframe[name=\"supos-tab-framework-2\"]").content_frame.locator("div").filter(has_text=re.compile(r"^启用质检控制是否$")).first).to_be_visible()
    expect(page.locator("iframe[name=\"supos-tab-framework-2\"]").content_frame.locator("div").filter(has_text=re.compile(r"^启用质检控制是否$")).first).to_be_visible()
    page.close()

    # ---------------------
    context.close()
    browser.close()


with sync_playwright() as playwright:
    run(playwright)

2026-04-21 15:40:07,421 - INFO - logger.py:104 - info - 开始AI代码格式化
2026-04-21 15:40:07,421 - INFO - logger.py:104 - info - ============================================================
2026-04-21 15:40:07,421 - INFO - logger.py:104 - info - 开始处理录制代码...
2026-04-21 15:40:07,421 - INFO - logger.py:104 - info - ============================================================
2026-04-21 15:40:07,422 - INFO - logger.py:104 - info - 构建提示词完成，时间戳: 1776757207
2026-04-21 15:40:07,422 - INFO - logger.py:104 - info - 调用AI处理录制代码...
2026-04-21 15:40:07,422 - INFO - logger.py:104 - info - 开始调用豆包AI API...
2026-04-21 15:40:07,422 - INFO - logger.py:104 - info - 发送请求到: https://ark.cn-beijing.volces.com/api/v3/chat/completions
2026-04-21 15:40:45,890 - INFO - logger.py:104 - info - 总token消耗: 2823
2026-04-21 15:40:45,890 - INFO - logger.py:104 - info - 豆包AI API调用成功，耗时: 38.47秒
2026-04-21 15:40:45,892 - INFO - logger.py:104 - info - AI返回原始响应类型: <class 'dict'>
2026-04-21 15:40:45,892 - INFO - logger.py:104 - info - AI处理代码成功
2026-04-21 15:40:45,892 - INFO - logger.py:104 - info - 提取代码块成功
2026-04-21 15:40:45,893 - INFO - logger.py:104 - info - ============================================================
2026-04-21 15:40:45,893 - INFO - logger.py:104 - info - 代码处理完成
2026-04-21 15:40:45,893 - INFO - logger.py:104 - info - ============================================================
2026-04-21 15:40:45,893 - INFO - logger.py:104 - info - 代码格式化完成:
2026-04-21 15:40:45,893 - INFO - logger.py:104 - info - import re
import pytest
from playwright.sync_api import Page, expect
from src.base.base_test import BaseTest
from src.common.logger import logger

class TestFunOptimized(BaseTest):
    """
    用例名：fun_optimized
    用例ms的id：0
    """

    def test_fun_optimized(self, page: Page, project_name: str):
        f"""测试产品档案新增启用质检控制功能
        用例名：fun_optimized
        用例ms的id：0
        项目名：{project_name}

        Args:
            page: 页面实例
            project_name: 项目名称
        """
        logger.info("=" * 60)
        logger.info(f"开始执行用例：fun_optimized")
        logger.info(f"用例ms的id：0")
        logger.info("=" * 60)
        
        # 使用公用登录方法
        self.login(page, project_name)
        logger.info("登录成功，开始菜单导航")
        
        # 点击基础资料菜单
        logger.info("点击基础资料菜单")
        page.locator("div").filter(has_text=re.compile(r"^基础资料$")).nth(2).click()
        
        # 进入产品档案页面
        logger.info("进入产品档案页面")
        page.get_by_text("产品档案").click()
        
        # 获取iframe内容上下文
        tab_iframe = page.locator("iframe[name=\"supos-tab-framework-2\"]").content_frame
        
        # 点击新增产品按钮
        logger.info("点击新增产品按钮")
        tab_iframe.get_by_role("button", name="plus-circle 新增").click()
        
        # 勾选启用质检控制选项
        logger.info("操作勾选启用质检控制")
        tab_iframe.get_by_label("创建产品").get_by_text("启用质检控制").click()
        tab_iframe.locator("#qualityControl").click()
        
        # 断言确认弹窗可见，验证功能正常
        logger.info("验证操作结果，断言弹窗可见")
        expect(tab_iframe.locator("div").filter(has_text=re.compile(r"^启用质检控制是否$")).first).to_be_visible()
        
        logger.info("用例fun_optimized执行完成")
2026-04-21 15:40:45,894 - INFO - logger.py:104 - info - 不需要AI分层，保存格式化后的代码
2026-04-21 15:40:45,895 - INFO - logger.py:104 - info - 格式化后的代码已保存: D:\install\auto_ui-master\src\testcase\LD\product_file\test_fun_optimized.py
