2026-04-22 09:48:58,939 - INFO - logger.py:104 - info - 开始录制: 项目=LD, 模块=bom_management, 用例=material_list_modify, ms_id=0
2026-04-22 09:48:58,941 - INFO - logger.py:104 - info - 启动Playwright Codegen，浏览器: chromium，URL: https://test2.saas-test3.supcon.com:32188
2026-04-22 09:48:58,942 - INFO - logger.py:104 - info - 已启用忽略 HTTPS 证书错误
2026-04-22 09:51:21,034 - INFO - logger.py:104 - info - 录制完成，录制完的代码:
2026-04-22 09:51:21,035 - INFO - logger.py:104 - info - import re
from playwright.sync_api import Playwright, sync_playwright, expect


def run(playwright: Playwright) -> None:
    browser = playwright.chromium.launch(headless=False)
    context = browser.new_context(ignore_https_errors=True)
    page = context.new_page()
    page.goto("https://test2.saas-test3.supcon.com:32188/login#/login")
    page.get_by_role("textbox", name="请输入用户名").click()
    page.get_by_role("textbox", name="请输入用户名").fill("admin")
    page.get_by_role("textbox", name="请输入密码").click()
    page.get_by_role("textbox", name="请输入密码").fill("Supcon1304@")
    page.get_by_role("button", name="登 录").click()
    page.get_by_text("基础资料").click()
    page.get_by_text("物料清单").click()
    expect(page.locator("iframe[name=\"supos-tab-framework-2\"]").content_frame.get_by_role("cell", name="CP2026042000050")).to_be_visible()
    page.locator("iframe[name=\"supos-tab-framework-2\"]").content_frame.get_by_role("cell", name="CP2026042000050").locator("a").click()
    expect(page.locator("iframe[name=\"supos-tab-framework-2\"]").content_frame.locator("div").filter(has_text="父项产品信息父项产品wt").nth(5)).to_be_visible()
    expect(page.locator("iframe[name=\"supos-tab-framework-2\"]").content_frame.get_by_role("dialog", name="查看物料清单").locator("form")).to_be_visible()
    expect(page.locator("iframe[name=\"supos-tab-framework-2\"]").content_frame.get_by_text("子项产品信息")).to_be_visible()
    expect(page.locator("iframe[name=\"supos-tab-framework-2\"]").content_frame.get_by_text("添加子项产品序号物料编号物料名称物料规格单位用量关联工序单位物料来源库存数量备注操作 1PJ00184镜腿套-海伦凯勒中号委外工序采购wbb1副委外删除 To")).to_be_visible()
    expect(page.locator("iframe[name=\"supos-tab-framework-2\"]").content_frame.locator("div").filter(has_text=re.compile(r"^父项产品wt自行车$")).first).to_be_visible()
    expect(page.locator("iframe[name=\"supos-tab-framework-2\"]").content_frame.get_by_title("自制")).to_be_visible()
    expect(page.locator("iframe[name=\"supos-tab-framework-2\"]").content_frame.locator("div").filter(has_text=re.compile(r"^工艺路线$")).first).to_be_visible()
    expect(page.locator("iframe[name=\"supos-tab-framework-2\"]").content_frame.locator("div").filter(has_text=re.compile(r"^单位$")).first).to_be_visible()
    expect(page.locator("iframe[name=\"supos-tab-framework-2\"]").content_frame.locator("div").filter(has_text=re.compile(r"^产品规格$")).first).to_be_visible()
    expect(page.locator("iframe[name=\"supos-tab-framework-2\"]").content_frame.locator("div").filter(has_text=re.compile(r"^物料来源自制$")).first).to_be_visible()
    expect(page.locator("iframe[name=\"supos-tab-framework-2\"]").content_frame.get_by_text("添加子项产品序号物料编号物料名称物料规格单位用量关联工序单位物料来源库存数量备注操作 1PJ00184镜腿套-海伦凯勒中号委外工序采购wbb1副委外删除 To")).to_be_visible()
    page.close()

    # ---------------------
    context.close()
    browser.close()


with sync_playwright() as playwright:
    run(playwright)

2026-04-22 09:51:21,036 - INFO - logger.py:104 - info - 开始AI代码格式化
2026-04-22 09:51:21,037 - INFO - logger.py:104 - info - ============================================================
2026-04-22 09:51:21,037 - INFO - logger.py:104 - info - 开始处理录制代码...
2026-04-22 09:51:21,037 - INFO - logger.py:104 - info - ============================================================
2026-04-22 09:51:21,038 - INFO - logger.py:104 - info - 构建提示词完成，时间戳: 1776822681
2026-04-22 09:51:21,038 - INFO - logger.py:104 - info - 调用AI处理录制代码...
2026-04-22 09:51:21,038 - INFO - logger.py:104 - info - 开始调用豆包AI API...
2026-04-22 09:51:21,039 - INFO - logger.py:104 - info - 发送请求到: https://ark.cn-beijing.volces.com/api/v3/chat/completions
2026-04-22 09:52:08,733 - INFO - logger.py:104 - info - 总token消耗: 4060
2026-04-22 09:52:08,734 - INFO - logger.py:104 - info - 豆包AI API调用成功，耗时: 47.69秒
2026-04-22 09:52:08,735 - INFO - logger.py:104 - info - AI返回原始响应类型: <class 'dict'>
2026-04-22 09:52:08,735 - INFO - logger.py:104 - info - AI处理代码成功
2026-04-22 09:52:08,735 - INFO - logger.py:104 - info - 提取代码块成功
2026-04-22 09:52:08,735 - INFO - logger.py:104 - info - ============================================================
2026-04-22 09:52:08,736 - INFO - logger.py:104 - info - 代码处理完成
2026-04-22 09:52:08,736 - INFO - logger.py:104 - info - ============================================================
2026-04-22 09:52:08,736 - INFO - logger.py:104 - info - 代码格式化完成:
2026-04-22 09:52:08,736 - INFO - logger.py:104 - info - import re
import pytest
from playwright.sync_api import Page, expect
from src.base.base_test import BaseTest
from src.common.logger import logger

class TestMaterialListModify(BaseTest):
    """
    用例名：material_list_modify
    用例ms的id：0
    """

    def test_material_list_modify(self, page: Page, project_name: str):
        f"""测试查看物料清单详情功能
        用例名：material_list_modify
        用例ms的id：0
        项目名：{project_name}

        Args:
            page: 页面实例
            project_name: 项目名称
        """
        logger.info("=" * 60)
        logger.info(f"开始执行用例：material_list_modify")
        logger.info(f"用例ms的id：0")
        logger.info("=" * 60)
        
        # 使用封装好的公用方法完成登录
        self.login(page, project_name)
        logger.info("登录成功，开始导航到物料清单页面")

        # 打开菜单进入物料清单页面
        page.get_by_text("基础资料").click()
        page.get_by_text("物料清单").click()

        # 获取目标iframe，简化后续重复代码
        content_iframe = page.locator("iframe[name=\"supos-tab-framework-2\"]").content_frame
        logger.info("验证目标物料存在，打开物料详情")

        # 核心操作：点击目标物料进入详情
        expect(content_iframe.get_by_role("cell", name="CP2026042000050")).to_be_visible()
        content_iframe.get_by_role("cell", name="CP2026042000050").locator("a").click()

        # 断言详情页所有关键信息展示正常
        logger.info("开始验证物料详情弹窗各项信息")
        expect(content_iframe.locator("div").filter(has_text="父项产品信息父项产品wt").nth(5)).to_be_visible()
        expect(content_iframe.get_by_role("dialog", name="查看物料清单").locator("form")).to_be_visible()
        expect(content_iframe.get_by_text("子项产品信息")).to_be_visible()
        expect(content_iframe.get_by_text("添加子项产品序号物料编号物料名称物料规格单位用量关联工序单位物料来源库存数量备注操作 1PJ00184镜腿套-海伦凯勒中号委外工序采购wbb1副委外删除 To")).to_be_visible()
        expect(content_iframe.locator("div").filter(has_text=re.compile(r"^父项产品wt自行车$")).first).to_be_visible()
        expect(content_iframe.get_by_title("自制")).to_be_visible()
        expect(content_iframe.locator("div").filter(has_text=re.compile(r"^工艺路线$")).first).to_be_visible()
        expect(content_iframe.locator("div").filter(has_text=re.compile(r"^单位$")).first).to_be_visible()
        expect(content_iframe.locator("div").filter(has_text=re.compile(r"^产品规格$")).first).to_be_visible()
        expect(content_iframe.locator("div").filter(has_text=re.compile(r"^物料来源自制$")).first).to_be_visible()
        
        logger.info("所有断言验证通过，用例执行完成")
2026-04-22 09:52:08,737 - INFO - logger.py:104 - info - 不需要AI分层，保存格式化后的代码
2026-04-22 09:52:08,739 - INFO - logger.py:104 - info - 格式化后的代码已保存: D:\install\auto_ui-master\src\testcase\LD\bom_management\test_material_list_modify.py
