2026-04-23 16:22:53,459 - INFO - logger.py:104 - info - 开始录制: 项目=LD, 模块=bom_management, 用例=verify_child_product, ms_id=0
2026-04-23 16:22:53,463 - INFO - logger.py:104 - info - 启动Playwright Codegen，浏览器: chromium，URL: https://test2.saas-test3.supcon.com:32188
2026-04-23 16:22:53,463 - INFO - logger.py:104 - info - 已启用忽略 HTTPS 证书错误
2026-04-23 16:24:06,679 - INFO - logger.py:104 - info - 录制完成，录制完的代码:
2026-04-23 16:24:06,680 - INFO - logger.py:104 - info - import re
from playwright.sync_api import Playwright, sync_playwright, expect


def run(playwright: Playwright) -> None:
    browser = playwright.chromium.launch(headless=False)
    context = browser.new_context(ignore_https_errors=True)
    page = context.new_page()
    page.goto("https://test2.saas-test3.supcon.com:32188/login#/login")
    page.get_by_role("textbox", name="请输入用户名").click()
    page.get_by_role("textbox", name="请输入用户名").fill("admin")
    page.get_by_role("textbox", name="请输入密码").click()
    page.get_by_role("textbox", name="请输入密码").fill("Supcon1304@")
    page.get_by_role("button", name="登 录").click()
    page.get_by_role("button", name="确定").click()
    page.get_by_text("基础资料").click()
    page.get_by_text("物料清单").click()
    page.locator("iframe[name=\"supos-tab-framework-2\"]").content_frame.get_by_role("cell", name="CPZXC001").click()
    page.locator("iframe[name=\"supos-tab-framework-2\"]").content_frame.get_by_role("button", name="返 回").click()
    page.locator("iframe[name=\"supos-tab-framework-2\"]").content_frame.locator(".ant-menu-overflow-item.ant-menu-item.ant-menu-item-active > .ant-menu-title-content > .edit-btn").click()
    page.locator("iframe[name=\"supos-tab-framework-2\"]").content_frame.get_by_role("button", name="plus-circle 添加子项产品").click()
    page.locator("iframe[name=\"supos-tab-framework-2\"]").content_frame.locator(".tree-layout > .list-layout > .table-wrapper").click()
    page.locator("iframe[name=\"supos-tab-framework-2\"]").content_frame.get_by_role("row", name="CPJSG001 金属管 物料 - - 外采 根 - - 周栋 2026-04-23 16:03:38 周栋 2026-04-23 16:03:").get_by_label("", exact=True).check()
    page.locator("iframe[name=\"supos-tab-framework-2\"]").content_frame.get_by_text("取 消选 择").click()
    page.locator("iframe[name=\"supos-tab-framework-2\"]").content_frame.get_by_role("button", name="选 择").click()
    page.locator("iframe[name=\"supos-tab-framework-2\"]").content_frame.get_by_role("button", name="保 存").click()
    page.locator("iframe[name=\"supos-tab-framework-2\"]").content_frame.get_by_role("button", name="holder 3 CPTB001 踏板 Increase").click()
    page.locator("iframe[name=\"supos-tab-framework-2\"]").content_frame.get_by_role("button", name="取 消").click()
    page.locator("iframe[name=\"supos-tab-framework-2\"]").content_frame.locator(".ant-menu-overflow-item.ant-menu-item.ant-menu-item-active > .ant-menu-title-content > .edit-btn").click()
    page.close()

    # ---------------------
    context.close()
    browser.close()


with sync_playwright() as playwright:
    run(playwright)

2026-04-23 16:24:06,681 - INFO - logger.py:104 - info - 开始AI代码格式化
2026-04-23 16:24:06,682 - INFO - logger.py:104 - info - ============================================================
2026-04-23 16:24:06,682 - INFO - logger.py:104 - info - 开始处理录制代码...
2026-04-23 16:24:06,683 - INFO - logger.py:104 - info - ============================================================
2026-04-23 16:24:06,683 - INFO - logger.py:104 - info - 构建提示词完成，时间戳: 1776932646
2026-04-23 16:24:06,683 - INFO - logger.py:104 - info - 调用AI处理录制代码...
2026-04-23 16:24:06,684 - INFO - logger.py:104 - info - 开始调用豆包AI API...
2026-04-23 16:24:06,684 - INFO - logger.py:104 - info - 发送请求到: https://ark.cn-beijing.volces.com/api/v3/chat/completions
