2026-04-28 14:15:36,771 - INFO - logger.py:104 - info - 开始录制: 项目=LD, 模块=mobile_card_configuration, 用例=verify_create_settings, ms_id=0
2026-04-28 14:15:36,774 - INFO - logger.py:104 - info - 启动Playwright Codegen，浏览器: chromium，URL: https://test2.saas-test3.supcon.com:32188
2026-04-28 14:15:36,775 - INFO - logger.py:104 - info - 已启用忽略 HTTPS 证书错误
2026-04-28 14:16:38,865 - INFO - logger.py:104 - info - 录制完成，录制完的代码:
2026-04-28 14:16:38,865 - INFO - logger.py:104 - info - import re
from playwright.sync_api import Playwright, sync_playwright, expect


def run(playwright: Playwright) -> None:
    browser = playwright.chromium.launch(headless=False)
    context = browser.new_context(ignore_https_errors=True)
    page = context.new_page()
    page.goto("https://test2.saas-test3.supcon.com:32188/login#/login")
    page.get_by_role("textbox", name="请输入用户名").click()
    page.get_by_role("textbox", name="请输入用户名").fill("admin")
    page.get_by_role("textbox", name="请输入密码").click()
    page.get_by_role("textbox", name="请输入密码").fill("Supcon1304@")
    page.get_by_role("button", name="登 录").click()
    page.get_by_role("button", name="确定").click()
    page.get_by_text("基础资料").click()
    page.get_by_text("系统配置").click()
    page.get_by_text("移动端卡片配置").click()
    page.locator("iframe[name=\"supos-tab-framework-2\"]").content_frame.get_by_role("button", name="plus-circle 新增模板").click()
    page.locator("iframe[name=\"supos-tab-framework-2\"]").content_frame.locator("label").filter(has_text="工单编号").click()
    page.locator("iframe[name=\"supos-tab-framework-2\"]").content_frame.get_by_role("checkbox", name="产品信息").check()
    page.locator("iframe[name=\"supos-tab-framework-2\"]").content_frame.get_by_role("checkbox", name="工序编码").check()
    page.locator("iframe[name=\"supos-tab-framework-2\"]").content_frame.get_by_role("checkbox", name="工序名称").check()
    page.close()

    # ---------------------
    context.close()
    browser.close()


with sync_playwright() as playwright:
    run(playwright)

2026-04-28 14:16:38,866 - INFO - logger.py:104 - info - 开始AI代码格式化
2026-04-28 14:16:38,866 - INFO - logger.py:104 - info - ============================================================
2026-04-28 14:16:38,866 - INFO - logger.py:104 - info - 开始处理录制代码...
2026-04-28 14:16:38,867 - INFO - logger.py:104 - info - ============================================================
2026-04-28 14:16:38,867 - INFO - logger.py:104 - info - 构建提示词完成，时间戳: 1777356998
2026-04-28 14:16:38,867 - INFO - logger.py:104 - info - 调用AI处理录制代码...
2026-04-28 14:16:38,867 - INFO - logger.py:104 - info - 开始调用豆包AI API...
2026-04-28 14:16:38,868 - INFO - logger.py:104 - info - 发送请求到: https://ark.cn-beijing.volces.com/api/v3/chat/completions
2026-04-28 14:17:16,051 - INFO - logger.py:104 - info - 总token消耗: 2848
2026-04-28 14:17:16,051 - INFO - logger.py:104 - info - 豆包AI API调用成功，耗时: 37.18秒
2026-04-28 14:17:16,053 - INFO - logger.py:104 - info - AI返回原始响应类型: <class 'dict'>
2026-04-28 14:17:16,053 - INFO - logger.py:104 - info - AI处理代码成功
2026-04-28 14:17:16,053 - INFO - logger.py:104 - info - 提取代码块成功
2026-04-28 14:17:16,054 - INFO - logger.py:104 - info - ============================================================
2026-04-28 14:17:16,054 - INFO - logger.py:104 - info - 代码处理完成
2026-04-28 14:17:16,055 - INFO - logger.py:104 - info - ============================================================
2026-04-28 14:17:16,055 - INFO - logger.py:104 - info - 代码格式化完成:
2026-04-28 14:17:16,055 - INFO - logger.py:104 - info - import re
import pytest
from playwright.sync_api import Page, expect
from src.base.base_test import BaseTest
from src.common.logger import logger

class TestVerifyCreateMobileCardSettings(BaseTest):
    """
    用例名：verify_create_settings
    用例ms的id：0
    """

    def test_verify_create_settings(self, page: Page, project_name: str):
        f"""测试新增移动端卡片配置功能
        用例名：verify_create_settings
        用例ms的id：0
        项目名：{project_name}

        Args:
            page: 页面实例
            project_name: 项目名称
        """
        logger.info("=" * 60)
        logger.info(f"开始执行用例：verify_create_settings")
        logger.info(f"用例ms的id：0")
        logger.info("=" * 60)
        
        # 使用封装好的公用登录方法
        logger.info("执行系统登录")
        self.login(page, project_name)
        
        # 登录后确认弹窗
        logger.info("点击登录后确定按钮")
        page.get_by_role("button", name="确定").click()
        
        # 导航到移动端卡片配置页面
        logger.info("导航到移动端卡片配置页面")
        page.get_by_text("基础资料").click()
        page.get_by_text("系统配置").click()
        page.get_by_text("移动端卡片配置").click()
        
        # 获取iframe上下文，点击新增模板按钮
        logger.info("点击新增模板按钮")
        card_iframe = page.locator("iframe[name=\"supos-tab-framework-2\"]").content_frame
        card_iframe.get_by_role("button", name="plus-circle 新增模板").click()
        
        # 勾选需要展示的配置字段
        logger.info("配置模板展示字段")
        card_iframe.locator("label").filter(has_text="工单编号").click()
        card_iframe.get_by_role("checkbox", name="产品信息").check()
        card_iframe.get_by_role("checkbox", name="工序编码").check()
        card_iframe.get_by_role("checkbox", name="工序名称").check()
        
        logger.info("用例verify_create_settings执行完成")
2026-04-28 14:17:16,056 - INFO - logger.py:104 - info - 不需要AI分层，保存格式化后的代码
2026-04-28 14:17:16,057 - INFO - logger.py:104 - info - 格式化后的代码已保存: D:\install\auto_ui-master\src\testcase\LD\mobile_card_configuration\test_verify_create_settings.py
