2026-04-23 16:57:58,759 - INFO - logger.py:104 - info - 开始执行测试
2026-04-23 16:57:58,760 - INFO - logger.py:104 - info - 使用单线程运行测试，避免Playwright Sync API在asyncio循环中的错误
2026-04-23 16:57:58,760 - INFO - logger.py:104 - info - Pytest执行参数: ['D:\\install\\auto_ui-master\\src\\testcase\\LD\\bom_management\\test_bom_check_child.py', '-p', 'no:xdist', '--tb=short', '--tb=short', '--timeout=180', '--alluredir', 'reports\\allure_report_20260423_165758']
2026-04-23 16:58:01,029 - INFO - logger.py:104 - info - 开始执行测试: TestBomCheckChild
2026-04-23 16:58:01,040 - INFO - logger.py:104 - info - 启动浏览器: Chromium, 无头模式: False
2026-04-23 16:58:04,326 - INFO - logger.py:104 - info - ============================================================
2026-04-23 16:58:04,331 - INFO - logger.py:104 - info - 开始执行用例：bom_check_child
2026-04-23 16:58:04,335 - INFO - logger.py:104 - info - 用例ms的id：0
2026-04-23 16:58:04,341 - INFO - logger.py:104 - info - ============================================================
2026-04-23 16:58:04,345 - INFO - logger.py:104 - info - 开始登录 LD 项目...
2026-04-23 16:58:04,348 - INFO - logger.py:104 - info - 登录URL: https://test2.saas-test3.supcon.com:32188
2026-04-23 16:58:04,351 - INFO - logger.py:104 - info - 用户名: admin
2026-04-23 16:58:17,910 - INFO - logger.py:104 - info - LD 项目登录成功！
2026-04-23 16:58:17,916 - INFO - logger.py:104 - info - 登录成功，开始进入目标菜单
2026-04-23 16:58:48,827 - INFO - logger.py:104 - info - 关闭页面
2026-04-23 16:58:48,851 - INFO - logger.py:104 - info - 关闭浏览器上下文
2026-04-23 16:58:48,889 - INFO - logger.py:104 - info - 关闭浏览器
2026-04-23 16:58:49,285 - INFO - logger.py:104 - info - 测试执行完成: TestBomCheckChild
2026-04-23 16:58:50,001 - ERROR - logger.py:112 - error - 生成Allure报告失败: Allure命令行工具未找到，请确保已安装并添加到系统PATH中
2026-04-23 16:58:50,002 - INFO - logger.py:104 - info - 测试执行完成，耗时: 51.22秒
2026-04-23 16:58:50,002 - INFO - logger.py:104 - info - 执行结果: 失败
