2026-05-09 09:18:00,308 - INFO - logger.py:104 - info - 开始执行测试
2026-05-09 09:18:00,309 - INFO - logger.py:104 - info - 使用单线程运行测试，避免Playwright Sync API在asyncio循环中的错误
2026-05-09 09:18:00,310 - INFO - logger.py:104 - info - Pytest执行参数: ['D:\\install\\auto_ui-master\\src\\testcase\\LD\\bom_management\\test_export_import.py', '-p', 'no:xdist', '--tb=short', '--tb=short', '--timeout=180', '--alluredir', 'reports\\allure_report_20260509_091800']
2026-05-09 09:18:03,264 - INFO - logger.py:104 - info - 开始执行测试: TestBomImportExport
2026-05-09 09:18:03,274 - INFO - logger.py:104 - info - 启动浏览器: Chromium, 无头模式: False
2026-05-09 09:18:07,053 - INFO - logger.py:104 - info - ============================================================
2026-05-09 09:18:07,057 - INFO - logger.py:104 - info - 开始执行用例：export_import
2026-05-09 09:18:07,062 - INFO - logger.py:104 - info - 用例ms的id：101308
2026-05-09 09:18:07,066 - INFO - logger.py:104 - info - ============================================================
2026-05-09 09:18:07,071 - INFO - logger.py:104 - info - Excel文件路径: D:\install\auto_ui-master\src\data\LD\bom_management\101308测试导入.xlsx
2026-05-09 09:18:07,077 - INFO - logger.py:104 - info - 登录目标系统
2026-05-09 09:18:07,082 - INFO - logger.py:104 - info - 开始登录 LD 项目...
2026-05-09 09:18:07,088 - INFO - logger.py:104 - info - 登录URL: https://test2.saas-test3.supcon.com:32188
2026-05-09 09:18:07,096 - INFO - logger.py:104 - info - 用户名: admin
2026-05-09 09:18:11,279 - INFO - logger.py:104 - info - 检查是否存在在线用户超限提示
2026-05-09 09:18:11,833 - INFO - logger.py:104 - info - 已自动点击在线用户提示的确定按钮
2026-05-09 09:18:17,858 - INFO - logger.py:104 - info - LD 项目登录成功！
2026-05-09 09:18:17,862 - INFO - logger.py:104 - info - 进入基础资料->物料清单页面
2026-05-09 09:18:19,101 - INFO - logger.py:104 - info - 打开导入窗口，上传测试文件
2026-05-09 09:18:22,941 - INFO - logger.py:104 - info - 校验弹窗提示，确认导入操作
2026-05-09 09:18:23,547 - INFO - logger.py:104 - info - 校验导入日志结果
2026-05-09 09:18:31,788 - INFO - logger.py:104 - info - 关闭页面
2026-05-09 09:18:31,895 - INFO - logger.py:104 - info - 关闭浏览器上下文
2026-05-09 09:18:31,916 - INFO - logger.py:104 - info - 关闭浏览器
2026-05-09 09:18:32,301 - INFO - logger.py:104 - info - 测试执行完成: TestBomImportExport
2026-05-09 09:18:33,435 - ERROR - logger.py:112 - error - 生成Allure报告失败: Allure命令行工具未找到，请确保已安装并添加到系统PATH中
2026-05-09 09:18:33,436 - INFO - logger.py:104 - info - 测试执行完成，耗时: 33.09秒
2026-05-09 09:18:33,436 - INFO - logger.py:104 - info - 执行结果: 失败
