2026-04-22 16:28:45,923 - INFO - logger.py:104 - info - 开始执行测试
2026-04-22 16:28:45,924 - INFO - logger.py:104 - info - 使用单线程运行测试，避免Playwright Sync API在asyncio循环中的错误
2026-04-22 16:28:45,924 - INFO - logger.py:104 - info - Pytest执行参数: ['D:\\install\\auto_ui-master\\src\\testcase\\LD\\bom_management\\test_verify_import_empty_excel.py', '-p', 'no:xdist', '--tb=short', '--tb=short', '--timeout=180', '--alluredir', 'reports\\allure_report_20260422_162845']
2026-04-22 16:28:47,726 - INFO - logger.py:104 - info - 开始执行测试: TestVerifyImportEmptyExcel
2026-04-22 16:28:47,740 - INFO - logger.py:104 - info - 启动浏览器: Chromium, 无头模式: False
2026-04-22 16:28:50,064 - INFO - logger.py:104 - info - ============================================================
2026-04-22 16:28:50,072 - INFO - logger.py:104 - info - 开始执行用例：verify_import_empty_excel
2026-04-22 16:28:50,076 - INFO - logger.py:104 - info - 用例ms的id：0
2026-04-22 16:28:50,128 - INFO - logger.py:104 - info - ============================================================
2026-04-22 16:28:50,166 - INFO - logger.py:104 - info - 测试文件: D:\install\auto_ui-master\src\data\LD\bom_management\工作簿1.xlsx
2026-04-22 16:28:50,201 - INFO - logger.py:104 - info - 调用公用登录方法完成登录
2026-04-22 16:28:50,207 - INFO - logger.py:104 - info - 开始登录 LD 项目...
2026-04-22 16:28:50,224 - INFO - logger.py:104 - info - 登录URL: https://test2.saas-test3.supcon.com:32188
2026-04-22 16:28:50,229 - INFO - logger.py:104 - info - 用户名: admin
2026-04-22 16:29:03,543 - INFO - logger.py:104 - info - LD 项目登录成功！
2026-04-22 16:29:03,545 - INFO - logger.py:104 - info - 导航进入基础资料->物料清单页面
2026-04-22 16:29:04,684 - INFO - logger.py:104 - info - 点击导入按钮，打开导入弹窗
2026-04-22 16:29:06,301 - INFO - logger.py:104 - info - 选择并上传测试Excel文件
2026-04-22 16:29:06,856 - INFO - logger.py:104 - info - 确认导入，验证导入执行结果
2026-04-22 16:29:10,468 - INFO - logger.py:104 - info - 关闭弹窗，用例执行完成
2026-04-22 16:29:11,026 - INFO - logger.py:104 - info - 用例verify_import_empty_excel执行结束
2026-04-22 16:29:11,032 - INFO - logger.py:104 - info - 关闭页面
2026-04-22 16:29:11,055 - INFO - logger.py:104 - info - 关闭浏览器上下文
2026-04-22 16:29:11,124 - INFO - logger.py:104 - info - 关闭浏览器
2026-04-22 16:29:11,527 - INFO - logger.py:104 - info - 测试执行完成: TestVerifyImportEmptyExcel
2026-04-22 16:29:12,591 - ERROR - logger.py:112 - error - 生成Allure报告失败: Allure命令行工具未找到，请确保已安装并添加到系统PATH中
2026-04-22 16:29:12,592 - INFO - logger.py:104 - info - 测试执行完成，耗时: 26.64秒
2026-04-22 16:29:12,592 - INFO - logger.py:104 - info - 执行结果: 成功
