2026-05-09 09:28:49,855 - INFO - logger.py:104 - info - 开始执行测试
2026-05-09 09:28:49,856 - INFO - logger.py:104 - info - 使用单线程运行测试，避免Playwright Sync API在asyncio循环中的错误
2026-05-09 09:28:49,856 - INFO - logger.py:104 - info - Pytest执行参数: ['D:\\install\\auto_ui-master\\src\\testcase\\LD\\bom_management\\test_verify_import_export_button.py', '-p', 'no:xdist', '--tb=short', '--tb=short', '--timeout=180', '--alluredir', 'reports\\allure_report_20260509_092849']
2026-05-09 09:28:53,789 - INFO - logger.py:104 - info - 开始执行测试: TestVerifyImportExportButton
2026-05-09 09:28:53,851 - INFO - logger.py:104 - info - 启动浏览器: Chromium, 无头模式: False
2026-05-09 09:28:58,880 - INFO - logger.py:104 - info - ============================================================
2026-05-09 09:28:58,883 - INFO - logger.py:104 - info - 开始执行用例：verify_import_export_button
2026-05-09 09:28:58,885 - INFO - logger.py:104 - info - 用例ms的id：101312
2026-05-09 09:28:58,888 - INFO - logger.py:104 - info - ============================================================
2026-05-09 09:28:58,890 - INFO - logger.py:104 - info - 开始登录 LD 项目...
2026-05-09 09:28:58,894 - INFO - logger.py:104 - info - 登录URL: https://test2.saas-test3.supcon.com:32188
2026-05-09 09:28:58,898 - INFO - logger.py:104 - info - 用户名: admin
2026-05-09 09:29:02,524 - INFO - logger.py:104 - info - 检查是否存在在线用户超限提示
2026-05-09 09:29:03,248 - INFO - logger.py:104 - info - 已自动点击在线用户提示的确定按钮
2026-05-09 09:29:09,272 - INFO - logger.py:104 - info - LD 项目登录成功！
2026-05-09 09:29:09,276 - INFO - logger.py:104 - info - 进入物料清单页面
2026-05-09 09:29:10,401 - INFO - logger.py:104 - info - 验证导入导出按钮可见性
2026-05-09 09:29:10,805 - INFO - logger.py:104 - info - 用例verify_import_export_button执行完成
2026-05-09 09:29:10,830 - INFO - logger.py:104 - info - 关闭页面
2026-05-09 09:29:10,850 - INFO - logger.py:104 - info - 关闭浏览器上下文
2026-05-09 09:29:10,887 - INFO - logger.py:104 - info - 关闭浏览器
2026-05-09 09:29:11,207 - INFO - logger.py:104 - info - 测试执行完成: TestVerifyImportExportButton
2026-05-09 09:29:11,671 - ERROR - logger.py:112 - error - 生成Allure报告失败: Allure命令行工具未找到，请确保已安装并添加到系统PATH中
2026-05-09 09:29:11,672 - INFO - logger.py:104 - info - 测试执行完成，耗时: 21.79秒
2026-05-09 09:29:11,672 - INFO - logger.py:104 - info - 执行结果: 成功
