2026-04-28 13:51:58,292 - INFO - logger.py:104 - info - 开始执行测试
2026-04-28 13:51:58,292 - INFO - logger.py:104 - info - 使用单线程运行测试，避免Playwright Sync API在asyncio循环中的错误
2026-04-28 13:51:58,292 - INFO - logger.py:104 - info - Pytest执行参数: ['D:\\install\\auto_ui-master\\src\\testcase\\LD\\Interface_solution_configuration\\test_verify_interface_integration_save.py', '-p', 'no:xdist', '--tb=short', '--tb=short', '--timeout=180', '--alluredir', 'reports\\allure_report_20260428_135158']
2026-04-28 13:51:59,987 - INFO - logger.py:104 - info - 开始执行测试: TestVerifyInterfaceIntegrationSave
2026-04-28 13:51:59,995 - INFO - logger.py:104 - info - 启动浏览器: Chromium, 无头模式: False
2026-04-28 13:52:03,197 - INFO - logger.py:104 - info - ============================================================
2026-04-28 13:52:03,203 - INFO - logger.py:104 - info - 开始执行verify_interface_integration_save
2026-04-28 13:52:03,224 - INFO - logger.py:104 - info - 用例ms的id：0
2026-04-28 13:52:03,229 - INFO - logger.py:104 - info - ============================================================
2026-04-28 13:52:03,241 - INFO - logger.py:104 - info - 完成系统登录
2026-04-28 13:52:03,246 - INFO - logger.py:104 - info - 开始登录 LD 项目...
2026-04-28 13:52:03,256 - INFO - logger.py:104 - info - 登录URL: https://test2.saas-test3.supcon.com:32188
2026-04-28 13:52:03,287 - INFO - logger.py:104 - info - 用户名: admin
2026-04-28 13:52:07,167 - INFO - logger.py:104 - info - 检查是否存在在线用户超限提示
2026-04-28 13:52:07,740 - INFO - logger.py:104 - info - 已自动点击在线用户提示的确定按钮
2026-04-28 13:52:13,769 - INFO - logger.py:104 - info - LD 项目登录成功！
2026-04-28 13:52:13,772 - INFO - logger.py:104 - info - 导航进入接口方案配置页面
2026-04-28 13:52:15,552 - INFO - logger.py:104 - info - 执行编辑后保存操作
2026-04-28 13:52:16,847 - INFO - logger.py:104 - info - verify_interface_integration_save用例执行完成
2026-04-28 13:52:16,852 - INFO - logger.py:104 - info - 关闭页面
2026-04-28 13:52:16,872 - INFO - logger.py:104 - info - 关闭浏览器上下文
2026-04-28 13:52:16,938 - INFO - logger.py:104 - info - 关闭浏览器
2026-04-28 13:52:17,291 - INFO - logger.py:104 - info - 测试执行完成: TestVerifyInterfaceIntegrationSave
2026-04-28 13:52:18,130 - ERROR - logger.py:112 - error - 生成Allure报告失败: Allure命令行工具未找到，请确保已安装并添加到系统PATH中
2026-04-28 13:52:18,131 - INFO - logger.py:104 - info - 测试执行完成，耗时: 19.81秒
2026-04-28 13:52:18,131 - INFO - logger.py:104 - info - 执行结果: 成功
