2026-05-09 08:51:37,226 - INFO - logger.py:104 - info - 开始执行测试
2026-05-09 08:51:37,227 - INFO - logger.py:104 - info - 使用单线程运行测试，避免Playwright Sync API在asyncio循环中的错误
2026-05-09 08:51:37,227 - INFO - logger.py:104 - info - Pytest执行参数: ['D:\\install\\auto_ui-master\\src\\testcase\\LD\\bom_management\\test_verify_child_product.py', '-p', 'no:xdist', '--tb=short', '--tb=short', '--timeout=180', '--alluredir', 'reports\\allure_report_20260509_085137']
2026-05-09 08:51:40,046 - INFO - logger.py:104 - info - 开始执行测试: TestVerifyChildProduct
2026-05-09 08:51:40,056 - INFO - logger.py:104 - info - 启动浏览器: Chromium, 无头模式: False
2026-05-09 08:51:43,346 - INFO - logger.py:104 - info - ============================================================
2026-05-09 08:51:43,349 - INFO - logger.py:104 - info - 开始执行测试用例：verify_child_product
2026-05-09 08:51:43,352 - INFO - logger.py:104 - info - 用例ms ID：100991
2026-05-09 08:51:43,355 - INFO - logger.py:104 - info - ============================================================
2026-05-09 08:51:43,358 - INFO - logger.py:104 - info - 开始登录 LD 项目...
2026-05-09 08:51:43,361 - INFO - logger.py:104 - info - 登录URL: https://test2.saas-test3.supcon.com:32188
2026-05-09 08:51:43,364 - INFO - logger.py:104 - info - 用户名: admin
2026-05-09 08:51:47,361 - INFO - logger.py:104 - info - 检查是否存在在线用户超限提示
2026-05-09 08:51:47,925 - INFO - logger.py:104 - info - 已自动点击在线用户提示的确定按钮
2026-05-09 08:51:53,953 - INFO - logger.py:104 - info - LD 项目登录成功！
2026-05-09 08:51:53,956 - INFO - logger.py:104 - info - 导航到物料清单模块
2026-05-09 08:51:55,154 - INFO - logger.py:104 - info - 进入编辑，发起添加子产品操作
2026-05-09 08:51:56,768 - INFO - logger.py:104 - info - 选择目标子产品
2026-05-09 08:51:58,091 - INFO - logger.py:104 - info - 执行关联工序操作
2026-05-09 08:52:29,611 - INFO - logger.py:104 - info - 关闭页面
2026-05-09 08:52:29,629 - INFO - logger.py:104 - info - 关闭浏览器上下文
2026-05-09 08:52:29,649 - INFO - logger.py:104 - info - 关闭浏览器
2026-05-09 08:52:29,902 - INFO - logger.py:104 - info - 测试执行完成: TestVerifyChildProduct
2026-05-09 08:52:30,420 - ERROR - logger.py:112 - error - 生成Allure报告失败: Allure命令行工具未找到，请确保已安装并添加到系统PATH中
2026-05-09 08:52:30,421 - INFO - logger.py:104 - info - 测试执行完成，耗时: 53.17秒
2026-05-09 08:52:30,422 - INFO - logger.py:104 - info - 执行结果: 失败
