2026-05-09 11:47:59,697 - INFO - logger.py:104 - info - 开始执行测试
2026-05-09 11:47:59,703 - INFO - logger.py:104 - info - 使用单线程运行测试，避免Playwright Sync API在asyncio循环中的错误
2026-05-09 11:47:59,703 - INFO - logger.py:104 - info - Pytest执行参数: ['D:\\install\\auto_ui-master\\src\\testcase\\LD\\customer_file\\test_import_empty.py', '-p', 'no:xdist', '--tb=short', '--tb=short', '--timeout=180', '--alluredir', 'reports\\allure_report_20260509_114759']
2026-05-09 11:48:03,804 - INFO - logger.py:104 - info - 开始执行测试: TestImportEmpty
2026-05-09 11:48:03,816 - INFO - logger.py:104 - info - 启动浏览器: Chromium, 无头模式: False
2026-05-09 11:48:07,465 - INFO - logger.py:104 - info - ============================================================
2026-05-09 11:48:07,468 - INFO - logger.py:104 - info - 开始执行用例：import_empty
2026-05-09 11:48:07,471 - INFO - logger.py:104 - info - 用例ms ID：101271
2026-05-09 11:48:07,474 - INFO - logger.py:104 - info - ============================================================
2026-05-09 11:48:07,477 - INFO - logger.py:104 - info - 测试文件: D:\install\auto_ui-master\src\data\LD\customer_file\空表.xlsx
2026-05-09 11:48:07,480 - INFO - logger.py:104 - info - 调用公用登录方法登录系统
2026-05-09 11:48:07,483 - INFO - logger.py:104 - info - 开始登录 LD 项目...
2026-05-09 11:48:07,487 - INFO - logger.py:104 - info - 登录URL: https://test2.saas-test3.supcon.com:32188
2026-05-09 11:48:07,488 - INFO - logger.py:104 - info - 用户名: admin
2026-05-09 11:48:11,166 - INFO - logger.py:104 - info - 检查是否存在在线用户超限提示
2026-05-09 11:48:11,724 - INFO - logger.py:104 - info - 已自动点击在线用户提示的确定按钮
2026-05-09 11:48:17,747 - INFO - logger.py:104 - info - LD 项目登录成功！
2026-05-09 11:48:17,750 - INFO - logger.py:104 - info - 进入客户档案页面
2026-05-09 11:48:18,991 - INFO - logger.py:104 - info - 定位客户资料页面
2026-05-09 11:48:18,993 - INFO - logger.py:104 - info - 点击第一个客户的客户编码，激活客户产品映射页面
2026-05-09 11:48:26,462 - INFO - logger.py:104 - info - 关闭页面
2026-05-09 11:48:26,477 - INFO - logger.py:104 - info - 关闭浏览器上下文
2026-05-09 11:48:26,494 - INFO - logger.py:104 - info - 关闭浏览器
2026-05-09 11:48:26,889 - INFO - logger.py:104 - info - 测试执行完成: TestImportEmpty
2026-05-09 11:48:27,806 - ERROR - logger.py:112 - error - 生成Allure报告失败: Allure命令行工具未找到，请确保已安装并添加到系统PATH中
2026-05-09 11:48:27,807 - INFO - logger.py:104 - info - 测试执行完成，耗时: 28.08秒
2026-05-09 11:48:27,807 - INFO - logger.py:104 - info - 执行结果: 失败
