2026-04-24 09:12:30,798 - INFO - logger.py:104 - info - 开始执行测试
2026-04-24 09:12:30,799 - INFO - logger.py:104 - info - 使用单线程运行测试，避免Playwright Sync API在asyncio循环中的错误
2026-04-24 09:12:30,799 - INFO - logger.py:104 - info - Pytest执行参数: ['D:\\install\\auto_ui-master\\src\\testcase\\LD\\customer_file\\test_verify_import.py', '-p', 'no:xdist', '--tb=short', '--tb=short', '--timeout=180', '--alluredir', 'reports\\allure_report_20260424_091230']
2026-04-24 09:12:32,423 - INFO - logger.py:104 - info - 开始执行测试: TestVerifyImport
2026-04-24 09:12:32,433 - INFO - logger.py:104 - info - 启动浏览器: Chromium, 无头模式: False
2026-04-24 09:12:34,650 - INFO - logger.py:104 - info - ============================================================
2026-04-24 09:12:34,656 - INFO - logger.py:104 - info - 开始执行verify_import
2026-04-24 09:12:34,660 - INFO - logger.py:104 - info - 用例ms的id：0
2026-04-24 09:12:34,674 - INFO - logger.py:104 - info - ============================================================
2026-04-24 09:12:34,683 - INFO - logger.py:104 - info - 开始登录 LD 项目...
2026-04-24 09:12:34,695 - INFO - logger.py:104 - info - 登录URL: https://test2.saas-test3.supcon.com:32188
2026-04-24 09:12:34,702 - INFO - logger.py:104 - info - 用户名: admin
2026-04-24 09:12:43,032 - INFO - logger.py:104 - info - 检查是否存在在线用户超限提示
2026-04-24 09:12:48,081 - INFO - logger.py:104 - info - LD 项目登录成功！
2026-04-24 09:12:48,084 - INFO - logger.py:104 - info - 进入客户档案页面
2026-04-24 09:12:49,207 - INFO - logger.py:104 - info - 测试文件: D:\install\auto_ui-master\src\data\LD\customer_file\客户资料_2026_04_24.xls
2026-04-24 09:12:49,210 - INFO - logger.py:104 - info - 上传待导入的客户资料文件
2026-04-24 09:12:50,986 - INFO - logger.py:104 - info - 等待导入弹窗加载
2026-04-24 09:13:01,200 - INFO - logger.py:104 - info - 关闭页面
2026-04-24 09:13:01,223 - INFO - logger.py:104 - info - 关闭浏览器上下文
2026-04-24 09:13:01,277 - INFO - logger.py:104 - info - 关闭浏览器
2026-04-24 09:13:01,595 - INFO - logger.py:104 - info - 测试执行完成: TestVerifyImport
2026-04-24 09:13:02,791 - ERROR - logger.py:112 - error - 生成Allure报告失败: Allure命令行工具未找到，请确保已安装并添加到系统PATH中
2026-04-24 09:13:02,792 - INFO - logger.py:104 - info - 测试执行完成，耗时: 31.97秒
2026-04-24 09:13:02,793 - INFO - logger.py:104 - info - 执行结果: 失败
