2026-05-08 13:20:08,466 - INFO - logger.py:104 - info - 开始执行测试
2026-05-08 13:20:08,467 - INFO - logger.py:104 - info - 使用单线程运行测试，避免Playwright Sync API在asyncio循环中的错误
2026-05-08 13:20:08,467 - INFO - logger.py:104 - info - Pytest执行参数: ['D:\\install\\auto_ui-master\\src\\testcase\\LD\\system_configuration', '-p', 'no:xdist', '--tb=short', '--tb=short', '--timeout=180', '--alluredir', 'reports\\allure_report_20260508_132008']
2026-05-08 13:20:12,587 - INFO - logger.py:104 - info - 开始执行测试: TestCheckSettingsList
2026-05-08 13:20:12,598 - INFO - logger.py:104 - info - 启动浏览器: Chromium, 无头模式: False
2026-05-08 13:20:15,980 - INFO - logger.py:104 - info - ============================================================
2026-05-08 13:20:16,405 - INFO - logger.py:104 - info - 开始执行用例：check_settings_list
2026-05-08 13:20:16,407 - INFO - logger.py:104 - info - 用例ms的id：0
2026-05-08 13:20:16,409 - INFO - logger.py:104 - info - ============================================================
2026-05-08 13:20:16,412 - INFO - logger.py:104 - info - 调用公用登录方法完成登录
2026-05-08 13:20:16,415 - INFO - logger.py:104 - info - 开始登录 LD 项目...
2026-05-08 13:20:16,417 - INFO - logger.py:104 - info - 登录URL: https://test2.saas-test3.supcon.com:32188
2026-05-08 13:20:16,419 - INFO - logger.py:104 - info - 用户名: admin
2026-05-08 13:20:20,278 - INFO - logger.py:104 - info - 检查是否存在在线用户超限提示
2026-05-08 13:20:20,841 - INFO - logger.py:104 - info - 已自动点击在线用户提示的确定按钮
2026-05-08 13:20:26,866 - INFO - logger.py:104 - info - LD 项目登录成功！
2026-05-08 13:20:26,870 - INFO - logger.py:104 - info - 进入标签打印配置页面
2026-05-08 13:20:28,667 - INFO - logger.py:104 - info - 点击页面刷新按钮
2026-05-08 13:20:29,262 - INFO - logger.py:104 - info - 开始校验列表表头信息
2026-05-08 13:20:29,375 - INFO - logger.py:104 - info - 校验列表行操作按钮信息
2026-05-08 13:20:29,391 - INFO - logger.py:104 - info - 用例check_settings_list执行完成
2026-05-08 13:20:29,397 - INFO - logger.py:104 - info - 关闭页面
2026-05-08 13:20:29,478 - INFO - logger.py:104 - info - 关闭浏览器上下文
2026-05-08 13:20:29,551 - INFO - logger.py:104 - info - 关闭浏览器
2026-05-08 13:20:30,128 - INFO - logger.py:104 - info - 测试执行完成: TestCheckSettingsList
2026-05-08 13:20:30,162 - INFO - logger.py:104 - info - 开始执行测试: TestVerifyDeleteFunction
2026-05-08 13:20:30,166 - INFO - logger.py:104 - info - 启动浏览器: Chromium, 无头模式: False
2026-05-08 13:20:34,329 - INFO - logger.py:104 - info - ============================================================
2026-05-08 13:20:34,362 - INFO - logger.py:104 - info - 开始执行用例：verify_delete_function
2026-05-08 13:20:34,370 - INFO - logger.py:104 - info - 用例ms的id：0
2026-05-08 13:20:34,411 - INFO - logger.py:104 - info - ============================================================
2026-05-08 13:20:34,430 - INFO - logger.py:104 - info - 调用公用登录方法登录系统
2026-05-08 13:20:34,433 - INFO - logger.py:104 - info - 开始登录 LD 项目...
2026-05-08 13:20:34,435 - INFO - logger.py:104 - info - 登录URL: https://test2.saas-test3.supcon.com:32188
2026-05-08 13:20:34,444 - INFO - logger.py:104 - info - 用户名: admin
2026-05-08 13:20:38,432 - INFO - logger.py:104 - info - 检查是否存在在线用户超限提示
2026-05-08 13:20:39,085 - INFO - logger.py:104 - info - 已自动点击在线用户提示的确定按钮
2026-05-08 13:20:45,135 - INFO - logger.py:104 - info - LD 项目登录成功！
2026-05-08 13:20:45,139 - INFO - logger.py:104 - info - 登录完成，后续跳转进入标签打印配置页面
2026-05-08 13:20:46,999 - INFO - logger.py:104 - info - 开始执行删除功能验证
2026-05-08 13:20:47,002 - INFO - logger.py:104 - info - 测试场景1：删除第二条配置，确认删除操作
2026-05-08 13:20:48,713 - INFO - logger.py:104 - info - 测试场景2：删除第一条配置，取消删除操作
2026-05-08 13:20:49,896 - INFO - logger.py:104 - info - 用例verify_delete_function执行完成
2026-05-08 13:20:49,903 - INFO - logger.py:104 - info - 关闭页面
2026-05-08 13:20:49,924 - INFO - logger.py:104 - info - 关闭浏览器上下文
2026-05-08 13:20:49,998 - INFO - logger.py:104 - info - 关闭浏览器
2026-05-08 13:20:50,597 - INFO - logger.py:104 - info - 测试执行完成: TestVerifyDeleteFunction
2026-05-08 13:20:50,823 - INFO - logger.py:104 - info - 开始执行测试: TestVerifyEditFunction
2026-05-08 13:20:50,828 - INFO - logger.py:104 - info - 启动浏览器: Chromium, 无头模式: False
2026-05-08 13:20:54,706 - INFO - logger.py:104 - info - ============================================================
2026-05-08 13:20:54,783 - INFO - logger.py:104 - info - 开始执行用例：verify_edit_function
2026-05-08 13:20:54,829 - INFO - logger.py:104 - info - 用例ms的id：0
2026-05-08 13:20:54,837 - INFO - logger.py:104 - info - ============================================================
2026-05-08 13:20:54,848 - INFO - logger.py:104 - info - 执行系统登录
2026-05-08 13:20:54,862 - INFO - logger.py:104 - info - 开始登录 LD 项目...
2026-05-08 13:20:54,866 - INFO - logger.py:104 - info - 登录URL: https://test2.saas-test3.supcon.com:32188
2026-05-08 13:20:54,880 - INFO - logger.py:104 - info - 用户名: admin
2026-05-08 13:20:58,911 - INFO - logger.py:104 - info - 检查是否存在在线用户超限提示
2026-05-08 13:20:59,510 - INFO - logger.py:104 - info - 已自动点击在线用户提示的确定按钮
2026-05-08 13:21:05,535 - INFO - logger.py:104 - info - LD 项目登录成功！
2026-05-08 13:21:05,539 - INFO - logger.py:104 - info - 导航进入标签打印配置页面
2026-05-08 13:21:07,369 - INFO - logger.py:104 - info - 打开目标条目编辑
2026-05-08 13:21:08,536 - INFO - logger.py:104 - info - 修改模板ID并保存
2026-05-08 13:21:09,644 - INFO - logger.py:104 - info - verify_edit_function用例执行完成
2026-05-08 13:21:09,649 - INFO - logger.py:104 - info - 关闭页面
2026-05-08 13:21:09,667 - INFO - logger.py:104 - info - 关闭浏览器上下文
2026-05-08 13:21:10,233 - INFO - logger.py:104 - info - 关闭浏览器
2026-05-08 13:21:11,005 - INFO - logger.py:104 - info - 测试执行完成: TestVerifyEditFunction
2026-05-08 13:21:11,037 - INFO - logger.py:104 - info - 开始执行测试: TestLabelPrintConfigTest
2026-05-08 13:21:11,041 - INFO - logger.py:104 - info - 启动浏览器: Chromium, 无头模式: False
2026-05-08 13:21:14,520 - INFO - logger.py:104 - info - ============================================================
2026-05-08 13:21:14,523 - INFO - logger.py:104 - info - 开始执行用例：verify_left_and_right_list_interaction
2026-05-08 13:21:14,526 - INFO - logger.py:104 - info - 用例ms的id：0
2026-05-08 13:21:14,530 - INFO - logger.py:104 - info - ============================================================
2026-05-08 13:21:14,533 - INFO - logger.py:104 - info - 开始登录 LD 项目...
2026-05-08 13:21:14,542 - INFO - logger.py:104 - info - 登录URL: https://test2.saas-test3.supcon.com:32188
2026-05-08 13:21:14,548 - INFO - logger.py:104 - info - 用户名: admin
2026-05-08 13:21:18,614 - INFO - logger.py:104 - info - 检查是否存在在线用户超限提示
2026-05-08 13:21:19,201 - INFO - logger.py:104 - info - 已自动点击在线用户提示的确定按钮
2026-05-08 13:21:25,226 - INFO - logger.py:104 - info - LD 项目登录成功！
2026-05-08 13:21:25,229 - INFO - logger.py:104 - info - 导航进入标签打印配置页面
2026-05-08 13:21:27,064 - INFO - logger.py:104 - info - 选择托码分类
2026-05-08 13:21:28,039 - INFO - logger.py:104 - info - 点击新增按钮
2026-05-08 13:21:28,711 - INFO - logger.py:104 - info - 点击取消新增按钮
2026-05-08 13:21:29,272 - INFO - logger.py:104 - info - verify_left_and_right_list_interaction 用例执行完成
2026-05-08 13:21:29,280 - INFO - logger.py:104 - info - 关闭页面
2026-05-08 13:21:29,303 - INFO - logger.py:104 - info - 关闭浏览器上下文
2026-05-08 13:21:29,365 - INFO - logger.py:104 - info - 关闭浏览器
2026-05-08 13:21:30,325 - INFO - logger.py:104 - info - 测试执行完成: TestLabelPrintConfigTest
2026-05-08 13:21:30,353 - INFO - logger.py:104 - info - 开始执行测试: TestLabelPrintTemplateCreate
2026-05-08 13:21:30,357 - INFO - logger.py:104 - info - 启动浏览器: Chromium, 无头模式: False
2026-05-08 13:21:33,613 - INFO - logger.py:104 - info - ============================================================
2026-05-08 13:21:33,616 - INFO - logger.py:104 - info - 开始执行用例：verify_new_create_exists_function
2026-05-08 13:21:33,618 - INFO - logger.py:104 - info - 用例ms的id：0
2026-05-08 13:21:33,621 - INFO - logger.py:104 - info - ============================================================
2026-05-08 13:21:33,624 - INFO - logger.py:104 - info - 开始登录 LD 项目...
2026-05-08 13:21:33,628 - INFO - logger.py:104 - info - 登录URL: https://test2.saas-test3.supcon.com:32188
2026-05-08 13:21:33,630 - INFO - logger.py:104 - info - 用户名: admin
2026-05-08 13:21:37,317 - INFO - logger.py:104 - info - 检查是否存在在线用户超限提示
2026-05-08 13:21:37,900 - INFO - logger.py:104 - info - 已自动点击在线用户提示的确定按钮
2026-05-08 13:21:43,929 - INFO - logger.py:104 - info - LD 项目登录成功！
2026-05-08 13:21:43,933 - INFO - logger.py:104 - info - 系统登录完成，开始业务操作
2026-05-08 13:21:43,936 - INFO - logger.py:104 - info - 导航进入标签打印配置页面
2026-05-08 13:21:45,776 - INFO - logger.py:104 - info - 获取业务iframe完成，开始新增操作
2026-05-08 13:21:46,776 - INFO - logger.py:104 - info - 填写模板基础信息，模板ID=666，模板名称=测试
2026-05-08 13:21:47,834 - INFO - logger.py:104 - info - 选择模板类型
2026-05-08 13:21:48,973 - INFO - logger.py:104 - info - 点击保存按钮完成新增
2026-05-08 13:21:49,539 - INFO - logger.py:104 - info - 用例verify_new_create_exists_function执行完成
2026-05-08 13:21:49,544 - INFO - logger.py:104 - info - 关闭页面
2026-05-08 13:21:49,563 - INFO - logger.py:104 - info - 关闭浏览器上下文
2026-05-08 13:21:49,622 - INFO - logger.py:104 - info - 关闭浏览器
2026-05-08 13:21:50,005 - INFO - logger.py:104 - info - 测试执行完成: TestLabelPrintTemplateCreate
2026-05-08 13:21:50,033 - INFO - logger.py:104 - info - 开始执行测试: TestLabelPrintTemplateCreate
2026-05-08 13:21:50,037 - INFO - logger.py:104 - info - 启动浏览器: Chromium, 无头模式: False
2026-05-08 13:21:53,668 - INFO - logger.py:104 - info - ============================================================
2026-05-08 13:21:53,672 - INFO - logger.py:104 - info - 开始执行用例：verify_new_create_function
2026-05-08 13:21:53,674 - INFO - logger.py:104 - info - 用例ms的id：0
2026-05-08 13:21:53,678 - INFO - logger.py:104 - info - ============================================================
2026-05-08 13:21:53,683 - INFO - logger.py:104 - info - 开始登录 LD 项目...
2026-05-08 13:21:53,690 - INFO - logger.py:104 - info - 登录URL: https://test2.saas-test3.supcon.com:32188
2026-05-08 13:21:53,732 - INFO - logger.py:104 - info - 用户名: admin
2026-05-08 13:21:57,465 - INFO - logger.py:104 - info - 检查是否存在在线用户超限提示
2026-05-08 13:21:58,037 - INFO - logger.py:104 - info - 已自动点击在线用户提示的确定按钮
2026-05-08 13:22:04,070 - INFO - logger.py:104 - info - LD 项目登录成功！
2026-05-08 13:22:04,075 - INFO - logger.py:104 - info - 系统登录完成，开始业务操作
2026-05-08 13:22:04,078 - INFO - logger.py:104 - info - 导航进入标签打印配置页面
2026-05-08 13:22:05,963 - INFO - logger.py:104 - info - 获取业务iframe完成，开始新增操作
2026-05-08 13:22:06,994 - INFO - logger.py:104 - info - 填写模板基础信息
2026-05-08 13:22:08,071 - INFO - logger.py:104 - info - 选择模板类型
2026-05-08 13:22:09,213 - INFO - logger.py:104 - info - 点击保存按钮完成新增
2026-05-08 13:22:09,790 - INFO - logger.py:104 - info - 用例verify_new_create_function执行完成
2026-05-08 13:22:09,797 - INFO - logger.py:104 - info - 关闭页面
2026-05-08 13:22:09,820 - INFO - logger.py:104 - info - 关闭浏览器上下文
2026-05-08 13:22:09,905 - INFO - logger.py:104 - info - 关闭浏览器
2026-05-08 13:22:10,483 - INFO - logger.py:104 - info - 测试执行完成: TestLabelPrintTemplateCreate
2026-05-08 13:22:10,513 - INFO - logger.py:104 - info - 开始执行测试: TestVerifyRequireField
2026-05-08 13:22:10,516 - INFO - logger.py:104 - info - 启动浏览器: Chromium, 无头模式: False
2026-05-08 13:22:14,097 - INFO - logger.py:104 - info - ============================================================
2026-05-08 13:22:14,112 - INFO - logger.py:104 - info - 开始执行用例：verify_require_field
2026-05-08 13:22:14,115 - INFO - logger.py:104 - info - 用例ms的id：0
2026-05-08 13:22:14,117 - INFO - logger.py:104 - info - ============================================================
2026-05-08 13:22:14,120 - INFO - logger.py:104 - info - 开始登录 LD 项目...
2026-05-08 13:22:14,123 - INFO - logger.py:104 - info - 登录URL: https://test2.saas-test3.supcon.com:32188
2026-05-08 13:22:14,127 - INFO - logger.py:104 - info - 用户名: admin
2026-05-08 13:22:17,800 - INFO - logger.py:104 - info - 检查是否存在在线用户超限提示
2026-05-08 13:22:18,497 - INFO - logger.py:104 - info - 已自动点击在线用户提示的确定按钮
2026-05-08 13:22:24,523 - INFO - logger.py:104 - info - LD 项目登录成功！
2026-05-08 13:22:24,527 - INFO - logger.py:104 - info - 登录成功，开始导航到目标页面
2026-05-08 13:22:24,528 - INFO - logger.py:104 - info - 点击基础资料菜单
2026-05-08 13:22:25,057 - INFO - logger.py:104 - info - 点击系统配置菜单
2026-05-08 13:22:25,687 - INFO - logger.py:104 - info - 点击进入标签打印配置页面
2026-05-08 13:22:26,325 - INFO - logger.py:104 - info - 点击新增按钮打开新增表单
2026-05-08 13:22:27,438 - INFO - logger.py:104 - info - 不填写任何内容，直接点击保存按钮
2026-05-08 13:22:28,030 - INFO - logger.py:104 - info - 校验必填项提示信息是否正常显示
2026-05-08 13:22:28,043 - INFO - logger.py:104 - info - 点击取消关闭新增表单
2026-05-08 13:22:28,621 - INFO - logger.py:104 - info - 用例verify_require_field执行完成
2026-05-08 13:22:28,626 - INFO - logger.py:104 - info - 关闭页面
2026-05-08 13:22:28,644 - INFO - logger.py:104 - info - 关闭浏览器上下文
2026-05-08 13:22:28,704 - INFO - logger.py:104 - info - 关闭浏览器
2026-05-08 13:22:29,034 - INFO - logger.py:104 - info - 测试执行完成: TestVerifyRequireField
2026-05-08 13:22:29,063 - INFO - logger.py:104 - info - 开始执行测试: TestLabelPrintTemplateAdd
2026-05-08 13:22:29,067 - INFO - logger.py:104 - info - 启动浏览器: Chromium, 无头模式: False
2026-05-08 13:22:32,409 - INFO - logger.py:104 - info - ============================================================
2026-05-08 13:22:32,421 - INFO - logger.py:104 - info - 开始执行用例：verify_template_name_field_check
2026-05-08 13:22:32,424 - INFO - logger.py:104 - info - 用例ms的id：0
2026-05-08 13:22:32,429 - INFO - logger.py:104 - info - ============================================================
2026-05-08 13:22:32,449 - INFO - logger.py:104 - info - 开始登录 LD 项目...
2026-05-08 13:22:32,469 - INFO - logger.py:104 - info - 登录URL: https://test2.saas-test3.supcon.com:32188
2026-05-08 13:22:32,477 - INFO - logger.py:104 - info - 用户名: admin
2026-05-08 13:22:36,130 - INFO - logger.py:104 - info - 检查是否存在在线用户超限提示
2026-05-08 13:22:36,808 - INFO - logger.py:104 - info - 已自动点击在线用户提示的确定按钮
2026-05-08 13:22:42,844 - INFO - logger.py:104 - info - LD 项目登录成功！
2026-05-08 13:22:42,848 - INFO - logger.py:104 - info - 导航到标签打印配置页面
2026-05-08 13:22:44,672 - INFO - logger.py:104 - info - 进入新增模板流程，填写模板信息
2026-05-08 13:22:49,110 - INFO - logger.py:104 - info - 提交模板信息，验证保存结果
2026-05-08 13:22:50,280 - INFO - logger.py:104 - info - verify_template_name_field_check 用例执行完成
2026-05-08 13:22:50,284 - INFO - logger.py:104 - info - 关闭页面
2026-05-08 13:22:50,302 - INFO - logger.py:104 - info - 关闭浏览器上下文
2026-05-08 13:22:50,369 - INFO - logger.py:104 - info - 关闭浏览器
2026-05-08 13:22:50,655 - INFO - logger.py:104 - info - 测试执行完成: TestLabelPrintTemplateAdd
2026-05-08 13:22:51,882 - ERROR - logger.py:112 - error - 生成Allure报告失败: Allure命令行工具未找到，请确保已安装并添加到系统PATH中
2026-05-08 13:22:51,886 - INFO - logger.py:104 - info - 测试执行完成，耗时: 163.38秒
2026-05-08 13:22:51,886 - INFO - logger.py:104 - info - 执行结果: 成功
