2026-05-08 14:13:38,100 - INFO - logger.py:104 - info - 开始执行测试
2026-05-08 14:13:38,101 - INFO - logger.py:104 - info - 使用单线程运行测试，避免Playwright Sync API在asyncio循环中的错误
2026-05-08 14:13:38,101 - INFO - logger.py:104 - info - Pytest执行参数: ['D:\\install\\auto_ui-master\\src\\testcase\\LD\\product_file\\test_fun_optimized.py', '-p', 'no:xdist', '--tb=short', '--tb=short', '--timeout=180', '--alluredir', 'reports\\allure_report_20260508_141338']
2026-05-08 14:13:40,055 - INFO - logger.py:104 - info - 开始执行测试: TestFunOptimized
2026-05-08 14:13:40,071 - INFO - logger.py:104 - info - 启动浏览器: Chromium, 无头模式: False
2026-05-08 14:13:44,739 - INFO - logger.py:104 - info - ============================================================
2026-05-08 14:13:44,742 - INFO - logger.py:104 - info - 开始执行用例：fun_optimized
2026-05-08 14:13:44,744 - INFO - logger.py:104 - info - 用例ms的id：0
2026-05-08 14:13:44,747 - INFO - logger.py:104 - info - ============================================================
2026-05-08 14:13:44,750 - INFO - logger.py:104 - info - 开始登录 LD 项目...
2026-05-08 14:13:44,753 - INFO - logger.py:104 - info - 登录URL: https://test2.saas-test3.supcon.com:32188
2026-05-08 14:13:44,755 - INFO - logger.py:104 - info - 用户名: admin
2026-05-08 14:13:48,778 - INFO - logger.py:104 - info - 检查是否存在在线用户超限提示
2026-05-08 14:13:49,355 - INFO - logger.py:104 - info - 已自动点击在线用户提示的确定按钮
2026-05-08 14:13:55,382 - INFO - logger.py:104 - info - LD 项目登录成功！
2026-05-08 14:13:55,385 - INFO - logger.py:104 - info - 登录成功，开始菜单导航
2026-05-08 14:13:55,388 - INFO - logger.py:104 - info - 点击基础资料菜单
2026-05-08 14:13:55,944 - INFO - logger.py:104 - info - 进入产品档案页面
2026-05-08 14:13:56,567 - INFO - logger.py:104 - info - 点击新增产品按钮
2026-05-08 14:13:58,183 - INFO - logger.py:104 - info - 操作勾选启用质检控制
2026-05-08 14:13:58,793 - INFO - logger.py:104 - info - 操作勾选启用质检控制-是
2026-05-08 14:13:59,404 - INFO - logger.py:104 - info - 用例fun_optimized执行完成
2026-05-08 14:13:59,410 - INFO - logger.py:104 - info - 关闭页面
2026-05-08 14:13:59,426 - INFO - logger.py:104 - info - 关闭浏览器上下文
2026-05-08 14:13:59,472 - INFO - logger.py:104 - info - 关闭浏览器
2026-05-08 14:13:59,869 - INFO - logger.py:104 - info - 测试执行完成: TestFunOptimized
2026-05-08 14:14:00,690 - ERROR - logger.py:112 - error - 生成Allure报告失败: Allure命令行工具未找到，请确保已安装并添加到系统PATH中
2026-05-08 14:14:00,697 - INFO - logger.py:104 - info - 测试执行完成，耗时: 22.51秒
2026-05-08 14:14:00,698 - INFO - logger.py:104 - info - 执行结果: 成功
