2026-04-22 17:20:11,046 - INFO - logger.py:104 - info - 开始执行测试
2026-04-22 17:20:11,046 - INFO - logger.py:104 - info - 使用单线程运行测试，避免Playwright Sync API在asyncio循环中的错误
2026-04-22 17:20:11,047 - INFO - logger.py:104 - info - Pytest执行参数: ['D:\\install\\auto_ui-master\\src\\testcase\\LD\\bom_management\\test_verify_edit_bom_delete_child_item.py', '-p', 'no:xdist', '--tb=short', '--tb=short', '--timeout=180', '--alluredir', 'reports\\allure_report_20260422_172011']
2026-04-22 17:20:20,647 - INFO - logger.py:104 - info - 开始执行测试: TestEditBOM
2026-04-22 17:20:20,747 - INFO - logger.py:104 - info - 启动浏览器: Chromium, 无头模式: False
2026-04-22 17:20:27,439 - INFO - logger.py:104 - info - ============================================================
2026-04-22 17:20:27,447 - INFO - logger.py:104 - info - 开始执行用例：verify_edit_bom_delete_child_item
2026-04-22 17:20:27,463 - INFO - logger.py:104 - info - 用例ms的id：0
2026-04-22 17:20:27,469 - INFO - logger.py:104 - info - ============================================================
2026-04-22 17:20:27,474 - INFO - logger.py:104 - info - 执行登录操作
2026-04-22 17:20:27,480 - INFO - logger.py:104 - info - 开始登录 LD 项目...
2026-04-22 17:20:27,485 - INFO - logger.py:104 - info - 登录URL: https://test2.saas-test3.supcon.com:32188
2026-04-22 17:20:27,689 - INFO - logger.py:104 - info - 用户名: admin
2026-04-22 17:20:41,106 - INFO - logger.py:104 - info - LD 项目登录成功！
2026-04-22 17:20:41,110 - INFO - logger.py:104 - info - 进入基础资料->物料清单模块
2026-04-22 17:20:45,382 - INFO - logger.py:104 - info - 点击目标物料的编辑按钮
2026-04-22 17:20:46,185 - INFO - logger.py:104 - info - 等待编辑页面加载
2026-04-22 17:20:46,317 - INFO - logger.py:104 - info - 执行删除子项操作
2026-04-22 17:21:17,224 - INFO - logger.py:104 - info - 关闭页面
2026-04-22 17:21:17,245 - INFO - logger.py:104 - info - 关闭浏览器上下文
2026-04-22 17:21:17,314 - INFO - logger.py:104 - info - 关闭浏览器
2026-04-22 17:21:18,376 - INFO - logger.py:104 - info - 测试执行完成: TestEditBOM
2026-04-22 17:21:18,989 - ERROR - logger.py:112 - error - 生成Allure报告失败: Allure命令行工具未找到，请确保已安装并添加到系统PATH中
2026-04-22 17:21:18,990 - INFO - logger.py:104 - info - 测试执行完成，耗时: 67.92秒
2026-04-22 17:21:18,990 - INFO - logger.py:104 - info - 执行结果: 失败
