2026-05-08 11:33:10,889 - INFO - logger.py:104 - info - 开始执行测试
2026-05-08 11:33:10,889 - INFO - logger.py:104 - info - 使用单线程运行测试，避免Playwright Sync API在asyncio循环中的错误
2026-05-08 11:33:10,889 - INFO - logger.py:104 - info - Pytest执行参数: ['D:\\install\\auto_ui-master\\src\\testcase\\LD\\system_configuration\\test_verify_template_name_field_check.py', '-p', 'no:xdist', '--tb=short', '--tb=short', '--timeout=180', '--alluredir', 'reports\\allure_report_20260508_113310']
2026-05-08 11:33:12,690 - INFO - logger.py:104 - info - 开始执行测试: TestLabelPrintTemplateAdd
2026-05-08 11:33:12,699 - INFO - logger.py:104 - info - 启动浏览器: Chromium, 无头模式: False
2026-05-08 11:33:15,576 - INFO - logger.py:104 - info - ============================================================
2026-05-08 11:33:15,606 - INFO - logger.py:104 - info - 开始执行用例：verify_template_name_field_check
2026-05-08 11:33:15,613 - INFO - logger.py:104 - info - 用例ms的id：0
2026-05-08 11:33:15,624 - INFO - logger.py:104 - info - ============================================================
2026-05-08 11:33:15,629 - INFO - logger.py:104 - info - 开始登录 LD 项目...
2026-05-08 11:33:15,636 - INFO - logger.py:104 - info - 登录URL: https://test2.saas-test3.supcon.com:32188
2026-05-08 11:33:15,640 - INFO - logger.py:104 - info - 用户名: admin
2026-05-08 11:33:19,656 - INFO - logger.py:104 - info - 检查是否存在在线用户超限提示
2026-05-08 11:33:20,220 - INFO - logger.py:104 - info - 已自动点击在线用户提示的确定按钮
2026-05-08 11:33:26,255 - INFO - logger.py:104 - info - LD 项目登录成功！
2026-05-08 11:33:26,259 - INFO - logger.py:104 - info - 导航到标签打印配置页面
2026-05-08 11:33:28,047 - INFO - logger.py:104 - info - 进入新增模板流程，填写模板信息
2026-05-08 11:33:32,542 - INFO - logger.py:104 - info - 提交模板信息，验证保存结果
2026-05-08 11:33:33,683 - INFO - logger.py:104 - info - verify_template_name_field_check 用例执行完成
2026-05-08 11:33:33,687 - INFO - logger.py:104 - info - 关闭页面
2026-05-08 11:33:33,709 - INFO - logger.py:104 - info - 关闭浏览器上下文
2026-05-08 11:33:33,771 - INFO - logger.py:104 - info - 关闭浏览器
2026-05-08 11:33:34,080 - INFO - logger.py:104 - info - 测试执行完成: TestLabelPrintTemplateAdd
2026-05-08 11:33:34,942 - ERROR - logger.py:112 - error - 生成Allure报告失败: Allure命令行工具未找到，请确保已安装并添加到系统PATH中
2026-05-08 11:33:34,944 - INFO - logger.py:104 - info - 测试执行完成，耗时: 24.01秒
2026-05-08 11:33:34,944 - INFO - logger.py:104 - info - 执行结果: 成功
