2026-04-27 10:39:03,080 - INFO - logger.py:104 - info - 开始执行测试
2026-04-27 10:39:03,080 - INFO - logger.py:104 - info - 使用单线程运行测试，避免Playwright Sync API在asyncio循环中的错误
2026-04-27 10:39:03,081 - INFO - logger.py:104 - info - Pytest执行参数: ['D:\\install\\auto_ui-master\\src\\testcase\\LD\\code_rule_config\\test_verify_create_button.py', '-p', 'no:xdist', '--tb=short', '--tb=short', '--timeout=180', '--alluredir', 'reports\\allure_report_20260427_103903']
2026-04-27 10:39:05,126 - INFO - logger.py:104 - info - 开始执行测试: TestVerifyCreateCodeRule
2026-04-27 10:39:05,140 - INFO - logger.py:104 - info - 启动浏览器: Chromium, 无头模式: False
2026-04-27 10:39:08,142 - INFO - logger.py:104 - info - ============================================================
2026-04-27 10:39:08,147 - INFO - logger.py:104 - info - 开始执行用例：verify_create_button
2026-04-27 10:39:08,169 - INFO - logger.py:104 - info - 用例ms的id：0
2026-04-27 10:39:08,172 - INFO - logger.py:104 - info - ============================================================
2026-04-27 10:39:08,185 - INFO - logger.py:104 - info - 开始登录 LD 项目...
2026-04-27 10:39:08,196 - INFO - logger.py:104 - info - 登录URL: https://test2.saas-test3.supcon.com:32188
2026-04-27 10:39:08,200 - INFO - logger.py:104 - info - 用户名: admin
2026-04-27 10:39:12,429 - INFO - logger.py:104 - info - 检查是否存在在线用户超限提示
2026-04-27 10:39:13,006 - INFO - logger.py:104 - info - 已自动点击在线用户提示的确定按钮
2026-04-27 10:39:19,040 - INFO - logger.py:104 - info - LD 项目登录成功！
2026-04-27 10:39:19,043 - INFO - logger.py:104 - info - 登录成功，进入编码规则配置菜单
2026-04-27 10:39:20,216 - INFO - logger.py:104 - info - 点击创建按钮，开始新增编码规则
2026-04-27 10:39:21,494 - INFO - logger.py:104 - info - 填写编码规则基础信息
2026-04-27 10:39:23,775 - INFO - logger.py:104 - info - 选择业务类型：采购入库批号
2026-04-27 10:39:35,783 - INFO - logger.py:104 - info - 关闭页面
2026-04-27 10:39:35,802 - INFO - logger.py:104 - info - 关闭浏览器上下文
2026-04-27 10:39:35,861 - INFO - logger.py:104 - info - 关闭浏览器
2026-04-27 10:39:36,180 - INFO - logger.py:104 - info - 测试执行完成: TestVerifyCreateCodeRule
2026-04-27 10:39:37,208 - ERROR - logger.py:112 - error - 生成Allure报告失败: Allure命令行工具未找到，请确保已安装并添加到系统PATH中
2026-04-27 10:39:37,209 - INFO - logger.py:104 - info - 测试执行完成，耗时: 34.11秒
2026-04-27 10:39:37,209 - INFO - logger.py:104 - info - 执行结果: 失败
