2026-05-09 14:06:08,927 - INFO - logger.py:104 - info - 开始执行测试
2026-05-09 14:06:08,927 - INFO - logger.py:104 - info - 使用单线程运行测试，避免Playwright Sync API在asyncio循环中的错误
2026-05-09 14:06:08,927 - INFO - logger.py:104 - info - Pytest执行参数: ['D:\\install\\auto_ui-master\\src\\testcase\\LD\\customer_file\\test_import_miss_productfile.py', '-p', 'no:xdist', '--tb=short', '--tb=short', '--timeout=180', '--alluredir', 'reports\\allure_report_20260509_140608']
2026-05-09 14:06:10,703 - INFO - logger.py:104 - info - 开始执行测试: TestImportProductCodeExists
2026-05-09 14:06:10,714 - INFO - logger.py:104 - info - 启动浏览器: Chromium, 无头模式: False
2026-05-09 14:06:15,580 - INFO - logger.py:104 - info - ============================================================
2026-05-09 14:06:15,584 - INFO - logger.py:104 - info - 开始执行测试用例：import_miss_productfile
2026-05-09 14:06:15,586 - INFO - logger.py:104 - info - 用例ms的id：0
2026-05-09 14:06:15,590 - INFO - logger.py:104 - info - ============================================================
2026-05-09 14:06:15,593 - INFO - logger.py:104 - info - 测试文件: D:\install\auto_ui-master\src\data\LD\customer_file\101232测试文件.xlsx
2026-05-09 14:06:15,601 - INFO - logger.py:104 - info - 完成系统登录
2026-05-09 14:06:15,604 - INFO - logger.py:104 - info - 开始登录 LD 项目...
2026-05-09 14:06:15,606 - INFO - logger.py:104 - info - 登录URL: https://test2.saas-test3.supcon.com:32188
2026-05-09 14:06:15,611 - INFO - logger.py:104 - info - 用户名: admin
2026-05-09 14:06:19,523 - INFO - logger.py:104 - info - 检查是否存在在线用户超限提示
2026-05-09 14:06:20,128 - INFO - logger.py:104 - info - 已自动点击在线用户提示的确定按钮
2026-05-09 14:06:26,166 - INFO - logger.py:104 - info - LD 项目登录成功！
2026-05-09 14:06:26,170 - INFO - logger.py:104 - info - 导航进入客户档案页面
2026-05-09 14:06:27,429 - INFO - logger.py:104 - info - 定位客户资料页面
2026-05-09 14:06:27,432 - INFO - logger.py:104 - info - 定位第一个客户数据行
2026-05-09 14:06:27,434 - INFO - logger.py:104 - info - 点击第一个客户数据行，激活客户产品映射页面
2026-05-09 14:06:28,889 - INFO - logger.py:104 - info - 等待客户行选中状态
2026-05-09 14:06:28,906 - INFO - logger.py:104 - info - 定位客户产品映射区域的导入按钮
2026-05-09 14:06:28,909 - INFO - logger.py:104 - info - 等待导入按钮可用
2026-05-09 14:06:28,925 - INFO - logger.py:104 - info - 点击导入按钮
2026-05-09 14:06:29,539 - INFO - logger.py:104 - info - 上传导入文件，确认导入
2026-05-09 14:06:30,673 - INFO - logger.py:104 - info - 等待导入完成
2026-05-09 14:06:33,704 - INFO - logger.py:104 - info - 关闭弹窗，用例执行完成
2026-05-09 14:06:34,250 - INFO - logger.py:104 - info - 测试用例import_miss_productfile执行完成
2026-05-09 14:06:34,255 - INFO - logger.py:104 - info - 关闭页面
2026-05-09 14:06:34,289 - INFO - logger.py:104 - info - 关闭浏览器上下文
2026-05-09 14:06:34,385 - INFO - logger.py:104 - info - 关闭浏览器
2026-05-09 14:06:35,522 - INFO - logger.py:104 - info - 测试执行完成: TestImportProductCodeExists
2026-05-09 14:06:36,184 - ERROR - logger.py:112 - error - 生成Allure报告失败: Allure命令行工具未找到，请确保已安装并添加到系统PATH中
2026-05-09 14:06:36,185 - INFO - logger.py:104 - info - 测试执行完成，耗时: 27.23秒
2026-05-09 14:06:36,185 - INFO - logger.py:104 - info - 执行结果: 成功
