2026-05-08 13:41:55,630 - INFO - logger.py:104 - info - 开始执行测试
2026-05-08 13:41:55,631 - INFO - logger.py:104 - info - 使用单线程运行测试，避免Playwright Sync API在asyncio循环中的错误
2026-05-08 13:41:55,631 - INFO - logger.py:104 - info - Pytest执行参数: ['D:\\install\\auto_ui-master\\src\\testcase\\LD\\supplier_file', '-p', 'no:xdist', '--tb=short', '--tb=short', '--timeout=180', '--alluredir', 'reports\\allure_report_20260508_134155']
2026-05-08 13:41:57,409 - INFO - logger.py:104 - info - 开始执行测试: TestVerifyCreatePage
2026-05-08 13:41:57,418 - INFO - logger.py:104 - info - 启动浏览器: Chromium, 无头模式: False
2026-05-08 13:42:00,697 - INFO - logger.py:104 - info - ============================================================
2026-05-08 13:42:00,700 - INFO - logger.py:104 - info - 开始执行verify_create_page
2026-05-08 13:42:00,702 - INFO - logger.py:104 - info - 用例ms的id：0
2026-05-08 13:42:00,705 - INFO - logger.py:104 - info - ============================================================
2026-05-08 13:42:00,708 - INFO - logger.py:104 - info - 开始登录 LD 项目...
2026-05-08 13:42:00,710 - INFO - logger.py:104 - info - 登录URL: https://test2.saas-test3.supcon.com:32188
2026-05-08 13:42:00,713 - INFO - logger.py:104 - info - 用户名: admin
2026-05-08 13:42:04,833 - INFO - logger.py:104 - info - 检查是否存在在线用户超限提示
2026-05-08 13:42:05,406 - INFO - logger.py:104 - info - 已自动点击在线用户提示的确定按钮
2026-05-08 13:42:11,433 - INFO - logger.py:104 - info - LD 项目登录成功！
2026-05-08 13:42:11,436 - INFO - logger.py:104 - info - 点击基础资料菜单
2026-05-08 13:42:11,969 - INFO - logger.py:104 - info - 点击供应商档案菜单
2026-05-08 13:42:12,652 - INFO - logger.py:104 - info - 点击新增按钮
2026-05-08 13:42:13,863 - INFO - logger.py:104 - info - 关闭页面
2026-05-08 13:42:13,880 - INFO - logger.py:104 - info - 关闭浏览器上下文
2026-05-08 13:42:13,930 - INFO - logger.py:104 - info - 关闭浏览器
2026-05-08 13:42:14,258 - INFO - logger.py:104 - info - 测试执行完成: TestVerifyCreatePage
2026-05-08 13:42:15,408 - ERROR - logger.py:112 - error - 生成Allure报告失败: Allure命令行工具未找到，请确保已安装并添加到系统PATH中
2026-05-08 13:42:15,412 - INFO - logger.py:104 - info - 测试执行完成，耗时: 19.73秒
2026-05-08 13:42:15,413 - INFO - logger.py:104 - info - 执行结果: 成功
