2026-04-22 16:45:22,874 - INFO - logger.py:104 - info - 开始执行测试
2026-04-22 16:45:22,875 - INFO - logger.py:104 - info - 使用单线程运行测试，避免Playwright Sync API在asyncio循环中的错误
2026-04-22 16:45:22,876 - INFO - logger.py:104 - info - Pytest执行参数: ['D:\\install\\auto_ui-master\\src\\testcase\\LD\\bom_management\\test_verify_import_header_only_excel.py', '-p', 'no:xdist', '--tb=short', '--tb=short', '--timeout=180', '--alluredir', 'reports\\allure_report_20260422_164522']
2026-04-22 16:45:24,642 - INFO - logger.py:104 - info - 开始执行测试: TestVerifyImportHeaderOnlyExcel
2026-04-22 16:45:24,661 - INFO - logger.py:104 - info - 启动浏览器: Chromium, 无头模式: False
2026-04-22 16:45:31,619 - INFO - logger.py:104 - info - ============================================================
2026-04-22 16:45:31,635 - INFO - logger.py:104 - info - 开始执行用例：verify_import_header_only_excel
2026-04-22 16:45:31,649 - INFO - logger.py:104 - info - 用例ms的id：0
2026-04-22 16:45:31,664 - INFO - logger.py:104 - info - ============================================================
2026-04-22 16:45:31,673 - INFO - logger.py:104 - info - 测试文件: D:\install\auto_ui-master\src\data\LD\bom_management\工作簿2.xlsx
2026-04-22 16:45:31,695 - INFO - logger.py:104 - info - 登录目标系统
2026-04-22 16:45:31,698 - INFO - logger.py:104 - info - 开始登录 LD 项目...
2026-04-22 16:45:31,704 - INFO - logger.py:104 - info - 登录URL: https://test2.saas-test3.supcon.com:32188
2026-04-22 16:45:31,707 - INFO - logger.py:104 - info - 用户名: admin
2026-04-22 16:45:45,991 - INFO - logger.py:104 - info - LD 项目登录成功！
2026-04-22 16:45:45,994 - INFO - logger.py:104 - info - 导航到物料清单页面
2026-04-22 16:45:47,996 - INFO - logger.py:104 - info - 点击导入按钮
2026-04-22 16:45:48,735 - INFO - logger.py:104 - info - 上传测试Excel文件
2026-04-22 16:45:49,275 - INFO - logger.py:104 - info - 点击确认开始导入
2026-04-22 16:45:49,874 - INFO - logger.py:104 - info - 验证导入过程日志
2026-04-22 16:45:52,892 - INFO - logger.py:104 - info - 关闭导入弹窗，用例执行完成
2026-04-22 16:45:53,445 - INFO - logger.py:104 - info - 关闭页面
2026-04-22 16:45:53,460 - INFO - logger.py:104 - info - 关闭浏览器上下文
2026-04-22 16:45:53,506 - INFO - logger.py:104 - info - 关闭浏览器
2026-04-22 16:45:53,873 - INFO - logger.py:104 - info - 测试执行完成: TestVerifyImportHeaderOnlyExcel
2026-04-22 16:45:54,977 - ERROR - logger.py:112 - error - 生成Allure报告失败: Allure命令行工具未找到，请确保已安装并添加到系统PATH中
2026-04-22 16:45:54,978 - INFO - logger.py:104 - info - 测试执行完成，耗时: 32.07秒
2026-04-22 16:45:54,978 - INFO - logger.py:104 - info - 执行结果: 成功
