2026-05-07 14:17:25,007 - INFO - logger.py:104 - info - 开始执行测试
2026-05-07 14:17:25,007 - INFO - logger.py:104 - info - 使用单线程运行测试，避免Playwright Sync API在asyncio循环中的错误
2026-05-07 14:17:25,008 - INFO - logger.py:104 - info - Pytest执行参数: ['D:\\install\\auto_ui-master\\src\\testcase\\LD\\bom_management\\test_verify_add_child_product.py', '-p', 'no:xdist', '--tb=short', '--tb=short', '--timeout=180', '--alluredir', 'reports\\allure_report_20260507_141725']
2026-05-07 14:17:28,413 - INFO - logger.py:104 - info - 开始执行测试: TestVerifyAddChildProduct
2026-05-07 14:17:28,424 - INFO - logger.py:104 - info - 启动浏览器: Chromium, 无头模式: False
2026-05-07 14:17:31,642 - INFO - logger.py:104 - info - ============================================================
2026-05-07 14:17:31,646 - INFO - logger.py:104 - info - 开始执行用例：verify_add_child_product
2026-05-07 14:17:31,648 - INFO - logger.py:104 - info - 用例ms ID：0
2026-05-07 14:17:31,650 - INFO - logger.py:104 - info - ============================================================
2026-05-07 14:17:31,652 - INFO - logger.py:104 - info - 执行系统登录
2026-05-07 14:17:31,655 - INFO - logger.py:104 - info - 开始登录 LD 项目...
2026-05-07 14:17:31,658 - INFO - logger.py:104 - info - 登录URL: https://test2.saas-test3.supcon.com:32188
2026-05-07 14:17:31,660 - INFO - logger.py:104 - info - 用户名: admin
2026-05-07 14:17:35,509 - INFO - logger.py:104 - info - 检查是否存在在线用户超限提示
2026-05-07 14:17:36,069 - INFO - logger.py:104 - info - 已自动点击在线用户提示的确定按钮
2026-05-07 14:17:42,097 - INFO - logger.py:104 - info - LD 项目登录成功！
2026-05-07 14:17:42,100 - INFO - logger.py:104 - info - 进入物料清单页面
2026-05-07 14:17:43,213 - INFO - logger.py:104 - info - 等待BOM列表加载完成
2026-05-07 14:17:44,226 - INFO - logger.py:104 - info - 定位并点击第一行的编辑按钮
2026-05-07 14:17:44,839 - INFO - logger.py:104 - info - 触发添加子项产品操作
2026-05-07 14:18:17,961 - INFO - logger.py:104 - info - 关闭页面
2026-05-07 14:18:17,977 - INFO - logger.py:104 - info - 关闭浏览器上下文
2026-05-07 14:18:18,015 - INFO - logger.py:104 - info - 关闭浏览器
2026-05-07 14:18:18,310 - INFO - logger.py:104 - info - 测试执行完成: TestVerifyAddChildProduct
2026-05-07 14:18:19,055 - ERROR - logger.py:112 - error - 生成Allure报告失败: Allure命令行工具未找到，请确保已安装并添加到系统PATH中
2026-05-07 14:18:19,058 - INFO - logger.py:104 - info - 测试执行完成，耗时: 54.02秒
2026-05-07 14:18:19,058 - INFO - logger.py:104 - info - 执行结果: 失败
