2026-04-28 11:27:46,737 - INFO - logger.py:104 - info - 开始执行测试
2026-04-28 11:27:46,738 - INFO - logger.py:104 - info - 使用单线程运行测试，避免Playwright Sync API在asyncio循环中的错误
2026-04-28 11:27:46,738 - INFO - logger.py:104 - info - Pytest执行参数: ['D:\\install\\auto_ui-master\\src\\testcase\\LD\\system_configuration\\test_verify_edit_function.py', '-p', 'no:xdist', '--tb=short', '--tb=short', '--timeout=180', '--alluredir', 'reports\\allure_report_20260428_112746']
2026-04-28 11:27:48,537 - INFO - logger.py:104 - info - 开始执行测试: TestVerifyEditFunction
2026-04-28 11:27:48,548 - INFO - logger.py:104 - info - 启动浏览器: Chromium, 无头模式: False
2026-04-28 11:27:51,541 - INFO - logger.py:104 - info - ============================================================
2026-04-28 11:27:51,545 - INFO - logger.py:104 - info - 开始执行用例：verify_edit_function
2026-04-28 11:27:51,550 - INFO - logger.py:104 - info - 用例ms的id：0
2026-04-28 11:27:51,554 - INFO - logger.py:104 - info - ============================================================
2026-04-28 11:27:51,558 - INFO - logger.py:104 - info - 执行系统登录
2026-04-28 11:27:51,566 - INFO - logger.py:104 - info - 开始登录 LD 项目...
2026-04-28 11:27:51,570 - INFO - logger.py:104 - info - 登录URL: https://test2.saas-test3.supcon.com:32188
2026-04-28 11:27:51,574 - INFO - logger.py:104 - info - 用户名: admin
2026-04-28 11:27:55,556 - INFO - logger.py:104 - info - 检查是否存在在线用户超限提示
2026-04-28 11:27:56,116 - INFO - logger.py:104 - info - 已自动点击在线用户提示的确定按钮
2026-04-28 11:28:02,134 - INFO - logger.py:104 - info - LD 项目登录成功！
2026-04-28 11:28:02,136 - INFO - logger.py:104 - info - 导航进入标签打印配置页面
2026-04-28 11:28:03,931 - INFO - logger.py:104 - info - 打开目标条目编辑
2026-04-28 11:28:05,431 - INFO - logger.py:104 - info - 修改模板ID为6001并保存
2026-04-28 11:28:06,521 - INFO - logger.py:104 - info - verify_edit_function用例执行完成
2026-04-28 11:28:06,526 - INFO - logger.py:104 - info - 关闭页面
2026-04-28 11:28:06,545 - INFO - logger.py:104 - info - 关闭浏览器上下文
2026-04-28 11:28:06,601 - INFO - logger.py:104 - info - 关闭浏览器
2026-04-28 11:28:07,020 - INFO - logger.py:104 - info - 测试执行完成: TestVerifyEditFunction
2026-04-28 11:28:07,931 - ERROR - logger.py:112 - error - 生成Allure报告失败: Allure命令行工具未找到，请确保已安装并添加到系统PATH中
2026-04-28 11:28:07,933 - INFO - logger.py:104 - info - 测试执行完成，耗时: 21.17秒
2026-04-28 11:28:07,933 - INFO - logger.py:104 - info - 执行结果: 成功
