2026-04-22 16:59:31,041 - INFO - logger.py:104 - info - 开始执行测试
2026-04-22 16:59:31,042 - INFO - logger.py:104 - info - 使用单线程运行测试，避免Playwright Sync API在asyncio循环中的错误
2026-04-22 16:59:31,042 - INFO - logger.py:104 - info - Pytest执行参数: ['D:\\install\\auto_ui-master\\src\\testcase\\LD\\bom_management\\test_verify_import_column_order_adjustment.py', '-p', 'no:xdist', '--tb=short', '--tb=short', '--timeout=180', '--alluredir', 'reports\\allure_report_20260422_165931']
2026-04-22 16:59:32,807 - INFO - logger.py:104 - info - 开始执行测试: TestVerifyImportColumnOrderAdjustment
2026-04-22 16:59:32,817 - INFO - logger.py:104 - info - 启动浏览器: Chromium, 无头模式: False
2026-04-22 16:59:35,156 - INFO - logger.py:104 - info - ============================================================
2026-04-22 16:59:35,162 - INFO - logger.py:104 - info - 开始执行用例：verify_import_column_order_adjustment
2026-04-22 16:59:35,194 - INFO - logger.py:104 - info - 用例ms的id：0
2026-04-22 16:59:35,201 - INFO - logger.py:104 - info - ============================================================
2026-04-22 16:59:35,234 - INFO - logger.py:104 - info - 测试文件: D:\install\auto_ui-master\src\data\LD\bom_management\工作簿5.xlsx
2026-04-22 16:59:35,245 - INFO - logger.py:104 - info - 登录目标系统
2026-04-22 16:59:35,316 - INFO - logger.py:104 - info - 开始登录 LD 项目...
2026-04-22 16:59:35,321 - INFO - logger.py:104 - info - 登录URL: https://test2.saas-test3.supcon.com:32188
2026-04-22 16:59:35,335 - INFO - logger.py:104 - info - 用户名: admin
2026-04-22 16:59:49,151 - INFO - logger.py:104 - info - LD 项目登录成功！
2026-04-22 16:59:49,154 - INFO - logger.py:104 - info - 进入物料清单页面
2026-04-22 16:59:50,364 - INFO - logger.py:104 - info - 打开导入弹窗
2026-04-22 16:59:51,871 - INFO - logger.py:104 - info - 上传导入文件：工作簿5.xlsx
2026-04-22 16:59:52,409 - INFO - logger.py:104 - info - 确认导入，验证导入执行结果
2026-04-22 16:59:56,002 - INFO - logger.py:104 - info - 关闭导入弹窗
2026-04-22 16:59:56,547 - INFO - logger.py:104 - info - 用例verify_import_column_order_adjustment执行完成
2026-04-22 16:59:56,552 - INFO - logger.py:104 - info - 关闭页面
2026-04-22 16:59:56,589 - INFO - logger.py:104 - info - 关闭浏览器上下文
2026-04-22 16:59:56,659 - INFO - logger.py:104 - info - 关闭浏览器
2026-04-22 16:59:57,149 - INFO - logger.py:104 - info - 测试执行完成: TestVerifyImportColumnOrderAdjustment
2026-04-22 16:59:58,245 - ERROR - logger.py:112 - error - 生成Allure报告失败: Allure命令行工具未找到，请确保已安装并添加到系统PATH中
2026-04-22 16:59:58,247 - INFO - logger.py:104 - info - 测试执行完成，耗时: 27.18秒
2026-04-22 16:59:58,248 - INFO - logger.py:104 - info - 执行结果: 成功
