2026-05-09 14:18:26,402 - INFO - logger.py:104 - info - 开始执行测试
2026-05-09 14:18:26,403 - INFO - logger.py:104 - info - 使用单线程运行测试，避免Playwright Sync API在asyncio循环中的错误
2026-05-09 14:18:26,403 - INFO - logger.py:104 - info - Pytest执行参数: ['D:\\install\\auto_ui-master\\src\\testcase\\LD\\customer_file', '-p', 'no:xdist', '--tb=short', '--tb=short', '--timeout=180', '--alluredir', 'reports\\allure_report_20260509_141826']
2026-05-09 14:18:28,153 - INFO - logger.py:104 - info - 开始执行测试: TestImportProductCodeExists
2026-05-09 14:18:28,166 - INFO - logger.py:104 - info - 启动浏览器: Chromium, 无头模式: False
2026-05-09 14:18:32,294 - INFO - logger.py:104 - info - ============================================================
2026-05-09 14:18:32,298 - INFO - logger.py:104 - info - 开始执行测试用例：import_create_product
2026-05-09 14:18:32,317 - INFO - logger.py:104 - info - 用例ms的id：101240
2026-05-09 14:18:32,326 - INFO - logger.py:104 - info - ============================================================
2026-05-09 14:18:32,338 - INFO - logger.py:104 - info - 测试文件: D:\install\auto_ui-master\src\data\LD\customer_file\101240测试文件.xlsx
2026-05-09 14:18:32,359 - INFO - logger.py:104 - info - 完成系统登录
2026-05-09 14:18:32,367 - INFO - logger.py:104 - info - 开始登录 LD 项目...
2026-05-09 14:18:32,370 - INFO - logger.py:104 - info - 登录URL: https://test2.saas-test3.supcon.com:32188
2026-05-09 14:18:32,374 - INFO - logger.py:104 - info - 用户名: admin
2026-05-09 14:18:36,386 - INFO - logger.py:104 - info - 检查是否存在在线用户超限提示
2026-05-09 14:18:36,956 - INFO - logger.py:104 - info - 已自动点击在线用户提示的确定按钮
2026-05-09 14:18:42,985 - INFO - logger.py:104 - info - LD 项目登录成功！
2026-05-09 14:18:42,989 - INFO - logger.py:104 - info - 导航进入客户档案页面
2026-05-09 14:18:44,201 - INFO - logger.py:104 - info - 定位客户资料页面
2026-05-09 14:18:44,205 - INFO - logger.py:104 - info - 点击客户资料页面的导入按钮
2026-05-09 14:18:45,506 - INFO - logger.py:104 - info - 等待导入弹窗出现
2026-05-09 14:18:45,530 - INFO - logger.py:104 - info - 上传导入文件，确认导入
2026-05-09 14:18:46,644 - INFO - logger.py:104 - info - 等待导入完成
2026-05-09 14:18:49,678 - INFO - logger.py:104 - info - 关闭弹窗，用例执行完成
2026-05-09 14:18:50,241 - INFO - logger.py:104 - info - 测试用例import_create_product执行完成
2026-05-09 14:18:50,247 - INFO - logger.py:104 - info - 关闭页面
2026-05-09 14:18:50,270 - INFO - logger.py:104 - info - 关闭浏览器上下文
2026-05-09 14:18:50,339 - INFO - logger.py:104 - info - 关闭浏览器
2026-05-09 14:18:51,401 - INFO - logger.py:104 - info - 测试执行完成: TestImportProductCodeExists
2026-05-09 14:18:51,524 - INFO - logger.py:104 - info - 开始执行测试: TestImportEmpty
2026-05-09 14:18:51,527 - INFO - logger.py:104 - info - 启动浏览器: Chromium, 无头模式: False
2026-05-09 14:18:55,445 - INFO - logger.py:104 - info - ============================================================
2026-05-09 14:18:55,449 - INFO - logger.py:104 - info - 开始执行用例：import_empty
2026-05-09 14:18:55,453 - INFO - logger.py:104 - info - 用例ms ID：101271
2026-05-09 14:18:55,463 - INFO - logger.py:104 - info - ============================================================
2026-05-09 14:18:55,471 - INFO - logger.py:104 - info - 测试文件: D:\install\auto_ui-master\src\data\LD\customer_file\空表.xlsx
2026-05-09 14:18:55,475 - INFO - logger.py:104 - info - 调用公用登录方法登录系统
2026-05-09 14:18:55,481 - INFO - logger.py:104 - info - 开始登录 LD 项目...
2026-05-09 14:18:55,490 - INFO - logger.py:104 - info - 登录URL: https://test2.saas-test3.supcon.com:32188
2026-05-09 14:18:55,519 - INFO - logger.py:104 - info - 用户名: admin
2026-05-09 14:18:59,723 - INFO - logger.py:104 - info - 检查是否存在在线用户超限提示
2026-05-09 14:19:00,321 - INFO - logger.py:104 - info - 已自动点击在线用户提示的确定按钮
2026-05-09 14:19:06,347 - INFO - logger.py:104 - info - LD 项目登录成功！
2026-05-09 14:19:06,351 - INFO - logger.py:104 - info - 进入客户档案页面
2026-05-09 14:19:07,586 - INFO - logger.py:104 - info - 定位客户资料页面
2026-05-09 14:19:07,589 - INFO - logger.py:104 - info - 定位第一个客户数据行
2026-05-09 14:19:07,592 - INFO - logger.py:104 - info - 点击第一个客户数据行，激活客户产品映射页面
2026-05-09 14:19:08,911 - INFO - logger.py:104 - info - 等待客户行选中状态
2026-05-09 14:19:08,924 - INFO - logger.py:104 - info - 定位客户产品映射区域的导入按钮
2026-05-09 14:19:08,926 - INFO - logger.py:104 - info - 等待导入按钮可用
2026-05-09 14:19:08,937 - INFO - logger.py:104 - info - 点击导入按钮
2026-05-09 14:19:09,544 - INFO - logger.py:104 - info - 上传导入文件，确认导入
2026-05-09 14:19:10,647 - INFO - logger.py:104 - info - 等待导入完成
2026-05-09 14:19:13,665 - INFO - logger.py:104 - info - 关闭弹窗，用例执行完成
2026-05-09 14:19:14,228 - INFO - logger.py:104 - info - 关闭页面
2026-05-09 14:19:14,243 - INFO - logger.py:104 - info - 关闭浏览器上下文
2026-05-09 14:19:14,285 - INFO - logger.py:104 - info - 关闭浏览器
2026-05-09 14:19:14,608 - INFO - logger.py:104 - info - 测试执行完成: TestImportEmpty
2026-05-09 14:19:14,638 - INFO - logger.py:104 - info - 开始执行测试: TestImportProductCodeExists
2026-05-09 14:19:14,642 - INFO - logger.py:104 - info - 启动浏览器: Chromium, 无头模式: False
2026-05-09 14:19:18,537 - INFO - logger.py:104 - info - ============================================================
2026-05-09 14:19:18,549 - INFO - logger.py:104 - info - 开始执行测试用例：import_miss_productfile
2026-05-09 14:19:18,552 - INFO - logger.py:104 - info - 用例ms的id：0
2026-05-09 14:19:18,556 - INFO - logger.py:104 - info - ============================================================
2026-05-09 14:19:18,639 - INFO - logger.py:104 - info - 测试文件: D:\install\auto_ui-master\src\data\LD\customer_file\101232测试文件.xlsx
2026-05-09 14:19:18,653 - INFO - logger.py:104 - info - 完成系统登录
2026-05-09 14:19:18,657 - INFO - logger.py:104 - info - 开始登录 LD 项目...
2026-05-09 14:19:18,668 - INFO - logger.py:104 - info - 登录URL: https://test2.saas-test3.supcon.com:32188
2026-05-09 14:19:18,674 - INFO - logger.py:104 - info - 用户名: admin
2026-05-09 14:19:22,853 - INFO - logger.py:104 - info - 检查是否存在在线用户超限提示
2026-05-09 14:19:23,421 - INFO - logger.py:104 - info - 已自动点击在线用户提示的确定按钮
2026-05-09 14:19:29,439 - INFO - logger.py:104 - info - LD 项目登录成功！
2026-05-09 14:19:29,443 - INFO - logger.py:104 - info - 导航进入客户档案页面
2026-05-09 14:19:30,664 - INFO - logger.py:104 - info - 定位客户资料页面
2026-05-09 14:19:30,667 - INFO - logger.py:104 - info - 定位第一个客户数据行
2026-05-09 14:19:30,669 - INFO - logger.py:104 - info - 点击第一个客户数据行，激活客户产品映射页面
2026-05-09 14:19:31,965 - INFO - logger.py:104 - info - 等待客户行选中状态
2026-05-09 14:19:31,997 - INFO - logger.py:104 - info - 定位客户产品映射区域的导入按钮
2026-05-09 14:19:31,998 - INFO - logger.py:104 - info - 等待导入按钮可用
2026-05-09 14:19:32,012 - INFO - logger.py:104 - info - 点击导入按钮
2026-05-09 14:19:32,557 - INFO - logger.py:104 - info - 上传导入文件，确认导入
2026-05-09 14:19:33,659 - INFO - logger.py:104 - info - 等待导入完成
2026-05-09 14:19:36,695 - INFO - logger.py:104 - info - 关闭弹窗，用例执行完成
2026-05-09 14:19:37,227 - INFO - logger.py:104 - info - 测试用例import_miss_productfile执行完成
2026-05-09 14:19:37,233 - INFO - logger.py:104 - info - 关闭页面
2026-05-09 14:19:37,250 - INFO - logger.py:104 - info - 关闭浏览器上下文
2026-05-09 14:19:37,311 - INFO - logger.py:104 - info - 关闭浏览器
2026-05-09 14:19:37,893 - INFO - logger.py:104 - info - 测试执行完成: TestImportProductCodeExists
2026-05-09 14:19:37,919 - INFO - logger.py:104 - info - 开始执行测试: TestImportProductCodeExists
2026-05-09 14:19:37,923 - INFO - logger.py:104 - info - 启动浏览器: Chromium, 无头模式: False
2026-05-09 14:19:41,670 - INFO - logger.py:104 - info - ============================================================
2026-05-09 14:19:41,674 - INFO - logger.py:104 - info - 开始执行测试用例：import_product_code_exists
2026-05-09 14:19:41,677 - INFO - logger.py:104 - info - 用例ms的id：101257
2026-05-09 14:19:41,680 - INFO - logger.py:104 - info - ============================================================
2026-05-09 14:19:41,684 - INFO - logger.py:104 - info - 测试文件: D:\install\auto_ui-master\src\data\LD\customer_file\11产品映射表.xlsx
2026-05-09 14:19:41,687 - INFO - logger.py:104 - info - 完成系统登录
2026-05-09 14:19:41,690 - INFO - logger.py:104 - info - 开始登录 LD 项目...
2026-05-09 14:19:41,697 - INFO - logger.py:104 - info - 登录URL: https://test2.saas-test3.supcon.com:32188
2026-05-09 14:19:41,701 - INFO - logger.py:104 - info - 用户名: admin
2026-05-09 14:19:45,654 - INFO - logger.py:104 - info - 检查是否存在在线用户超限提示
2026-05-09 14:19:46,220 - INFO - logger.py:104 - info - 已自动点击在线用户提示的确定按钮
2026-05-09 14:19:52,258 - INFO - logger.py:104 - info - LD 项目登录成功！
2026-05-09 14:19:52,262 - INFO - logger.py:104 - info - 导航进入客户档案页面
2026-05-09 14:19:53,524 - INFO - logger.py:104 - info - 定位客户资料页面
2026-05-09 14:19:53,526 - INFO - logger.py:104 - info - 定位第一个客户数据行
2026-05-09 14:19:53,528 - INFO - logger.py:104 - info - 点击第一个客户数据行，激活客户产品映射页面
2026-05-09 14:19:54,672 - INFO - logger.py:104 - info - 等待客户行选中状态
2026-05-09 14:19:54,689 - INFO - logger.py:104 - info - 定位客户产品映射区域的导入按钮
2026-05-09 14:19:54,692 - INFO - logger.py:104 - info - 等待导入按钮可用
2026-05-09 14:19:54,706 - INFO - logger.py:104 - info - 点击导入按钮
2026-05-09 14:19:55,248 - INFO - logger.py:104 - info - 上传导入文件，确认导入
2026-05-09 14:19:56,370 - INFO - logger.py:104 - info - 等待导入完成
2026-05-09 14:19:59,399 - INFO - logger.py:104 - info - 关闭弹窗，用例执行完成
2026-05-09 14:19:59,948 - INFO - logger.py:104 - info - 测试用例import_product_code_exists执行完成
2026-05-09 14:19:59,953 - INFO - logger.py:104 - info - 关闭页面
2026-05-09 14:19:59,970 - INFO - logger.py:104 - info - 关闭浏览器上下文
2026-05-09 14:20:00,047 - INFO - logger.py:104 - info - 关闭浏览器
2026-05-09 14:20:00,380 - INFO - logger.py:104 - info - 测试执行完成: TestImportProductCodeExists
2026-05-09 14:20:00,438 - INFO - logger.py:104 - info - 开始执行测试: TestImportProductCodeExists
2026-05-09 14:20:00,442 - INFO - logger.py:104 - info - 启动浏览器: Chromium, 无头模式: False
2026-05-09 14:20:04,393 - INFO - logger.py:104 - info - ============================================================
2026-05-09 14:20:04,398 - INFO - logger.py:104 - info - 开始执行测试用例：import_product_code_noexists
2026-05-09 14:20:04,407 - INFO - logger.py:104 - info - 用例ms的id：101246
2026-05-09 14:20:04,410 - INFO - logger.py:104 - info - ============================================================
2026-05-09 14:20:04,414 - INFO - logger.py:104 - info - 测试文件: D:\install\auto_ui-master\src\data\LD\customer_file\101246测试文件.xlsx
2026-05-09 14:20:04,501 - INFO - logger.py:104 - info - 完成系统登录
2026-05-09 14:20:04,505 - INFO - logger.py:104 - info - 开始登录 LD 项目...
2026-05-09 14:20:04,509 - INFO - logger.py:104 - info - 登录URL: https://test2.saas-test3.supcon.com:32188
2026-05-09 14:20:04,521 - INFO - logger.py:104 - info - 用户名: admin
2026-05-09 14:20:08,682 - INFO - logger.py:104 - info - 检查是否存在在线用户超限提示
2026-05-09 14:20:09,248 - INFO - logger.py:104 - info - 已自动点击在线用户提示的确定按钮
2026-05-09 14:20:15,277 - INFO - logger.py:104 - info - LD 项目登录成功！
2026-05-09 14:20:15,282 - INFO - logger.py:104 - info - 导航进入客户档案页面
2026-05-09 14:20:16,506 - INFO - logger.py:104 - info - 定位客户资料页面
2026-05-09 14:20:16,510 - INFO - logger.py:104 - info - 定位第一个客户数据行
2026-05-09 14:20:16,515 - INFO - logger.py:104 - info - 点击第一个客户数据行，激活客户产品映射页面
2026-05-09 14:20:18,020 - INFO - logger.py:104 - info - 等待客户行选中状态
2026-05-09 14:20:18,033 - INFO - logger.py:104 - info - 定位客户产品映射区域的导入按钮
2026-05-09 14:20:18,035 - INFO - logger.py:104 - info - 等待导入按钮可用
2026-05-09 14:20:18,045 - INFO - logger.py:104 - info - 点击导入按钮
2026-05-09 14:20:18,582 - INFO - logger.py:104 - info - 上传导入文件，确认导入
2026-05-09 14:20:19,698 - INFO - logger.py:104 - info - 等待导入完成
2026-05-09 14:20:22,734 - INFO - logger.py:104 - info - 关闭弹窗，用例执行完成
2026-05-09 14:20:23,292 - INFO - logger.py:104 - info - 测试用例import_product_code_noexists执行完成
2026-05-09 14:20:23,297 - INFO - logger.py:104 - info - 关闭页面
2026-05-09 14:20:23,316 - INFO - logger.py:104 - info - 关闭浏览器上下文
2026-05-09 14:20:23,387 - INFO - logger.py:104 - info - 关闭浏览器
2026-05-09 14:20:23,818 - INFO - logger.py:104 - info - 测试执行完成: TestImportProductCodeExists
2026-05-09 14:20:23,854 - INFO - logger.py:104 - info - 开始执行测试: TestImportProductCodeExists
2026-05-09 14:20:23,861 - INFO - logger.py:104 - info - 启动浏览器: Chromium, 无头模式: False
2026-05-09 14:20:27,681 - INFO - logger.py:104 - info - ============================================================
2026-05-09 14:20:27,685 - INFO - logger.py:104 - info - 开始执行测试用例：mismatch_productname
2026-05-09 14:20:27,702 - INFO - logger.py:104 - info - 用例ms的id：101268
2026-05-09 14:20:27,705 - INFO - logger.py:104 - info - ============================================================
2026-05-09 14:20:27,716 - INFO - logger.py:104 - info - 测试文件: D:\install\auto_ui-master\src\data\LD\customer_file\101268测试文件.xlsx
2026-05-09 14:20:27,721 - INFO - logger.py:104 - info - 完成系统登录
2026-05-09 14:20:27,729 - INFO - logger.py:104 - info - 开始登录 LD 项目...
2026-05-09 14:20:27,735 - INFO - logger.py:104 - info - 登录URL: https://test2.saas-test3.supcon.com:32188
2026-05-09 14:20:27,754 - INFO - logger.py:104 - info - 用户名: admin
2026-05-09 14:20:31,991 - INFO - logger.py:104 - info - 检查是否存在在线用户超限提示
2026-05-09 14:20:32,560 - INFO - logger.py:104 - info - 已自动点击在线用户提示的确定按钮
2026-05-09 14:20:38,604 - INFO - logger.py:104 - info - LD 项目登录成功！
2026-05-09 14:20:38,609 - INFO - logger.py:104 - info - 导航进入客户档案页面
2026-05-09 14:20:39,825 - INFO - logger.py:104 - info - 定位客户资料页面
2026-05-09 14:20:39,828 - INFO - logger.py:104 - info - 定位第一个客户数据行
2026-05-09 14:20:39,832 - INFO - logger.py:104 - info - 点击第一个客户数据行，激活客户产品映射页面
2026-05-09 14:20:41,128 - INFO - logger.py:104 - info - 等待客户行选中状态
2026-05-09 14:20:41,147 - INFO - logger.py:104 - info - 定位客户产品映射区域的导入按钮
2026-05-09 14:20:41,150 - INFO - logger.py:104 - info - 等待导入按钮可用
2026-05-09 14:20:41,165 - INFO - logger.py:104 - info - 点击导入按钮
2026-05-09 14:20:41,784 - INFO - logger.py:104 - info - 上传导入文件，确认导入
2026-05-09 14:20:42,912 - INFO - logger.py:104 - info - 等待导入完成
2026-05-09 14:20:45,940 - INFO - logger.py:104 - info - 关闭弹窗，用例执行完成
2026-05-09 14:20:46,492 - INFO - logger.py:104 - info - 测试用例mismatch_productname执行完成
2026-05-09 14:20:46,498 - INFO - logger.py:104 - info - 关闭页面
2026-05-09 14:20:46,519 - INFO - logger.py:104 - info - 关闭浏览器上下文
2026-05-09 14:20:46,562 - INFO - logger.py:104 - info - 关闭浏览器
2026-05-09 14:20:47,109 - INFO - logger.py:104 - info - 测试执行完成: TestImportProductCodeExists
2026-05-09 14:20:47,136 - INFO - logger.py:104 - info - 开始执行测试: TestImportProductCodeExists
2026-05-09 14:20:47,142 - INFO - logger.py:104 - info - 启动浏览器: Chromium, 无头模式: False
2026-05-09 14:20:51,039 - INFO - logger.py:104 - info - ============================================================
2026-05-09 14:20:51,042 - INFO - logger.py:104 - info - 开始执行测试用例：noexists_code_create
2026-05-09 14:20:51,046 - INFO - logger.py:104 - info - 用例ms的id：101237
2026-05-09 14:20:51,051 - INFO - logger.py:104 - info - ============================================================
2026-05-09 14:20:51,053 - INFO - logger.py:104 - info - 测试文件: D:\install\auto_ui-master\src\data\LD\customer_file\101237测试文件.xlsx
2026-05-09 14:20:51,056 - INFO - logger.py:104 - info - 完成系统登录
2026-05-09 14:20:51,061 - INFO - logger.py:104 - info - 开始登录 LD 项目...
2026-05-09 14:20:51,065 - INFO - logger.py:104 - info - 登录URL: https://test2.saas-test3.supcon.com:32188
2026-05-09 14:20:51,069 - INFO - logger.py:104 - info - 用户名: admin
2026-05-09 14:20:54,718 - INFO - logger.py:104 - info - 检查是否存在在线用户超限提示
2026-05-09 14:20:55,301 - INFO - logger.py:104 - info - 已自动点击在线用户提示的确定按钮
2026-05-09 14:21:01,323 - INFO - logger.py:104 - info - LD 项目登录成功！
2026-05-09 14:21:01,326 - INFO - logger.py:104 - info - 导航进入客户档案页面
2026-05-09 14:21:02,532 - INFO - logger.py:104 - info - 定位客户资料页面
2026-05-09 14:21:02,535 - INFO - logger.py:104 - info - 定位第一个客户数据行
2026-05-09 14:21:02,537 - INFO - logger.py:104 - info - 点击第一个客户数据行，激活客户产品映射页面
2026-05-09 14:21:03,948 - INFO - logger.py:104 - info - 等待客户行选中状态
2026-05-09 14:21:03,961 - INFO - logger.py:104 - info - 定位客户产品映射区域的导入按钮
2026-05-09 14:21:03,965 - INFO - logger.py:104 - info - 等待导入按钮可用
2026-05-09 14:21:03,977 - INFO - logger.py:104 - info - 点击导入按钮
2026-05-09 14:21:04,513 - INFO - logger.py:104 - info - 上传导入文件，确认导入
2026-05-09 14:21:05,615 - INFO - logger.py:104 - info - 等待导入完成
2026-05-09 14:21:08,641 - INFO - logger.py:104 - info - 关闭弹窗，用例执行完成
2026-05-09 14:21:09,188 - INFO - logger.py:104 - info - 测试用例noexists_code_create执行完成
2026-05-09 14:21:09,192 - INFO - logger.py:104 - info - 关闭页面
2026-05-09 14:21:09,206 - INFO - logger.py:104 - info - 关闭浏览器上下文
2026-05-09 14:21:09,252 - INFO - logger.py:104 - info - 关闭浏览器
2026-05-09 14:21:09,624 - INFO - logger.py:104 - info - 测试执行完成: TestImportProductCodeExists
2026-05-09 14:21:09,651 - INFO - logger.py:104 - info - 开始执行测试: TestImportProductCodeExists
2026-05-09 14:21:09,653 - INFO - logger.py:104 - info - 启动浏览器: Chromium, 无头模式: False
2026-05-09 14:21:13,437 - INFO - logger.py:104 - info - ============================================================
2026-05-09 14:21:13,440 - INFO - logger.py:104 - info - 开始执行测试用例：noexists_code_defeat
2026-05-09 14:21:13,444 - INFO - logger.py:104 - info - 用例ms的id：101231
2026-05-09 14:21:13,447 - INFO - logger.py:104 - info - ============================================================
2026-05-09 14:21:13,451 - INFO - logger.py:104 - info - 测试文件: D:\install\auto_ui-master\src\data\LD\customer_file\101231测试文件.xlsx
2026-05-09 14:21:13,454 - INFO - logger.py:104 - info - 完成系统登录
2026-05-09 14:21:13,458 - INFO - logger.py:104 - info - 开始登录 LD 项目...
2026-05-09 14:21:13,461 - INFO - logger.py:104 - info - 登录URL: https://test2.saas-test3.supcon.com:32188
2026-05-09 14:21:13,465 - INFO - logger.py:104 - info - 用户名: admin
2026-05-09 14:21:17,265 - INFO - logger.py:104 - info - 检查是否存在在线用户超限提示
2026-05-09 14:21:17,843 - INFO - logger.py:104 - info - 已自动点击在线用户提示的确定按钮
2026-05-09 14:21:23,865 - INFO - logger.py:104 - info - LD 项目登录成功！
2026-05-09 14:21:23,868 - INFO - logger.py:104 - info - 导航进入客户档案页面
2026-05-09 14:21:25,103 - INFO - logger.py:104 - info - 定位客户资料页面
2026-05-09 14:21:25,106 - INFO - logger.py:104 - info - 定位第一个客户数据行
2026-05-09 14:21:25,109 - INFO - logger.py:104 - info - 点击第一个客户数据行，激活客户产品映射页面
2026-05-09 14:21:26,283 - INFO - logger.py:104 - info - 等待客户行选中状态
2026-05-09 14:21:26,295 - INFO - logger.py:104 - info - 定位客户产品映射区域的导入按钮
2026-05-09 14:21:26,297 - INFO - logger.py:104 - info - 等待导入按钮可用
2026-05-09 14:21:26,309 - INFO - logger.py:104 - info - 点击导入按钮
2026-05-09 14:21:26,860 - INFO - logger.py:104 - info - 上传导入文件，确认导入
2026-05-09 14:21:27,985 - INFO - logger.py:104 - info - 等待导入完成
2026-05-09 14:21:31,024 - INFO - logger.py:104 - info - 关闭弹窗，用例执行完成
2026-05-09 14:21:31,573 - INFO - logger.py:104 - info - 测试用例noexists_code_defeat执行完成
2026-05-09 14:21:31,578 - INFO - logger.py:104 - info - 关闭页面
2026-05-09 14:21:31,597 - INFO - logger.py:104 - info - 关闭浏览器上下文
2026-05-09 14:21:31,653 - INFO - logger.py:104 - info - 关闭浏览器
2026-05-09 14:21:32,017 - INFO - logger.py:104 - info - 测试执行完成: TestImportProductCodeExists
2026-05-09 14:21:32,040 - INFO - logger.py:104 - info - 开始执行测试: TestCustomerFormCheck
2026-05-09 14:21:32,045 - INFO - logger.py:104 - info - 启动浏览器: Chromium, 无头模式: False
2026-05-09 14:21:35,942 - INFO - logger.py:104 - info - ============================================================
2026-05-09 14:21:35,945 - INFO - logger.py:104 - info - 开始执行用例：table_properties
2026-05-09 14:21:35,948 - INFO - logger.py:104 - info - 用例ms的id：101250
2026-05-09 14:21:35,950 - INFO - logger.py:104 - info - ============================================================
2026-05-09 14:21:35,953 - INFO - logger.py:104 - info - 调用公用登录方法完成登录
2026-05-09 14:21:35,955 - INFO - logger.py:104 - info - 开始登录 LD 项目...
2026-05-09 14:21:35,958 - INFO - logger.py:104 - info - 登录URL: https://test2.saas-test3.supcon.com:32188
2026-05-09 14:21:35,961 - INFO - logger.py:104 - info - 用户名: admin
2026-05-09 14:21:40,057 - INFO - logger.py:104 - info - 检查是否存在在线用户超限提示
2026-05-09 14:21:40,646 - INFO - logger.py:104 - info - 已自动点击在线用户提示的确定按钮
2026-05-09 14:21:46,668 - INFO - logger.py:104 - info - LD 项目登录成功！
2026-05-09 14:21:46,672 - INFO - logger.py:104 - info - 导航进入客户档案模块
2026-05-09 14:21:47,925 - INFO - logger.py:104 - info - 点击新增按钮，打开创建客户弹窗
2026-05-09 14:21:49,201 - INFO - logger.py:104 - info - 开始断言表单所有字段展示正确
2026-05-09 14:21:49,459 - INFO - logger.py:104 - info - 所有字段断言完成，关闭创建客户弹窗
2026-05-09 14:21:50,127 - INFO - logger.py:104 - info - 用例table_properties执行完成
2026-05-09 14:21:50,131 - INFO - logger.py:104 - info - 关闭页面
2026-05-09 14:21:50,152 - INFO - logger.py:104 - info - 关闭浏览器上下文
2026-05-09 14:21:50,223 - INFO - logger.py:104 - info - 关闭浏览器
2026-05-09 14:21:50,622 - INFO - logger.py:104 - info - 测试执行完成: TestCustomerFormCheck
2026-05-09 14:21:50,659 - INFO - logger.py:104 - info - 开始执行测试: TestVerifyDelete
2026-05-09 14:21:50,663 - INFO - logger.py:104 - info - 启动浏览器: Chromium, 无头模式: False
2026-05-09 14:21:54,702 - INFO - logger.py:104 - info - ============================================================
2026-05-09 14:21:54,705 - INFO - logger.py:104 - info - 开始执行用例：verify_delete
2026-05-09 14:21:54,708 - INFO - logger.py:104 - info - 用例ms的id：101263
2026-05-09 14:21:54,711 - INFO - logger.py:104 - info - ============================================================
2026-05-09 14:21:54,714 - INFO - logger.py:104 - info - 执行系统登录
2026-05-09 14:21:54,718 - INFO - logger.py:104 - info - 开始登录 LD 项目...
2026-05-09 14:21:54,722 - INFO - logger.py:104 - info - 登录URL: https://test2.saas-test3.supcon.com:32188
2026-05-09 14:21:54,725 - INFO - logger.py:104 - info - 用户名: admin
2026-05-09 14:21:58,569 - INFO - logger.py:104 - info - 检查是否存在在线用户超限提示
2026-05-09 14:21:59,134 - INFO - logger.py:104 - info - 已自动点击在线用户提示的确定按钮
2026-05-09 14:22:05,159 - INFO - logger.py:104 - info - LD 项目登录成功！
2026-05-09 14:22:05,161 - INFO - logger.py:104 - info - 进入客户档案模块
2026-05-09 14:22:06,427 - INFO - logger.py:104 - info - 执行删除目标客商操作，验证提示信息
2026-05-09 14:22:09,018 - INFO - logger.py:104 - info - 验证完成：正确弹出「客商已启用，不可删除！」提示
2026-05-09 14:22:09,020 - INFO - logger.py:104 - info - 用例verify_delete执行完毕
2026-05-09 14:22:09,024 - INFO - logger.py:104 - info - 关闭页面
2026-05-09 14:22:09,039 - INFO - logger.py:104 - info - 关闭浏览器上下文
2026-05-09 14:22:09,082 - INFO - logger.py:104 - info - 关闭浏览器
2026-05-09 14:22:09,422 - INFO - logger.py:104 - info - 测试执行完成: TestVerifyDelete
2026-05-09 14:22:09,441 - INFO - logger.py:104 - info - 开始执行测试: TestVerifyEditButton
2026-05-09 14:22:09,444 - INFO - logger.py:104 - info - 启动浏览器: Chromium, 无头模式: False
2026-05-09 14:22:13,894 - INFO - logger.py:104 - info - ============================================================
2026-05-09 14:22:13,899 - INFO - logger.py:104 - info - 开始执行用例：verify_edit_button
2026-05-09 14:22:13,908 - INFO - logger.py:104 - info - 用例ms的id：101252
2026-05-09 14:22:13,914 - INFO - logger.py:104 - info - ============================================================
2026-05-09 14:22:13,923 - INFO - logger.py:104 - info - 执行系统登录
2026-05-09 14:22:13,926 - INFO - logger.py:104 - info - 开始登录 LD 项目...
2026-05-09 14:22:13,939 - INFO - logger.py:104 - info - 登录URL: https://test2.saas-test3.supcon.com:32188
2026-05-09 14:22:13,944 - INFO - logger.py:104 - info - 用户名: admin
2026-05-09 14:22:17,810 - INFO - logger.py:104 - info - 检查是否存在在线用户超限提示
2026-05-09 14:22:18,380 - INFO - logger.py:104 - info - 已自动点击在线用户提示的确定按钮
2026-05-09 14:22:24,401 - INFO - logger.py:104 - info - LD 项目登录成功！
2026-05-09 14:22:24,404 - INFO - logger.py:104 - info - 导航进入客户档案页面
2026-05-09 14:22:25,636 - INFO - logger.py:104 - info - 点击编辑按钮
2026-05-09 14:22:27,679 - INFO - logger.py:104 - info - 用例verify_edit_button执行完成
2026-05-09 14:22:27,683 - INFO - logger.py:104 - info - 关闭页面
2026-05-09 14:22:27,700 - INFO - logger.py:104 - info - 关闭浏览器上下文
2026-05-09 14:22:27,741 - INFO - logger.py:104 - info - 关闭浏览器
2026-05-09 14:22:28,063 - INFO - logger.py:104 - info - 测试执行完成: TestVerifyEditButton
2026-05-09 14:22:28,095 - INFO - logger.py:104 - info - 开始执行测试: TestVerifyImportButton
2026-05-09 14:22:28,100 - INFO - logger.py:104 - info - 启动浏览器: Chromium, 无头模式: False
2026-05-09 14:22:31,862 - INFO - logger.py:104 - info - ============================================================
2026-05-09 14:22:31,866 - INFO - logger.py:104 - info - 开始执行用例：verify_import_button
2026-05-09 14:22:31,869 - INFO - logger.py:104 - info - 用例ms的id：101244
2026-05-09 14:22:31,872 - INFO - logger.py:104 - info - ============================================================
2026-05-09 14:22:31,875 - INFO - logger.py:104 - info - 开始登录 LD 项目...
2026-05-09 14:22:31,879 - INFO - logger.py:104 - info - 登录URL: https://test2.saas-test3.supcon.com:32188
2026-05-09 14:22:31,885 - INFO - logger.py:104 - info - 用户名: admin
2026-05-09 14:22:35,839 - INFO - logger.py:104 - info - 检查是否存在在线用户超限提示
2026-05-09 14:22:36,402 - INFO - logger.py:104 - info - 已自动点击在线用户提示的确定按钮
2026-05-09 14:22:42,436 - INFO - logger.py:104 - info - LD 项目登录成功！
2026-05-09 14:22:42,439 - INFO - logger.py:104 - info - 系统登录完成
2026-05-09 14:22:42,442 - INFO - logger.py:104 - info - 导航进入客户档案页面
2026-05-09 14:22:43,644 - INFO - logger.py:104 - info - 点击导入按钮唤起导入弹窗
2026-05-09 14:22:44,889 - INFO - logger.py:104 - info - 点击导入说明区域完成交互
2026-05-09 14:22:45,451 - INFO - logger.py:104 - info - verify_import_button用例执行完成
2026-05-09 14:22:45,462 - INFO - logger.py:104 - info - 关闭页面
2026-05-09 14:22:45,479 - INFO - logger.py:104 - info - 关闭浏览器上下文
2026-05-09 14:22:45,545 - INFO - logger.py:104 - info - 关闭浏览器
2026-05-09 14:22:46,096 - INFO - logger.py:104 - info - 测试执行完成: TestVerifyImportButton
2026-05-09 14:22:46,116 - INFO - logger.py:104 - info - 开始执行测试: TestVerifyResetButton
2026-05-09 14:22:46,118 - INFO - logger.py:104 - info - 启动浏览器: Chromium, 无头模式: False
2026-05-09 14:22:50,635 - INFO - logger.py:104 - info - ============================================================
2026-05-09 14:22:50,738 - INFO - logger.py:104 - info - 开始执行用例：verify_reset_button
2026-05-09 14:22:50,743 - INFO - logger.py:104 - info - 用例ms的id：101254
2026-05-09 14:22:50,748 - INFO - logger.py:104 - info - ============================================================
2026-05-09 14:22:50,764 - INFO - logger.py:104 - info - 开始登录 LD 项目...
2026-05-09 14:22:50,771 - INFO - logger.py:104 - info - 登录URL: https://test2.saas-test3.supcon.com:32188
2026-05-09 14:22:50,777 - INFO - logger.py:104 - info - 用户名: admin
2026-05-09 14:22:54,615 - INFO - logger.py:104 - info - 检查是否存在在线用户超限提示
2026-05-09 14:22:55,184 - INFO - logger.py:104 - info - 已自动点击在线用户提示的确定按钮
2026-05-09 14:23:01,209 - INFO - logger.py:104 - info - LD 项目登录成功！
2026-05-09 14:23:01,213 - INFO - logger.py:104 - info - 进入客户档案页面
2026-05-09 14:23:02,414 - INFO - logger.py:104 - info - 输入客户编码执行查询，点击重置按钮
2026-05-09 14:23:05,253 - INFO - logger.py:104 - info - verify_reset_button用例执行完成
2026-05-09 14:23:05,258 - INFO - logger.py:104 - info - 关闭页面
2026-05-09 14:23:05,277 - INFO - logger.py:104 - info - 关闭浏览器上下文
2026-05-09 14:23:05,347 - INFO - logger.py:104 - info - 关闭浏览器
2026-05-09 14:23:05,988 - INFO - logger.py:104 - info - 测试执行完成: TestVerifyResetButton
2026-05-09 14:23:07,020 - ERROR - logger.py:112 - error - 生成Allure报告失败: Allure命令行工具未找到，请确保已安装并添加到系统PATH中
2026-05-09 14:23:07,025 - INFO - logger.py:104 - info - 测试执行完成，耗时: 280.59秒
2026-05-09 14:23:07,026 - INFO - logger.py:104 - info - 执行结果: 成功
