2026-04-22 15:45:47,746 - INFO - logger.py:104 - info - 开始执行测试
2026-04-22 15:45:47,747 - INFO - logger.py:104 - info - 使用单线程运行测试，避免Playwright Sync API在asyncio循环中的错误
2026-04-22 15:45:47,747 - INFO - logger.py:104 - info - Pytest执行参数: ['D:\\install\\auto_ui-master\\src\\testcase\\LD\\bom_management\\test_verify_import_empty_excel.py', '-p', 'no:xdist', '--tb=short', '--tb=short', '--timeout=180', '--alluredir', 'reports\\allure_report_20260422_154547']
2026-04-22 15:45:49,563 - INFO - logger.py:104 - info - 开始执行测试: TestVerifyImportEmptyExcel
2026-04-22 15:45:49,572 - INFO - logger.py:104 - info - 启动浏览器: Chromium, 无头模式: False
2026-04-22 15:45:51,808 - INFO - logger.py:104 - info - ============================================================
2026-04-22 15:45:51,879 - INFO - logger.py:104 - info - 开始执行用例：verify_import_empty_excel
2026-04-22 15:45:51,882 - INFO - logger.py:104 - info - 用例ms的id：0
2026-04-22 15:45:51,887 - INFO - logger.py:104 - info - ============================================================
2026-04-22 15:45:51,910 - INFO - logger.py:104 - info - 测试文件1: D:\install\auto_ui-master\src\data\LD\bom_management\工作簿1.xlsx
2026-04-22 15:45:51,969 - INFO - logger.py:104 - info - 测试文件2: D:\install\auto_ui-master\src\data\LD\bom_management\工作簿2.xlsx
2026-04-22 15:45:51,982 - INFO - logger.py:104 - info - 登录目标系统
2026-04-22 15:45:51,994 - INFO - logger.py:104 - info - 开始登录 LD 项目...
2026-04-22 15:45:51,997 - INFO - logger.py:104 - info - 登录URL: https://test2.saas-test3.supcon.com:32188
2026-04-22 15:45:52,002 - INFO - logger.py:104 - info - 用户名: admin
2026-04-22 15:46:05,191 - INFO - logger.py:104 - info - LD 项目登录成功！
2026-04-22 15:46:05,194 - INFO - logger.py:104 - info - 进入基础资料->物料清单页面
2026-04-22 15:46:06,336 - INFO - logger.py:104 - info - 测试场景1：上传空Excel文件
2026-04-22 15:46:10,479 - INFO - logger.py:104 - info - 校验弹窗提示，确认导入操作
2026-04-22 15:46:11,080 - INFO - logger.py:104 - info - 验证空文件导入结果提示
2026-04-22 15:46:19,304 - INFO - logger.py:104 - info - 关闭页面
2026-04-22 15:46:19,323 - INFO - logger.py:104 - info - 关闭浏览器上下文
2026-04-22 15:46:19,384 - INFO - logger.py:104 - info - 关闭浏览器
2026-04-22 15:46:19,877 - INFO - logger.py:104 - info - 测试执行完成: TestVerifyImportEmptyExcel
2026-04-22 15:46:20,986 - ERROR - logger.py:112 - error - 生成Allure报告失败: Allure命令行工具未找到，请确保已安装并添加到系统PATH中
2026-04-22 15:46:20,987 - INFO - logger.py:104 - info - 测试执行完成，耗时: 33.20秒
2026-04-22 15:46:20,987 - INFO - logger.py:104 - info - 执行结果: 失败
