2026-04-27 15:58:52,354 - INFO - logger.py:104 - info - 开始执行测试
2026-04-27 15:58:52,354 - INFO - logger.py:104 - info - 使用单线程运行测试，避免Playwright Sync API在asyncio循环中的错误
2026-04-27 15:58:52,354 - INFO - logger.py:104 - info - Pytest执行参数: ['D:\\install\\auto_ui-master\\src\\testcase\\LD\\code_rule_config\\test_verify_complement_symbol.py', '-p', 'no:xdist', '--tb=short', '--tb=short', '--timeout=180', '--alluredir', 'reports\\allure_report_20260427_155852']
2026-04-27 15:58:54,140 - INFO - logger.py:104 - info - 开始执行测试: TestVerifyComplementSymbol
2026-04-27 15:58:54,152 - INFO - logger.py:104 - info - 启动浏览器: Chromium, 无头模式: False
2026-04-27 15:58:57,043 - INFO - logger.py:104 - info - ============================================================
2026-04-27 15:58:57,046 - INFO - logger.py:104 - info - 开始执行用例：verify_complement_symbol
2026-04-27 15:58:57,049 - INFO - logger.py:104 - info - 用例ms的id：0
2026-04-27 15:58:57,053 - INFO - logger.py:104 - info - ============================================================
2026-04-27 15:58:57,058 - INFO - logger.py:104 - info - 开始登录 LD 项目...
2026-04-27 15:58:57,061 - INFO - logger.py:104 - info - 登录URL: https://test2.saas-test3.supcon.com:32188
2026-04-27 15:58:57,063 - INFO - logger.py:104 - info - 用户名: admin
2026-04-27 15:59:00,871 - INFO - logger.py:104 - info - 检查是否存在在线用户超限提示
2026-04-27 15:59:01,443 - INFO - logger.py:104 - info - 已自动点击在线用户提示的确定按钮
2026-04-27 15:59:07,501 - INFO - logger.py:104 - info - LD 项目登录成功！
2026-04-27 15:59:07,506 - INFO - logger.py:104 - info - 进入编码规则配置菜单
2026-04-27 15:59:08,710 - INFO - logger.py:104 - info - 开始创建新编码规则
2026-04-27 15:59:11,619 - INFO - logger.py:104 - info - 配置流水号左补位参数
2026-04-27 15:59:14,334 - INFO - logger.py:104 - info - 开始移除disabled属性并输入1
2026-04-27 15:59:15,422 - INFO - logger.py:104 - info - 输入1完成
2026-04-27 15:59:16,436 - INFO - logger.py:104 - info - 开始输入q
2026-04-27 15:59:17,494 - INFO - logger.py:104 - info - 输入q完成
2026-04-27 15:59:17,496 - INFO - logger.py:104 - info - 完成操作，点击取消
2026-04-27 15:59:18,052 - INFO - logger.py:104 - info - 用例verify_complement_symbol执行完毕
2026-04-27 15:59:18,057 - INFO - logger.py:104 - info - 关闭页面
2026-04-27 15:59:18,075 - INFO - logger.py:104 - info - 关闭浏览器上下文
2026-04-27 15:59:18,130 - INFO - logger.py:104 - info - 关闭浏览器
2026-04-27 15:59:18,437 - INFO - logger.py:104 - info - 测试执行完成: TestVerifyComplementSymbol
2026-04-27 15:59:19,409 - ERROR - logger.py:112 - error - 生成Allure报告失败: Allure命令行工具未找到，请确保已安装并添加到系统PATH中
2026-04-27 15:59:19,410 - INFO - logger.py:104 - info - 测试执行完成，耗时: 27.02秒
2026-04-27 15:59:19,411 - INFO - logger.py:104 - info - 执行结果: 成功
