2026-05-11 09:10:15,152 - INFO - logger.py:104 - info - 开始执行测试
2026-05-11 09:10:15,152 - INFO - logger.py:104 - info - 使用单线程运行测试，避免Playwright Sync API在asyncio循环中的错误
2026-05-11 09:10:15,152 - INFO - logger.py:104 - info - Pytest执行参数: ['D:\\install\\auto_ui-master\\src\\testcase\\LD\\supplier_file', '-p', 'no:xdist', '--tb=short', '--tb=short', '--timeout=180', '--alluredir', 'reports\\allure_report_20260511_091015']
2026-05-11 09:10:16,970 - INFO - logger.py:104 - info - 开始执行测试: TestVerifyCreatePage
2026-05-11 09:10:16,978 - INFO - logger.py:104 - info - 启动浏览器: Chromium, 无头模式: False
2026-05-11 09:10:20,192 - INFO - logger.py:104 - info - ============================================================
2026-05-11 09:10:20,207 - INFO - logger.py:104 - info - 开始执行verify_create_page
2026-05-11 09:10:20,212 - INFO - logger.py:104 - info - 用例ms的id：101201
2026-05-11 09:10:20,215 - INFO - logger.py:104 - info - ============================================================
2026-05-11 09:10:20,218 - INFO - logger.py:104 - info - 开始登录 LD 项目...
2026-05-11 09:10:20,221 - INFO - logger.py:104 - info - 登录URL: https://test2.saas-test3.supcon.com:32188
2026-05-11 09:10:20,224 - INFO - logger.py:104 - info - 用户名: admin
2026-05-11 09:10:24,121 - INFO - logger.py:104 - info - 检查是否存在在线用户超限提示
2026-05-11 09:10:24,677 - INFO - logger.py:104 - info - 已自动点击在线用户提示的确定按钮
2026-05-11 09:10:30,705 - INFO - logger.py:104 - info - LD 项目登录成功！
2026-05-11 09:10:30,709 - INFO - logger.py:104 - info - 点击基础资料菜单
2026-05-11 09:10:31,283 - INFO - logger.py:104 - info - 点击供应商档案菜单
2026-05-11 09:10:31,959 - INFO - logger.py:104 - info - 点击新增按钮
2026-05-11 09:10:33,275 - INFO - logger.py:104 - info - 关闭页面
2026-05-11 09:10:33,296 - INFO - logger.py:104 - info - 关闭浏览器上下文
2026-05-11 09:10:33,374 - INFO - logger.py:104 - info - 关闭浏览器
2026-05-11 09:10:33,766 - INFO - logger.py:104 - info - 测试执行完成: TestVerifyCreatePage
2026-05-11 09:10:34,719 - ERROR - logger.py:112 - error - 生成Allure报告失败: Allure命令行工具未找到，请确保已安装并添加到系统PATH中
2026-05-11 09:10:34,721 - INFO - logger.py:104 - info - 测试执行完成，耗时: 19.52秒
2026-05-11 09:10:34,721 - INFO - logger.py:104 - info - 执行结果: 成功
