2026-04-22 15:15:22,090 - INFO - logger.py:104 - info - 开始执行测试
2026-04-22 15:15:22,091 - INFO - logger.py:104 - info - 使用单线程运行测试，避免Playwright Sync API在asyncio循环中的错误
2026-04-22 15:15:22,091 - INFO - logger.py:104 - info - Pytest执行参数: ['D:\\install\\auto_ui-master\\src\\testcase\\LD\\bom_management\\test_verify_export_performance.py', '-p', 'no:xdist', '--tb=short', '--tb=short', '--timeout=180', '--alluredir', 'reports\\allure_report_20260422_151522']
2026-04-22 15:15:23,888 - INFO - logger.py:104 - info - 开始执行测试: TestVerifyExportPerformance
2026-04-22 15:15:23,900 - INFO - logger.py:104 - info - 启动浏览器: Chromium, 无头模式: False
2026-04-22 15:15:26,409 - INFO - logger.py:104 - info - ============================================================
2026-04-22 15:15:26,421 - INFO - logger.py:104 - info - 开始执行用例：verify_export_performance
2026-04-22 15:15:26,443 - INFO - logger.py:104 - info - 用例ms的id：0
2026-04-22 15:15:26,454 - INFO - logger.py:104 - info - ============================================================
2026-04-22 15:15:26,471 - INFO - logger.py:104 - info - 登录系统
2026-04-22 15:15:26,476 - INFO - logger.py:104 - info - 开始登录 LD 项目...
2026-04-22 15:15:26,484 - INFO - logger.py:104 - info - 登录URL: https://test2.saas-test3.supcon.com:32188
2026-04-22 15:15:26,488 - INFO - logger.py:104 - info - 用户名: admin
2026-04-22 15:15:39,878 - INFO - logger.py:104 - info - LD 项目登录成功！
2026-04-22 15:15:39,882 - INFO - logger.py:104 - info - 进入物料清单菜单
2026-04-22 15:15:41,038 - INFO - logger.py:104 - info - 打开导出配置弹窗
2026-04-22 15:15:43,362 - INFO - logger.py:104 - info - 配置导出参数
2026-04-22 15:15:45,033 - INFO - logger.py:104 - info - 触发导出操作，等待下载完成
2026-04-22 15:15:58,579 - INFO - logger.py:104 - info - 断言导出成功提示
2026-04-22 15:15:58,651 - INFO - logger.py:104 - info - 用例verify_export_performance执行完成
2026-04-22 15:15:58,657 - INFO - logger.py:104 - info - 关闭页面
2026-04-22 15:15:58,760 - INFO - logger.py:104 - info - 关闭浏览器上下文
2026-04-22 15:15:58,825 - INFO - logger.py:104 - info - 关闭浏览器
2026-04-22 15:15:59,922 - INFO - logger.py:104 - info - 测试执行完成: TestVerifyExportPerformance
2026-04-22 15:16:00,953 - ERROR - logger.py:112 - error - 生成Allure报告失败: Allure命令行工具未找到，请确保已安装并添加到系统PATH中
2026-04-22 15:16:00,955 - INFO - logger.py:104 - info - 测试执行完成，耗时: 38.84秒
2026-04-22 15:16:00,955 - INFO - logger.py:104 - info - 执行结果: 成功
