2026-04-24 09:28:09,250 - INFO - logger.py:104 - info - 开始执行测试
2026-04-24 09:28:09,250 - INFO - logger.py:104 - info - 使用单线程运行测试，避免Playwright Sync API在asyncio循环中的错误
2026-04-24 09:28:09,250 - INFO - logger.py:104 - info - Pytest执行参数: ['D:\\install\\auto_ui-master\\src\\testcase\\LD\\customer_file\\test_verify_import.py', '-p', 'no:xdist', '--tb=short', '--tb=short', '--timeout=180', '--alluredir', 'reports\\allure_report_20260424_092809']
2026-04-24 09:28:10,989 - INFO - logger.py:104 - info - 开始执行测试: TestVerifyImport
2026-04-24 09:28:11,000 - INFO - logger.py:104 - info - 启动浏览器: Chromium, 无头模式: False
2026-04-24 09:28:13,390 - INFO - logger.py:104 - info - ============================================================
2026-04-24 09:28:13,402 - INFO - logger.py:104 - info - 开始执行用例：verify_import
2026-04-24 09:28:13,412 - INFO - logger.py:104 - info - 用例ms的id：0
2026-04-24 09:28:13,426 - INFO - logger.py:104 - info - ============================================================
2026-04-24 09:28:13,436 - INFO - logger.py:104 - info - 开始登录 LD 项目...
2026-04-24 09:28:13,444 - INFO - logger.py:104 - info - 登录URL: https://test2.saas-test3.supcon.com:32188
2026-04-24 09:28:13,451 - INFO - logger.py:104 - info - 用户名: admin
2026-04-24 09:28:17,949 - INFO - logger.py:104 - info - 检查是否存在在线用户超限提示
2026-04-24 09:28:18,524 - INFO - logger.py:104 - info - 已自动点击在线用户提示的确定按钮
2026-04-24 09:28:24,561 - INFO - logger.py:104 - info - LD 项目登录成功！
2026-04-24 09:28:24,564 - INFO - logger.py:104 - info - 登录成功，进入客户档案页面
2026-04-24 09:28:28,503 - INFO - logger.py:104 - info - 等待iframe加载完成
2026-04-24 09:28:44,028 - INFO - logger.py:104 - info - 关闭页面
2026-04-24 09:28:44,050 - INFO - logger.py:104 - info - 关闭浏览器上下文
2026-04-24 09:28:44,114 - INFO - logger.py:104 - info - 关闭浏览器
2026-04-24 09:28:44,639 - INFO - logger.py:104 - info - 测试执行完成: TestVerifyImport
2026-04-24 09:28:45,303 - ERROR - logger.py:112 - error - 生成Allure报告失败: Allure命令行工具未找到，请确保已安装并添加到系统PATH中
2026-04-24 09:28:45,305 - INFO - logger.py:104 - info - 测试执行完成，耗时: 36.03秒
2026-04-24 09:28:45,305 - INFO - logger.py:104 - info - 执行结果: 失败
