2026-04-24 14:31:17,134 - INFO - logger.py:104 - info - 开始执行测试
2026-04-24 14:31:17,134 - INFO - logger.py:104 - info - 使用单线程运行测试，避免Playwright Sync API在asyncio循环中的错误
2026-04-24 14:31:17,135 - INFO - logger.py:104 - info - Pytest执行参数: ['D:\\install\\auto_ui-master\\src\\testcase\\LD\\customer_file\\test_table_properties.py', '-p', 'no:xdist', '--tb=short', '--tb=short', '--timeout=180', '--alluredir', 'reports\\allure_report_20260424_143117']
2026-04-24 14:31:20,608 - INFO - logger.py:104 - info - 开始执行测试: TestCustomerFormCheck
2026-04-24 14:31:20,616 - INFO - logger.py:104 - info - 启动浏览器: Chromium, 无头模式: False
2026-04-24 14:31:23,100 - INFO - logger.py:104 - info - ============================================================
2026-04-24 14:31:23,105 - INFO - logger.py:104 - info - 开始执行用例：table_properties
2026-04-24 14:31:23,110 - INFO - logger.py:104 - info - 用例ms的id：0
2026-04-24 14:31:23,114 - INFO - logger.py:104 - info - ============================================================
2026-04-24 14:31:23,118 - INFO - logger.py:104 - info - 调用公用登录方法完成登录
2026-04-24 14:31:23,122 - INFO - logger.py:104 - info - 开始登录 LD 项目...
2026-04-24 14:31:23,131 - INFO - logger.py:104 - info - 登录URL: https://test2.saas-test3.supcon.com:32188
2026-04-24 14:31:23,135 - INFO - logger.py:104 - info - 用户名: admin
2026-04-24 14:31:27,121 - INFO - logger.py:104 - info - 检查是否存在在线用户超限提示
2026-04-24 14:31:27,756 - INFO - logger.py:104 - info - 已自动点击在线用户提示的确定按钮
2026-04-24 14:31:33,787 - INFO - logger.py:104 - info - LD 项目登录成功！
2026-04-24 14:31:33,791 - INFO - logger.py:104 - info - 导航进入客户档案模块
2026-04-24 14:31:34,947 - INFO - logger.py:104 - info - 点击新增按钮，打开创建客户弹窗
2026-04-24 14:31:36,209 - INFO - logger.py:104 - info - 开始断言表单所有字段展示正确
2026-04-24 14:31:36,429 - INFO - logger.py:104 - info - 所有字段断言完成，关闭创建客户弹窗
2026-04-24 14:31:37,020 - INFO - logger.py:104 - info - 用例table_properties执行完成
2026-04-24 14:31:37,025 - INFO - logger.py:104 - info - 关闭页面
2026-04-24 14:31:37,045 - INFO - logger.py:104 - info - 关闭浏览器上下文
2026-04-24 14:31:37,101 - INFO - logger.py:104 - info - 关闭浏览器
2026-04-24 14:31:37,562 - INFO - logger.py:104 - info - 测试执行完成: TestCustomerFormCheck
2026-04-24 14:31:38,609 - ERROR - logger.py:112 - error - 生成Allure报告失败: Allure命令行工具未找到，请确保已安装并添加到系统PATH中
2026-04-24 14:31:38,611 - INFO - logger.py:104 - info - 测试执行完成，耗时: 21.44秒
2026-04-24 14:31:38,611 - INFO - logger.py:104 - info - 执行结果: 成功
