2026-05-08 15:35:29,728 - INFO - logger.py:104 - info - 开始执行测试
2026-05-08 15:35:29,729 - INFO - logger.py:104 - info - 使用单线程运行测试，避免Playwright Sync API在asyncio循环中的错误
2026-05-08 15:35:29,729 - INFO - logger.py:104 - info - Pytest执行参数: ['D:\\install\\auto_ui-master\\src\\testcase\\LD\\interface_solution_configuration\\test_verify_business_tree.py', '-p', 'no:xdist', '--tb=short', '--tb=short', '--timeout=180', '--alluredir', 'reports\\allure_report_20260508_153529']
2026-05-08 15:35:31,363 - INFO - logger.py:104 - info - 开始执行测试: TestVerifyBusinessTree
2026-05-08 15:35:31,374 - INFO - logger.py:104 - info - 启动浏览器: Chromium, 无头模式: False
2026-05-08 15:35:34,695 - INFO - logger.py:104 - info - ============================================================
2026-05-08 15:35:34,705 - INFO - logger.py:104 - info - 开始执行用例：verify_business_tree
2026-05-08 15:35:34,709 - INFO - logger.py:104 - info - 用例ms ID：100879
2026-05-08 15:35:34,729 - INFO - logger.py:104 - info - ============================================================
2026-05-08 15:35:34,739 - INFO - logger.py:104 - info - 开始登录 LD 项目...
2026-05-08 15:35:34,753 - INFO - logger.py:104 - info - 登录URL: https://test2.saas-test3.supcon.com:32188
2026-05-08 15:35:34,785 - INFO - logger.py:104 - info - 用户名: admin
2026-05-08 15:35:38,623 - INFO - logger.py:104 - info - 检查是否存在在线用户超限提示
2026-05-08 15:35:39,190 - INFO - logger.py:104 - info - 已自动点击在线用户提示的确定按钮
2026-05-08 15:35:45,207 - INFO - logger.py:104 - info - LD 项目登录成功！
2026-05-08 15:35:45,211 - INFO - logger.py:104 - info - 登录成功，导航到目标功能页面
2026-05-08 15:35:46,876 - INFO - logger.py:104 - info - 逐层展开业务树折叠节点
2026-05-08 15:35:49,477 - INFO - logger.py:104 - info - 用例verify_business_tree(ms ID: 100879)执行完成
2026-05-08 15:35:49,481 - INFO - logger.py:104 - info - 关闭页面
2026-05-08 15:35:49,510 - INFO - logger.py:104 - info - 关闭浏览器上下文
2026-05-08 15:35:49,575 - INFO - logger.py:104 - info - 关闭浏览器
2026-05-08 15:35:49,979 - INFO - logger.py:104 - info - 测试执行完成: TestVerifyBusinessTree
2026-05-08 15:35:50,948 - ERROR - logger.py:112 - error - 生成Allure报告失败: Allure命令行工具未找到，请确保已安装并添加到系统PATH中
2026-05-08 15:35:50,949 - INFO - logger.py:104 - info - 测试执行完成，耗时: 21.19秒
2026-05-08 15:35:50,949 - INFO - logger.py:104 - info - 执行结果: 成功
