2026-05-09 13:19:06,769 - INFO - logger.py:104 - info - 开始执行测试
2026-05-09 13:19:06,770 - INFO - logger.py:104 - info - 使用单线程运行测试，避免Playwright Sync API在asyncio循环中的错误
2026-05-09 13:19:06,770 - INFO - logger.py:104 - info - Pytest执行参数: ['D:\\install\\auto_ui-master\\src\\testcase\\LD\\customer_file\\test_mismatch_productname.py', '-p', 'no:xdist', '--tb=short', '--tb=short', '--timeout=180', '--alluredir', 'reports\\allure_report_20260509_131906']
2026-05-09 13:19:08,822 - INFO - logger.py:104 - info - 开始执行测试: TestImportProductCodeExists
2026-05-09 13:19:08,842 - INFO - logger.py:104 - info - 启动浏览器: Chromium, 无头模式: False
2026-05-09 13:19:12,678 - INFO - logger.py:104 - info - ============================================================
2026-05-09 13:19:12,681 - INFO - logger.py:104 - info - 开始执行测试用例：mismatch_productname
2026-05-09 13:19:12,683 - INFO - logger.py:104 - info - 用例ms的id：101268
2026-05-09 13:19:12,685 - INFO - logger.py:104 - info - ============================================================
2026-05-09 13:19:12,688 - INFO - logger.py:104 - info - 测试文件: D:\install\auto_ui-master\src\data\LD\customer_file\101268测试文件.xlsx
2026-05-09 13:19:12,691 - INFO - logger.py:104 - info - 完成系统登录
2026-05-09 13:19:12,694 - INFO - logger.py:104 - info - 开始登录 LD 项目...
2026-05-09 13:19:12,697 - INFO - logger.py:104 - info - 登录URL: https://test2.saas-test3.supcon.com:32188
2026-05-09 13:19:12,700 - INFO - logger.py:104 - info - 用户名: admin
2026-05-09 13:19:16,616 - INFO - logger.py:104 - info - 检查是否存在在线用户超限提示
2026-05-09 13:19:17,182 - INFO - logger.py:104 - info - 已自动点击在线用户提示的确定按钮
2026-05-09 13:19:23,200 - INFO - logger.py:104 - info - LD 项目登录成功！
2026-05-09 13:19:23,204 - INFO - logger.py:104 - info - 导航进入客户档案页面
2026-05-09 13:19:24,442 - INFO - logger.py:104 - info - 定位客户资料页面
2026-05-09 13:19:24,444 - INFO - logger.py:104 - info - 定位第一个客户数据行
2026-05-09 13:19:24,447 - INFO - logger.py:104 - info - 点击第一个客户数据行，激活客户产品映射页面
2026-05-09 13:19:25,679 - INFO - logger.py:104 - info - 等待客户行选中状态
2026-05-09 13:19:25,692 - INFO - logger.py:104 - info - 定位客户产品映射区域的导入按钮
2026-05-09 13:19:25,695 - INFO - logger.py:104 - info - 等待导入按钮可用
2026-05-09 13:19:25,712 - INFO - logger.py:104 - info - 点击导入按钮
2026-05-09 13:19:26,253 - INFO - logger.py:104 - info - 上传导入文件，确认导入
2026-05-09 13:19:27,410 - INFO - logger.py:104 - info - 等待导入完成
2026-05-09 13:19:30,443 - INFO - logger.py:104 - info - 测试用例mismatch_productname执行完成
2026-05-09 13:19:30,447 - INFO - logger.py:104 - info - 关闭页面
2026-05-09 13:19:30,466 - INFO - logger.py:104 - info - 关闭浏览器上下文
2026-05-09 13:19:30,530 - INFO - logger.py:104 - info - 关闭浏览器
2026-05-09 13:19:30,847 - INFO - logger.py:104 - info - 测试执行完成: TestImportProductCodeExists
2026-05-09 13:19:31,981 - ERROR - logger.py:112 - error - 生成Allure报告失败: Allure命令行工具未找到，请确保已安装并添加到系统PATH中
2026-05-09 13:19:31,989 - INFO - logger.py:104 - info - 测试执行完成，耗时: 25.16秒
2026-05-09 13:19:31,990 - INFO - logger.py:104 - info - 执行结果: 成功
