2026-04-23 10:21:02,877 - INFO - logger.py:104 - info - 开始执行测试
2026-04-23 10:21:02,881 - INFO - logger.py:104 - info - 使用单线程运行测试，避免Playwright Sync API在asyncio循环中的错误
2026-04-23 10:21:02,902 - INFO - logger.py:104 - info - Pytest执行参数: ['D:\\install\\auto_ui-master\\src\\testcase\\LD\\bom_management\\test_verify_add_child_product.py', '-p', 'no:xdist', '--tb=short', '--tb=short', '--timeout=180', '--alluredir', 'reports\\allure_report_20260423_102102']
2026-04-23 10:21:05,338 - INFO - logger.py:104 - info - 开始执行测试: TestVerifyAddChildProduct
2026-04-23 10:21:05,347 - INFO - logger.py:104 - info - 启动浏览器: Chromium, 无头模式: False
2026-04-23 10:21:07,933 - INFO - logger.py:104 - info - ============================================================
2026-04-23 10:21:07,937 - INFO - logger.py:104 - info - 开始执行用例：verify_add_child_product
2026-04-23 10:21:07,943 - INFO - logger.py:104 - info - 用例ms的id：0
2026-04-23 10:21:07,946 - INFO - logger.py:104 - info - ============================================================
2026-04-23 10:21:07,951 - INFO - logger.py:104 - info - 登录目标系统
2026-04-23 10:21:07,954 - INFO - logger.py:104 - info - 开始登录 LD 项目...
2026-04-23 10:21:07,957 - INFO - logger.py:104 - info - 登录URL: https://test2.saas-test3.supcon.com:32188
2026-04-23 10:21:07,961 - INFO - logger.py:104 - info - 用户名: admin
2026-04-23 10:21:20,413 - INFO - logger.py:104 - info - LD 项目登录成功！
2026-04-23 10:21:20,415 - INFO - logger.py:104 - info - 进入物料清单页面
2026-04-23 10:21:24,307 - INFO - logger.py:104 - info - 打开目标BOM的编辑页面
2026-04-23 10:21:25,961 - INFO - logger.py:104 - info - 点击添加子项产品按钮
2026-04-23 10:21:26,517 - INFO - logger.py:104 - info - 等待产品选择弹窗加载
2026-04-23 10:21:39,739 - INFO - logger.py:104 - info - 关闭页面
2026-04-23 10:21:39,757 - INFO - logger.py:104 - info - 关闭浏览器上下文
2026-04-23 10:21:39,806 - INFO - logger.py:104 - info - 关闭浏览器
2026-04-23 10:21:40,177 - INFO - logger.py:104 - info - 测试执行完成: TestVerifyAddChildProduct
2026-04-23 10:21:40,840 - ERROR - logger.py:112 - error - 生成Allure报告失败: Allure命令行工具未找到，请确保已安装并添加到系统PATH中
2026-04-23 10:21:40,841 - INFO - logger.py:104 - info - 测试执行完成，耗时: 37.91秒
2026-04-23 10:21:40,841 - INFO - logger.py:104 - info - 执行结果: 失败
