2026-05-07 16:39:47,716 - INFO - logger.py:104 - info - 开始执行测试
2026-05-07 16:39:47,717 - INFO - logger.py:104 - info - 使用单线程运行测试，避免Playwright Sync API在asyncio循环中的错误
2026-05-07 16:39:47,718 - INFO - logger.py:104 - info - Pytest执行参数: ['D:\\install\\auto_ui-master\\src\\testcase\\LD\\code_rule_config\\test_verify_work_order_batch.py', '-p', 'no:xdist', '--tb=short', '--tb=short', '--timeout=180', '--alluredir', 'reports\\allure_report_20260507_163947']
2026-05-07 16:39:50,171 - INFO - logger.py:104 - info - 开始执行测试: TestVerifyWorkOrderBatch
2026-05-07 16:39:50,313 - INFO - logger.py:104 - info - 启动浏览器: Chromium, 无头模式: False
2026-05-07 16:39:53,559 - INFO - logger.py:104 - info - ============================================================
2026-05-07 16:39:53,561 - INFO - logger.py:104 - info - 开始执行用例verify_work_order_batch
2026-05-07 16:39:53,563 - INFO - logger.py:104 - info - 用例ms的id：0
2026-05-07 16:39:53,565 - INFO - logger.py:104 - info - ============================================================
2026-05-07 16:39:53,567 - INFO - logger.py:104 - info - 开始登录 LD 项目...
2026-05-07 16:39:53,569 - INFO - logger.py:104 - info - 登录URL: https://test2.saas-test3.supcon.com:32188
2026-05-07 16:39:53,572 - INFO - logger.py:104 - info - 用户名: admin
2026-05-07 16:39:57,070 - INFO - logger.py:104 - info - 检查是否存在在线用户超限提示
2026-05-07 16:39:57,623 - INFO - logger.py:104 - info - 已自动点击在线用户提示的确定按钮
2026-05-07 16:40:03,636 - INFO - logger.py:104 - info - LD 项目登录成功！
2026-05-07 16:40:03,640 - INFO - logger.py:104 - info - 导航进入编码规则配置页面
2026-05-07 16:40:04,873 - INFO - logger.py:104 - info - 等待规则列表加载
2026-05-07 16:40:05,894 - INFO - logger.py:104 - info - 查找第一个业务类型为'生产工单批号'的规则
2026-05-07 16:40:05,928 - INFO - logger.py:104 - info - 成功定位到第一个业务类型为'生产工单批号'的规则
2026-05-07 16:40:05,931 - INFO - logger.py:104 - info - 点击目标行的'查看'按钮
2026-05-07 16:40:06,568 - INFO - logger.py:104 - info - 完成查看，点击返回
2026-05-07 16:40:07,120 - INFO - logger.py:104 - info - 用例verify_work_order_batch执行完成
2026-05-07 16:40:07,125 - INFO - logger.py:104 - info - 关闭页面
2026-05-07 16:40:07,140 - INFO - logger.py:104 - info - 关闭浏览器上下文
2026-05-07 16:40:07,204 - INFO - logger.py:104 - info - 关闭浏览器
2026-05-07 16:40:07,591 - INFO - logger.py:104 - info - 测试执行完成: TestVerifyWorkOrderBatch
2026-05-07 16:40:08,110 - ERROR - logger.py:112 - error - 生成Allure报告失败: Allure命令行工具未找到，请确保已安装并添加到系统PATH中
2026-05-07 16:40:08,112 - INFO - logger.py:104 - info - 测试执行完成，耗时: 20.37秒
2026-05-07 16:40:08,112 - INFO - logger.py:104 - info - 执行结果: 成功
