2026-04-24 15:31:00,385 - INFO - logger.py:104 - info - 开始执行测试
2026-04-24 15:31:00,386 - INFO - logger.py:104 - info - 使用单线程运行测试，避免Playwright Sync API在asyncio循环中的错误
2026-04-24 15:31:00,386 - INFO - logger.py:104 - info - Pytest执行参数: ['D:\\install\\auto_ui-master\\src\\testcase\\LD\\customer_file\\test_verify_delete_button.py', '-p', 'no:xdist', '--tb=short', '--tb=short', '--timeout=180', '--alluredir', 'reports\\allure_report_20260424_153100']
2026-04-24 15:31:02,086 - INFO - logger.py:104 - info - 开始执行测试: TestVerifyDeleteButton
2026-04-24 15:31:02,096 - INFO - logger.py:104 - info - 启动浏览器: Chromium, 无头模式: False
2026-04-24 15:31:05,143 - INFO - logger.py:104 - info - ============================================================
2026-04-24 15:31:05,219 - INFO - logger.py:104 - info - 开始执行用例：verify_delete_button
2026-04-24 15:31:05,225 - INFO - logger.py:104 - info - 用例ms的id：0
2026-04-24 15:31:05,314 - INFO - logger.py:104 - info - ============================================================
2026-04-24 15:31:05,321 - INFO - logger.py:104 - info - 登录系统
2026-04-24 15:31:05,324 - INFO - logger.py:104 - info - 开始登录 LD 项目...
2026-04-24 15:31:05,384 - INFO - logger.py:104 - info - 登录URL: https://test2.saas-test3.supcon.com:32188
2026-04-24 15:31:05,392 - INFO - logger.py:104 - info - 用户名: admin
2026-04-24 15:31:09,017 - INFO - logger.py:104 - info - 检查是否存在在线用户超限提示
2026-04-24 15:31:09,612 - INFO - logger.py:104 - info - 已自动点击在线用户提示的确定按钮
2026-04-24 15:31:15,659 - INFO - logger.py:104 - info - LD 项目登录成功！
2026-04-24 15:31:15,664 - INFO - logger.py:104 - info - 进入客户档案页面
2026-04-24 15:31:16,878 - INFO - logger.py:104 - info - 打开目标客户编辑页面
2026-04-24 15:31:19,092 - INFO - logger.py:104 - info - 点击删除按钮
2026-04-24 15:31:19,730 - INFO - logger.py:104 - info - 保存修改
2026-04-24 15:31:20,308 - INFO - logger.py:104 - info - 确认操作结果
2026-04-24 15:31:20,881 - INFO - logger.py:104 - info - 用例verify_delete_button执行完成
2026-04-24 15:31:20,889 - INFO - logger.py:104 - info - 关闭页面
2026-04-24 15:31:20,910 - INFO - logger.py:104 - info - 关闭浏览器上下文
2026-04-24 15:31:20,951 - INFO - logger.py:104 - info - 关闭浏览器
2026-04-24 15:31:21,341 - INFO - logger.py:104 - info - 测试执行完成: TestVerifyDeleteButton
2026-04-24 15:31:21,830 - ERROR - logger.py:112 - error - 生成Allure报告失败: Allure命令行工具未找到，请确保已安装并添加到系统PATH中
2026-04-24 15:31:21,831 - INFO - logger.py:104 - info - 测试执行完成，耗时: 21.42秒
2026-04-24 15:31:21,831 - INFO - logger.py:104 - info - 执行结果: 成功
