2026-05-08 15:58:05,379 - INFO - logger.py:104 - info - 开始执行测试
2026-05-08 15:58:05,379 - INFO - logger.py:104 - info - 使用单线程运行测试，避免Playwright Sync API在asyncio循环中的错误
2026-05-08 15:58:05,379 - INFO - logger.py:104 - info - Pytest执行参数: ['D:\\install\\auto_ui-master\\src\\testcase\\LD\\customer_file\\test_import_product_code_exists.py', '-p', 'no:xdist', '--tb=short', '--tb=short', '--timeout=180', '--alluredir', 'reports\\allure_report_20260508_155805']
2026-05-08 15:58:08,150 - INFO - logger.py:104 - info - 开始执行测试: TestImportProductCodeExists
2026-05-08 15:58:08,176 - INFO - logger.py:104 - info - 启动浏览器: Chromium, 无头模式: False
2026-05-08 15:58:11,734 - INFO - logger.py:104 - info - ============================================================
2026-05-08 15:58:11,738 - INFO - logger.py:104 - info - 开始执行测试用例：import_product_code_exists
2026-05-08 15:58:11,743 - INFO - logger.py:104 - info - 用例ms的id：0
2026-05-08 15:58:11,756 - INFO - logger.py:104 - info - ============================================================
2026-05-08 15:58:11,759 - INFO - logger.py:104 - info - 测试文件: D:\install\auto_ui-master\src\data\LD\customer_file\KS202604230022-ldj20260423产品映射表.xlsx
2026-05-08 15:58:11,761 - INFO - logger.py:104 - info - 完成系统登录
2026-05-08 15:58:11,767 - INFO - logger.py:104 - info - 开始登录 LD 项目...
2026-05-08 15:58:11,771 - INFO - logger.py:104 - info - 登录URL: https://test2.saas-test3.supcon.com:32188
2026-05-08 15:58:11,774 - INFO - logger.py:104 - info - 用户名: admin
2026-05-08 15:58:15,355 - INFO - logger.py:104 - info - 检查是否存在在线用户超限提示
2026-05-08 15:58:15,922 - INFO - logger.py:104 - info - 已自动点击在线用户提示的确定按钮
2026-05-08 15:58:21,987 - INFO - logger.py:104 - info - LD 项目登录成功！
2026-05-08 15:58:21,990 - INFO - logger.py:104 - info - 导航进入客户档案页面
2026-05-08 15:58:23,118 - INFO - logger.py:104 - info - 点击导入按钮
2026-05-08 15:58:24,379 - INFO - logger.py:104 - info - 上传导入文件
2026-05-08 15:58:24,908 - INFO - logger.py:104 - info - 确认导入，校验导入结果
2026-05-08 15:58:25,488 - INFO - logger.py:104 - info - 等待导入完成
2026-05-08 15:58:28,507 - INFO - logger.py:104 - info - 关闭弹窗，验证导入数据展示
2026-05-08 15:58:29,070 - INFO - logger.py:104 - info - 测试用例import_product_code_exists执行完成
2026-05-08 15:58:29,076 - INFO - logger.py:104 - info - 关闭页面
2026-05-08 15:58:29,102 - INFO - logger.py:104 - info - 关闭浏览器上下文
2026-05-08 15:58:29,151 - INFO - logger.py:104 - info - 关闭浏览器
2026-05-08 15:58:29,480 - INFO - logger.py:104 - info - 测试执行完成: TestImportProductCodeExists
2026-05-08 15:58:30,532 - ERROR - logger.py:112 - error - 生成Allure报告失败: Allure命令行工具未找到，请确保已安装并添加到系统PATH中
2026-05-08 15:58:30,535 - INFO - logger.py:104 - info - 测试执行完成，耗时: 25.11秒
2026-05-08 15:58:30,535 - INFO - logger.py:104 - info - 执行结果: 成功
