2026-05-07 15:31:53,852 - INFO - logger.py:104 - info - 开始执行测试
2026-05-07 15:31:53,852 - INFO - logger.py:104 - info - 使用单线程运行测试，避免Playwright Sync API在asyncio循环中的错误
2026-05-07 15:31:53,853 - INFO - logger.py:104 - info - Pytest执行参数: ['D:\\install\\auto_ui-master\\src\\testcase\\LD\\code_rule_config\\test_verify_enable_cancel_action.py', '-p', 'no:xdist', '--tb=short', '--tb=short', '--timeout=180', '--alluredir', 'reports\\allure_report_20260507_153153']
2026-05-07 15:32:08,640 - INFO - logger.py:104 - info - 开始执行测试: TestVerifyEnableCancelAction
2026-05-07 15:32:08,651 - INFO - logger.py:104 - info - 启动浏览器: Chromium, 无头模式: False
2026-05-07 15:32:20,397 - INFO - logger.py:104 - info - ============================================================
2026-05-07 15:32:20,401 - INFO - logger.py:104 - info - 开始执行用例：verify_enable_cancel_action
2026-05-07 15:32:20,404 - INFO - logger.py:104 - info - 用例ms的id：0
2026-05-07 15:32:20,409 - INFO - logger.py:104 - info - ============================================================
2026-05-07 15:32:20,412 - INFO - logger.py:104 - info - 开始登录 LD 项目...
2026-05-07 15:32:20,415 - INFO - logger.py:104 - info - 登录URL: https://test2.saas-test3.supcon.com:32188
2026-05-07 15:32:20,418 - INFO - logger.py:104 - info - 用户名: admin
2026-05-07 15:32:26,712 - INFO - logger.py:104 - info - 检查是否存在在线用户超限提示
2026-05-07 15:32:27,284 - INFO - logger.py:104 - info - 已自动点击在线用户提示的确定按钮
2026-05-07 15:32:33,356 - INFO - logger.py:104 - info - LD 项目登录成功！
2026-05-07 15:32:33,359 - INFO - logger.py:104 - info - 进入编码规则配置菜单
2026-05-07 15:32:34,475 - INFO - logger.py:104 - info - 执行编辑取消操作流程
2026-05-07 15:32:34,477 - INFO - logger.py:104 - info - 等待规则列表加载
2026-05-07 15:32:35,498 - INFO - logger.py:104 - info - 查找第一个状态为“停用”的规则
2026-05-07 15:32:39,542 - INFO - logger.py:104 - info - 成功定位到第一个停用状态的规则
2026-05-07 15:32:40,729 - INFO - logger.py:104 - info - 用例verify_enable_cancel_action执行完成
2026-05-07 15:32:47,805 - INFO - logger.py:104 - info - 关闭页面
2026-05-07 15:32:47,937 - INFO - logger.py:104 - info - 关闭浏览器上下文
2026-05-07 15:32:47,965 - INFO - logger.py:104 - info - 关闭浏览器
2026-05-07 15:32:48,281 - INFO - logger.py:104 - info - 测试执行完成: TestVerifyEnableCancelAction
2026-05-07 15:32:49,201 - ERROR - logger.py:112 - error - 生成Allure报告失败: Allure命令行工具未找到，请确保已安装并添加到系统PATH中
2026-05-07 15:32:49,202 - INFO - logger.py:104 - info - 测试执行完成，耗时: 55.33秒
2026-05-07 15:32:49,202 - INFO - logger.py:104 - info - 执行结果: 成功
