2026-04-27 11:15:07,704 - INFO - logger.py:104 - info - 开始执行测试
2026-04-27 11:15:07,705 - INFO - logger.py:104 - info - 使用单线程运行测试，避免Playwright Sync API在asyncio循环中的错误
2026-04-27 11:15:07,705 - INFO - logger.py:104 - info - Pytest执行参数: ['D:\\install\\auto_ui-master\\src\\testcase\\LD\\code_rule_config\\test_verify_create_button.py', '-p', 'no:xdist', '--tb=short', '--tb=short', '--timeout=180', '--alluredir', 'reports\\allure_report_20260427_111507']
2026-04-27 11:15:09,417 - INFO - logger.py:104 - info - 开始执行测试: TestVerifyCreateButton
2026-04-27 11:15:09,427 - INFO - logger.py:104 - info - 启动浏览器: Chromium, 无头模式: False
2026-04-27 11:15:12,240 - INFO - logger.py:104 - info - ============================================================
2026-04-27 11:15:12,318 - INFO - logger.py:104 - info - 开始执行verify_create_button
2026-04-27 11:15:12,323 - INFO - logger.py:104 - info - 用例ms的id：0
2026-04-27 11:15:12,339 - INFO - logger.py:104 - info - ============================================================
2026-04-27 11:15:12,342 - INFO - logger.py:104 - info - 开始登录 LD 项目...
2026-04-27 11:15:12,374 - INFO - logger.py:104 - info - 登录URL: https://test2.saas-test3.supcon.com:32188
2026-04-27 11:15:12,383 - INFO - logger.py:104 - info - 用户名: admin
2026-04-27 11:15:16,750 - INFO - logger.py:104 - info - 检查是否存在在线用户超限提示
2026-04-27 11:15:17,319 - INFO - logger.py:104 - info - 已自动点击在线用户提示的确定按钮
2026-04-27 11:15:23,342 - INFO - logger.py:104 - info - LD 项目登录成功！
2026-04-27 11:15:23,344 - INFO - logger.py:104 - info - 系统登录完成
2026-04-27 11:15:23,346 - INFO - logger.py:104 - info - 进入编码规则配置页面
2026-04-27 11:15:24,520 - INFO - logger.py:104 - info - 打开新增编码规则弹窗，填写基础信息
2026-04-27 11:15:28,951 - INFO - logger.py:104 - info - 添加日期格式规则段
2026-04-27 11:15:31,844 - INFO - logger.py:104 - info - 保存编码规则并执行停用操作
2026-04-27 11:15:33,483 - INFO - logger.py:104 - info - verify_create_button用例执行完成
2026-04-27 11:15:33,488 - INFO - logger.py:104 - info - 关闭页面
2026-04-27 11:15:33,503 - INFO - logger.py:104 - info - 关闭浏览器上下文
2026-04-27 11:15:33,556 - INFO - logger.py:104 - info - 关闭浏览器
2026-04-27 11:15:33,864 - INFO - logger.py:104 - info - 测试执行完成: TestVerifyCreateButton
2026-04-27 11:15:34,871 - ERROR - logger.py:112 - error - 生成Allure报告失败: Allure命令行工具未找到，请确保已安装并添加到系统PATH中
2026-04-27 11:15:34,872 - INFO - logger.py:104 - info - 测试执行完成，耗时: 27.14秒
2026-04-27 11:15:34,872 - INFO - logger.py:104 - info - 执行结果: 成功
