2026-05-08 11:37:36,496 - INFO - logger.py:104 - info - 开始执行测试
2026-05-08 11:37:36,497 - INFO - logger.py:104 - info - 使用单线程运行测试，避免Playwright Sync API在asyncio循环中的错误
2026-05-08 11:37:36,497 - INFO - logger.py:104 - info - Pytest执行参数: ['D:\\install\\auto_ui-master\\src\\testcase\\LD\\system_configuration\\test_verify_new_create_function.py', '-p', 'no:xdist', '--tb=short', '--tb=short', '--timeout=180', '--alluredir', 'reports\\allure_report_20260508_113736']
2026-05-08 11:37:38,209 - INFO - logger.py:104 - info - 开始执行测试: TestLabelPrintTemplateCreate
2026-05-08 11:37:38,220 - INFO - logger.py:104 - info - 启动浏览器: Chromium, 无头模式: False
2026-05-08 11:37:41,488 - INFO - logger.py:104 - info - ============================================================
2026-05-08 11:37:41,493 - INFO - logger.py:104 - info - 开始执行用例：verify_new_create_function
2026-05-08 11:37:41,495 - INFO - logger.py:104 - info - 用例ms的id：0
2026-05-08 11:37:41,497 - INFO - logger.py:104 - info - ============================================================
2026-05-08 11:37:41,500 - INFO - logger.py:104 - info - 开始登录 LD 项目...
2026-05-08 11:37:41,504 - INFO - logger.py:104 - info - 登录URL: https://test2.saas-test3.supcon.com:32188
2026-05-08 11:37:41,508 - INFO - logger.py:104 - info - 用户名: admin
2026-05-08 11:37:45,262 - INFO - logger.py:104 - info - 检查是否存在在线用户超限提示
2026-05-08 11:37:45,832 - INFO - logger.py:104 - info - 已自动点击在线用户提示的确定按钮
2026-05-08 11:37:51,863 - INFO - logger.py:104 - info - LD 项目登录成功！
2026-05-08 11:37:51,865 - INFO - logger.py:104 - info - 系统登录完成，开始业务操作
2026-05-08 11:37:51,867 - INFO - logger.py:104 - info - 导航进入标签打印配置页面
2026-05-08 11:37:53,667 - INFO - logger.py:104 - info - 获取业务iframe完成，开始新增操作
2026-05-08 11:37:54,698 - INFO - logger.py:104 - info - 填写模板基础信息
2026-05-08 11:37:55,778 - INFO - logger.py:104 - info - 选择模板类型
2026-05-08 11:37:56,925 - INFO - logger.py:104 - info - 点击保存按钮完成新增
2026-05-08 11:37:57,506 - INFO - logger.py:104 - info - 用例verify_new_create_function执行完成
2026-05-08 11:37:57,511 - INFO - logger.py:104 - info - 关闭页面
2026-05-08 11:37:57,667 - INFO - logger.py:104 - info - 关闭浏览器上下文
2026-05-08 11:37:57,698 - INFO - logger.py:104 - info - 关闭浏览器
2026-05-08 11:37:58,065 - INFO - logger.py:104 - info - 测试执行完成: TestLabelPrintTemplateCreate
2026-05-08 11:37:58,908 - ERROR - logger.py:112 - error - 生成Allure报告失败: Allure命令行工具未找到，请确保已安装并添加到系统PATH中
2026-05-08 11:37:58,909 - INFO - logger.py:104 - info - 测试执行完成，耗时: 22.39秒
2026-05-08 11:37:58,909 - INFO - logger.py:104 - info - 执行结果: 成功
