2026-04-21 10:14:21,216 - INFO - logger.py:96 - info - 开始执行测试
2026-04-21 10:14:21,216 - INFO - logger.py:96 - info - 使用单线程运行测试，避免Playwright Sync API在asyncio循环中的错误
2026-04-21 10:14:21,216 - INFO - logger.py:96 - info - Pytest执行参数: ['D:\\install\\auto_ui-master\\src\\testcase\\LD\\test\\test_1.py', '-p', 'no:xdist', '--tb=short', '--tb=short', '--timeout=180', '--alluredir', 'reports\\allure_report_20260421_101421']
2026-04-21 10:14:24,478 - INFO - logger.py:96 - info - 开始执行测试: TestCreateBOM
2026-04-21 10:14:24,485 - INFO - logger.py:96 - info - 启动浏览器: Chromium, 无头模式: False
2026-04-21 10:14:26,117 - INFO - logger.py:96 - info - ============================================================
2026-04-21 10:14:26,124 - INFO - logger.py:96 - info - 开始执行1
2026-04-21 10:14:26,128 - INFO - logger.py:96 - info - 用例ms的id：0
2026-04-21 10:14:26,133 - INFO - logger.py:96 - info - ============================================================
2026-04-21 10:14:26,137 - INFO - logger.py:96 - info - 完成系统登录
2026-04-21 10:14:26,143 - INFO - logger.py:96 - info - 开始登录 LD 项目...
2026-04-21 10:14:26,147 - INFO - logger.py:96 - info - 登录URL: https://test2.saas-test3.supcon.com:32188
2026-04-21 10:14:26,150 - INFO - logger.py:96 - info - 用户名: uitest
2026-04-21 10:14:38,638 - INFO - logger.py:96 - info - LD 项目登录成功！
2026-04-21 10:14:38,640 - INFO - logger.py:96 - info - 导航到物料清单页面
2026-04-21 10:14:39,760 - INFO - logger.py:96 - info - 点击新增按钮，打开创建物料清单弹窗
2026-04-21 10:14:40,865 - INFO - logger.py:96 - info - 验证创建弹窗基础区域显示正确
2026-04-21 10:14:40,886 - INFO - logger.py:96 - info - 打开产品选择弹窗并选中目标父项产品
2026-04-21 10:14:41,593 - INFO - logger.py:96 - info - 打开产品选择弹窗并选中第一个产品
2026-04-21 10:15:12,469 - INFO - logger.py:96 - info - 关闭页面
2026-04-21 10:15:12,500 - INFO - logger.py:96 - info - 关闭浏览器上下文
2026-04-21 10:15:12,516 - INFO - logger.py:96 - info - 关闭浏览器
2026-04-21 10:15:12,763 - INFO - logger.py:96 - info - 测试执行完成: TestCreateBOM
2026-04-21 10:15:13,367 - ERROR - logger.py:104 - error - 生成Allure报告失败: Allure命令行工具未找到，请确保已安装并添加到系统PATH中
2026-04-21 10:15:13,368 - INFO - logger.py:96 - info - 测试执行完成，耗时: 52.13秒
2026-04-21 10:15:13,369 - INFO - logger.py:96 - info - 执行结果: 失败
