2026-04-27 09:47:14,062 - INFO - logger.py:104 - info - 开始执行测试
2026-04-27 09:47:14,062 - INFO - logger.py:104 - info - 使用单线程运行测试，避免Playwright Sync API在asyncio循环中的错误
2026-04-27 09:47:14,063 - INFO - logger.py:104 - info - Pytest执行参数: ['D:\\install\\auto_ui-master\\src\\testcase\\LD\\code_rule_config\\test_verify_multirule_enable.py', '-p', 'no:xdist', '--tb=short', '--tb=short', '--timeout=180', '--alluredir', 'reports\\allure_report_20260427_094714']
2026-04-27 09:47:15,826 - INFO - logger.py:104 - info - 开始执行测试: TestVerifyMultiruleEnable
2026-04-27 09:47:15,835 - INFO - logger.py:104 - info - 启动浏览器: Chromium, 无头模式: False
2026-04-27 09:47:18,610 - INFO - logger.py:104 - info - ============================================================
2026-04-27 09:47:18,614 - INFO - logger.py:104 - info - 开始执行verify_multirule_enable
2026-04-27 09:47:18,617 - INFO - logger.py:104 - info - 用例ms的id：0
2026-04-27 09:47:18,623 - INFO - logger.py:104 - info - ============================================================
2026-04-27 09:47:18,627 - INFO - logger.py:104 - info - 开始登录 LD 项目...
2026-04-27 09:47:18,632 - INFO - logger.py:104 - info - 登录URL: https://test2.saas-test3.supcon.com:32188
2026-04-27 09:47:18,638 - INFO - logger.py:104 - info - 用户名: admin
2026-04-27 09:47:22,527 - INFO - logger.py:104 - info - 检查是否存在在线用户超限提示
2026-04-27 09:47:23,082 - INFO - logger.py:104 - info - 已自动点击在线用户提示的确定按钮
2026-04-27 09:47:29,097 - INFO - logger.py:104 - info - LD 项目登录成功！
2026-04-27 09:47:29,100 - INFO - logger.py:104 - info - 进入编码规则配置页面
2026-04-27 09:47:30,269 - INFO - logger.py:104 - info - 点击编辑按钮
2026-04-27 09:48:01,193 - INFO - logger.py:104 - info - 关闭页面
2026-04-27 09:48:01,217 - INFO - logger.py:104 - info - 关闭浏览器上下文
2026-04-27 09:48:01,280 - INFO - logger.py:104 - info - 关闭浏览器
2026-04-27 09:48:01,706 - INFO - logger.py:104 - info - 测试执行完成: TestVerifyMultiruleEnable
2026-04-27 09:48:02,719 - ERROR - logger.py:112 - error - 生成Allure报告失败: Allure命令行工具未找到，请确保已安装并添加到系统PATH中
2026-04-27 09:48:02,720 - INFO - logger.py:104 - info - 测试执行完成，耗时: 48.63秒
2026-04-27 09:48:02,720 - INFO - logger.py:104 - info - 执行结果: 失败
