2026-04-21 10:06:53,564 - INFO - logger.py:96 - info - 开始执行测试
2026-04-21 10:06:53,564 - INFO - logger.py:96 - info - 使用单线程运行测试，避免Playwright Sync API在asyncio循环中的错误
2026-04-21 10:06:53,564 - INFO - logger.py:96 - info - Pytest执行参数: ['D:\\install\\auto_ui-master\\src\\testcase\\LD\\test\\test_1.py', '-p', 'no:xdist', '--tb=short', '--tb=short', '--timeout=180', '--alluredir', 'reports\\allure_report_20260421_100653']
2026-04-21 10:06:57,003 - INFO - logger.py:96 - info - 开始执行测试: TestCreateBOM
2026-04-21 10:06:57,012 - INFO - logger.py:96 - info - 启动浏览器: Chromium, 无头模式: False
2026-04-21 10:06:58,864 - INFO - logger.py:96 - info - ============================================================
2026-04-21 10:06:58,931 - INFO - logger.py:96 - info - 开始执行1
2026-04-21 10:06:58,938 - INFO - logger.py:96 - info - 用例ms的id：0
2026-04-21 10:06:58,944 - INFO - logger.py:96 - info - ============================================================
2026-04-21 10:06:58,948 - INFO - logger.py:96 - info - 完成系统登录
2026-04-21 10:06:58,951 - INFO - logger.py:96 - info - 开始登录 LD 项目...
2026-04-21 10:06:58,968 - INFO - logger.py:96 - info - 登录URL: https://test2.saas-test3.supcon.com:32188
2026-04-21 10:06:59,053 - INFO - logger.py:96 - info - 用户名: uitest
2026-04-21 10:07:11,639 - INFO - logger.py:96 - info - LD 项目登录成功！
2026-04-21 10:07:11,642 - INFO - logger.py:96 - info - 导航到物料清单页面
2026-04-21 10:07:12,782 - INFO - logger.py:96 - info - 点击新增按钮，打开创建物料清单弹窗
2026-04-21 10:07:13,979 - INFO - logger.py:96 - info - 验证创建弹窗基础区域显示正确
2026-04-21 10:07:14,036 - INFO - logger.py:96 - info - 打开产品选择弹窗并选中目标父项产品
2026-04-21 10:07:45,623 - INFO - logger.py:96 - info - 关闭页面
2026-04-21 10:07:45,653 - INFO - logger.py:96 - info - 关闭浏览器上下文
2026-04-21 10:07:45,707 - INFO - logger.py:96 - info - 关闭浏览器
2026-04-21 10:07:46,131 - INFO - logger.py:96 - info - 测试执行完成: TestCreateBOM
2026-04-21 10:07:47,102 - ERROR - logger.py:104 - error - 生成Allure报告失败: Allure命令行工具未找到，请确保已安装并添加到系统PATH中
2026-04-21 10:07:47,104 - INFO - logger.py:96 - info - 测试执行完成，耗时: 53.51秒
2026-04-21 10:07:47,104 - INFO - logger.py:96 - info - 执行结果: 失败
