2026-05-09 13:56:29,264 - INFO - logger.py:104 - info - 开始执行测试
2026-05-09 13:56:29,264 - INFO - logger.py:104 - info - 使用单线程运行测试，避免Playwright Sync API在asyncio循环中的错误
2026-05-09 13:56:29,265 - INFO - logger.py:104 - info - Pytest执行参数: ['D:\\install\\auto_ui-master\\src\\testcase\\LD\\customer_file\\test_import_create_product.py', '-p', 'no:xdist', '--tb=short', '--tb=short', '--timeout=180', '--alluredir', 'reports\\allure_report_20260509_135629']
2026-05-09 13:56:30,910 - INFO - logger.py:104 - info - 开始执行测试: TestImportProductCodeExists
2026-05-09 13:56:30,921 - INFO - logger.py:104 - info - 启动浏览器: Chromium, 无头模式: False
2026-05-09 13:56:34,684 - INFO - logger.py:104 - info - ============================================================
2026-05-09 13:56:34,687 - INFO - logger.py:104 - info - 开始执行测试用例：import_create_product
2026-05-09 13:56:34,710 - INFO - logger.py:104 - info - 用例ms的id：101240
2026-05-09 13:56:34,721 - INFO - logger.py:104 - info - ============================================================
2026-05-09 13:56:34,728 - INFO - logger.py:104 - info - 测试文件: D:\install\auto_ui-master\src\data\LD\customer_file\101240测试文件.xlsx
2026-05-09 13:56:34,732 - INFO - logger.py:104 - info - 完成系统登录
2026-05-09 13:56:34,737 - INFO - logger.py:104 - info - 开始登录 LD 项目...
2026-05-09 13:56:34,742 - INFO - logger.py:104 - info - 登录URL: https://test2.saas-test3.supcon.com:32188
2026-05-09 13:56:34,754 - INFO - logger.py:104 - info - 用户名: admin
2026-05-09 13:56:38,845 - INFO - logger.py:104 - info - 检查是否存在在线用户超限提示
2026-05-09 13:56:39,428 - INFO - logger.py:104 - info - 已自动点击在线用户提示的确定按钮
2026-05-09 13:56:45,444 - INFO - logger.py:104 - info - LD 项目登录成功！
2026-05-09 13:56:45,446 - INFO - logger.py:104 - info - 导航进入客户档案页面
2026-05-09 13:56:46,674 - INFO - logger.py:104 - info - 定位客户资料页面
2026-05-09 13:56:46,676 - INFO - logger.py:104 - info - 点击客户资料页面的导入按钮
2026-05-09 13:56:47,982 - INFO - logger.py:104 - info - 等待导入弹窗出现
2026-05-09 13:56:48,001 - INFO - logger.py:104 - info - 上传导入文件，确认导入
2026-05-09 13:56:49,124 - INFO - logger.py:104 - info - 等待导入完成
2026-05-09 13:56:52,146 - INFO - logger.py:104 - info - 关闭弹窗，用例执行完成
2026-05-09 13:56:52,694 - INFO - logger.py:104 - info - 测试用例import_create_product执行完成
2026-05-09 13:56:52,699 - INFO - logger.py:104 - info - 关闭页面
2026-05-09 13:56:52,721 - INFO - logger.py:104 - info - 关闭浏览器上下文
2026-05-09 13:56:52,794 - INFO - logger.py:104 - info - 关闭浏览器
2026-05-09 13:56:53,270 - INFO - logger.py:104 - info - 测试执行完成: TestImportProductCodeExists
2026-05-09 13:56:54,463 - ERROR - logger.py:112 - error - 生成Allure报告失败: Allure命令行工具未找到，请确保已安装并添加到系统PATH中
2026-05-09 13:56:54,464 - INFO - logger.py:104 - info - 测试执行完成，耗时: 25.17秒
2026-05-09 13:56:54,464 - INFO - logger.py:104 - info - 执行结果: 成功
