2026-05-09 13:27:54,370 - INFO - logger.py:104 - info - 开始执行测试
2026-05-09 13:27:54,370 - INFO - logger.py:104 - info - 使用单线程运行测试，避免Playwright Sync API在asyncio循环中的错误
2026-05-09 13:27:54,370 - INFO - logger.py:104 - info - Pytest执行参数: ['D:\\install\\auto_ui-master\\src\\testcase\\LD\\customer_file\\test_import_product_code_noexists.py', '-p', 'no:xdist', '--tb=short', '--tb=short', '--timeout=180', '--alluredir', 'reports\\allure_report_20260509_132754']
2026-05-09 13:27:57,649 - INFO - logger.py:104 - info - 开始执行测试: TestImportProductCodeExists
2026-05-09 13:27:57,657 - INFO - logger.py:104 - info - 启动浏览器: Chromium, 无头模式: False
2026-05-09 13:28:01,138 - INFO - logger.py:104 - info - ============================================================
2026-05-09 13:28:01,142 - INFO - logger.py:104 - info - 开始执行测试用例：import_product_code_noexists
2026-05-09 13:28:01,145 - INFO - logger.py:104 - info - 用例ms的id：101246
2026-05-09 13:28:01,148 - INFO - logger.py:104 - info - ============================================================
2026-05-09 13:28:01,152 - INFO - logger.py:104 - info - 测试文件: D:\install\auto_ui-master\src\data\LD\customer_file\101246测试文件.xlsx
2026-05-09 13:28:01,157 - INFO - logger.py:104 - info - 完成系统登录
2026-05-09 13:28:01,161 - INFO - logger.py:104 - info - 开始登录 LD 项目...
2026-05-09 13:28:01,166 - INFO - logger.py:104 - info - 登录URL: https://test2.saas-test3.supcon.com:32188
2026-05-09 13:28:01,169 - INFO - logger.py:104 - info - 用户名: admin
2026-05-09 13:28:04,841 - INFO - logger.py:104 - info - 检查是否存在在线用户超限提示
2026-05-09 13:28:05,404 - INFO - logger.py:104 - info - 已自动点击在线用户提示的确定按钮
2026-05-09 13:28:11,439 - INFO - logger.py:104 - info - LD 项目登录成功！
2026-05-09 13:28:11,443 - INFO - logger.py:104 - info - 导航进入客户档案页面
2026-05-09 13:28:12,693 - INFO - logger.py:104 - info - 定位客户资料页面
2026-05-09 13:28:12,696 - INFO - logger.py:104 - info - 定位第一个客户数据行
2026-05-09 13:28:12,699 - INFO - logger.py:104 - info - 点击第一个客户数据行，激活客户产品映射页面
2026-05-09 13:28:13,938 - INFO - logger.py:104 - info - 等待客户行选中状态
2026-05-09 13:28:13,951 - INFO - logger.py:104 - info - 定位客户产品映射区域的导入按钮
2026-05-09 13:28:13,953 - INFO - logger.py:104 - info - 等待导入按钮可用
2026-05-09 13:28:13,967 - INFO - logger.py:104 - info - 点击导入按钮
2026-05-09 13:28:14,516 - INFO - logger.py:104 - info - 上传导入文件，确认导入
2026-05-09 13:28:15,640 - INFO - logger.py:104 - info - 等待导入完成
2026-05-09 13:28:18,671 - INFO - logger.py:104 - info - 测试用例import_product_code_noexists执行完成
2026-05-09 13:28:18,703 - INFO - logger.py:104 - info - 关闭页面
2026-05-09 13:28:18,728 - INFO - logger.py:104 - info - 关闭浏览器上下文
2026-05-09 13:28:18,790 - INFO - logger.py:104 - info - 关闭浏览器
2026-05-09 13:28:19,155 - INFO - logger.py:104 - info - 测试执行完成: TestImportProductCodeExists
2026-05-09 13:28:20,337 - ERROR - logger.py:112 - error - 生成Allure报告失败: Allure命令行工具未找到，请确保已安装并添加到系统PATH中
2026-05-09 13:28:20,338 - INFO - logger.py:104 - info - 测试执行完成，耗时: 25.93秒
2026-05-09 13:28:20,338 - INFO - logger.py:104 - info - 执行结果: 成功
