2026-04-21 14:06:51,719 - INFO - logger.py:96 - info - 开始执行测试
2026-04-21 14:06:51,720 - INFO - logger.py:96 - info - 使用单线程运行测试，避免Playwright Sync API在asyncio循环中的错误
2026-04-21 14:06:51,721 - INFO - logger.py:96 - info - Pytest执行参数: ['D:\\install\\auto_ui-master\\src\\testcase\\LD\\product_file\\test_standard_time.py', '-p', 'no:xdist', '--tb=short', '--tb=short', '--timeout=180', '--alluredir', 'reports\\allure_report_20260421_140651']
2026-04-21 14:06:53,567 - INFO - logger.py:96 - info - 开始执行测试: TestStandardTime
2026-04-21 14:06:53,585 - INFO - logger.py:96 - info - 启动浏览器: Chromium, 无头模式: False
2026-04-21 14:06:56,053 - INFO - logger.py:96 - info - ============================================================
2026-04-21 14:06:56,060 - INFO - logger.py:96 - info - 开始执行用例：standard_time
2026-04-21 14:06:56,067 - INFO - logger.py:96 - info - 用例ms的id：0
2026-04-21 14:06:56,078 - INFO - logger.py:96 - info - ============================================================
2026-04-21 14:06:56,081 - INFO - logger.py:96 - info - 开始登录 LD 项目...
2026-04-21 14:06:56,097 - INFO - logger.py:96 - info - 登录URL: https://test2.saas-test3.supcon.com:32188
2026-04-21 14:06:56,106 - INFO - logger.py:96 - info - 用户名: admin
2026-04-21 14:07:05,399 - INFO - logger.py:96 - info - LD 项目登录成功！
2026-04-21 14:07:05,403 - INFO - logger.py:96 - info - 系统登录完成
2026-04-21 14:07:05,937 - INFO - logger.py:96 - info - 点击确定，进入系统主页面
2026-04-21 14:07:08,789 - INFO - logger.py:96 - info - 成功进入【基础资料->产品档案】页面
2026-04-21 14:07:10,494 - INFO - logger.py:96 - info - 点击新增产品按钮
2026-04-21 14:07:11,623 - INFO - logger.py:96 - info - 点击标准工时选项，开始验证展示效果
2026-04-21 14:07:11,711 - INFO - logger.py:96 - info - 所有断言通过，标准工时展示正常
2026-04-21 14:07:11,715 - INFO - logger.py:96 - info - 用例standard_time执行完成
2026-04-21 14:07:11,722 - INFO - logger.py:96 - info - 关闭页面
2026-04-21 14:07:11,767 - INFO - logger.py:96 - info - 关闭浏览器上下文
2026-04-21 14:07:11,877 - INFO - logger.py:96 - info - 关闭浏览器
2026-04-21 14:07:12,365 - INFO - logger.py:96 - info - 测试执行完成: TestStandardTime
2026-04-21 14:07:13,473 - ERROR - logger.py:104 - error - 生成Allure报告失败: Allure命令行工具未找到，请确保已安装并添加到系统PATH中
2026-04-21 14:07:13,475 - INFO - logger.py:96 - info - 测试执行完成，耗时: 21.73秒
2026-04-21 14:07:13,476 - INFO - logger.py:96 - info - 执行结果: 成功
