2026-05-09 13:24:20,858 - INFO - logger.py:104 - info - 开始执行测试
2026-05-09 13:24:20,860 - INFO - logger.py:104 - info - 使用单线程运行测试，避免Playwright Sync API在asyncio循环中的错误
2026-05-09 13:24:20,860 - INFO - logger.py:104 - info - Pytest执行参数: ['D:\\install\\auto_ui-master\\src\\testcase\\LD\\customer_file\\test_import_product_code_exists.py', '-p', 'no:xdist', '--tb=short', '--tb=short', '--timeout=180', '--alluredir', 'reports\\allure_report_20260509_132420']
2026-05-09 13:24:22,827 - INFO - logger.py:104 - info - 开始执行测试: TestImportProductCodeExists
2026-05-09 13:24:22,838 - INFO - logger.py:104 - info - 启动浏览器: Chromium, 无头模式: False
2026-05-09 13:24:26,450 - INFO - logger.py:104 - info - ============================================================
2026-05-09 13:24:26,453 - INFO - logger.py:104 - info - 开始执行测试用例：import_product_code_exists
2026-05-09 13:24:26,458 - INFO - logger.py:104 - info - 用例ms的id：101257
2026-05-09 13:24:26,461 - INFO - logger.py:104 - info - ============================================================
2026-05-09 13:24:26,463 - INFO - logger.py:104 - info - 测试文件: D:\install\auto_ui-master\src\data\LD\customer_file\11产品映射表.xlsx
2026-05-09 13:24:26,467 - INFO - logger.py:104 - info - 完成系统登录
2026-05-09 13:24:26,469 - INFO - logger.py:104 - info - 开始登录 LD 项目...
2026-05-09 13:24:26,473 - INFO - logger.py:104 - info - 登录URL: https://test2.saas-test3.supcon.com:32188
2026-05-09 13:24:26,477 - INFO - logger.py:104 - info - 用户名: admin
2026-05-09 13:24:30,405 - INFO - logger.py:104 - info - 检查是否存在在线用户超限提示
2026-05-09 13:24:30,988 - INFO - logger.py:104 - info - 已自动点击在线用户提示的确定按钮
2026-05-09 13:24:37,027 - INFO - logger.py:104 - info - LD 项目登录成功！
2026-05-09 13:24:37,032 - INFO - logger.py:104 - info - 导航进入客户档案页面
2026-05-09 13:24:38,176 - INFO - logger.py:104 - info - 定位客户资料页面
2026-05-09 13:24:38,179 - INFO - logger.py:104 - info - 定位第一个客户数据行
2026-05-09 13:24:38,180 - INFO - logger.py:104 - info - 点击第一个客户数据行，激活客户产品映射页面
2026-05-09 13:24:39,404 - INFO - logger.py:104 - info - 等待客户行选中状态
2026-05-09 13:24:39,416 - INFO - logger.py:104 - info - 定位客户产品映射区域的导入按钮
2026-05-09 13:24:39,418 - INFO - logger.py:104 - info - 等待导入按钮可用
2026-05-09 13:24:39,430 - INFO - logger.py:104 - info - 点击导入按钮
2026-05-09 13:24:39,983 - INFO - logger.py:104 - info - 上传导入文件，确认导入
2026-05-09 13:24:41,107 - INFO - logger.py:104 - info - 等待导入完成
2026-05-09 13:24:44,140 - INFO - logger.py:104 - info - 测试用例import_product_code_exists执行完成
2026-05-09 13:24:44,146 - INFO - logger.py:104 - info - 关闭页面
2026-05-09 13:24:44,162 - INFO - logger.py:104 - info - 关闭浏览器上下文
2026-05-09 13:24:44,218 - INFO - logger.py:104 - info - 关闭浏览器
2026-05-09 13:24:44,590 - INFO - logger.py:104 - info - 测试执行完成: TestImportProductCodeExists
2026-05-09 13:24:45,691 - ERROR - logger.py:112 - error - 生成Allure报告失败: Allure命令行工具未找到，请确保已安装并添加到系统PATH中
2026-05-09 13:24:45,692 - INFO - logger.py:104 - info - 测试执行完成，耗时: 24.80秒
2026-05-09 13:24:45,693 - INFO - logger.py:104 - info - 执行结果: 成功
