2026-04-28 13:30:32,150 - INFO - logger.py:104 - info - 开始执行测试
2026-04-28 13:30:32,151 - INFO - logger.py:104 - info - 使用单线程运行测试，避免Playwright Sync API在asyncio循环中的错误
2026-04-28 13:30:32,151 - INFO - logger.py:104 - info - Pytest执行参数: ['D:\\install\\auto_ui-master\\src\\testcase\\LD\\printer_management\\test_verify_edit_function.py', '-p', 'no:xdist', '--tb=short', '--tb=short', '--timeout=180', '--alluredir', 'reports\\allure_report_20260428_133032']
2026-04-28 13:30:33,816 - INFO - logger.py:104 - info - 开始执行测试: TestVerifyEditFunction
2026-04-28 13:30:33,830 - INFO - logger.py:104 - info - 启动浏览器: Chromium, 无头模式: False
2026-04-28 13:30:36,513 - INFO - logger.py:104 - info - ============================================================
2026-04-28 13:30:36,517 - INFO - logger.py:104 - info - 开始执行用例：verify_edit_function
2026-04-28 13:30:36,547 - INFO - logger.py:104 - info - 用例ms的id：0
2026-04-28 13:30:36,554 - INFO - logger.py:104 - info - ============================================================
2026-04-28 13:30:36,601 - INFO - logger.py:104 - info - 调用公用登录方法完成登录
2026-04-28 13:30:36,614 - INFO - logger.py:104 - info - 开始登录 LD 项目...
2026-04-28 13:30:36,620 - INFO - logger.py:104 - info - 登录URL: https://test2.saas-test3.supcon.com:32188
2026-04-28 13:30:36,627 - INFO - logger.py:104 - info - 用户名: admin
2026-04-28 13:30:40,466 - INFO - logger.py:104 - info - 检查是否存在在线用户超限提示
2026-04-28 13:30:41,080 - INFO - logger.py:104 - info - 已自动点击在线用户提示的确定按钮
2026-04-28 13:30:47,102 - INFO - logger.py:104 - info - LD 项目登录成功！
2026-04-28 13:30:47,105 - INFO - logger.py:104 - info - 进入打印机管理菜单
2026-04-28 13:30:48,890 - INFO - logger.py:104 - info - 执行编辑打印机信息操作
2026-04-28 13:30:52,159 - INFO - logger.py:104 - info - 用例verify_edit_function执行完成
2026-04-28 13:30:52,166 - INFO - logger.py:104 - info - 关闭页面
2026-04-28 13:30:52,189 - INFO - logger.py:104 - info - 关闭浏览器上下文
2026-04-28 13:30:52,290 - INFO - logger.py:104 - info - 关闭浏览器
2026-04-28 13:30:52,727 - INFO - logger.py:104 - info - 测试执行完成: TestVerifyEditFunction
2026-04-28 13:30:53,529 - ERROR - logger.py:112 - error - 生成Allure报告失败: Allure命令行工具未找到，请确保已安装并添加到系统PATH中
2026-04-28 13:30:53,530 - INFO - logger.py:104 - info - 测试执行完成，耗时: 21.35秒
2026-04-28 13:30:53,530 - INFO - logger.py:104 - info - 执行结果: 成功
