2026-05-09 09:00:39,536 - INFO - logger.py:104 - info - 开始执行测试
2026-05-09 09:00:39,536 - INFO - logger.py:104 - info - 使用单线程运行测试，避免Playwright Sync API在asyncio循环中的错误
2026-05-09 09:00:39,537 - INFO - logger.py:104 - info - Pytest执行参数: ['D:\\install\\auto_ui-master\\src\\testcase\\LD\\bom_management\\test_verify_editpage_data.py', '-p', 'no:xdist', '--tb=short', '--tb=short', '--timeout=180', '--alluredir', 'reports\\allure_report_20260509_090039']
2026-05-09 09:00:42,705 - INFO - logger.py:104 - info - 开始执行测试: TestVerifyEditPageData
2026-05-09 09:00:43,778 - INFO - logger.py:104 - info - 启动浏览器: Chromium, 无头模式: False
2026-05-09 09:00:46,969 - INFO - logger.py:104 - info - ============================================================
2026-05-09 09:00:46,971 - INFO - logger.py:104 - info - 开始执行用例：verify_editpage_data
2026-05-09 09:00:46,973 - INFO - logger.py:104 - info - 用例ms的id：101212
2026-05-09 09:00:46,975 - INFO - logger.py:104 - info - ============================================================
2026-05-09 09:00:46,976 - INFO - logger.py:104 - info - 执行系统登录
2026-05-09 09:00:46,979 - INFO - logger.py:104 - info - 开始登录 LD 项目...
2026-05-09 09:00:46,981 - INFO - logger.py:104 - info - 登录URL: https://test2.saas-test3.supcon.com:32188
2026-05-09 09:00:46,983 - INFO - logger.py:104 - info - 用户名: admin
2026-05-09 09:00:50,513 - INFO - logger.py:104 - info - 检查是否存在在线用户超限提示
2026-05-09 09:00:51,084 - INFO - logger.py:104 - info - 已自动点击在线用户提示的确定按钮
2026-05-09 09:00:57,109 - INFO - logger.py:104 - info - LD 项目登录成功！
2026-05-09 09:00:57,112 - INFO - logger.py:104 - info - 进入基础资料->物料清单页面
2026-05-09 09:00:58,198 - INFO - logger.py:104 - info - 点击首个编辑按钮，随后点击取消
2026-05-09 09:01:00,594 - INFO - logger.py:104 - info - 用例verify_editpage_data执行完成
2026-05-09 09:01:00,599 - INFO - logger.py:104 - info - 关闭页面
2026-05-09 09:01:00,617 - INFO - logger.py:104 - info - 关闭浏览器上下文
2026-05-09 09:01:00,688 - INFO - logger.py:104 - info - 关闭浏览器
2026-05-09 09:01:01,060 - INFO - logger.py:104 - info - 测试执行完成: TestVerifyEditPageData
2026-05-09 09:01:02,137 - ERROR - logger.py:112 - error - 生成Allure报告失败: Allure命令行工具未找到，请确保已安装并添加到系统PATH中
2026-05-09 09:01:02,139 - INFO - logger.py:104 - info - 测试执行完成，耗时: 22.57秒
2026-05-09 09:01:02,139 - INFO - logger.py:104 - info - 执行结果: 成功
