2026-05-07 16:32:42,435 - INFO - logger.py:104 - info - 开始执行测试
2026-05-07 16:32:42,435 - INFO - logger.py:104 - info - 使用单线程运行测试，避免Playwright Sync API在asyncio循环中的错误
2026-05-07 16:32:42,436 - INFO - logger.py:104 - info - Pytest执行参数: ['D:\\install\\auto_ui-master\\src\\testcase\\LD\\code_rule_config\\test_verify_other_inbound_initialization.py', '-p', 'no:xdist', '--tb=short', '--tb=short', '--timeout=180', '--alluredir', 'reports\\allure_report_20260507_163242']
2026-05-07 16:32:49,117 - INFO - logger.py:104 - info - 开始执行测试: TestVerifyOtherInboundInitialization
2026-05-07 16:32:49,125 - INFO - logger.py:104 - info - 启动浏览器: Chromium, 无头模式: False
2026-05-07 16:33:00,549 - INFO - logger.py:104 - info - ============================================================
2026-05-07 16:33:00,553 - INFO - logger.py:104 - info - 开始执行用例：verify_other_inbound_initialization
2026-05-07 16:33:00,596 - INFO - logger.py:104 - info - 用例ms的id：0
2026-05-07 16:33:00,618 - INFO - logger.py:104 - info - ============================================================
2026-05-07 16:33:00,625 - INFO - logger.py:104 - info - 开始登录 LD 项目...
2026-05-07 16:33:00,638 - INFO - logger.py:104 - info - 登录URL: https://test2.saas-test3.supcon.com:32188
2026-05-07 16:33:00,642 - INFO - logger.py:104 - info - 用户名: admin
2026-05-07 16:33:13,397 - INFO - logger.py:104 - info - 检查是否存在在线用户超限提示
2026-05-07 16:33:13,931 - INFO - logger.py:104 - info - 已自动点击在线用户提示的确定按钮
2026-05-07 16:33:19,970 - INFO - logger.py:104 - info - LD 项目登录成功！
2026-05-07 16:33:19,973 - INFO - logger.py:104 - info - 进入编码规则配置菜单
2026-05-07 16:33:21,186 - INFO - logger.py:104 - info - 等待规则列表加载
2026-05-07 16:33:22,201 - INFO - logger.py:104 - info - 查找第一个业务类型为'其它入库批号'的规则
2026-05-07 16:33:26,172 - INFO - logger.py:104 - info - 成功定位到第一个业务类型为'其它入库批号'的规则
2026-05-07 16:33:26,174 - INFO - logger.py:104 - info - 点击目标行的'查看'按钮
2026-05-07 16:33:26,816 - INFO - logger.py:104 - info - 完成查看，点击返回
2026-05-07 16:33:27,384 - INFO - logger.py:104 - info - 用例verify_other_inbound_initialization执行完成
2026-05-07 16:33:33,807 - INFO - logger.py:104 - info - 关闭页面
2026-05-07 16:33:33,938 - INFO - logger.py:104 - info - 关闭浏览器上下文
2026-05-07 16:33:33,963 - INFO - logger.py:104 - info - 关闭浏览器
2026-05-07 16:33:34,250 - INFO - logger.py:104 - info - 测试执行完成: TestVerifyOtherInboundInitialization
2026-05-07 16:33:35,022 - ERROR - logger.py:112 - error - 生成Allure报告失败: Allure命令行工具未找到，请确保已安装并添加到系统PATH中
2026-05-07 16:33:35,023 - INFO - logger.py:104 - info - 测试执行完成，耗时: 52.56秒
2026-05-07 16:33:35,023 - INFO - logger.py:104 - info - 执行结果: 成功
