2026-04-28 10:42:36,294 - INFO - logger.py:104 - info - 开始执行测试
2026-04-28 10:42:36,294 - INFO - logger.py:104 - info - 使用单线程运行测试，避免Playwright Sync API在asyncio循环中的错误
2026-04-28 10:42:36,294 - INFO - logger.py:104 - info - Pytest执行参数: ['D:\\install\\auto_ui-master\\src\\testcase\\LD\\system_configuration\\test_verify_left_and_right_list_interaction.py', '-p', 'no:xdist', '--tb=short', '--tb=short', '--timeout=180', '--alluredir', 'reports\\allure_report_20260428_104236']
2026-04-28 10:42:37,779 - INFO - logger.py:104 - info - 开始执行测试: TestLabelPrintConfigTest
2026-04-28 10:42:37,788 - INFO - logger.py:104 - info - 启动浏览器: Chromium, 无头模式: False
2026-04-28 10:42:40,434 - INFO - logger.py:104 - info - ============================================================
2026-04-28 10:42:40,437 - INFO - logger.py:104 - info - 开始执行用例：verify_left_and_right_list_interaction
2026-04-28 10:42:40,440 - INFO - logger.py:104 - info - 用例ms的id：0
2026-04-28 10:42:40,457 - INFO - logger.py:104 - info - ============================================================
2026-04-28 10:42:40,471 - INFO - logger.py:104 - info - 开始登录 LD 项目...
2026-04-28 10:42:40,501 - INFO - logger.py:104 - info - 登录URL: https://test2.saas-test3.supcon.com:32188
2026-04-28 10:42:40,515 - INFO - logger.py:104 - info - 用户名: admin
2026-04-28 10:42:44,556 - INFO - logger.py:104 - info - 检查是否存在在线用户超限提示
2026-04-28 10:42:45,128 - INFO - logger.py:104 - info - 已自动点击在线用户提示的确定按钮
2026-04-28 10:42:51,158 - INFO - logger.py:104 - info - LD 项目登录成功！
2026-04-28 10:42:51,161 - INFO - logger.py:104 - info - 导航进入标签打印配置页面
2026-04-28 10:42:52,932 - INFO - logger.py:104 - info - 选择托码分类
2026-04-28 10:42:53,834 - INFO - logger.py:104 - info - 点击新增按钮
2026-04-28 10:42:54,444 - INFO - logger.py:104 - info - 点击取消新增按钮
2026-04-28 10:42:55,000 - INFO - logger.py:104 - info - verify_left_and_right_list_interaction 用例执行完成
2026-04-28 10:42:55,005 - INFO - logger.py:104 - info - 关闭页面
2026-04-28 10:42:55,026 - INFO - logger.py:104 - info - 关闭浏览器上下文
2026-04-28 10:42:55,074 - INFO - logger.py:104 - info - 关闭浏览器
2026-04-28 10:42:55,421 - INFO - logger.py:104 - info - 测试执行完成: TestLabelPrintConfigTest
2026-04-28 10:42:56,215 - ERROR - logger.py:112 - error - 生成Allure报告失败: Allure命令行工具未找到，请确保已安装并添加到系统PATH中
2026-04-28 10:42:56,216 - INFO - logger.py:104 - info - 测试执行完成，耗时: 19.89秒
2026-04-28 10:42:56,217 - INFO - logger.py:104 - info - 执行结果: 成功
