2026-04-23 16:02:14,406 - INFO - logger.py:104 - info - 开始执行测试
2026-04-23 16:02:14,407 - INFO - logger.py:104 - info - 使用单线程运行测试，避免Playwright Sync API在asyncio循环中的错误
2026-04-23 16:02:14,424 - INFO - logger.py:104 - info - Pytest执行参数: ['D:\\install\\auto_ui-master\\src\\testcase\\LD\\bom_management\\test_verify_child_product.py', '-p', 'no:xdist', '--tb=short', '--tb=short', '--timeout=180', '--alluredir', 'reports\\allure_report_20260423_160214']
2026-04-23 16:02:16,183 - INFO - logger.py:104 - info - 开始执行测试: TestVerifyChildProduct
2026-04-23 16:02:16,193 - INFO - logger.py:104 - info - 启动浏览器: Chromium, 无头模式: False
2026-04-23 16:02:18,855 - INFO - logger.py:104 - info - ============================================================
2026-04-23 16:02:18,905 - INFO - logger.py:104 - info - 开始执行用例：verify_child_product
2026-04-23 16:02:18,918 - INFO - logger.py:104 - info - 用例ms的id：0
2026-04-23 16:02:18,923 - INFO - logger.py:104 - info - ============================================================
2026-04-23 16:02:18,927 - INFO - logger.py:104 - info - 开始登录 LD 项目...
2026-04-23 16:02:18,932 - INFO - logger.py:104 - info - 登录URL: https://test2.saas-test3.supcon.com:32188
2026-04-23 16:02:18,937 - INFO - logger.py:104 - info - 用户名: admin
2026-04-23 16:02:31,701 - INFO - logger.py:104 - info - LD 项目登录成功！
2026-04-23 16:02:31,705 - INFO - logger.py:104 - info - 导航到基础资料->物料清单页面
2026-04-23 16:02:32,862 - INFO - logger.py:104 - info - 获取物料清单业务iframe成功
2026-04-23 16:02:32,864 - INFO - logger.py:104 - info - 验证目标物料的返回功能
2026-04-23 16:02:40,279 - INFO - logger.py:104 - info - 关闭页面
2026-04-23 16:02:40,297 - INFO - logger.py:104 - info - 关闭浏览器上下文
2026-04-23 16:02:40,391 - INFO - logger.py:104 - info - 关闭浏览器
2026-04-23 16:02:40,959 - INFO - logger.py:104 - info - 测试执行完成: TestVerifyChildProduct
2026-04-23 16:02:41,695 - ERROR - logger.py:112 - error - 生成Allure报告失败: Allure命令行工具未找到，请确保已安装并添加到系统PATH中
2026-04-23 16:02:41,697 - INFO - logger.py:104 - info - 测试执行完成，耗时: 27.24秒
2026-04-23 16:02:41,697 - INFO - logger.py:104 - info - 执行结果: 失败
