2026-04-21 10:02:00,744 - INFO - logger.py:96 - info - 开始执行测试
2026-04-21 10:02:00,744 - INFO - logger.py:96 - info - 使用单线程运行测试，避免Playwright Sync API在asyncio循环中的错误
2026-04-21 10:02:00,745 - INFO - logger.py:96 - info - Pytest执行参数: ['D:\\install\\auto_ui-master\\src\\testcase\\LD\\test\\test_1.py', '-p', 'no:xdist', '--tb=short', '--tb=short', '--timeout=180', '--alluredir', 'reports\\allure_report_20260421_100200']
2026-04-21 10:02:10,141 - INFO - logger.py:96 - info - 开始执行测试: TestCreateBOM
2026-04-21 10:02:10,228 - INFO - logger.py:96 - info - 启动浏览器: Chromium, 无头模式: False
2026-04-21 10:02:29,261 - INFO - logger.py:96 - info - ============================================================
2026-04-21 10:02:29,264 - INFO - logger.py:96 - info - 开始执行1
2026-04-21 10:02:29,269 - INFO - logger.py:96 - info - 用例ms的id：0
2026-04-21 10:02:29,273 - INFO - logger.py:96 - info - ============================================================
2026-04-21 10:02:29,276 - INFO - logger.py:96 - info - 完成系统登录
2026-04-21 10:02:29,279 - INFO - logger.py:96 - info - 开始登录 LD 项目...
2026-04-21 10:02:29,284 - INFO - logger.py:96 - info - 登录URL: https://test2.saas-test3.supcon.com:32188
2026-04-21 10:02:29,288 - INFO - logger.py:96 - info - 用户名: uitest
2026-04-21 10:02:49,118 - INFO - logger.py:96 - info - 关闭页面
2026-04-21 10:02:49,178 - INFO - logger.py:96 - info - 关闭浏览器上下文
2026-04-21 10:02:49,335 - INFO - logger.py:96 - info - 关闭浏览器
2026-04-21 10:02:49,710 - INFO - logger.py:96 - info - 测试执行完成: TestCreateBOM
2026-04-21 10:02:50,862 - ERROR - logger.py:104 - error - 生成Allure报告失败: Allure命令行工具未找到，请确保已安装并添加到系统PATH中
2026-04-21 10:02:50,864 - INFO - logger.py:96 - info - 测试执行完成，耗时: 50.08秒
2026-04-21 10:02:50,864 - INFO - logger.py:96 - info - 执行结果: 失败
