2026-04-27 14:34:32,630 - INFO - logger.py:104 - info - 开始执行测试
2026-04-27 14:34:32,630 - INFO - logger.py:104 - info - 使用单线程运行测试，避免Playwright Sync API在asyncio循环中的错误
2026-04-27 14:34:32,631 - INFO - logger.py:104 - info - Pytest执行参数: ['D:\\install\\auto_ui-master\\src\\testcase\\LD\\code_rule_config\\test_verify_enable_cancel_action.py', '-p', 'no:xdist', '--tb=short', '--tb=short', '--timeout=180', '--alluredir', 'reports\\allure_report_20260427_143432']
2026-04-27 14:34:34,238 - INFO - logger.py:104 - info - 开始执行测试: TestVerifyEnableCancelAction
2026-04-27 14:34:34,248 - INFO - logger.py:104 - info - 启动浏览器: Chromium, 无头模式: False
2026-04-27 14:34:36,952 - INFO - logger.py:104 - info - ============================================================
2026-04-27 14:34:36,958 - INFO - logger.py:104 - info - 开始执行用例：verify_enable_cancel_action
2026-04-27 14:34:36,966 - INFO - logger.py:104 - info - 用例ms的id：0
2026-04-27 14:34:36,969 - INFO - logger.py:104 - info - ============================================================
2026-04-27 14:34:36,975 - INFO - logger.py:104 - info - 开始登录 LD 项目...
2026-04-27 14:34:36,987 - INFO - logger.py:104 - info - 登录URL: https://test2.saas-test3.supcon.com:32188
2026-04-27 14:34:36,991 - INFO - logger.py:104 - info - 用户名: admin
2026-04-27 14:34:41,034 - INFO - logger.py:104 - info - 检查是否存在在线用户超限提示
2026-04-27 14:34:41,628 - INFO - logger.py:104 - info - 已自动点击在线用户提示的确定按钮
2026-04-27 14:34:47,649 - INFO - logger.py:104 - info - LD 项目登录成功！
2026-04-27 14:34:47,652 - INFO - logger.py:104 - info - 系统登录完成，开始进入目标功能页面
2026-04-27 14:34:47,653 - INFO - logger.py:104 - info - 点击确定按钮进入系统主页
2026-04-27 14:35:18,547 - INFO - logger.py:104 - info - 关闭页面
2026-04-27 14:35:18,566 - INFO - logger.py:104 - info - 关闭浏览器上下文
2026-04-27 14:35:18,608 - INFO - logger.py:104 - info - 关闭浏览器
2026-04-27 14:35:18,884 - INFO - logger.py:104 - info - 测试执行完成: TestVerifyEnableCancelAction
2026-04-27 14:35:19,534 - ERROR - logger.py:112 - error - 生成Allure报告失败: Allure命令行工具未找到，请确保已安装并添加到系统PATH中
2026-04-27 14:35:19,536 - INFO - logger.py:104 - info - 测试执行完成，耗时: 46.88秒
2026-04-27 14:35:19,536 - INFO - logger.py:104 - info - 执行结果: 失败
