2026-05-09 15:33:39,366 - INFO - logger.py:104 - info - 开始执行测试
2026-05-09 15:33:39,367 - INFO - logger.py:104 - info - 使用单线程运行测试，避免Playwright Sync API在asyncio循环中的错误
2026-05-09 15:33:39,368 - INFO - logger.py:104 - info - Pytest执行参数: ['D:\\install\\auto_ui-master\\src\\testcase\\LD\\code_rule_config\\test_verify_multirule_enable.py', '-p', 'no:xdist', '--tb=short', '--tb=short', '--timeout=180', '--alluredir', 'reports\\allure_report_20260509_153339']
2026-05-09 15:33:41,074 - INFO - logger.py:104 - info - 开始执行测试: TestVerifyMultiruleEnable
2026-05-09 15:33:41,100 - INFO - logger.py:104 - info - 启动浏览器: Chromium, 无头模式: False
2026-05-09 15:33:45,206 - INFO - logger.py:104 - info - ============================================================
2026-05-09 15:33:45,210 - INFO - logger.py:104 - info - 开始执行用例：verify_multirule_enable
2026-05-09 15:33:45,215 - INFO - logger.py:104 - info - 用例ms的id：101103
2026-05-09 15:33:45,218 - INFO - logger.py:104 - info - ============================================================
2026-05-09 15:33:45,224 - INFO - logger.py:104 - info - 开始登录 LD 项目...
2026-05-09 15:33:45,227 - INFO - logger.py:104 - info - 登录URL: https://test2.saas-test3.supcon.com:32188
2026-05-09 15:33:45,231 - INFO - logger.py:104 - info - 用户名: admin
2026-05-09 15:33:49,436 - INFO - logger.py:104 - info - 检查是否存在在线用户超限提示
2026-05-09 15:33:50,090 - INFO - logger.py:104 - info - 已自动点击在线用户提示的确定按钮
2026-05-09 15:33:56,114 - INFO - logger.py:104 - info - LD 项目登录成功！
2026-05-09 15:33:56,117 - INFO - logger.py:104 - info - 进入编码规则配置菜单
2026-05-09 15:33:57,318 - INFO - logger.py:104 - info - 等待规则列表加载
2026-05-09 15:33:58,337 - INFO - logger.py:104 - info - 查找第一个状态为'启用'的规则
2026-05-09 15:33:58,339 - INFO - logger.py:104 - info - 正在第 1 页查找启用规则
2026-05-09 15:33:58,384 - INFO - logger.py:104 - info - 在第 1 页找到启用规则，业务类型：生产工单批号
2026-05-09 15:33:58,387 - INFO - logger.py:104 - info - 查找业务类型为'生产工单批号'且状态为'停用'的规则
2026-05-09 15:33:58,389 - INFO - logger.py:104 - info - 回到列表第一页开始查找停用规则
2026-05-09 15:34:00,201 - INFO - logger.py:104 - info - 在第 1 页找到目标停用规则
2026-05-09 15:34:00,473 - INFO - logger.py:104 - info - 成功定位到目标停用规则
2026-05-09 15:34:00,475 - INFO - logger.py:104 - info - 点击目标行的'启用'按钮
2026-05-09 15:34:01,023 - INFO - logger.py:104 - info - 验证弹窗提示信息
2026-05-09 15:34:01,035 - INFO - logger.py:104 - info - 点击取消按钮
2026-05-09 15:34:01,613 - INFO - logger.py:104 - info - 用例执行完成
2026-05-09 15:34:01,620 - INFO - logger.py:104 - info - 关闭页面
2026-05-09 15:34:01,641 - INFO - logger.py:104 - info - 关闭浏览器上下文
2026-05-09 15:34:01,714 - INFO - logger.py:104 - info - 关闭浏览器
2026-05-09 15:34:02,903 - INFO - logger.py:104 - info - 测试执行完成: TestVerifyMultiruleEnable
2026-05-09 15:34:03,601 - ERROR - logger.py:112 - error - 生成Allure报告失败: Allure命令行工具未找到，请确保已安装并添加到系统PATH中
2026-05-09 15:34:03,603 - INFO - logger.py:104 - info - 测试执行完成，耗时: 24.20秒
2026-05-09 15:34:03,603 - INFO - logger.py:104 - info - 执行结果: 成功
