2026-05-09 16:03:00,349 - INFO - logger.py:104 - info - 开始执行测试
2026-05-09 16:03:00,349 - INFO - logger.py:104 - info - 使用单线程运行测试，避免Playwright Sync API在asyncio循环中的错误
2026-05-09 16:03:00,350 - INFO - logger.py:104 - info - Pytest执行参数: ['D:\\install\\auto_ui-master\\src\\testcase\\LD\\code_rule_config\\test_verify_whether_field.py', '-p', 'no:xdist', '--tb=short', '--tb=short', '--timeout=180', '--alluredir', 'reports\\allure_report_20260509_160300']
2026-05-09 16:03:02,175 - INFO - logger.py:104 - info - 开始执行测试: TestVerifyWhetherField
2026-05-09 16:03:02,187 - INFO - logger.py:104 - info - 启动浏览器: Chromium, 无头模式: False
2026-05-09 16:03:06,158 - INFO - logger.py:104 - info - ============================================================
2026-05-09 16:03:06,165 - INFO - logger.py:104 - info - 开始执行用例verify_whether_field
2026-05-09 16:03:06,171 - INFO - logger.py:104 - info - 用例ms的id：101106
2026-05-09 16:03:06,178 - INFO - logger.py:104 - info - ============================================================
2026-05-09 16:03:06,182 - INFO - logger.py:104 - info - 开始登录 LD 项目...
2026-05-09 16:03:06,186 - INFO - logger.py:104 - info - 登录URL: https://test2.saas-test3.supcon.com:32188
2026-05-09 16:03:06,190 - INFO - logger.py:104 - info - 用户名: admin
2026-05-09 16:03:10,088 - INFO - logger.py:104 - info - 检查是否存在在线用户超限提示
2026-05-09 16:03:10,656 - INFO - logger.py:104 - info - 已自动点击在线用户提示的确定按钮
2026-05-09 16:03:16,692 - INFO - logger.py:104 - info - LD 项目登录成功！
2026-05-09 16:03:16,695 - INFO - logger.py:104 - info - 进入编码规则配置菜单
2026-05-09 16:03:17,885 - INFO - logger.py:104 - info - 打开新增编码规则弹窗，填写基础信息
2026-05-09 16:03:20,141 - INFO - logger.py:104 - info - 定位业务类型下拉框
2026-05-09 16:03:20,143 - INFO - logger.py:104 - info - 点击业务类型下拉框
2026-05-09 16:03:20,725 - INFO - logger.py:104 - info - 等待下拉列表展开
2026-05-09 16:03:20,739 - INFO - logger.py:104 - info - 动态选择业务类型（索引 0）
2026-05-09 16:03:21,320 - INFO - logger.py:104 - info - 新增规则段并清理多余项
2026-05-09 16:03:24,750 - INFO - logger.py:104 - info - 取消新增，结束用例
2026-05-09 16:03:25,314 - INFO - logger.py:104 - info - 关闭页面
2026-05-09 16:03:25,341 - INFO - logger.py:104 - info - 关闭浏览器上下文
2026-05-09 16:03:25,374 - INFO - logger.py:104 - info - 关闭浏览器
2026-05-09 16:03:25,908 - INFO - logger.py:104 - info - 测试执行完成: TestVerifyWhetherField
2026-05-09 16:03:26,976 - ERROR - logger.py:112 - error - 生成Allure报告失败: Allure命令行工具未找到，请确保已安装并添加到系统PATH中
2026-05-09 16:03:26,978 - INFO - logger.py:104 - info - 测试执行完成，耗时: 26.57秒
2026-05-09 16:03:26,979 - INFO - logger.py:104 - info - 执行结果: 成功
