2026-05-09 14:14:19,361 - INFO - logger.py:104 - info - 开始执行测试
2026-05-09 14:14:19,362 - INFO - logger.py:104 - info - 使用单线程运行测试，避免Playwright Sync API在asyncio循环中的错误
2026-05-09 14:14:19,362 - INFO - logger.py:104 - info - Pytest执行参数: ['D:\\install\\auto_ui-master\\src\\testcase\\LD\\customer_file\\test_verify_reset_button.py', '-p', 'no:xdist', '--tb=short', '--tb=short', '--timeout=180', '--alluredir', 'reports\\allure_report_20260509_141419']
2026-05-09 14:14:21,216 - INFO - logger.py:104 - info - 开始执行测试: TestVerifyResetButton
2026-05-09 14:14:21,225 - INFO - logger.py:104 - info - 启动浏览器: Chromium, 无头模式: False
2026-05-09 14:14:24,900 - INFO - logger.py:104 - info - ============================================================
2026-05-09 14:14:24,904 - INFO - logger.py:104 - info - 开始执行用例：verify_reset_button
2026-05-09 14:14:24,908 - INFO - logger.py:104 - info - 用例ms的id：101254
2026-05-09 14:14:24,912 - INFO - logger.py:104 - info - ============================================================
2026-05-09 14:14:24,916 - INFO - logger.py:104 - info - 开始登录 LD 项目...
2026-05-09 14:14:24,956 - INFO - logger.py:104 - info - 登录URL: https://test2.saas-test3.supcon.com:32188
2026-05-09 14:14:24,960 - INFO - logger.py:104 - info - 用户名: admin
2026-05-09 14:14:28,968 - INFO - logger.py:104 - info - 检查是否存在在线用户超限提示
2026-05-09 14:14:29,539 - INFO - logger.py:104 - info - 已自动点击在线用户提示的确定按钮
2026-05-09 14:14:35,567 - INFO - logger.py:104 - info - LD 项目登录成功！
2026-05-09 14:14:35,571 - INFO - logger.py:104 - info - 进入客户档案页面
2026-05-09 14:14:36,810 - INFO - logger.py:104 - info - 输入客户编码执行查询，点击重置按钮
2026-05-09 14:14:39,750 - INFO - logger.py:104 - info - verify_reset_button用例执行完成
2026-05-09 14:14:39,758 - INFO - logger.py:104 - info - 关闭页面
2026-05-09 14:14:39,788 - INFO - logger.py:104 - info - 关闭浏览器上下文
2026-05-09 14:14:39,848 - INFO - logger.py:104 - info - 关闭浏览器
2026-05-09 14:14:40,394 - INFO - logger.py:104 - info - 测试执行完成: TestVerifyResetButton
2026-05-09 14:14:41,473 - ERROR - logger.py:112 - error - 生成Allure报告失败: Allure命令行工具未找到，请确保已安装并添加到系统PATH中
2026-05-09 14:14:41,474 - INFO - logger.py:104 - info - 测试执行完成，耗时: 22.07秒
2026-05-09 14:14:41,474 - INFO - logger.py:104 - info - 执行结果: 成功
