2026-05-08 15:49:45,869 - INFO - logger.py:104 - info - 开始执行测试
2026-05-08 15:49:45,870 - INFO - logger.py:104 - info - 使用单线程运行测试，避免Playwright Sync API在asyncio循环中的错误
2026-05-08 15:49:45,870 - INFO - logger.py:104 - info - Pytest执行参数: ['D:\\install\\auto_ui-master\\src\\testcase\\LD\\customer_file\\test_import_empty.py', '-p', 'no:xdist', '--tb=short', '--tb=short', '--timeout=180', '--alluredir', 'reports\\allure_report_20260508_154945']
2026-05-08 15:49:48,946 - INFO - logger.py:104 - info - 开始执行测试: TestImportEmpty
2026-05-08 15:49:48,956 - INFO - logger.py:104 - info - 启动浏览器: Chromium, 无头模式: False
2026-05-08 15:49:52,330 - INFO - logger.py:104 - info - ============================================================
2026-05-08 15:49:52,333 - INFO - logger.py:104 - info - 开始执行用例：import_empty
2026-05-08 15:49:52,336 - INFO - logger.py:104 - info - 用例ms ID：101271
2026-05-08 15:49:52,339 - INFO - logger.py:104 - info - ============================================================
2026-05-08 15:49:52,343 - INFO - logger.py:104 - info - 测试文件: D:\install\auto_ui-master\src\data\LD\customer_file\空表.xlsx
2026-05-08 15:49:52,348 - INFO - logger.py:104 - info - 调用公用登录方法登录系统
2026-05-08 15:49:52,351 - INFO - logger.py:104 - info - 开始登录 LD 项目...
2026-05-08 15:49:52,355 - INFO - logger.py:104 - info - 登录URL: https://test2.saas-test3.supcon.com:32188
2026-05-08 15:49:52,361 - INFO - logger.py:104 - info - 用户名: admin
2026-05-08 15:49:56,335 - INFO - logger.py:104 - info - 检查是否存在在线用户超限提示
2026-05-08 15:49:56,889 - INFO - logger.py:104 - info - 已自动点击在线用户提示的确定按钮
2026-05-08 15:50:02,920 - INFO - logger.py:104 - info - LD 项目登录成功！
2026-05-08 15:50:02,924 - INFO - logger.py:104 - info - 进入客户档案页面
2026-05-08 15:50:04,134 - INFO - logger.py:104 - info - 上传导入文件
2026-05-08 15:50:05,312 - INFO - logger.py:104 - info - 上传导入文件，确认导入
2026-05-08 15:50:06,401 - INFO - logger.py:104 - info - 等待导入完成
2026-05-08 15:50:09,425 - INFO - logger.py:104 - info - 关闭弹窗，用例执行完成
2026-05-08 15:50:09,960 - INFO - logger.py:104 - info - 关闭页面
2026-05-08 15:50:09,977 - INFO - logger.py:104 - info - 关闭浏览器上下文
2026-05-08 15:50:10,056 - INFO - logger.py:104 - info - 关闭浏览器
2026-05-08 15:50:10,467 - INFO - logger.py:104 - info - 测试执行完成: TestImportEmpty
2026-05-08 15:50:11,472 - ERROR - logger.py:112 - error - 生成Allure报告失败: Allure命令行工具未找到，请确保已安装并添加到系统PATH中
2026-05-08 15:50:11,475 - INFO - logger.py:104 - info - 测试执行完成，耗时: 25.57秒
2026-05-08 15:50:11,475 - INFO - logger.py:104 - info - 执行结果: 成功
