2026-04-28 09:13:26,840 - INFO - logger.py:104 - info - 开始执行测试
2026-04-28 09:13:26,840 - INFO - logger.py:104 - info - 使用单线程运行测试，避免Playwright Sync API在asyncio循环中的错误
2026-04-28 09:13:26,841 - INFO - logger.py:104 - info - Pytest执行参数: ['D:\\install\\auto_ui-master\\src\\testcase\\LD\\base_information\\test_verify_name_rejected.py', '-p', 'no:xdist', '--tb=short', '--tb=short', '--timeout=180', '--alluredir', 'reports\\allure_report_20260428_091326']
2026-04-28 09:13:28,642 - INFO - logger.py:104 - info - 开始执行测试: TestVerifyProdLineNameRejected
2026-04-28 09:13:28,649 - INFO - logger.py:104 - info - 启动浏览器: Chromium, 无头模式: False
2026-04-28 09:13:31,318 - INFO - logger.py:104 - info - ============================================================
2026-04-28 09:13:31,325 - INFO - logger.py:104 - info - 开始执行用例：verify_name_rejected
2026-04-28 09:13:31,330 - INFO - logger.py:104 - info - 用例ms ID：0
2026-04-28 09:13:31,334 - INFO - logger.py:104 - info - ============================================================
2026-04-28 09:13:31,337 - INFO - logger.py:104 - info - 执行公用登录
2026-04-28 09:13:31,340 - INFO - logger.py:104 - info - 开始登录 LD 项目...
2026-04-28 09:13:31,347 - INFO - logger.py:104 - info - 登录URL: https://test2.saas-test3.supcon.com:32188
2026-04-28 09:13:31,350 - INFO - logger.py:104 - info - 用户名: admin
2026-04-28 09:13:35,649 - INFO - logger.py:104 - info - 检查是否存在在线用户超限提示
2026-04-28 09:13:36,206 - INFO - logger.py:104 - info - 已自动点击在线用户提示的确定按钮
2026-04-28 09:13:42,234 - INFO - logger.py:104 - info - LD 项目登录成功！
2026-04-28 09:13:42,237 - INFO - logger.py:104 - info - 导航到产线设置页面
2026-04-28 09:13:43,969 - INFO - logger.py:104 - info - 打开新增产线弹窗
2026-04-28 09:13:44,794 - INFO - logger.py:104 - info - 填充产线基本信息
2026-04-28 09:13:45,854 - INFO - logger.py:104 - info - 选择关联设备
2026-04-28 09:14:18,528 - INFO - logger.py:104 - info - 关闭页面
2026-04-28 09:14:18,545 - INFO - logger.py:104 - info - 关闭浏览器上下文
2026-04-28 09:14:18,576 - INFO - logger.py:104 - info - 关闭浏览器
2026-04-28 09:14:18,854 - INFO - logger.py:104 - info - 测试执行完成: TestVerifyProdLineNameRejected
2026-04-28 09:14:19,412 - ERROR - logger.py:112 - error - 生成Allure报告失败: Allure命令行工具未找到，请确保已安装并添加到系统PATH中
2026-04-28 09:14:19,412 - INFO - logger.py:104 - info - 测试执行完成，耗时: 52.55秒
2026-04-28 09:14:19,414 - INFO - logger.py:104 - info - 执行结果: 失败
