2026-05-09 15:59:36,140 - INFO - logger.py:104 - info - 开始执行测试
2026-05-09 15:59:36,140 - INFO - logger.py:104 - info - 使用单线程运行测试，避免Playwright Sync API在asyncio循环中的错误
2026-05-09 15:59:36,141 - INFO - logger.py:104 - info - Pytest执行参数: ['D:\\install\\auto_ui-master\\src\\testcase\\LD\\code_rule_config\\test_verify_create_button.py', '-p', 'no:xdist', '--tb=short', '--tb=short', '--timeout=180', '--alluredir', 'reports\\allure_report_20260509_155936']
2026-05-09 15:59:38,089 - INFO - logger.py:104 - info - 开始执行测试: TestVerifyCreateButton
2026-05-09 15:59:38,107 - INFO - logger.py:104 - info - 启动浏览器: Chromium, 无头模式: False
2026-05-09 15:59:41,969 - INFO - logger.py:104 - info - ============================================================
2026-05-09 15:59:41,989 - INFO - logger.py:104 - info - 开始执行verify_create_button
2026-05-09 15:59:42,000 - INFO - logger.py:104 - info - 用例ms的id：0
2026-05-09 15:59:42,004 - INFO - logger.py:104 - info - ============================================================
2026-05-09 15:59:42,007 - INFO - logger.py:104 - info - 开始登录 LD 项目...
2026-05-09 15:59:42,011 - INFO - logger.py:104 - info - 登录URL: https://test2.saas-test3.supcon.com:32188
2026-05-09 15:59:42,015 - INFO - logger.py:104 - info - 用户名: admin
2026-05-09 15:59:45,700 - INFO - logger.py:104 - info - 检查是否存在在线用户超限提示
2026-05-09 15:59:46,260 - INFO - logger.py:104 - info - 已自动点击在线用户提示的确定按钮
2026-05-09 15:59:52,305 - INFO - logger.py:104 - info - LD 项目登录成功！
2026-05-09 15:59:52,308 - INFO - logger.py:104 - info - 系统登录完成
2026-05-09 15:59:52,310 - INFO - logger.py:104 - info - 进入编码规则配置页面
2026-05-09 15:59:53,418 - INFO - logger.py:104 - info - 打开新增编码规则弹窗，填写基础信息
2026-05-09 15:59:56,754 - INFO - logger.py:104 - info - 定位业务类型下拉框
2026-05-09 15:59:56,757 - INFO - logger.py:104 - info - 点击业务类型下拉框
2026-05-09 15:59:57,320 - INFO - logger.py:104 - info - 等待下拉列表展开
2026-05-09 15:59:57,332 - INFO - logger.py:104 - info - 动态选择业务类型（索引 0）
2026-05-09 15:59:57,903 - INFO - logger.py:104 - info - 添加日期格式规则段
2026-05-09 16:00:00,793 - INFO - logger.py:104 - info - 保存编码规则并执行停用操作
2026-05-09 16:00:19,427 - INFO - logger.py:104 - info - 关闭页面
2026-05-09 16:00:19,436 - INFO - logger.py:104 - info - 关闭浏览器上下文
2026-05-09 16:00:19,457 - INFO - logger.py:104 - info - 关闭浏览器
2026-05-09 16:00:19,794 - INFO - logger.py:104 - info - 测试执行完成: TestVerifyCreateButton
2026-05-09 16:00:20,530 - ERROR - logger.py:112 - error - 生成Allure报告失败: Allure命令行工具未找到，请确保已安装并添加到系统PATH中
2026-05-09 16:00:20,532 - INFO - logger.py:104 - info - 测试执行完成，耗时: 44.36秒
2026-05-09 16:00:20,532 - INFO - logger.py:104 - info - 执行结果: 失败
