2026-05-09 14:54:42,168 - INFO - logger.py:104 - info - 开始执行测试
2026-05-09 14:54:42,168 - INFO - logger.py:104 - info - 使用单线程运行测试，避免Playwright Sync API在asyncio循环中的错误
2026-05-09 14:54:42,169 - INFO - logger.py:104 - info - Pytest执行参数: ['D:\\install\\auto_ui-master\\src\\testcase\\LD\\code_rule_config\\test_verify_datatime_field.py', '-p', 'no:xdist', '--tb=short', '--tb=short', '--timeout=180', '--alluredir', 'reports\\allure_report_20260509_145442']
2026-05-09 14:54:44,890 - INFO - logger.py:104 - info - 开始执行测试: TestVerifyDataField
2026-05-09 14:54:44,903 - INFO - logger.py:104 - info - 启动浏览器: Chromium, 无头模式: False
2026-05-09 14:54:48,255 - INFO - logger.py:104 - info - ============================================================
2026-05-09 14:54:48,263 - INFO - logger.py:104 - info - 开始执行用例：verify_datatime_field
2026-05-09 14:54:48,268 - INFO - logger.py:104 - info - 用例ms的id：101101
2026-05-09 14:54:48,272 - INFO - logger.py:104 - info - ============================================================
2026-05-09 14:54:48,275 - INFO - logger.py:104 - info - 开始登录 LD 项目...
2026-05-09 14:54:48,278 - INFO - logger.py:104 - info - 登录URL: https://test2.saas-test3.supcon.com:32188
2026-05-09 14:54:48,283 - INFO - logger.py:104 - info - 用户名: admin
2026-05-09 14:54:52,222 - INFO - logger.py:104 - info - 检查是否存在在线用户超限提示
2026-05-09 14:54:52,780 - INFO - logger.py:104 - info - 已自动点击在线用户提示的确定按钮
2026-05-09 14:54:58,798 - INFO - logger.py:104 - info - LD 项目登录成功！
2026-05-09 14:54:58,803 - INFO - logger.py:104 - info - 进入编码规则配置菜单
2026-05-09 14:55:00,063 - INFO - logger.py:104 - info - 开始执行编码规则新增操作
2026-05-09 14:55:04,787 - INFO - logger.py:104 - info - 用例verify_datatime_field执行完成
2026-05-09 14:55:04,792 - INFO - logger.py:104 - info - 关闭页面
2026-05-09 14:55:04,812 - INFO - logger.py:104 - info - 关闭浏览器上下文
2026-05-09 14:55:04,869 - INFO - logger.py:104 - info - 关闭浏览器
2026-05-09 14:55:05,957 - INFO - logger.py:104 - info - 测试执行完成: TestVerifyDataField
2026-05-09 14:55:06,473 - ERROR - logger.py:112 - error - 生成Allure报告失败: Allure命令行工具未找到，请确保已安装并添加到系统PATH中
2026-05-09 14:55:06,474 - INFO - logger.py:104 - info - 测试执行完成，耗时: 24.28秒
2026-05-09 14:55:06,475 - INFO - logger.py:104 - info - 执行结果: 成功
