2026-04-23 14:26:16,562 - INFO - logger.py:104 - info - 开始执行测试
2026-04-23 14:26:16,563 - INFO - logger.py:104 - info - 使用单线程运行测试，避免Playwright Sync API在asyncio循环中的错误
2026-04-23 14:26:16,563 - INFO - logger.py:104 - info - Pytest执行参数: ['D:\\install\\auto_ui-master\\src\\testcase\\LD\\bom_management\\test_verify_bom_edit_data_echo.py', '-p', 'no:xdist', '--tb=short', '--tb=short', '--timeout=180', '--alluredir', 'reports\\allure_report_20260423_142616']
2026-04-23 14:26:18,311 - INFO - logger.py:104 - info - 开始执行测试: TestVerifyBomEditDataEcho
2026-04-23 14:26:18,413 - INFO - logger.py:104 - info - 启动浏览器: Chromium, 无头模式: False
2026-04-23 14:26:20,850 - INFO - logger.py:104 - info - ============================================================
2026-04-23 14:26:20,925 - INFO - logger.py:104 - info - 开始执行用例: verify_bom_edit_data_echo
2026-04-23 14:26:20,929 - INFO - logger.py:104 - info - 用例ms的id：0
2026-04-23 14:26:20,933 - INFO - logger.py:104 - info - ============================================================
2026-04-23 14:26:20,937 - INFO - logger.py:104 - info - 开始登录 LD 项目...
2026-04-23 14:26:20,942 - INFO - logger.py:104 - info - 登录URL: https://test2.saas-test3.supcon.com:32188
2026-04-23 14:26:20,949 - INFO - logger.py:104 - info - 用户名: admin
2026-04-23 14:26:34,379 - INFO - logger.py:104 - info - LD 项目登录成功！
2026-04-23 14:26:34,382 - INFO - logger.py:104 - info - 点击基础资料菜单
2026-04-23 14:26:34,958 - INFO - logger.py:104 - info - 点击物料清单子菜单
2026-04-23 14:26:35,559 - INFO - logger.py:104 - info - 打开目标物料清单详情
2026-04-23 14:26:37,165 - INFO - logger.py:104 - info - 验证详情弹窗各信息可见
2026-04-23 14:26:37,246 - INFO - logger.py:104 - info - 用例verify_bom_edit_data_echo执行完成
2026-04-23 14:26:37,252 - INFO - logger.py:104 - info - 关闭页面
2026-04-23 14:26:37,295 - INFO - logger.py:104 - info - 关闭浏览器上下文
2026-04-23 14:26:37,362 - INFO - logger.py:104 - info - 关闭浏览器
2026-04-23 14:26:37,863 - INFO - logger.py:104 - info - 测试执行完成: TestVerifyBomEditDataEcho
2026-04-23 14:26:38,985 - ERROR - logger.py:112 - error - 生成Allure报告失败: Allure命令行工具未找到，请确保已安装并添加到系统PATH中
2026-04-23 14:26:38,986 - INFO - logger.py:104 - info - 测试执行完成，耗时: 22.39秒
2026-04-23 14:26:38,987 - INFO - logger.py:104 - info - 执行结果: 成功
