2026-04-23 14:49:04,259 - INFO - logger.py:104 - info - 开始执行测试
2026-04-23 14:49:04,260 - INFO - logger.py:104 - info - 使用单线程运行测试，避免Playwright Sync API在asyncio循环中的错误
2026-04-23 14:49:04,261 - INFO - logger.py:104 - info - Pytest执行参数: ['D:\\install\\auto_ui-master\\src\\testcase\\LD\\bom_management\\test_verify_query_reset_function.py', '-p', 'no:xdist', '--tb=short', '--tb=short', '--timeout=180', '--alluredir', 'reports\\allure_report_20260423_144904']
2026-04-23 14:49:06,112 - INFO - logger.py:104 - info - 开始执行测试: TestVerifyQueryResetBOM
2026-04-23 14:49:06,153 - INFO - logger.py:104 - info - 启动浏览器: Chromium, 无头模式: False
2026-04-23 14:49:08,596 - INFO - logger.py:104 - info - ============================================================
2026-04-23 14:49:08,604 - INFO - logger.py:104 - info - 开始执行用例：verify_query_reset_function
2026-04-23 14:49:08,614 - INFO - logger.py:104 - info - 用例ms的id：0
2026-04-23 14:49:08,635 - INFO - logger.py:104 - info - ============================================================
2026-04-23 14:49:08,677 - INFO - logger.py:104 - info - 开始登录 LD 项目...
2026-04-23 14:49:08,683 - INFO - logger.py:104 - info - 登录URL: https://test2.saas-test3.supcon.com:32188
2026-04-23 14:49:08,689 - INFO - logger.py:104 - info - 用户名: admin
2026-04-23 14:49:24,259 - INFO - logger.py:104 - info - LD 项目登录成功！
2026-04-23 14:49:24,262 - INFO - logger.py:104 - info - 登录成功，导航到物料清单页面
2026-04-23 14:49:25,405 - INFO - logger.py:104 - info - 获取操作页iframe实例，准备执行查询重置操作
2026-04-23 14:49:25,407 - INFO - logger.py:104 - info - 输入查询条件：父项产品编码 FJ00001
2026-04-23 14:49:27,014 - INFO - logger.py:104 - info - 点击查询按钮
2026-04-23 14:49:27,683 - INFO - logger.py:104 - info - 点击重置按钮，验证重置功能
2026-04-23 14:49:28,277 - INFO - logger.py:104 - info - 用例verify_query_reset_function执行完成
2026-04-23 14:49:28,282 - INFO - logger.py:104 - info - 关闭页面
2026-04-23 14:49:28,301 - INFO - logger.py:104 - info - 关闭浏览器上下文
2026-04-23 14:49:28,378 - INFO - logger.py:104 - info - 关闭浏览器
2026-04-23 14:49:28,847 - INFO - logger.py:104 - info - 测试执行完成: TestVerifyQueryResetBOM
2026-04-23 14:49:30,037 - ERROR - logger.py:112 - error - 生成Allure报告失败: Allure命令行工具未找到，请确保已安装并添加到系统PATH中
2026-04-23 14:49:30,038 - INFO - logger.py:104 - info - 测试执行完成，耗时: 25.75秒
2026-04-23 14:49:30,038 - INFO - logger.py:104 - info - 执行结果: 成功
