2026-04-24 10:27:40,974 - INFO - logger.py:104 - info - 开始执行测试
2026-04-24 10:27:40,975 - INFO - logger.py:104 - info - 使用单线程运行测试，避免Playwright Sync API在asyncio循环中的错误
2026-04-24 10:27:40,975 - INFO - logger.py:104 - info - Pytest执行参数: ['D:\\install\\auto_ui-master\\src\\testcase\\LD\\customer_file\\test_verify_import.py', '-p', 'no:xdist', '--tb=short', '--tb=short', '--timeout=180', '--alluredir', 'reports\\allure_report_20260424_102740']
2026-04-24 10:27:42,544 - INFO - logger.py:104 - info - 开始执行测试: TestVerifyImport
2026-04-24 10:27:42,552 - INFO - logger.py:104 - info - 启动浏览器: Chromium, 无头模式: False
2026-04-24 10:27:44,915 - INFO - logger.py:104 - info - ============================================================
2026-04-24 10:27:44,921 - INFO - logger.py:104 - info - 开始执行用例：verify_import
2026-04-24 10:27:44,973 - INFO - logger.py:104 - info - 用例ms的id：0
2026-04-24 10:27:44,984 - INFO - logger.py:104 - info - ============================================================
2026-04-24 10:27:44,987 - INFO - logger.py:104 - info - 完成系统登录
2026-04-24 10:27:44,992 - INFO - logger.py:104 - info - 开始登录 LD 项目...
2026-04-24 10:27:44,995 - INFO - logger.py:104 - info - 登录URL: https://test2.saas-test3.supcon.com:32188
2026-04-24 10:27:45,001 - INFO - logger.py:104 - info - 用户名: admin
2026-04-24 10:27:49,181 - INFO - logger.py:104 - info - 检查是否存在在线用户超限提示
2026-04-24 10:27:49,756 - INFO - logger.py:104 - info - 已自动点击在线用户提示的确定按钮
2026-04-24 10:27:55,785 - INFO - logger.py:104 - info - LD 项目登录成功！
2026-04-24 10:27:55,788 - INFO - logger.py:104 - info - 进入客户档案页面
2026-04-24 10:27:56,948 - INFO - logger.py:104 - info - 打开客户导入弹窗
2026-04-24 10:27:58,483 - INFO - logger.py:104 - info - 测试文件: D:\install\auto_ui-master\src\data\LD\customer_file\客户资料_2026_04_24.xlsx
2026-04-24 10:27:58,485 - INFO - logger.py:104 - info - 上传导入文件，确认导入
2026-04-24 10:27:59,606 - INFO - logger.py:104 - info - 等待导入完成
2026-04-24 10:28:02,630 - INFO - logger.py:104 - info - 关闭导入结果弹窗
2026-04-24 10:28:03,168 - INFO - logger.py:104 - info - 用例verify_import执行完成
2026-04-24 10:28:03,172 - INFO - logger.py:104 - info - 关闭页面
2026-04-24 10:28:03,188 - INFO - logger.py:104 - info - 关闭浏览器上下文
2026-04-24 10:28:03,258 - INFO - logger.py:104 - info - 关闭浏览器
2026-04-24 10:28:03,583 - INFO - logger.py:104 - info - 测试执行完成: TestVerifyImport
2026-04-24 10:28:04,648 - ERROR - logger.py:112 - error - 生成Allure报告失败: Allure命令行工具未找到，请确保已安装并添加到系统PATH中
2026-04-24 10:28:04,649 - INFO - logger.py:104 - info - 测试执行完成，耗时: 23.64秒
2026-04-24 10:28:04,650 - INFO - logger.py:104 - info - 执行结果: 成功
