2026-04-23 09:27:18,000 - INFO - logger.py:104 - info - 开始执行测试
2026-04-23 09:27:18,001 - INFO - logger.py:104 - info - 使用单线程运行测试，避免Playwright Sync API在asyncio循环中的错误
2026-04-23 09:27:18,001 - INFO - logger.py:104 - info - Pytest执行参数: ['D:\\install\\auto_ui-master\\src\\testcase\\LD\\bom_management\\test_verify_data_prepopulation.py', '-p', 'no:xdist', '--tb=short', '--tb=short', '--timeout=180', '--alluredir', 'reports\\allure_report_20260423_092718']
2026-04-23 09:27:20,111 - INFO - logger.py:104 - info - 开始执行测试: TestVerifyBomDataPrepopulation
2026-04-23 09:27:20,121 - INFO - logger.py:104 - info - 启动浏览器: Chromium, 无头模式: False
2026-04-23 09:27:22,491 - INFO - logger.py:104 - info - ============================================================
2026-04-23 09:27:22,555 - INFO - logger.py:104 - info - 开始执行用例：verify_data_prepopulation
2026-04-23 09:27:22,559 - INFO - logger.py:104 - info - 用例ms ID：0
2026-04-23 09:27:22,568 - INFO - logger.py:104 - info - ============================================================
2026-04-23 09:27:22,586 - INFO - logger.py:104 - info - 调用公用登录方法完成登录
2026-04-23 09:27:22,590 - INFO - logger.py:104 - info - 开始登录 LD 项目...
2026-04-23 09:27:22,594 - INFO - logger.py:104 - info - 登录URL: https://test2.saas-test3.supcon.com:32188
2026-04-23 09:27:22,605 - INFO - logger.py:104 - info - 用户名: admin
2026-04-23 09:27:36,524 - INFO - logger.py:104 - info - LD 项目登录成功！
2026-04-23 09:27:36,527 - INFO - logger.py:104 - info - 进入菜单：基础资料 -> 物料清单
2026-04-23 09:27:37,753 - INFO - logger.py:104 - info - 校验目标物料行可见，点击编辑按钮
2026-04-23 09:27:39,359 - INFO - logger.py:104 - info - 开始校验编辑页各模块数据预填充
2026-04-23 09:27:44,593 - INFO - logger.py:104 - info - 关闭页面
2026-04-23 09:27:44,632 - INFO - logger.py:104 - info - 关闭浏览器上下文
2026-04-23 09:27:44,718 - INFO - logger.py:104 - info - 关闭浏览器
2026-04-23 09:27:45,152 - INFO - logger.py:104 - info - 测试执行完成: TestVerifyBomDataPrepopulation
2026-04-23 09:27:46,555 - ERROR - logger.py:112 - error - 生成Allure报告失败: Allure命令行工具未找到，请确保已安装并添加到系统PATH中
2026-04-23 09:27:46,556 - INFO - logger.py:104 - info - 测试执行完成，耗时: 28.53秒
2026-04-23 09:27:46,556 - INFO - logger.py:104 - info - 执行结果: 失败
