2026-04-21 10:07:58,929 - INFO - logger.py:96 - info - 开始执行测试
2026-04-21 10:07:58,929 - INFO - logger.py:96 - info - 使用单线程运行测试，避免Playwright Sync API在asyncio循环中的错误
2026-04-21 10:07:58,930 - INFO - logger.py:96 - info - Pytest执行参数: ['D:\\install\\auto_ui-master\\src\\testcase\\LD\\test\\test_1.py', '-p', 'no:xdist', '--tb=short', '--tb=short', '--timeout=180', '--alluredir', 'reports\\allure_report_20260421_100758']
2026-04-21 10:08:00,512 - INFO - logger.py:96 - info - 开始执行测试: TestCreateBOM
2026-04-21 10:08:00,522 - INFO - logger.py:96 - info - 启动浏览器: Chromium, 无头模式: False
2026-04-21 10:08:02,252 - INFO - logger.py:96 - info - ============================================================
2026-04-21 10:08:02,363 - INFO - logger.py:96 - info - 开始执行1
2026-04-21 10:08:02,371 - INFO - logger.py:96 - info - 用例ms的id：0
2026-04-21 10:08:02,386 - INFO - logger.py:96 - info - ============================================================
2026-04-21 10:08:02,391 - INFO - logger.py:96 - info - 完成系统登录
2026-04-21 10:08:02,396 - INFO - logger.py:96 - info - 开始登录 LD 项目...
2026-04-21 10:08:02,400 - INFO - logger.py:96 - info - 登录URL: https://test2.saas-test3.supcon.com:32188
2026-04-21 10:08:02,404 - INFO - logger.py:96 - info - 用户名: uitest
2026-04-21 10:08:14,888 - INFO - logger.py:96 - info - LD 项目登录成功！
2026-04-21 10:08:14,891 - INFO - logger.py:96 - info - 导航到物料清单页面
2026-04-21 10:08:16,051 - INFO - logger.py:96 - info - 点击新增按钮，打开创建物料清单弹窗
2026-04-21 10:08:17,131 - INFO - logger.py:96 - info - 验证创建弹窗基础区域显示正确
2026-04-21 10:08:17,153 - INFO - logger.py:96 - info - 打开产品选择弹窗并选中目标父项产品
2026-04-21 10:08:19,042 - INFO - logger.py:96 - info - 验证子项产品表格表头显示符合预期
2026-04-21 10:08:19,100 - INFO - logger.py:96 - info - 用例执行完成
2026-04-21 10:08:19,104 - INFO - logger.py:96 - info - 关闭页面
2026-04-21 10:08:19,141 - INFO - logger.py:96 - info - 关闭浏览器上下文
2026-04-21 10:08:19,194 - INFO - logger.py:96 - info - 关闭浏览器
2026-04-21 10:08:19,592 - INFO - logger.py:96 - info - 测试执行完成: TestCreateBOM
2026-04-21 10:08:20,287 - ERROR - logger.py:104 - error - 生成Allure报告失败: Allure命令行工具未找到，请确保已安装并添加到系统PATH中
2026-04-21 10:08:20,288 - INFO - logger.py:96 - info - 测试执行完成，耗时: 21.33秒
2026-04-21 10:08:20,288 - INFO - logger.py:96 - info - 执行结果: 成功
