2026-05-07 17:01:47,563 - INFO - logger.py:104 - info - 开始执行测试
2026-05-07 17:01:47,563 - INFO - logger.py:104 - info - 使用单线程运行测试，避免Playwright Sync API在asyncio循环中的错误
2026-05-07 17:01:47,564 - INFO - logger.py:104 - info - Pytest执行参数: ['D:\\install\\auto_ui-master\\src\\testcase\\LD\\customer_file\\test_mismatch_product.py', '-p', 'no:xdist', '--tb=short', '--tb=short', '--timeout=180', '--alluredir', 'reports\\allure_report_20260507_170147']
2026-05-07 17:01:49,074 - INFO - logger.py:104 - info - 开始执行测试: TestImportProductCodeExists
2026-05-07 17:01:49,086 - INFO - logger.py:104 - info - 启动浏览器: Chromium, 无头模式: False
2026-05-07 17:01:51,836 - INFO - logger.py:104 - info - ============================================================
2026-05-07 17:01:51,860 - INFO - logger.py:104 - info - 开始执行测试用例：mismatch_product
2026-05-07 17:01:51,883 - INFO - logger.py:104 - info - 用例ms的id：0
2026-05-07 17:01:51,907 - INFO - logger.py:104 - info - ============================================================
2026-05-07 17:01:51,918 - INFO - logger.py:104 - info - 测试文件: D:\install\auto_ui-master\src\data\LD\customer_file\验证3.xlsx
2026-05-07 17:01:51,927 - INFO - logger.py:104 - info - 完成系统登录
2026-05-07 17:01:51,932 - INFO - logger.py:104 - info - 开始登录 LD 项目...
2026-05-07 17:01:51,935 - INFO - logger.py:104 - info - 登录URL: https://test2.saas-test3.supcon.com:32188
2026-05-07 17:01:51,940 - INFO - logger.py:104 - info - 用户名: admin
2026-05-07 17:01:56,032 - INFO - logger.py:104 - info - 检查是否存在在线用户超限提示
2026-05-07 17:01:56,604 - INFO - logger.py:104 - info - 已自动点击在线用户提示的确定按钮
2026-05-07 17:02:02,629 - INFO - logger.py:104 - info - LD 项目登录成功！
2026-05-07 17:02:02,632 - INFO - logger.py:104 - info - 导航进入客户档案页面
2026-05-07 17:02:03,821 - INFO - logger.py:104 - info - 等待客户列表加载
2026-05-07 17:02:14,194 - INFO - logger.py:104 - info - 关闭页面
2026-05-07 17:02:14,231 - INFO - logger.py:104 - info - 关闭浏览器上下文
2026-05-07 17:02:14,290 - INFO - logger.py:104 - info - 关闭浏览器
2026-05-07 17:02:14,577 - INFO - logger.py:104 - info - 测试执行完成: TestImportProductCodeExists
2026-05-07 17:02:15,524 - ERROR - logger.py:112 - error - 生成Allure报告失败: Allure命令行工具未找到，请确保已安装并添加到系统PATH中
2026-05-07 17:02:15,525 - INFO - logger.py:104 - info - 测试执行完成，耗时: 27.94秒
2026-05-07 17:02:15,525 - INFO - logger.py:104 - info - 执行结果: 失败
