2026-05-09 13:04:23,124 - INFO - logger.py:104 - info - 开始执行测试
2026-05-09 13:04:23,125 - INFO - logger.py:104 - info - 使用单线程运行测试，避免Playwright Sync API在asyncio循环中的错误
2026-05-09 13:04:23,125 - INFO - logger.py:104 - info - Pytest执行参数: ['D:\\install\\auto_ui-master\\src\\testcase\\LD\\customer_file\\test_import_empty.py', '-p', 'no:xdist', '--tb=short', '--tb=short', '--timeout=180', '--alluredir', 'reports\\allure_report_20260509_130423']
2026-05-09 13:04:28,390 - INFO - logger.py:104 - info - 开始执行测试: TestImportEmpty
2026-05-09 13:04:28,414 - INFO - logger.py:104 - info - 启动浏览器: Chromium, 无头模式: False
2026-05-09 13:04:32,311 - INFO - logger.py:104 - info - ============================================================
2026-05-09 13:04:32,317 - INFO - logger.py:104 - info - 开始执行用例：import_empty
2026-05-09 13:04:32,320 - INFO - logger.py:104 - info - 用例ms ID：101271
2026-05-09 13:04:32,323 - INFO - logger.py:104 - info - ============================================================
2026-05-09 13:04:32,326 - INFO - logger.py:104 - info - 测试文件: D:\install\auto_ui-master\src\data\LD\customer_file\空表.xlsx
2026-05-09 13:04:32,330 - INFO - logger.py:104 - info - 调用公用登录方法登录系统
2026-05-09 13:04:32,333 - INFO - logger.py:104 - info - 开始登录 LD 项目...
2026-05-09 13:04:32,336 - INFO - logger.py:104 - info - 登录URL: https://test2.saas-test3.supcon.com:32188
2026-05-09 13:04:32,338 - INFO - logger.py:104 - info - 用户名: admin
2026-05-09 13:04:36,123 - INFO - logger.py:104 - info - 检查是否存在在线用户超限提示
2026-05-09 13:04:36,697 - INFO - logger.py:104 - info - 已自动点击在线用户提示的确定按钮
2026-05-09 13:04:42,746 - INFO - logger.py:104 - info - LD 项目登录成功！
2026-05-09 13:04:42,749 - INFO - logger.py:104 - info - 进入客户档案页面
2026-05-09 13:04:44,005 - INFO - logger.py:104 - info - 定位客户资料页面
2026-05-09 13:04:44,008 - INFO - logger.py:104 - info - 点击第一个客户数据行，激活客户产品映射页面
2026-05-09 13:05:15,059 - INFO - logger.py:104 - info - 关闭页面
2026-05-09 13:05:15,084 - INFO - logger.py:104 - info - 关闭浏览器上下文
2026-05-09 13:05:15,144 - INFO - logger.py:104 - info - 关闭浏览器
2026-05-09 13:05:15,452 - INFO - logger.py:104 - info - 测试执行完成: TestImportEmpty
2026-05-09 13:05:16,195 - ERROR - logger.py:112 - error - 生成Allure报告失败: Allure命令行工具未找到，请确保已安装并添加到系统PATH中
2026-05-09 13:05:16,196 - INFO - logger.py:104 - info - 测试执行完成，耗时: 53.04秒
2026-05-09 13:05:16,196 - INFO - logger.py:104 - info - 执行结果: 失败
