2026-04-28 09:24:20,034 - INFO - logger.py:104 - info - 开始执行测试
2026-04-28 09:24:20,034 - INFO - logger.py:104 - info - 使用单线程运行测试，避免Playwright Sync API在asyncio循环中的错误
2026-04-28 09:24:20,035 - INFO - logger.py:104 - info - Pytest执行参数: ['D:\\install\\auto_ui-master\\src\\testcase\\LD\\base_information\\test_verify_name_rejected.py', '-p', 'no:xdist', '--tb=short', '--tb=short', '--timeout=180', '--alluredir', 'reports\\allure_report_20260428_092420']
2026-04-28 09:24:21,603 - INFO - logger.py:104 - info - 开始执行测试: TestVerifyProdLineNameRejected
2026-04-28 09:24:21,612 - INFO - logger.py:104 - info - 启动浏览器: Chromium, 无头模式: False
2026-04-28 09:24:24,270 - INFO - logger.py:104 - info - ============================================================
2026-04-28 09:24:24,294 - INFO - logger.py:104 - info - 开始执行用例：verify_name_rejected
2026-04-28 09:24:24,298 - INFO - logger.py:104 - info - 用例ms ID：0
2026-04-28 09:24:24,301 - INFO - logger.py:104 - info - ============================================================
2026-04-28 09:24:24,304 - INFO - logger.py:104 - info - 执行公用登录
2026-04-28 09:24:24,308 - INFO - logger.py:104 - info - 开始登录 LD 项目...
2026-04-28 09:24:24,314 - INFO - logger.py:104 - info - 登录URL: https://test2.saas-test3.supcon.com:32188
2026-04-28 09:24:24,321 - INFO - logger.py:104 - info - 用户名: admin
2026-04-28 09:24:28,332 - INFO - logger.py:104 - info - 检查是否存在在线用户超限提示
2026-04-28 09:24:28,888 - INFO - logger.py:104 - info - 已自动点击在线用户提示的确定按钮
2026-04-28 09:24:34,909 - INFO - logger.py:104 - info - LD 项目登录成功！
2026-04-28 09:24:34,911 - INFO - logger.py:104 - info - 导航到产线设置页面
2026-04-28 09:24:36,683 - INFO - logger.py:104 - info - 打开新增产线弹窗
2026-04-28 09:24:37,450 - INFO - logger.py:104 - info - 填充产线基本信息
2026-04-28 09:24:38,520 - INFO - logger.py:104 - info - 选择关联设备
2026-04-28 09:24:40,991 - INFO - logger.py:104 - info - 选择关联部门
2026-04-28 09:24:42,691 - INFO - logger.py:104 - info - 提交表单，验证产线名称重复校验逻辑
2026-04-28 09:24:43,273 - INFO - logger.py:104 - info - 成功捕获'产线名称重复！'提示，校验通过
2026-04-28 09:24:43,276 - INFO - logger.py:104 - info - 关闭新增产线弹窗
2026-04-28 09:24:43,848 - INFO - logger.py:104 - info - 用例verify_name_rejected执行完成
2026-04-28 09:24:43,853 - INFO - logger.py:104 - info - 关闭页面
2026-04-28 09:24:43,869 - INFO - logger.py:104 - info - 关闭浏览器上下文
2026-04-28 09:24:43,911 - INFO - logger.py:104 - info - 关闭浏览器
2026-04-28 09:24:44,223 - INFO - logger.py:104 - info - 测试执行完成: TestVerifyProdLineNameRejected
2026-04-28 09:24:45,143 - ERROR - logger.py:112 - error - 生成Allure报告失败: Allure命令行工具未找到，请确保已安装并添加到系统PATH中
2026-04-28 09:24:45,144 - INFO - logger.py:104 - info - 测试执行完成，耗时: 25.09秒
2026-04-28 09:24:45,145 - INFO - logger.py:104 - info - 执行结果: 成功
