2026-05-11 08:57:30,308 - INFO - logger.py:104 - info - 开始执行测试
2026-05-11 08:57:30,309 - INFO - logger.py:104 - info - 使用单线程运行测试，避免Playwright Sync API在asyncio循环中的错误
2026-05-11 08:57:30,309 - INFO - logger.py:104 - info - Pytest执行参数: ['D:\\install\\auto_ui-master\\src\\testcase\\LD\\customer_file', '-p', 'no:xdist', '--tb=short', '--tb=short', '--timeout=180', '--alluredir', 'reports\\allure_report_20260511_085730']
2026-05-11 08:57:32,417 - INFO - logger.py:104 - info - 开始执行测试: TestImportProductCodeExists
2026-05-11 08:57:32,426 - INFO - logger.py:104 - info - 启动浏览器: Chromium, 无头模式: False
2026-05-11 08:57:35,676 - INFO - logger.py:104 - info - ============================================================
2026-05-11 08:57:36,931 - INFO - logger.py:104 - info - 开始执行测试用例：import_create_product
2026-05-11 08:57:36,938 - INFO - logger.py:104 - info - 用例ms的id：101240
2026-05-11 08:57:36,943 - INFO - logger.py:104 - info - ============================================================
2026-05-11 08:57:36,951 - INFO - logger.py:104 - info - 测试文件: D:\install\auto_ui-master\src\data\LD\customer_file\101240测试文件.xlsx
2026-05-11 08:57:36,961 - INFO - logger.py:104 - info - 完成系统登录
2026-05-11 08:57:36,968 - INFO - logger.py:104 - info - 开始登录 LD 项目...
2026-05-11 08:57:36,975 - INFO - logger.py:104 - info - 登录URL: https://test2.saas-test3.supcon.com:32188
2026-05-11 08:57:36,980 - INFO - logger.py:104 - info - 用户名: admin
2026-05-11 08:57:41,213 - INFO - logger.py:104 - info - 检查是否存在在线用户超限提示
2026-05-11 08:57:41,768 - INFO - logger.py:104 - info - 已自动点击在线用户提示的确定按钮
2026-05-11 08:57:47,792 - INFO - logger.py:104 - info - LD 项目登录成功！
2026-05-11 08:57:47,795 - INFO - logger.py:104 - info - 导航进入客户档案页面
2026-05-11 08:57:49,014 - INFO - logger.py:104 - info - 定位客户资料页面
2026-05-11 08:57:49,015 - INFO - logger.py:104 - info - 点击客户资料页面的导入按钮
2026-05-11 08:57:50,070 - INFO - logger.py:104 - info - 等待导入弹窗出现
2026-05-11 08:57:50,086 - INFO - logger.py:104 - info - 上传导入文件，确认导入
2026-05-11 08:57:51,217 - INFO - logger.py:104 - info - 等待导入完成
2026-05-11 08:57:54,246 - INFO - logger.py:104 - info - 关闭弹窗，用例执行完成
2026-05-11 08:57:54,799 - INFO - logger.py:104 - info - 测试用例import_create_product执行完成
2026-05-11 08:57:54,805 - INFO - logger.py:104 - info - 关闭页面
2026-05-11 08:57:54,825 - INFO - logger.py:104 - info - 关闭浏览器上下文
2026-05-11 08:57:54,891 - INFO - logger.py:104 - info - 关闭浏览器
2026-05-11 08:57:55,252 - INFO - logger.py:104 - info - 测试执行完成: TestImportProductCodeExists
2026-05-11 08:57:55,278 - INFO - logger.py:104 - info - 开始执行测试: TestImportEmpty
2026-05-11 08:57:55,281 - INFO - logger.py:104 - info - 启动浏览器: Chromium, 无头模式: False
2026-05-11 08:57:58,819 - INFO - logger.py:104 - info - ============================================================
2026-05-11 08:57:58,830 - INFO - logger.py:104 - info - 开始执行用例：import_empty
2026-05-11 08:57:58,833 - INFO - logger.py:104 - info - 用例ms ID：101271
2026-05-11 08:57:58,836 - INFO - logger.py:104 - info - ============================================================
2026-05-11 08:57:58,839 - INFO - logger.py:104 - info - 测试文件: D:\install\auto_ui-master\src\data\LD\customer_file\空表.xlsx
2026-05-11 08:57:58,843 - INFO - logger.py:104 - info - 调用公用登录方法登录系统
2026-05-11 08:57:58,845 - INFO - logger.py:104 - info - 开始登录 LD 项目...
2026-05-11 08:57:58,849 - INFO - logger.py:104 - info - 登录URL: https://test2.saas-test3.supcon.com:32188
2026-05-11 08:57:58,852 - INFO - logger.py:104 - info - 用户名: admin
2026-05-11 08:58:02,747 - INFO - logger.py:104 - info - 检查是否存在在线用户超限提示
2026-05-11 08:58:03,299 - INFO - logger.py:104 - info - 已自动点击在线用户提示的确定按钮
2026-05-11 08:58:09,321 - INFO - logger.py:104 - info - LD 项目登录成功！
2026-05-11 08:58:09,323 - INFO - logger.py:104 - info - 进入客户档案页面
2026-05-11 08:58:10,514 - INFO - logger.py:104 - info - 定位客户资料页面
2026-05-11 08:58:10,517 - INFO - logger.py:104 - info - 定位第一个客户数据行
2026-05-11 08:58:10,519 - INFO - logger.py:104 - info - 点击第一个客户数据行，激活客户产品映射页面
2026-05-11 08:58:11,743 - INFO - logger.py:104 - info - 等待客户行选中状态
2026-05-11 08:58:11,757 - INFO - logger.py:104 - info - 定位客户产品映射区域的导入按钮
2026-05-11 08:58:11,759 - INFO - logger.py:104 - info - 等待导入按钮可用
2026-05-11 08:58:11,770 - INFO - logger.py:104 - info - 点击导入按钮
2026-05-11 08:58:12,301 - INFO - logger.py:104 - info - 上传导入文件，确认导入
2026-05-11 08:58:13,404 - INFO - logger.py:104 - info - 等待导入完成
2026-05-11 08:58:16,430 - INFO - logger.py:104 - info - 关闭弹窗，用例执行完成
2026-05-11 08:58:16,973 - INFO - logger.py:104 - info - 关闭页面
2026-05-11 08:58:16,988 - INFO - logger.py:104 - info - 关闭浏览器上下文
2026-05-11 08:58:17,044 - INFO - logger.py:104 - info - 关闭浏览器
2026-05-11 08:58:17,373 - INFO - logger.py:104 - info - 测试执行完成: TestImportEmpty
2026-05-11 08:58:17,400 - INFO - logger.py:104 - info - 开始执行测试: TestImportProductCodeExists
2026-05-11 08:58:17,403 - INFO - logger.py:104 - info - 启动浏览器: Chromium, 无头模式: False
2026-05-11 08:58:21,103 - INFO - logger.py:104 - info - ============================================================
2026-05-11 08:58:21,119 - INFO - logger.py:104 - info - 开始执行测试用例：import_miss_productfile
2026-05-11 08:58:21,122 - INFO - logger.py:104 - info - 用例ms的id：0
2026-05-11 08:58:21,124 - INFO - logger.py:104 - info - ============================================================
2026-05-11 08:58:21,127 - INFO - logger.py:104 - info - 测试文件: D:\install\auto_ui-master\src\data\LD\customer_file\101232测试文件.xlsx
2026-05-11 08:58:21,130 - INFO - logger.py:104 - info - 完成系统登录
2026-05-11 08:58:21,133 - INFO - logger.py:104 - info - 开始登录 LD 项目...
2026-05-11 08:58:21,136 - INFO - logger.py:104 - info - 登录URL: https://test2.saas-test3.supcon.com:32188
2026-05-11 08:58:21,140 - INFO - logger.py:104 - info - 用户名: admin
2026-05-11 08:58:25,211 - INFO - logger.py:104 - info - 检查是否存在在线用户超限提示
2026-05-11 08:58:25,781 - INFO - logger.py:104 - info - 已自动点击在线用户提示的确定按钮
2026-05-11 08:58:31,807 - INFO - logger.py:104 - info - LD 项目登录成功！
2026-05-11 08:58:31,810 - INFO - logger.py:104 - info - 导航进入客户档案页面
2026-05-11 08:58:32,992 - INFO - logger.py:104 - info - 定位客户资料页面
2026-05-11 08:58:32,995 - INFO - logger.py:104 - info - 定位第一个客户数据行
2026-05-11 08:58:32,999 - INFO - logger.py:104 - info - 点击第一个客户数据行，激活客户产品映射页面
2026-05-11 08:58:34,287 - INFO - logger.py:104 - info - 等待客户行选中状态
2026-05-11 08:58:34,306 - INFO - logger.py:104 - info - 定位客户产品映射区域的导入按钮
2026-05-11 08:58:34,308 - INFO - logger.py:104 - info - 等待导入按钮可用
2026-05-11 08:58:34,319 - INFO - logger.py:104 - info - 点击导入按钮
2026-05-11 08:58:34,849 - INFO - logger.py:104 - info - 上传导入文件，确认导入
2026-05-11 08:58:35,944 - INFO - logger.py:104 - info - 等待导入完成
2026-05-11 08:58:38,974 - INFO - logger.py:104 - info - 关闭弹窗，用例执行完成
2026-05-11 08:58:39,524 - INFO - logger.py:104 - info - 测试用例import_miss_productfile执行完成
2026-05-11 08:58:39,529 - INFO - logger.py:104 - info - 关闭页面
2026-05-11 08:58:39,549 - INFO - logger.py:104 - info - 关闭浏览器上下文
2026-05-11 08:58:39,600 - INFO - logger.py:104 - info - 关闭浏览器
2026-05-11 08:58:40,017 - INFO - logger.py:104 - info - 测试执行完成: TestImportProductCodeExists
2026-05-11 08:58:40,084 - INFO - logger.py:104 - info - 开始执行测试: TestImportProductCodeExists
2026-05-11 08:58:40,088 - INFO - logger.py:104 - info - 启动浏览器: Chromium, 无头模式: False
2026-05-11 08:58:43,717 - INFO - logger.py:104 - info - ============================================================
2026-05-11 08:58:43,728 - INFO - logger.py:104 - info - 开始执行测试用例：import_product_code_exists
2026-05-11 08:58:43,732 - INFO - logger.py:104 - info - 用例ms的id：101257
2026-05-11 08:58:43,738 - INFO - logger.py:104 - info - ============================================================
2026-05-11 08:58:43,743 - INFO - logger.py:104 - info - 测试文件: D:\install\auto_ui-master\src\data\LD\customer_file\11产品映射表.xlsx
2026-05-11 08:58:43,747 - INFO - logger.py:104 - info - 完成系统登录
2026-05-11 08:58:43,750 - INFO - logger.py:104 - info - 开始登录 LD 项目...
2026-05-11 08:58:43,759 - INFO - logger.py:104 - info - 登录URL: https://test2.saas-test3.supcon.com:32188
2026-05-11 08:58:43,766 - INFO - logger.py:104 - info - 用户名: admin
2026-05-11 08:58:47,780 - INFO - logger.py:104 - info - 检查是否存在在线用户超限提示
2026-05-11 08:58:48,334 - INFO - logger.py:104 - info - 已自动点击在线用户提示的确定按钮
2026-05-11 08:58:54,361 - INFO - logger.py:104 - info - LD 项目登录成功！
2026-05-11 08:58:54,364 - INFO - logger.py:104 - info - 导航进入客户档案页面
2026-05-11 08:58:55,569 - INFO - logger.py:104 - info - 定位客户资料页面
2026-05-11 08:58:55,572 - INFO - logger.py:104 - info - 定位第一个客户数据行
2026-05-11 08:58:55,574 - INFO - logger.py:104 - info - 点击第一个客户数据行，激活客户产品映射页面
2026-05-11 08:58:56,706 - INFO - logger.py:104 - info - 等待客户行选中状态
2026-05-11 08:58:56,718 - INFO - logger.py:104 - info - 定位客户产品映射区域的导入按钮
2026-05-11 08:58:56,719 - INFO - logger.py:104 - info - 等待导入按钮可用
2026-05-11 08:58:56,730 - INFO - logger.py:104 - info - 点击导入按钮
2026-05-11 08:58:57,266 - INFO - logger.py:104 - info - 上传导入文件，确认导入
2026-05-11 08:58:58,373 - INFO - logger.py:104 - info - 等待导入完成
2026-05-11 08:59:01,402 - INFO - logger.py:104 - info - 关闭弹窗，用例执行完成
2026-05-11 08:59:01,968 - INFO - logger.py:104 - info - 测试用例import_product_code_exists执行完成
2026-05-11 08:59:01,972 - INFO - logger.py:104 - info - 关闭页面
2026-05-11 08:59:01,990 - INFO - logger.py:104 - info - 关闭浏览器上下文
2026-05-11 08:59:02,063 - INFO - logger.py:104 - info - 关闭浏览器
2026-05-11 08:59:02,485 - INFO - logger.py:104 - info - 测试执行完成: TestImportProductCodeExists
2026-05-11 08:59:02,512 - INFO - logger.py:104 - info - 开始执行测试: TestImportProductCodeExists
2026-05-11 08:59:02,517 - INFO - logger.py:104 - info - 启动浏览器: Chromium, 无头模式: False
2026-05-11 08:59:06,273 - INFO - logger.py:104 - info - ============================================================
2026-05-11 08:59:06,289 - INFO - logger.py:104 - info - 开始执行测试用例：import_product_code_noexists
2026-05-11 08:59:06,292 - INFO - logger.py:104 - info - 用例ms的id：101246
2026-05-11 08:59:06,295 - INFO - logger.py:104 - info - ============================================================
2026-05-11 08:59:06,298 - INFO - logger.py:104 - info - 测试文件: D:\install\auto_ui-master\src\data\LD\customer_file\101246测试文件.xlsx
2026-05-11 08:59:06,301 - INFO - logger.py:104 - info - 完成系统登录
2026-05-11 08:59:06,305 - INFO - logger.py:104 - info - 开始登录 LD 项目...
2026-05-11 08:59:06,311 - INFO - logger.py:104 - info - 登录URL: https://test2.saas-test3.supcon.com:32188
2026-05-11 08:59:06,316 - INFO - logger.py:104 - info - 用户名: admin
2026-05-11 08:59:10,358 - INFO - logger.py:104 - info - 检查是否存在在线用户超限提示
2026-05-11 08:59:10,915 - INFO - logger.py:104 - info - 已自动点击在线用户提示的确定按钮
2026-05-11 08:59:16,937 - INFO - logger.py:104 - info - LD 项目登录成功！
2026-05-11 08:59:16,940 - INFO - logger.py:104 - info - 导航进入客户档案页面
2026-05-11 08:59:18,120 - INFO - logger.py:104 - info - 定位客户资料页面
2026-05-11 08:59:18,123 - INFO - logger.py:104 - info - 定位第一个客户数据行
2026-05-11 08:59:18,126 - INFO - logger.py:104 - info - 点击第一个客户数据行，激活客户产品映射页面
2026-05-11 08:59:19,367 - INFO - logger.py:104 - info - 等待客户行选中状态
2026-05-11 08:59:19,379 - INFO - logger.py:104 - info - 定位客户产品映射区域的导入按钮
2026-05-11 08:59:19,380 - INFO - logger.py:104 - info - 等待导入按钮可用
2026-05-11 08:59:19,391 - INFO - logger.py:104 - info - 点击导入按钮
2026-05-11 08:59:19,945 - INFO - logger.py:104 - info - 上传导入文件，确认导入
2026-05-11 08:59:21,055 - INFO - logger.py:104 - info - 等待导入完成
2026-05-11 08:59:24,092 - INFO - logger.py:104 - info - 关闭弹窗，用例执行完成
2026-05-11 08:59:24,645 - INFO - logger.py:104 - info - 测试用例import_product_code_noexists执行完成
2026-05-11 08:59:24,717 - INFO - logger.py:104 - info - 关闭页面
2026-05-11 08:59:24,737 - INFO - logger.py:104 - info - 关闭浏览器上下文
2026-05-11 08:59:24,799 - INFO - logger.py:104 - info - 关闭浏览器
2026-05-11 08:59:25,173 - INFO - logger.py:104 - info - 测试执行完成: TestImportProductCodeExists
2026-05-11 08:59:25,201 - INFO - logger.py:104 - info - 开始执行测试: TestImportProductCodeExists
2026-05-11 08:59:25,204 - INFO - logger.py:104 - info - 启动浏览器: Chromium, 无头模式: False
2026-05-11 08:59:29,298 - INFO - logger.py:104 - info - ============================================================
2026-05-11 08:59:29,314 - INFO - logger.py:104 - info - 开始执行测试用例：mismatch_productname
2026-05-11 08:59:29,318 - INFO - logger.py:104 - info - 用例ms的id：101268
2026-05-11 08:59:29,331 - INFO - logger.py:104 - info - ============================================================
2026-05-11 08:59:29,342 - INFO - logger.py:104 - info - 测试文件: D:\install\auto_ui-master\src\data\LD\customer_file\101268测试文件.xlsx
2026-05-11 08:59:29,365 - INFO - logger.py:104 - info - 完成系统登录
2026-05-11 08:59:29,374 - INFO - logger.py:104 - info - 开始登录 LD 项目...
2026-05-11 08:59:29,380 - INFO - logger.py:104 - info - 登录URL: https://test2.saas-test3.supcon.com:32188
2026-05-11 08:59:29,385 - INFO - logger.py:104 - info - 用户名: admin
2026-05-11 08:59:33,376 - INFO - logger.py:104 - info - 检查是否存在在线用户超限提示
2026-05-11 08:59:33,932 - INFO - logger.py:104 - info - 已自动点击在线用户提示的确定按钮
2026-05-11 08:59:39,959 - INFO - logger.py:104 - info - LD 项目登录成功！
2026-05-11 08:59:39,963 - INFO - logger.py:104 - info - 导航进入客户档案页面
2026-05-11 08:59:41,173 - INFO - logger.py:104 - info - 定位客户资料页面
2026-05-11 08:59:41,175 - INFO - logger.py:104 - info - 定位第一个客户数据行
2026-05-11 08:59:41,177 - INFO - logger.py:104 - info - 点击第一个客户数据行，激活客户产品映射页面
2026-05-11 08:59:42,207 - INFO - logger.py:104 - info - 等待客户行选中状态
2026-05-11 08:59:42,220 - INFO - logger.py:104 - info - 定位客户产品映射区域的导入按钮
2026-05-11 08:59:42,222 - INFO - logger.py:104 - info - 等待导入按钮可用
2026-05-11 08:59:42,235 - INFO - logger.py:104 - info - 点击导入按钮
2026-05-11 08:59:42,782 - INFO - logger.py:104 - info - 上传导入文件，确认导入
2026-05-11 08:59:43,882 - INFO - logger.py:104 - info - 等待导入完成
2026-05-11 08:59:46,914 - INFO - logger.py:104 - info - 关闭弹窗，用例执行完成
2026-05-11 08:59:47,451 - INFO - logger.py:104 - info - 测试用例mismatch_productname执行完成
2026-05-11 08:59:47,455 - INFO - logger.py:104 - info - 关闭页面
2026-05-11 08:59:47,473 - INFO - logger.py:104 - info - 关闭浏览器上下文
2026-05-11 08:59:47,540 - INFO - logger.py:104 - info - 关闭浏览器
2026-05-11 08:59:47,966 - INFO - logger.py:104 - info - 测试执行完成: TestImportProductCodeExists
2026-05-11 08:59:47,992 - INFO - logger.py:104 - info - 开始执行测试: TestImportProductCodeExists
2026-05-11 08:59:47,996 - INFO - logger.py:104 - info - 启动浏览器: Chromium, 无头模式: False
2026-05-11 08:59:52,158 - INFO - logger.py:104 - info - ============================================================
2026-05-11 08:59:52,161 - INFO - logger.py:104 - info - 开始执行测试用例：noexists_code_create
2026-05-11 08:59:52,164 - INFO - logger.py:104 - info - 用例ms的id：101237
2026-05-11 08:59:52,167 - INFO - logger.py:104 - info - ============================================================
2026-05-11 08:59:52,172 - INFO - logger.py:104 - info - 测试文件: D:\install\auto_ui-master\src\data\LD\customer_file\101237测试文件.xlsx
2026-05-11 08:59:52,175 - INFO - logger.py:104 - info - 完成系统登录
2026-05-11 08:59:52,181 - INFO - logger.py:104 - info - 开始登录 LD 项目...
2026-05-11 08:59:52,185 - INFO - logger.py:104 - info - 登录URL: https://test2.saas-test3.supcon.com:32188
2026-05-11 08:59:52,192 - INFO - logger.py:104 - info - 用户名: admin
2026-05-11 08:59:56,193 - INFO - logger.py:104 - info - 检查是否存在在线用户超限提示
2026-05-11 08:59:56,755 - INFO - logger.py:104 - info - 已自动点击在线用户提示的确定按钮
2026-05-11 09:00:02,782 - INFO - logger.py:104 - info - LD 项目登录成功！
2026-05-11 09:00:02,788 - INFO - logger.py:104 - info - 导航进入客户档案页面
2026-05-11 09:00:04,089 - INFO - logger.py:104 - info - 定位客户资料页面
2026-05-11 09:00:04,092 - INFO - logger.py:104 - info - 定位第一个客户数据行
2026-05-11 09:00:04,094 - INFO - logger.py:104 - info - 点击第一个客户数据行，激活客户产品映射页面
2026-05-11 09:00:05,778 - INFO - logger.py:104 - info - 等待客户行选中状态
2026-05-11 09:00:05,806 - INFO - logger.py:104 - info - 定位客户产品映射区域的导入按钮
2026-05-11 09:00:05,808 - INFO - logger.py:104 - info - 等待导入按钮可用
2026-05-11 09:00:05,842 - INFO - logger.py:104 - info - 点击导入按钮
2026-05-11 09:00:06,406 - INFO - logger.py:104 - info - 上传导入文件，确认导入
2026-05-11 09:00:07,629 - INFO - logger.py:104 - info - 等待导入完成
2026-05-11 09:00:10,660 - INFO - logger.py:104 - info - 关闭弹窗，用例执行完成
2026-05-11 09:00:11,266 - INFO - logger.py:104 - info - 测试用例noexists_code_create执行完成
2026-05-11 09:00:11,272 - INFO - logger.py:104 - info - 关闭页面
2026-05-11 09:00:11,302 - INFO - logger.py:104 - info - 关闭浏览器上下文
2026-05-11 09:00:11,366 - INFO - logger.py:104 - info - 关闭浏览器
2026-05-11 09:00:11,925 - INFO - logger.py:104 - info - 测试执行完成: TestImportProductCodeExists
2026-05-11 09:00:11,975 - INFO - logger.py:104 - info - 开始执行测试: TestImportProductCodeExists
2026-05-11 09:00:11,978 - INFO - logger.py:104 - info - 启动浏览器: Chromium, 无头模式: False
2026-05-11 09:00:15,660 - INFO - logger.py:104 - info - ============================================================
2026-05-11 09:00:15,665 - INFO - logger.py:104 - info - 开始执行测试用例：noexists_code_defeat
2026-05-11 09:00:15,668 - INFO - logger.py:104 - info - 用例ms的id：101231
2026-05-11 09:00:15,673 - INFO - logger.py:104 - info - ============================================================
2026-05-11 09:00:15,677 - INFO - logger.py:104 - info - 测试文件: D:\install\auto_ui-master\src\data\LD\customer_file\101231测试文件.xlsx
2026-05-11 09:00:15,680 - INFO - logger.py:104 - info - 完成系统登录
2026-05-11 09:00:15,683 - INFO - logger.py:104 - info - 开始登录 LD 项目...
2026-05-11 09:00:15,685 - INFO - logger.py:104 - info - 登录URL: https://test2.saas-test3.supcon.com:32188
2026-05-11 09:00:15,688 - INFO - logger.py:104 - info - 用户名: admin
2026-05-11 09:00:19,614 - INFO - logger.py:104 - info - 检查是否存在在线用户超限提示
2026-05-11 09:00:20,177 - INFO - logger.py:104 - info - 已自动点击在线用户提示的确定按钮
2026-05-11 09:00:26,211 - INFO - logger.py:104 - info - LD 项目登录成功！
2026-05-11 09:00:26,215 - INFO - logger.py:104 - info - 导航进入客户档案页面
2026-05-11 09:00:27,357 - INFO - logger.py:104 - info - 定位客户资料页面
2026-05-11 09:00:27,360 - INFO - logger.py:104 - info - 定位第一个客户数据行
2026-05-11 09:00:27,364 - INFO - logger.py:104 - info - 点击第一个客户数据行，激活客户产品映射页面
2026-05-11 09:00:28,945 - INFO - logger.py:104 - info - 等待客户行选中状态
2026-05-11 09:00:28,961 - INFO - logger.py:104 - info - 定位客户产品映射区域的导入按钮
2026-05-11 09:00:28,964 - INFO - logger.py:104 - info - 等待导入按钮可用
2026-05-11 09:00:28,975 - INFO - logger.py:104 - info - 点击导入按钮
2026-05-11 09:00:29,584 - INFO - logger.py:104 - info - 上传导入文件，确认导入
2026-05-11 09:00:30,713 - INFO - logger.py:104 - info - 等待导入完成
2026-05-11 09:00:33,742 - INFO - logger.py:104 - info - 关闭弹窗，用例执行完成
2026-05-11 09:00:34,293 - INFO - logger.py:104 - info - 测试用例noexists_code_defeat执行完成
2026-05-11 09:00:34,298 - INFO - logger.py:104 - info - 关闭页面
2026-05-11 09:00:34,314 - INFO - logger.py:104 - info - 关闭浏览器上下文
2026-05-11 09:00:34,359 - INFO - logger.py:104 - info - 关闭浏览器
2026-05-11 09:00:34,716 - INFO - logger.py:104 - info - 测试执行完成: TestImportProductCodeExists
2026-05-11 09:00:34,742 - INFO - logger.py:104 - info - 开始执行测试: TestCustomerFormCheck
2026-05-11 09:00:34,746 - INFO - logger.py:104 - info - 启动浏览器: Chromium, 无头模式: False
2026-05-11 09:00:37,784 - INFO - logger.py:104 - info - ============================================================
2026-05-11 09:00:37,803 - INFO - logger.py:104 - info - 开始执行用例：table_properties
2026-05-11 09:00:37,805 - INFO - logger.py:104 - info - 用例ms的id：101250
2026-05-11 09:00:37,808 - INFO - logger.py:104 - info - ============================================================
2026-05-11 09:00:37,810 - INFO - logger.py:104 - info - 调用公用登录方法完成登录
2026-05-11 09:00:37,812 - INFO - logger.py:104 - info - 开始登录 LD 项目...
2026-05-11 09:00:37,815 - INFO - logger.py:104 - info - 登录URL: https://test2.saas-test3.supcon.com:32188
2026-05-11 09:00:37,817 - INFO - logger.py:104 - info - 用户名: admin
2026-05-11 09:00:41,492 - INFO - logger.py:104 - info - 检查是否存在在线用户超限提示
2026-05-11 09:00:42,068 - INFO - logger.py:104 - info - 已自动点击在线用户提示的确定按钮
2026-05-11 09:00:48,094 - INFO - logger.py:104 - info - LD 项目登录成功！
2026-05-11 09:00:48,102 - INFO - logger.py:104 - info - 导航进入客户档案模块
2026-05-11 09:00:49,293 - INFO - logger.py:104 - info - 点击新增按钮，打开创建客户弹窗
2026-05-11 09:00:50,652 - INFO - logger.py:104 - info - 开始断言表单所有字段展示正确
2026-05-11 09:00:50,966 - INFO - logger.py:104 - info - 所有字段断言完成，关闭创建客户弹窗
2026-05-11 09:00:51,542 - INFO - logger.py:104 - info - 用例table_properties执行完成
2026-05-11 09:00:51,547 - INFO - logger.py:104 - info - 关闭页面
2026-05-11 09:00:51,565 - INFO - logger.py:104 - info - 关闭浏览器上下文
2026-05-11 09:00:51,619 - INFO - logger.py:104 - info - 关闭浏览器
2026-05-11 09:00:51,951 - INFO - logger.py:104 - info - 测试执行完成: TestCustomerFormCheck
2026-05-11 09:00:51,967 - INFO - logger.py:104 - info - 开始执行测试: TestVerifyDelete
2026-05-11 09:00:51,969 - INFO - logger.py:104 - info - 启动浏览器: Chromium, 无头模式: False
2026-05-11 09:00:55,508 - INFO - logger.py:104 - info - ============================================================
2026-05-11 09:00:55,526 - INFO - logger.py:104 - info - 开始执行用例：verify_delete
2026-05-11 09:00:55,529 - INFO - logger.py:104 - info - 用例ms的id：101263
2026-05-11 09:00:55,532 - INFO - logger.py:104 - info - ============================================================
2026-05-11 09:00:55,535 - INFO - logger.py:104 - info - 执行系统登录
2026-05-11 09:00:55,538 - INFO - logger.py:104 - info - 开始登录 LD 项目...
2026-05-11 09:00:55,542 - INFO - logger.py:104 - info - 登录URL: https://test2.saas-test3.supcon.com:32188
2026-05-11 09:00:55,544 - INFO - logger.py:104 - info - 用户名: admin
2026-05-11 09:00:59,444 - INFO - logger.py:104 - info - 检查是否存在在线用户超限提示
2026-05-11 09:01:00,016 - INFO - logger.py:104 - info - 已自动点击在线用户提示的确定按钮
2026-05-11 09:01:06,105 - INFO - logger.py:104 - info - LD 项目登录成功！
2026-05-11 09:01:06,109 - INFO - logger.py:104 - info - 进入客户档案模块
2026-05-11 09:01:07,251 - INFO - logger.py:104 - info - 执行删除目标客商操作，验证提示信息
2026-05-11 09:01:09,464 - INFO - logger.py:104 - info - 验证完成：正确弹出「客商已启用，不可删除！」提示
2026-05-11 09:01:09,495 - INFO - logger.py:104 - info - 用例verify_delete执行完毕
2026-05-11 09:01:09,500 - INFO - logger.py:104 - info - 关闭页面
2026-05-11 09:01:09,520 - INFO - logger.py:104 - info - 关闭浏览器上下文
2026-05-11 09:01:09,563 - INFO - logger.py:104 - info - 关闭浏览器
2026-05-11 09:01:09,896 - INFO - logger.py:104 - info - 测试执行完成: TestVerifyDelete
2026-05-11 09:01:09,918 - INFO - logger.py:104 - info - 开始执行测试: TestVerifyEditButton
2026-05-11 09:01:09,921 - INFO - logger.py:104 - info - 启动浏览器: Chromium, 无头模式: False
2026-05-11 09:01:13,199 - INFO - logger.py:104 - info - ============================================================
2026-05-11 09:01:13,210 - INFO - logger.py:104 - info - 开始执行用例：verify_edit_button
2026-05-11 09:01:13,213 - INFO - logger.py:104 - info - 用例ms的id：101252
2026-05-11 09:01:13,216 - INFO - logger.py:104 - info - ============================================================
2026-05-11 09:01:13,218 - INFO - logger.py:104 - info - 执行系统登录
2026-05-11 09:01:13,221 - INFO - logger.py:104 - info - 开始登录 LD 项目...
2026-05-11 09:01:13,223 - INFO - logger.py:104 - info - 登录URL: https://test2.saas-test3.supcon.com:32188
2026-05-11 09:01:13,227 - INFO - logger.py:104 - info - 用户名: admin
2026-05-11 09:01:16,831 - INFO - logger.py:104 - info - 检查是否存在在线用户超限提示
2026-05-11 09:01:17,409 - INFO - logger.py:104 - info - 已自动点击在线用户提示的确定按钮
2026-05-11 09:01:23,436 - INFO - logger.py:104 - info - LD 项目登录成功！
2026-05-11 09:01:23,440 - INFO - logger.py:104 - info - 导航进入客户档案页面
2026-05-11 09:01:24,657 - INFO - logger.py:104 - info - 点击编辑按钮
2026-05-11 09:01:26,432 - INFO - logger.py:104 - info - 用例verify_edit_button执行完成
2026-05-11 09:01:26,437 - INFO - logger.py:104 - info - 关闭页面
2026-05-11 09:01:26,457 - INFO - logger.py:104 - info - 关闭浏览器上下文
2026-05-11 09:01:26,516 - INFO - logger.py:104 - info - 关闭浏览器
2026-05-11 09:01:26,889 - INFO - logger.py:104 - info - 测试执行完成: TestVerifyEditButton
2026-05-11 09:01:26,905 - INFO - logger.py:104 - info - 开始执行测试: TestVerifyImportButton
2026-05-11 09:01:26,907 - INFO - logger.py:104 - info - 启动浏览器: Chromium, 无头模式: False
2026-05-11 09:01:30,418 - INFO - logger.py:104 - info - ============================================================
2026-05-11 09:01:30,441 - INFO - logger.py:104 - info - 开始执行用例：verify_import_button
2026-05-11 09:01:30,443 - INFO - logger.py:104 - info - 用例ms的id：101244
2026-05-11 09:01:30,447 - INFO - logger.py:104 - info - ============================================================
2026-05-11 09:01:30,450 - INFO - logger.py:104 - info - 开始登录 LD 项目...
2026-05-11 09:01:30,455 - INFO - logger.py:104 - info - 登录URL: https://test2.saas-test3.supcon.com:32188
2026-05-11 09:01:30,458 - INFO - logger.py:104 - info - 用户名: admin
2026-05-11 09:01:34,308 - INFO - logger.py:104 - info - 检查是否存在在线用户超限提示
2026-05-11 09:01:34,876 - INFO - logger.py:104 - info - 已自动点击在线用户提示的确定按钮
2026-05-11 09:01:40,912 - INFO - logger.py:104 - info - LD 项目登录成功！
2026-05-11 09:01:40,914 - INFO - logger.py:104 - info - 系统登录完成
2026-05-11 09:01:40,916 - INFO - logger.py:104 - info - 导航进入客户档案页面
2026-05-11 09:01:42,016 - INFO - logger.py:104 - info - 点击导入按钮唤起导入弹窗
2026-05-11 09:01:43,188 - INFO - logger.py:104 - info - 点击导入说明区域完成交互
2026-05-11 09:01:43,763 - INFO - logger.py:104 - info - verify_import_button用例执行完成
2026-05-11 09:01:43,767 - INFO - logger.py:104 - info - 关闭页面
2026-05-11 09:01:43,781 - INFO - logger.py:104 - info - 关闭浏览器上下文
2026-05-11 09:01:43,831 - INFO - logger.py:104 - info - 关闭浏览器
2026-05-11 09:01:44,168 - INFO - logger.py:104 - info - 测试执行完成: TestVerifyImportButton
2026-05-11 09:01:44,188 - INFO - logger.py:104 - info - 开始执行测试: TestVerifyResetButton
2026-05-11 09:01:44,191 - INFO - logger.py:104 - info - 启动浏览器: Chromium, 无头模式: False
2026-05-11 09:01:47,738 - INFO - logger.py:104 - info - ============================================================
2026-05-11 09:01:47,781 - INFO - logger.py:104 - info - 开始执行用例：verify_reset_button
2026-05-11 09:01:47,785 - INFO - logger.py:104 - info - 用例ms的id：101254
2026-05-11 09:01:47,788 - INFO - logger.py:104 - info - ============================================================
2026-05-11 09:01:47,790 - INFO - logger.py:104 - info - 开始登录 LD 项目...
2026-05-11 09:01:47,793 - INFO - logger.py:104 - info - 登录URL: https://test2.saas-test3.supcon.com:32188
2026-05-11 09:01:47,796 - INFO - logger.py:104 - info - 用户名: admin
2026-05-11 09:01:51,390 - INFO - logger.py:104 - info - 检查是否存在在线用户超限提示
2026-05-11 09:01:51,947 - INFO - logger.py:104 - info - 已自动点击在线用户提示的确定按钮
2026-05-11 09:01:57,972 - INFO - logger.py:104 - info - LD 项目登录成功！
2026-05-11 09:01:57,975 - INFO - logger.py:104 - info - 进入客户档案页面
2026-05-11 09:01:59,066 - INFO - logger.py:104 - info - 输入客户编码执行查询，点击重置按钮
2026-05-11 09:02:01,980 - INFO - logger.py:104 - info - verify_reset_button用例执行完成
2026-05-11 09:02:01,985 - INFO - logger.py:104 - info - 关闭页面
2026-05-11 09:02:02,007 - INFO - logger.py:104 - info - 关闭浏览器上下文
2026-05-11 09:02:02,084 - INFO - logger.py:104 - info - 关闭浏览器
2026-05-11 09:02:02,457 - INFO - logger.py:104 - info - 测试执行完成: TestVerifyResetButton
2026-05-11 09:02:03,015 - ERROR - logger.py:112 - error - 生成Allure报告失败: Allure命令行工具未找到，请确保已安装并添加到系统PATH中
2026-05-11 09:02:03,018 - INFO - logger.py:104 - info - 测试执行完成，耗时: 272.68秒
2026-05-11 09:02:03,019 - INFO - logger.py:104 - info - 执行结果: 成功
