2026-05-08 15:41:15,475 - INFO - logger.py:104 - info - 开始执行测试
2026-05-08 15:41:15,475 - INFO - logger.py:104 - info - 使用单线程运行测试，避免Playwright Sync API在asyncio循环中的错误
2026-05-08 15:41:15,475 - INFO - logger.py:104 - info - Pytest执行参数: ['D:\\install\\auto_ui-master\\src\\testcase\\LD\\customer_file\\test_import_empty.py', '-p', 'no:xdist', '--tb=short', '--tb=short', '--timeout=180', '--alluredir', 'reports\\allure_report_20260508_154115']
2026-05-08 15:41:17,072 - INFO - logger.py:104 - info - 开始执行测试: TestImportEmpty
2026-05-08 15:41:17,082 - INFO - logger.py:104 - info - 启动浏览器: Chromium, 无头模式: False
2026-05-08 15:41:21,008 - INFO - logger.py:104 - info - ============================================================
2026-05-08 15:41:21,012 - INFO - logger.py:104 - info - 开始执行用例：import_empty
2026-05-08 15:41:21,015 - INFO - logger.py:104 - info - 用例ms ID：101271
2026-05-08 15:41:21,018 - INFO - logger.py:104 - info - ============================================================
2026-05-08 15:41:21,024 - INFO - logger.py:104 - info - 测试文件: D:\install\auto_ui-master\src\data\LD\customer_file\客户资料_2026_04_24.xlsx
2026-05-08 15:41:21,028 - INFO - logger.py:104 - info - 调用公用登录方法登录系统
2026-05-08 15:41:21,032 - INFO - logger.py:104 - info - 开始登录 LD 项目...
2026-05-08 15:41:21,039 - INFO - logger.py:104 - info - 登录URL: https://test2.saas-test3.supcon.com:32188
2026-05-08 15:41:21,043 - INFO - logger.py:104 - info - 用户名: admin
2026-05-08 15:41:24,733 - INFO - logger.py:104 - info - 检查是否存在在线用户超限提示
2026-05-08 15:41:25,284 - INFO - logger.py:104 - info - 已自动点击在线用户提示的确定按钮
2026-05-08 15:41:31,319 - INFO - logger.py:104 - info - LD 项目登录成功！
2026-05-08 15:41:31,322 - INFO - logger.py:104 - info - 进入客户档案页面
2026-05-08 15:41:32,523 - INFO - logger.py:104 - info - 选择目标客户，上传导入文件
2026-05-08 15:42:01,012 - INFO - logger.py:104 - info - 关闭页面
2026-05-08 15:42:01,019 - INFO - logger.py:104 - info - 关闭浏览器上下文
2026-05-08 15:42:01,056 - INFO - logger.py:104 - info - 关闭浏览器
2026-05-08 15:42:01,373 - INFO - logger.py:104 - info - 测试执行完成: TestImportEmpty
2026-05-08 15:42:02,038 - ERROR - logger.py:112 - error - 生成Allure报告失败: Allure命令行工具未找到，请确保已安装并添加到系统PATH中
2026-05-08 15:42:02,039 - INFO - logger.py:104 - info - 测试执行完成，耗时: 46.53秒
2026-05-08 15:42:02,039 - INFO - logger.py:104 - info - 执行结果: 失败
