2026-04-27 14:21:35,584 - INFO - logger.py:104 - info - 开始执行测试
2026-04-27 14:21:35,585 - INFO - logger.py:104 - info - 使用单线程运行测试，避免Playwright Sync API在asyncio循环中的错误
2026-04-27 14:21:35,585 - INFO - logger.py:104 - info - Pytest执行参数: ['D:\\install\\auto_ui-master\\src\\testcase\\LD\\code_rule_config\\test_verify_production_return_batch.py', '-p', 'no:xdist', '--tb=short', '--tb=short', '--timeout=180', '--alluredir', 'reports\\allure_report_20260427_142135']
2026-04-27 14:21:37,417 - INFO - logger.py:104 - info - 开始执行测试: TestVerifyProductionReturnBatch
2026-04-27 14:21:37,426 - INFO - logger.py:104 - info - 启动浏览器: Chromium, 无头模式: False
2026-04-27 14:21:40,339 - INFO - logger.py:104 - info - ============================================================
2026-04-27 14:21:40,348 - INFO - logger.py:104 - info - 开始执行用例：verify_production_return_batch
2026-04-27 14:21:40,352 - INFO - logger.py:104 - info - 用例ms的id：0
2026-04-27 14:21:40,357 - INFO - logger.py:104 - info - ============================================================
2026-04-27 14:21:40,363 - INFO - logger.py:104 - info - 开始登录 LD 项目...
2026-04-27 14:21:40,368 - INFO - logger.py:104 - info - 登录URL: https://test2.saas-test3.supcon.com:32188
2026-04-27 14:21:40,372 - INFO - logger.py:104 - info - 用户名: admin
2026-04-27 14:21:44,243 - INFO - logger.py:104 - info - 检查是否存在在线用户超限提示
2026-04-27 14:21:44,815 - INFO - logger.py:104 - info - 已自动点击在线用户提示的确定按钮
2026-04-27 14:21:50,843 - INFO - logger.py:104 - info - LD 项目登录成功！
2026-04-27 14:21:50,847 - INFO - logger.py:104 - info - 进入编码规则配置菜单
2026-04-27 14:21:52,008 - INFO - logger.py:104 - info - 执行选择编码、查看、返回操作
2026-04-27 14:21:54,368 - INFO - logger.py:104 - info - verify_production_return_batch用例执行完成
2026-04-27 14:21:54,373 - INFO - logger.py:104 - info - 关闭页面
2026-04-27 14:21:54,393 - INFO - logger.py:104 - info - 关闭浏览器上下文
2026-04-27 14:21:54,440 - INFO - logger.py:104 - info - 关闭浏览器
2026-04-27 14:21:54,792 - INFO - logger.py:104 - info - 测试执行完成: TestVerifyProductionReturnBatch
2026-04-27 14:21:55,369 - ERROR - logger.py:112 - error - 生成Allure报告失败: Allure命令行工具未找到，请确保已安装并添加到系统PATH中
2026-04-27 14:21:55,370 - INFO - logger.py:104 - info - 测试执行完成，耗时: 19.76秒
2026-04-27 14:21:55,370 - INFO - logger.py:104 - info - 执行结果: 成功
