2026-05-09 10:50:31,764 - INFO - logger.py:104 - info - 开始执行测试
2026-05-09 10:50:31,764 - INFO - logger.py:104 - info - 使用单线程运行测试，避免Playwright Sync API在asyncio循环中的错误
2026-05-09 10:50:31,764 - INFO - logger.py:104 - info - Pytest执行参数: ['D:\\install\\auto_ui-master\\src\\testcase\\LD\\code_rule_config\\test_verify_production_return_batch.py', '-p', 'no:xdist', '--tb=short', '--tb=short', '--timeout=180', '--alluredir', 'reports\\allure_report_20260509_105031']
2026-05-09 10:50:33,505 - INFO - logger.py:104 - info - 开始执行测试: TestVerifyProductionReturnBatch
2026-05-09 10:50:33,517 - INFO - logger.py:104 - info - 启动浏览器: Chromium, 无头模式: False
2026-05-09 10:50:37,380 - INFO - logger.py:104 - info - ============================================================
2026-05-09 10:50:37,385 - INFO - logger.py:104 - info - 开始执行用例：verify_production_return_batch
2026-05-09 10:50:37,388 - INFO - logger.py:104 - info - 用例ms的id：101086
2026-05-09 10:50:37,391 - INFO - logger.py:104 - info - ============================================================
2026-05-09 10:50:37,395 - INFO - logger.py:104 - info - 开始登录 LD 项目...
2026-05-09 10:50:37,399 - INFO - logger.py:104 - info - 登录URL: https://test2.saas-test3.supcon.com:32188
2026-05-09 10:50:37,402 - INFO - logger.py:104 - info - 用户名: admin
2026-05-09 10:50:41,543 - INFO - logger.py:104 - info - 检查是否存在在线用户超限提示
2026-05-09 10:50:42,109 - INFO - logger.py:104 - info - 已自动点击在线用户提示的确定按钮
2026-05-09 10:50:48,138 - INFO - logger.py:104 - info - LD 项目登录成功！
2026-05-09 10:50:48,142 - INFO - logger.py:104 - info - 进入编码规则配置菜单
2026-05-09 10:50:49,336 - INFO - logger.py:104 - info - 等待规则列表加载
2026-05-09 10:50:50,346 - INFO - logger.py:104 - info - 查找第一个业务类型为'生产退料入库批号'的规则
2026-05-09 10:50:50,367 - INFO - logger.py:104 - info - 成功定位到第一个业务类型为'生产退料入库批号'的规则
2026-05-09 10:50:50,369 - INFO - logger.py:104 - info - 点击目标行的'查看'按钮
2026-05-09 10:50:51,015 - INFO - logger.py:104 - info - 完成查看，点击返回
2026-05-09 10:50:51,589 - INFO - logger.py:104 - info - verify_production_return_batch用例执行完成
2026-05-09 10:50:51,593 - INFO - logger.py:104 - info - 关闭页面
2026-05-09 10:50:51,614 - INFO - logger.py:104 - info - 关闭浏览器上下文
2026-05-09 10:50:51,669 - INFO - logger.py:104 - info - 关闭浏览器
2026-05-09 10:50:52,030 - INFO - logger.py:104 - info - 测试执行完成: TestVerifyProductionReturnBatch
2026-05-09 10:50:53,158 - ERROR - logger.py:112 - error - 生成Allure报告失败: Allure命令行工具未找到，请确保已安装并添加到系统PATH中
2026-05-09 10:50:53,159 - INFO - logger.py:104 - info - 测试执行完成，耗时: 21.36秒
2026-05-09 10:50:53,160 - INFO - logger.py:104 - info - 执行结果: 成功
