2026-04-22 10:08:27,591 - INFO - logger.py:104 - info - 开始执行测试
2026-04-22 10:08:27,592 - INFO - logger.py:104 - info - 使用单线程运行测试，避免Playwright Sync API在asyncio循环中的错误
2026-04-22 10:08:27,592 - INFO - logger.py:104 - info - Pytest执行参数: ['D:\\install\\auto_ui-master\\src\\testcase\\LD\\bom_management\\test_import_mode.py', '-p', 'no:xdist', '--tb=short', '--tb=short', '--timeout=180', '--alluredir', 'reports\\allure_report_20260422_100827']
2026-04-22 10:08:32,730 - INFO - logger.py:104 - info - 开始执行测试: TestImportMode
2026-04-22 10:08:32,741 - INFO - logger.py:104 - info - 启动浏览器: Chromium, 无头模式: False
2026-04-22 10:08:35,247 - INFO - logger.py:104 - info - ============================================================
2026-04-22 10:08:35,255 - INFO - logger.py:104 - info - 开始执行用例：import_mode
2026-04-22 10:08:35,260 - INFO - logger.py:104 - info - 用例ms的id：0
2026-04-22 10:08:35,263 - INFO - logger.py:104 - info - ============================================================
2026-04-22 10:08:35,266 - INFO - logger.py:104 - info - 开始登录 LD 项目...
2026-04-22 10:08:35,269 - INFO - logger.py:104 - info - 登录URL: https://test2.saas-test3.supcon.com:32188
2026-04-22 10:08:35,277 - INFO - logger.py:104 - info - 用户名: admin
2026-04-22 10:08:44,063 - INFO - logger.py:104 - info - LD 项目登录成功！
2026-04-22 10:08:44,068 - INFO - logger.py:104 - info - 进入基础资料模块，打开物料清单页面
2026-04-22 10:08:47,086 - INFO - logger.py:104 - info - 点击导入按钮，验证导入弹窗元素
2026-04-22 10:08:49,116 - INFO - logger.py:104 - info - 用例import_mode执行完成
2026-04-22 10:08:49,143 - INFO - logger.py:104 - info - 关闭页面
2026-04-22 10:08:49,165 - INFO - logger.py:104 - info - 关闭浏览器上下文
2026-04-22 10:08:49,231 - INFO - logger.py:104 - info - 关闭浏览器
2026-04-22 10:08:49,830 - INFO - logger.py:104 - info - 测试执行完成: TestImportMode
2026-04-22 10:08:50,787 - ERROR - logger.py:112 - error - 生成Allure报告失败: Allure命令行工具未找到，请确保已安装并添加到系统PATH中
2026-04-22 10:08:50,789 - INFO - logger.py:104 - info - 测试执行完成，耗时: 23.17秒
2026-04-22 10:08:50,789 - INFO - logger.py:104 - info - 执行结果: 成功
