2026-05-09 15:09:20,145 - INFO - logger.py:104 - info - 开始执行测试
2026-05-09 15:09:20,146 - INFO - logger.py:104 - info - 使用单线程运行测试，避免Playwright Sync API在asyncio循环中的错误
2026-05-09 15:09:20,146 - INFO - logger.py:104 - info - Pytest执行参数: ['D:\\install\\auto_ui-master\\src\\testcase\\LD\\code_rule_config\\test_verify_production_inbound_rule.py', '-p', 'no:xdist', '--tb=short', '--tb=short', '--timeout=180', '--alluredir', 'reports\\allure_report_20260509_150920']
2026-05-09 15:09:23,016 - INFO - logger.py:104 - info - 开始执行测试: TestVerifyProductionInboundRule
2026-05-09 15:09:23,093 - INFO - logger.py:104 - info - 启动浏览器: Chromium, 无头模式: False
2026-05-09 15:09:27,135 - INFO - logger.py:104 - info - ============================================================
2026-05-09 15:09:27,138 - INFO - logger.py:104 - info - 开始执行用例verify_production_inbound_rule
2026-05-09 15:09:27,141 - INFO - logger.py:104 - info - 用例ms的id：101076
2026-05-09 15:09:27,143 - INFO - logger.py:104 - info - ============================================================
2026-05-09 15:09:27,144 - INFO - logger.py:104 - info - 开始登录 LD 项目...
2026-05-09 15:09:27,147 - INFO - logger.py:104 - info - 登录URL: https://test2.saas-test3.supcon.com:32188
2026-05-09 15:09:27,150 - INFO - logger.py:104 - info - 用户名: admin
2026-05-09 15:09:30,794 - INFO - logger.py:104 - info - 检查是否存在在线用户超限提示
2026-05-09 15:09:31,362 - INFO - logger.py:104 - info - 已自动点击在线用户提示的确定按钮
2026-05-09 15:09:37,389 - INFO - logger.py:104 - info - LD 项目登录成功！
2026-05-09 15:09:37,392 - INFO - logger.py:104 - info - 进入编码规则配置菜单
2026-05-09 15:09:38,487 - INFO - logger.py:104 - info - 等待规则列表加载
2026-05-09 15:09:39,502 - INFO - logger.py:104 - info - 正在第 1 页查找业务类型为'生产入库批号'的规则
2026-05-09 15:09:39,525 - INFO - logger.py:104 - info - 在第 1 页找到目标数据
2026-05-09 15:09:39,543 - INFO - logger.py:104 - info - 成功定位到第一个业务类型为'生产入库批号'的规则
2026-05-09 15:09:39,545 - INFO - logger.py:104 - info - 点击目标行的'查看'按钮
2026-05-09 15:09:40,173 - INFO - logger.py:104 - info - 完成查看，点击返回
2026-05-09 15:09:40,734 - INFO - logger.py:104 - info - ============================================================
2026-05-09 15:09:40,736 - INFO - logger.py:104 - info - 用例verify_production_inbound_rule执行完成
2026-05-09 15:09:40,741 - INFO - logger.py:104 - info - 关闭页面
2026-05-09 15:09:40,759 - INFO - logger.py:104 - info - 关闭浏览器上下文
2026-05-09 15:09:40,830 - INFO - logger.py:104 - info - 关闭浏览器
2026-05-09 15:09:41,355 - INFO - logger.py:104 - info - 测试执行完成: TestVerifyProductionInboundRule
2026-05-09 15:09:42,493 - ERROR - logger.py:112 - error - 生成Allure报告失败: Allure命令行工具未找到，请确保已安装并添加到系统PATH中
2026-05-09 15:09:42,495 - INFO - logger.py:104 - info - 测试执行完成，耗时: 22.31秒
2026-05-09 15:09:42,495 - INFO - logger.py:104 - info - 执行结果: 成功
