2026-05-08 09:08:53,085 - INFO - logger.py:104 - info - 开始执行测试
2026-05-08 09:08:53,086 - INFO - logger.py:104 - info - 使用单线程运行测试，避免Playwright Sync API在asyncio循环中的错误
2026-05-08 09:08:53,087 - INFO - logger.py:104 - info - Pytest执行参数: ['D:\\install\\auto_ui-master\\src\\testcase\\LD\\customer_file\\test_verify_import.py', '-p', 'no:xdist', '--tb=short', '--tb=short', '--timeout=180', '--alluredir', 'reports\\allure_report_20260508_090853']
2026-05-08 09:08:54,802 - INFO - logger.py:104 - info - 开始执行测试: TestVerifyImport
2026-05-08 09:08:54,810 - INFO - logger.py:104 - info - 启动浏览器: Chromium, 无头模式: False
2026-05-08 09:08:57,778 - INFO - logger.py:104 - info - ============================================================
2026-05-08 09:08:57,807 - INFO - logger.py:104 - info - 开始执行用例：verify_import
2026-05-08 09:08:57,813 - INFO - logger.py:104 - info - 用例ms的id：0
2026-05-08 09:08:57,817 - INFO - logger.py:104 - info - ============================================================
2026-05-08 09:08:57,823 - INFO - logger.py:104 - info - 完成系统登录
2026-05-08 09:08:57,830 - INFO - logger.py:104 - info - 开始登录 LD 项目...
2026-05-08 09:08:57,843 - INFO - logger.py:104 - info - 登录URL: https://test2.saas-test3.supcon.com:32188
2026-05-08 09:08:57,848 - INFO - logger.py:104 - info - 用户名: admin
2026-05-08 09:09:01,757 - INFO - logger.py:104 - info - 检查是否存在在线用户超限提示
2026-05-08 09:09:02,300 - INFO - logger.py:104 - info - 已自动点击在线用户提示的确定按钮
2026-05-08 09:09:08,318 - INFO - logger.py:104 - info - LD 项目登录成功！
2026-05-08 09:09:08,322 - INFO - logger.py:104 - info - 进入客户档案页面
2026-05-08 09:09:09,515 - INFO - logger.py:104 - info - 打开客户导入弹窗
2026-05-08 09:09:15,817 - INFO - logger.py:104 - info - 关闭页面
2026-05-08 09:09:15,834 - INFO - logger.py:104 - info - 关闭浏览器上下文
2026-05-08 09:09:15,885 - INFO - logger.py:104 - info - 关闭浏览器
2026-05-08 09:09:16,227 - INFO - logger.py:104 - info - 测试执行完成: TestVerifyImport
2026-05-08 09:09:17,483 - ERROR - logger.py:112 - error - 生成Allure报告失败: Allure命令行工具未找到，请确保已安装并添加到系统PATH中
2026-05-08 09:09:17,485 - INFO - logger.py:104 - info - 测试执行完成，耗时: 24.36秒
2026-05-08 09:09:17,486 - INFO - logger.py:104 - info - 执行结果: 失败
