2026-04-27 09:50:16,559 - INFO - logger.py:104 - info - 开始执行测试
2026-04-27 09:50:16,559 - INFO - logger.py:104 - info - 使用单线程运行测试，避免Playwright Sync API在asyncio循环中的错误
2026-04-27 09:50:16,559 - INFO - logger.py:104 - info - Pytest执行参数: ['D:\\install\\auto_ui-master\\src\\testcase\\LD\\code_rule_config\\test_verify_multirule_enable.py', '-p', 'no:xdist', '--tb=short', '--tb=short', '--timeout=180', '--alluredir', 'reports\\allure_report_20260427_095016']
2026-04-27 09:50:18,332 - INFO - logger.py:104 - info - 开始执行测试: TestVerifyMultiruleEnable
2026-04-27 09:50:18,342 - INFO - logger.py:104 - info - 启动浏览器: Chromium, 无头模式: False
2026-04-27 09:50:20,818 - INFO - logger.py:104 - info - ============================================================
2026-04-27 09:50:20,823 - INFO - logger.py:104 - info - 开始执行用例：verify_multirule_enable
2026-04-27 09:50:20,831 - INFO - logger.py:104 - info - 用例ms的id：0
2026-04-27 09:50:20,856 - INFO - logger.py:104 - info - ============================================================
2026-04-27 09:50:20,860 - INFO - logger.py:104 - info - 开始登录 LD 项目...
2026-04-27 09:50:20,885 - INFO - logger.py:104 - info - 登录URL: https://test2.saas-test3.supcon.com:32188
2026-04-27 09:50:20,890 - INFO - logger.py:104 - info - 用户名: admin
2026-04-27 09:50:25,366 - INFO - logger.py:104 - info - 检查是否存在在线用户超限提示
2026-04-27 09:50:26,011 - INFO - logger.py:104 - info - 已自动点击在线用户提示的确定按钮
2026-04-27 09:50:32,029 - INFO - logger.py:104 - info - LD 项目登录成功！
2026-04-27 09:50:32,032 - INFO - logger.py:104 - info - 处理登录后确认弹窗
2026-04-27 09:51:02,929 - INFO - logger.py:104 - info - 关闭页面
2026-04-27 09:51:02,944 - INFO - logger.py:104 - info - 关闭浏览器上下文
2026-04-27 09:51:02,985 - INFO - logger.py:104 - info - 关闭浏览器
2026-04-27 09:51:03,239 - INFO - logger.py:104 - info - 测试执行完成: TestVerifyMultiruleEnable
2026-04-27 09:51:03,906 - ERROR - logger.py:112 - error - 生成Allure报告失败: Allure命令行工具未找到，请确保已安装并添加到系统PATH中
2026-04-27 09:51:03,907 - INFO - logger.py:104 - info - 测试执行完成，耗时: 47.32秒
2026-04-27 09:51:03,907 - INFO - logger.py:104 - info - 执行结果: 失败
