2026-05-08 15:13:36,516 - INFO - logger.py:104 - info - 开始执行测试
2026-05-08 15:13:36,516 - INFO - logger.py:104 - info - 使用单线程运行测试，避免Playwright Sync API在asyncio循环中的错误
2026-05-08 15:13:36,517 - INFO - logger.py:104 - info - Pytest执行参数: ['D:\\install\\auto_ui-master\\src\\testcase\\LD\\interface_solution_configuration', '-p', 'no:xdist', '--tb=short', '--tb=short', '--timeout=180', '--alluredir', 'reports\\allure_report_20260508_151336']
2026-05-08 15:13:38,376 - INFO - logger.py:104 - info - 开始执行测试: TestVerifyBusinessTree
2026-05-08 15:13:38,383 - INFO - logger.py:104 - info - 启动浏览器: Chromium, 无头模式: False
2026-05-08 15:13:41,828 - INFO - logger.py:104 - info - ============================================================
2026-05-08 15:13:41,831 - INFO - logger.py:104 - info - 开始执行用例：verify_business_tree
2026-05-08 15:13:41,834 - INFO - logger.py:104 - info - 用例ms的id：0
2026-05-08 15:13:41,836 - INFO - logger.py:104 - info - ============================================================
2026-05-08 15:13:41,839 - INFO - logger.py:104 - info - 开始登录 LD 项目...
2026-05-08 15:13:41,843 - INFO - logger.py:104 - info - 登录URL: https://test2.saas-test3.supcon.com:32188
2026-05-08 15:13:41,846 - INFO - logger.py:104 - info - 用户名: admin
2026-05-08 15:13:45,546 - INFO - logger.py:104 - info - 检查是否存在在线用户超限提示
2026-05-08 15:13:46,110 - INFO - logger.py:104 - info - 已自动点击在线用户提示的确定按钮
2026-05-08 15:13:52,154 - INFO - logger.py:104 - info - LD 项目登录成功！
2026-05-08 15:13:52,157 - INFO - logger.py:104 - info - 登录成功，开始导航菜单
2026-05-08 15:13:52,160 - INFO - logger.py:104 - info - 点击基础资料菜单
2026-05-08 15:13:52,750 - INFO - logger.py:104 - info - 点击系统配置菜单
2026-05-08 15:13:53,378 - INFO - logger.py:104 - info - 点击进入接口方案配置页面
2026-05-08 15:13:53,944 - INFO - logger.py:104 - info - 开始操作业务树节点
2026-05-08 15:14:24,947 - INFO - logger.py:104 - info - 关闭页面
2026-05-08 15:14:24,967 - INFO - logger.py:104 - info - 关闭浏览器上下文
2026-05-08 15:14:25,029 - INFO - logger.py:104 - info - 关闭浏览器
2026-05-08 15:14:25,477 - INFO - logger.py:104 - info - 测试执行完成: TestVerifyBusinessTree
2026-05-08 15:14:25,611 - INFO - logger.py:104 - info - 开始执行测试: TestVerifyInterfaceIntegrationSave
2026-05-08 15:14:25,614 - INFO - logger.py:104 - info - 启动浏览器: Chromium, 无头模式: False
2026-05-08 15:14:29,796 - INFO - logger.py:104 - info - ============================================================
2026-05-08 15:14:29,810 - INFO - logger.py:104 - info - 开始执行verify_interface_integration_save
2026-05-08 15:14:29,814 - INFO - logger.py:104 - info - 用例ms的id：0
2026-05-08 15:14:29,830 - INFO - logger.py:104 - info - ============================================================
2026-05-08 15:14:29,869 - INFO - logger.py:104 - info - 完成系统登录
2026-05-08 15:14:29,878 - INFO - logger.py:104 - info - 开始登录 LD 项目...
2026-05-08 15:14:29,885 - INFO - logger.py:104 - info - 登录URL: https://test2.saas-test3.supcon.com:32188
2026-05-08 15:14:29,890 - INFO - logger.py:104 - info - 用户名: admin
2026-05-08 15:14:33,642 - INFO - logger.py:104 - info - 检查是否存在在线用户超限提示
2026-05-08 15:14:34,214 - INFO - logger.py:104 - info - 已自动点击在线用户提示的确定按钮
2026-05-08 15:14:40,238 - INFO - logger.py:104 - info - LD 项目登录成功！
2026-05-08 15:14:40,241 - INFO - logger.py:104 - info - 导航进入接口方案配置页面
2026-05-08 15:14:42,068 - INFO - logger.py:104 - info - 执行编辑后保存操作
2026-05-08 15:14:43,380 - INFO - logger.py:104 - info - verify_interface_integration_save用例执行完成
2026-05-08 15:14:43,384 - INFO - logger.py:104 - info - 关闭页面
2026-05-08 15:14:43,400 - INFO - logger.py:104 - info - 关闭浏览器上下文
2026-05-08 15:14:43,479 - INFO - logger.py:104 - info - 关闭浏览器
2026-05-08 15:14:43,905 - INFO - logger.py:104 - info - 测试执行完成: TestVerifyInterfaceIntegrationSave
2026-05-08 15:14:45,092 - ERROR - logger.py:112 - error - 生成Allure报告失败: Allure命令行工具未找到，请确保已安装并添加到系统PATH中
2026-05-08 15:14:45,094 - INFO - logger.py:104 - info - 测试执行完成，耗时: 68.55秒
2026-05-08 15:14:45,094 - INFO - logger.py:104 - info - 执行结果: 失败
