2026-04-27 14:42:29,754 - INFO - logger.py:104 - info - 开始执行测试
2026-04-27 14:42:29,755 - INFO - logger.py:104 - info - 使用单线程运行测试，避免Playwright Sync API在asyncio循环中的错误
2026-04-27 14:42:29,755 - INFO - logger.py:104 - info - Pytest执行参数: ['D:\\install\\auto_ui-master\\src\\testcase\\LD\\code_rule_config\\test_verify_enable_sure_action.py', '-p', 'no:xdist', '--tb=short', '--tb=short', '--timeout=180', '--alluredir', 'reports\\allure_report_20260427_144229']
2026-04-27 14:42:31,444 - INFO - logger.py:104 - info - 开始执行测试: TestVerifyEnableSureAction
2026-04-27 14:42:32,831 - INFO - logger.py:104 - info - 启动浏览器: Chromium, 无头模式: False
2026-04-27 14:42:35,478 - INFO - logger.py:104 - info - ============================================================
2026-04-27 14:42:35,482 - INFO - logger.py:104 - info - 开始执行用例：verify_enable_sure_action
2026-04-27 14:42:35,487 - INFO - logger.py:104 - info - 用例ms的id：0
2026-04-27 14:42:35,494 - INFO - logger.py:104 - info - ============================================================
2026-04-27 14:42:35,497 - INFO - logger.py:104 - info - 开始登录 LD 项目...
2026-04-27 14:42:35,501 - INFO - logger.py:104 - info - 登录URL: https://test2.saas-test3.supcon.com:32188
2026-04-27 14:42:35,504 - INFO - logger.py:104 - info - 用户名: admin
2026-04-27 14:42:39,426 - INFO - logger.py:104 - info - 检查是否存在在线用户超限提示
2026-04-27 14:42:40,012 - INFO - logger.py:104 - info - 已自动点击在线用户提示的确定按钮
2026-04-27 14:42:46,029 - INFO - logger.py:104 - info - LD 项目登录成功！
2026-04-27 14:42:46,033 - INFO - logger.py:104 - info - 进入编码规则配置菜单
2026-04-27 14:42:47,187 - INFO - logger.py:104 - info - 选择目标编码规则，进入编辑
2026-04-27 14:42:48,776 - INFO - logger.py:104 - info - 点击确定按钮提交编辑操作
2026-04-27 14:42:49,341 - INFO - logger.py:104 - info - verify_enable_sure_action用例执行完成
2026-04-27 14:42:49,348 - INFO - logger.py:104 - info - 关闭页面
2026-04-27 14:42:49,381 - INFO - logger.py:104 - info - 关闭浏览器上下文
2026-04-27 14:42:49,431 - INFO - logger.py:104 - info - 关闭浏览器
2026-04-27 14:42:49,847 - INFO - logger.py:104 - info - 测试执行完成: TestVerifyEnableSureAction
2026-04-27 14:42:50,515 - ERROR - logger.py:112 - error - 生成Allure报告失败: Allure命令行工具未找到，请确保已安装并添加到系统PATH中
2026-04-27 14:42:50,516 - INFO - logger.py:104 - info - 测试执行完成，耗时: 20.74秒
2026-04-27 14:42:50,517 - INFO - logger.py:104 - info - 执行结果: 成功
