2026-04-28 11:25:48,070 - INFO - logger.py:104 - info - 开始执行测试
2026-04-28 11:25:48,070 - INFO - logger.py:104 - info - 使用单线程运行测试，避免Playwright Sync API在asyncio循环中的错误
2026-04-28 11:25:48,071 - INFO - logger.py:104 - info - Pytest执行参数: ['D:\\install\\auto_ui-master\\src\\testcase\\LD\\system_configuration\\test_verify_edit_function.py', '-p', 'no:xdist', '--tb=short', '--tb=short', '--timeout=180', '--alluredir', 'reports\\allure_report_20260428_112548']
2026-04-28 11:25:51,196 - INFO - logger.py:104 - info - 开始执行测试: TestVerifyEditFunction
2026-04-28 11:25:51,204 - INFO - logger.py:104 - info - 启动浏览器: Chromium, 无头模式: False
2026-04-28 11:25:54,514 - INFO - logger.py:104 - info - ============================================================
2026-04-28 11:25:54,517 - INFO - logger.py:104 - info - 开始执行用例：verify_edit_function
2026-04-28 11:25:54,520 - INFO - logger.py:104 - info - 用例ms的id：0
2026-04-28 11:25:54,524 - INFO - logger.py:104 - info - ============================================================
2026-04-28 11:25:54,526 - INFO - logger.py:104 - info - 执行系统登录
2026-04-28 11:25:54,530 - INFO - logger.py:104 - info - 开始登录 LD 项目...
2026-04-28 11:25:54,533 - INFO - logger.py:104 - info - 登录URL: https://test2.saas-test3.supcon.com:32188
2026-04-28 11:25:54,539 - INFO - logger.py:104 - info - 用户名: admin
2026-04-28 11:25:58,554 - INFO - logger.py:104 - info - 检查是否存在在线用户超限提示
2026-04-28 11:25:59,123 - INFO - logger.py:104 - info - 已自动点击在线用户提示的确定按钮
2026-04-28 11:26:05,145 - INFO - logger.py:104 - info - LD 项目登录成功！
2026-04-28 11:26:05,148 - INFO - logger.py:104 - info - 导航进入标签打印配置页面
2026-04-28 11:26:06,806 - INFO - logger.py:104 - info - 打开目标条目编辑
2026-04-28 11:26:37,746 - INFO - logger.py:104 - info - 关闭页面
2026-04-28 11:26:37,752 - INFO - logger.py:104 - info - 关闭浏览器上下文
2026-04-28 11:26:37,763 - INFO - logger.py:104 - info - 关闭浏览器
2026-04-28 11:26:37,998 - INFO - logger.py:104 - info - 测试执行完成: TestVerifyEditFunction
2026-04-28 11:26:38,604 - ERROR - logger.py:112 - error - 生成Allure报告失败: Allure命令行工具未找到，请确保已安装并添加到系统PATH中
2026-04-28 11:26:38,606 - INFO - logger.py:104 - info - 测试执行完成，耗时: 50.51秒
2026-04-28 11:26:38,606 - INFO - logger.py:104 - info - 执行结果: 失败
