2026-05-09 14:49:10,415 - INFO - logger.py:104 - info - 开始执行测试
2026-05-09 14:49:10,416 - INFO - logger.py:104 - info - 使用单线程运行测试，避免Playwright Sync API在asyncio循环中的错误
2026-05-09 14:49:10,416 - INFO - logger.py:104 - info - Pytest执行参数: ['D:\\install\\auto_ui-master\\src\\testcase\\LD\\code_rule_config\\test_verify_create_button.py', '-p', 'no:xdist', '--tb=short', '--tb=short', '--timeout=180', '--alluredir', 'reports\\allure_report_20260509_144910']
2026-05-09 14:49:12,494 - INFO - logger.py:104 - info - 开始执行测试: TestVerifyCreateButton
2026-05-09 14:49:12,505 - INFO - logger.py:104 - info - 启动浏览器: Chromium, 无头模式: False
2026-05-09 14:49:16,338 - INFO - logger.py:104 - info - ============================================================
2026-05-09 14:49:16,341 - INFO - logger.py:104 - info - 开始执行verify_create_button
2026-05-09 14:49:16,345 - INFO - logger.py:104 - info - 用例ms的id：0
2026-05-09 14:49:16,348 - INFO - logger.py:104 - info - ============================================================
2026-05-09 14:49:16,351 - INFO - logger.py:104 - info - 开始登录 LD 项目...
2026-05-09 14:49:16,353 - INFO - logger.py:104 - info - 登录URL: https://test2.saas-test3.supcon.com:32188
2026-05-09 14:49:16,356 - INFO - logger.py:104 - info - 用户名: admin
2026-05-09 14:49:20,288 - INFO - logger.py:104 - info - 检查是否存在在线用户超限提示
2026-05-09 14:49:20,843 - INFO - logger.py:104 - info - 已自动点击在线用户提示的确定按钮
2026-05-09 14:49:26,873 - INFO - logger.py:104 - info - LD 项目登录成功！
2026-05-09 14:49:26,877 - INFO - logger.py:104 - info - 系统登录完成
2026-05-09 14:49:26,879 - INFO - logger.py:104 - info - 进入编码规则配置页面
2026-05-09 14:49:28,086 - INFO - logger.py:104 - info - 打开新增编码规则弹窗，填写基础信息
2026-05-09 14:49:31,255 - INFO - logger.py:104 - info - 定位业务类型下拉框
2026-05-09 14:49:31,257 - INFO - logger.py:104 - info - 点击业务类型下拉框
2026-05-09 14:49:32,167 - INFO - logger.py:104 - info - 关闭页面
2026-05-09 14:49:32,201 - INFO - logger.py:104 - info - 关闭浏览器上下文
2026-05-09 14:49:32,254 - INFO - logger.py:104 - info - 关闭浏览器
2026-05-09 14:49:32,652 - INFO - logger.py:104 - info - 测试执行完成: TestVerifyCreateButton
2026-05-09 14:49:33,819 - ERROR - logger.py:112 - error - 生成Allure报告失败: Allure命令行工具未找到，请确保已安装并添加到系统PATH中
2026-05-09 14:49:33,820 - INFO - logger.py:104 - info - 测试执行完成，耗时: 23.38秒
2026-05-09 14:49:33,820 - INFO - logger.py:104 - info - 执行结果: 失败
