2026-04-22 17:26:03,613 - INFO - logger.py:104 - info - 开始执行测试
2026-04-22 17:26:03,613 - INFO - logger.py:104 - info - 使用单线程运行测试，避免Playwright Sync API在asyncio循环中的错误
2026-04-22 17:26:03,614 - INFO - logger.py:104 - info - Pytest执行参数: ['D:\\install\\auto_ui-master\\src\\testcase\\LD\\bom_management\\test_verify_edit_bom_delete_child_item.py', '-p', 'no:xdist', '--tb=short', '--tb=short', '--timeout=180', '--alluredir', 'reports\\allure_report_20260422_172603']
2026-04-22 17:26:05,345 - INFO - logger.py:104 - info - 开始执行测试: TestEditBOM
2026-04-22 17:26:05,354 - INFO - logger.py:104 - info - 启动浏览器: Chromium, 无头模式: False
2026-04-22 17:26:08,169 - INFO - logger.py:104 - info - ============================================================
2026-04-22 17:26:08,199 - INFO - logger.py:104 - info - 开始执行用例：verify_edit_bom_delete_child_item
2026-04-22 17:26:08,217 - INFO - logger.py:104 - info - 用例ms的id：0
2026-04-22 17:26:08,220 - INFO - logger.py:104 - info - ============================================================
2026-04-22 17:26:08,228 - INFO - logger.py:104 - info - 执行登录操作
2026-04-22 17:26:08,232 - INFO - logger.py:104 - info - 开始登录 LD 项目...
2026-04-22 17:26:08,236 - INFO - logger.py:104 - info - 登录URL: https://test2.saas-test3.supcon.com:32188
2026-04-22 17:26:08,244 - INFO - logger.py:104 - info - 用户名: admin
2026-04-22 17:26:21,704 - INFO - logger.py:104 - info - LD 项目登录成功！
2026-04-22 17:26:21,708 - INFO - logger.py:104 - info - 进入基础资料->物料清单模块
2026-04-22 17:26:25,601 - INFO - logger.py:104 - info - 点击目标物料的编辑按钮
2026-04-22 17:26:26,179 - INFO - logger.py:104 - info - 等待编辑页面加载
2026-04-22 17:26:28,225 - INFO - logger.py:104 - info - 执行删除子项操作
2026-04-22 17:26:29,814 - INFO - logger.py:104 - info - 执行保存修改操作
2026-04-22 17:26:31,113 - INFO - logger.py:104 - info - 验证操作结果
2026-04-22 17:26:34,133 - INFO - logger.py:104 - info - 用例verify_edit_bom_delete_child_item执行完成
2026-04-22 17:26:34,138 - INFO - logger.py:104 - info - 关闭页面
2026-04-22 17:26:34,154 - INFO - logger.py:104 - info - 关闭浏览器上下文
2026-04-22 17:26:34,222 - INFO - logger.py:104 - info - 关闭浏览器
2026-04-22 17:26:34,677 - INFO - logger.py:104 - info - 测试执行完成: TestEditBOM
2026-04-22 17:26:35,745 - ERROR - logger.py:112 - error - 生成Allure报告失败: Allure命令行工具未找到，请确保已安装并添加到系统PATH中
2026-04-22 17:26:35,746 - INFO - logger.py:104 - info - 测试执行完成，耗时: 32.11秒
2026-04-22 17:26:35,746 - INFO - logger.py:104 - info - 执行结果: 成功
