2026-04-27 14:35:57,894 - INFO - logger.py:104 - info - 开始执行测试
2026-04-27 14:35:57,895 - INFO - logger.py:104 - info - 使用单线程运行测试，避免Playwright Sync API在asyncio循环中的错误
2026-04-27 14:35:57,895 - INFO - logger.py:104 - info - Pytest执行参数: ['D:\\install\\auto_ui-master\\src\\testcase\\LD\\code_rule_config\\test_verify_enable_cancel_action.py', '-p', 'no:xdist', '--tb=short', '--tb=short', '--timeout=180', '--alluredir', 'reports\\allure_report_20260427_143557']
2026-04-27 14:36:00,961 - INFO - logger.py:104 - info - 开始执行测试: TestVerifyEnableCancelAction
2026-04-27 14:36:00,970 - INFO - logger.py:104 - info - 启动浏览器: Chromium, 无头模式: False
2026-04-27 14:36:03,756 - INFO - logger.py:104 - info - ============================================================
2026-04-27 14:36:03,760 - INFO - logger.py:104 - info - 开始执行用例：verify_enable_cancel_action
2026-04-27 14:36:03,766 - INFO - logger.py:104 - info - 用例ms的id：0
2026-04-27 14:36:03,770 - INFO - logger.py:104 - info - ============================================================
2026-04-27 14:36:03,776 - INFO - logger.py:104 - info - 开始登录 LD 项目...
2026-04-27 14:36:03,781 - INFO - logger.py:104 - info - 登录URL: https://test2.saas-test3.supcon.com:32188
2026-04-27 14:36:03,786 - INFO - logger.py:104 - info - 用户名: admin
2026-04-27 14:36:07,750 - INFO - logger.py:104 - info - 检查是否存在在线用户超限提示
2026-04-27 14:36:08,351 - INFO - logger.py:104 - info - 已自动点击在线用户提示的确定按钮
2026-04-27 14:36:14,461 - INFO - logger.py:104 - info - LD 项目登录成功！
2026-04-27 14:36:14,466 - INFO - logger.py:104 - info - 进入编码规则配置菜单
2026-04-27 14:36:15,641 - INFO - logger.py:104 - info - 执行编辑取消操作流程
2026-04-27 14:36:17,778 - INFO - logger.py:104 - info - 用例verify_enable_cancel_action执行完成
2026-04-27 14:36:17,785 - INFO - logger.py:104 - info - 关闭页面
2026-04-27 14:36:17,869 - INFO - logger.py:104 - info - 关闭浏览器上下文
2026-04-27 14:36:17,892 - INFO - logger.py:104 - info - 关闭浏览器
2026-04-27 14:36:18,223 - INFO - logger.py:104 - info - 测试执行完成: TestVerifyEnableCancelAction
2026-04-27 14:36:19,015 - ERROR - logger.py:112 - error - 生成Allure报告失败: Allure命令行工具未找到，请确保已安装并添加到系统PATH中
2026-04-27 14:36:19,016 - INFO - logger.py:104 - info - 测试执行完成，耗时: 21.09秒
2026-04-27 14:36:19,016 - INFO - logger.py:104 - info - 执行结果: 成功
