2026-05-08 11:35:50,961 - INFO - logger.py:104 - info - 开始执行测试
2026-05-08 11:35:50,962 - INFO - logger.py:104 - info - 使用单线程运行测试，避免Playwright Sync API在asyncio循环中的错误
2026-05-08 11:35:50,963 - INFO - logger.py:104 - info - Pytest执行参数: ['D:\\install\\auto_ui-master\\src\\testcase\\LD\\system_configuration\\test_verify_template_name_field_check.py', '-p', 'no:xdist', '--tb=short', '--tb=short', '--timeout=180', '--alluredir', 'reports\\allure_report_20260508_113550']
2026-05-08 11:35:52,798 - INFO - logger.py:104 - info - 开始执行测试: TestLabelPrintTemplateAdd
2026-05-08 11:35:52,806 - INFO - logger.py:104 - info - 启动浏览器: Chromium, 无头模式: False
2026-05-08 11:35:55,550 - INFO - logger.py:104 - info - ============================================================
2026-05-08 11:35:55,552 - INFO - logger.py:104 - info - 开始执行用例：verify_template_name_field_check
2026-05-08 11:35:55,554 - INFO - logger.py:104 - info - 用例ms的id：0
2026-05-08 11:35:55,557 - INFO - logger.py:104 - info - ============================================================
2026-05-08 11:35:55,561 - INFO - logger.py:104 - info - 开始登录 LD 项目...
2026-05-08 11:35:55,565 - INFO - logger.py:104 - info - 登录URL: https://test2.saas-test3.supcon.com:32188
2026-05-08 11:35:55,568 - INFO - logger.py:104 - info - 用户名: admin
2026-05-08 11:35:59,212 - INFO - logger.py:104 - info - 检查是否存在在线用户超限提示
2026-05-08 11:35:59,783 - INFO - logger.py:104 - info - 已自动点击在线用户提示的确定按钮
2026-05-08 11:36:05,802 - INFO - logger.py:104 - info - LD 项目登录成功！
2026-05-08 11:36:05,805 - INFO - logger.py:104 - info - 导航到标签打印配置页面
2026-05-08 11:36:07,609 - INFO - logger.py:104 - info - 进入新增模板流程，填写模板信息
2026-05-08 11:36:12,107 - INFO - logger.py:104 - info - 提交模板信息，验证保存结果
2026-05-08 11:36:13,260 - INFO - logger.py:104 - info - verify_template_name_field_check 用例执行完成
2026-05-08 11:36:13,265 - INFO - logger.py:104 - info - 关闭页面
2026-05-08 11:36:13,283 - INFO - logger.py:104 - info - 关闭浏览器上下文
2026-05-08 11:36:13,351 - INFO - logger.py:104 - info - 关闭浏览器
2026-05-08 11:36:13,691 - INFO - logger.py:104 - info - 测试执行完成: TestLabelPrintTemplateAdd
2026-05-08 11:36:14,578 - ERROR - logger.py:112 - error - 生成Allure报告失败: Allure命令行工具未找到，请确保已安装并添加到系统PATH中
2026-05-08 11:36:14,579 - INFO - logger.py:104 - info - 测试执行完成，耗时: 23.59秒
2026-05-08 11:36:14,579 - INFO - logger.py:104 - info - 执行结果: 成功
