2026-05-09 14:34:59,605 - INFO - logger.py:104 - info - 开始执行测试
2026-05-09 14:34:59,605 - INFO - logger.py:104 - info - 使用单线程运行测试，避免Playwright Sync API在asyncio循环中的错误
2026-05-09 14:34:59,606 - INFO - logger.py:104 - info - Pytest执行参数: ['D:\\install\\auto_ui-master\\src\\testcase\\LD\\bom_management\\test_verify_export_performance.py', '-p', 'no:xdist', '--tb=short', '--tb=short', '--timeout=180', '--alluredir', 'reports\\allure_report_20260509_143459']
2026-05-09 14:35:01,533 - INFO - logger.py:104 - info - 开始执行测试: TestVerifyExportPerformance
2026-05-09 14:35:01,544 - INFO - logger.py:104 - info - 启动浏览器: Chromium, 无头模式: False
2026-05-09 14:35:05,669 - INFO - logger.py:104 - info - ============================================================
2026-05-09 14:35:05,676 - INFO - logger.py:104 - info - 开始执行用例：verify_export_performance
2026-05-09 14:35:05,682 - INFO - logger.py:104 - info - 用例ms的id：101300
2026-05-09 14:35:05,685 - INFO - logger.py:104 - info - ============================================================
2026-05-09 14:35:05,688 - INFO - logger.py:104 - info - 登录系统
2026-05-09 14:35:05,692 - INFO - logger.py:104 - info - 开始登录 LD 项目...
2026-05-09 14:35:05,698 - INFO - logger.py:104 - info - 登录URL: https://test2.saas-test3.supcon.com:32188
2026-05-09 14:35:05,714 - INFO - logger.py:104 - info - 用户名: admin
2026-05-09 14:35:09,603 - INFO - logger.py:104 - info - 检查是否存在在线用户超限提示
2026-05-09 14:35:10,185 - INFO - logger.py:104 - info - 已自动点击在线用户提示的确定按钮
2026-05-09 14:35:16,209 - INFO - logger.py:104 - info - LD 项目登录成功！
2026-05-09 14:35:16,213 - INFO - logger.py:104 - info - 进入物料清单菜单
2026-05-09 14:35:17,447 - INFO - logger.py:104 - info - 打开导出配置弹窗
2026-05-09 14:35:19,149 - INFO - logger.py:104 - info - 配置导出参数
2026-05-09 14:35:20,300 - INFO - logger.py:104 - info - 触发导出操作，等待下载完成
2026-05-09 14:35:21,561 - INFO - logger.py:104 - info - 断言导出成功提示
2026-05-09 14:35:21,856 - INFO - logger.py:104 - info - 用例verify_export_performance执行完成
2026-05-09 14:35:21,867 - INFO - logger.py:104 - info - 关闭页面
2026-05-09 14:35:22,006 - INFO - logger.py:104 - info - 关闭浏览器上下文
2026-05-09 14:35:22,188 - INFO - logger.py:104 - info - 关闭浏览器
2026-05-09 14:35:22,742 - INFO - logger.py:104 - info - 测试执行完成: TestVerifyExportPerformance
2026-05-09 14:35:23,704 - ERROR - logger.py:112 - error - 生成Allure报告失败: Allure命令行工具未找到，请确保已安装并添加到系统PATH中
2026-05-09 14:35:23,705 - INFO - logger.py:104 - info - 测试执行完成，耗时: 24.07秒
2026-05-09 14:35:23,705 - INFO - logger.py:104 - info - 执行结果: 成功
