2026-04-24 16:12:15,505 - INFO - logger.py:104 - info - 开始执行测试
2026-04-24 16:12:15,505 - INFO - logger.py:104 - info - 使用单线程运行测试，避免Playwright Sync API在asyncio循环中的错误
2026-04-24 16:12:15,506 - INFO - logger.py:104 - info - Pytest执行参数: ['D:\\install\\auto_ui-master\\src\\testcase\\LD\\customer_file\\test_mismatch_product.py', '-p', 'no:xdist', '--tb=short', '--tb=short', '--timeout=180', '--alluredir', 'reports\\allure_report_20260424_161215']
2026-04-24 16:12:21,106 - INFO - logger.py:104 - info - 开始执行测试: TestImportProductCodeExists
2026-04-24 16:12:21,114 - INFO - logger.py:104 - info - 启动浏览器: Chromium, 无头模式: False
2026-04-24 16:12:28,975 - INFO - logger.py:104 - info - ============================================================
2026-04-24 16:12:28,978 - INFO - logger.py:104 - info - 开始执行测试用例：mismatch_product
2026-04-24 16:12:28,981 - INFO - logger.py:104 - info - 用例ms的id：0
2026-04-24 16:12:28,985 - INFO - logger.py:104 - info - ============================================================
2026-04-24 16:12:28,989 - INFO - logger.py:104 - info - 测试文件: D:\install\auto_ui-master\src\data\LD\customer_file\验证3.xlsx
2026-04-24 16:12:28,993 - INFO - logger.py:104 - info - 完成系统登录
2026-04-24 16:12:28,999 - INFO - logger.py:104 - info - 开始登录 LD 项目...
2026-04-24 16:12:29,002 - INFO - logger.py:104 - info - 登录URL: https://test2.saas-test3.supcon.com:32188
2026-04-24 16:12:29,007 - INFO - logger.py:104 - info - 用户名: admin
2026-04-24 16:12:32,594 - INFO - logger.py:104 - info - 检查是否存在在线用户超限提示
2026-04-24 16:12:33,162 - INFO - logger.py:104 - info - 已自动点击在线用户提示的确定按钮
2026-04-24 16:12:39,190 - INFO - logger.py:104 - info - LD 项目登录成功！
2026-04-24 16:12:39,193 - INFO - logger.py:104 - info - 导航进入客户档案页面
2026-04-24 16:12:40,355 - INFO - logger.py:104 - info - 选择目标客户，点击导入按钮
2026-04-24 16:12:42,093 - INFO - logger.py:104 - info - 上传导入文件
2026-04-24 16:12:42,626 - INFO - logger.py:104 - info - 确认导入，校验导入结果
2026-04-24 16:12:43,213 - INFO - logger.py:104 - info - 等待导入完成
2026-04-24 16:12:46,233 - INFO - logger.py:104 - info - 关闭弹窗，验证导入数据展示
2026-04-24 16:12:46,771 - INFO - logger.py:104 - info - 测试用例mismatch_product执行完成
2026-04-24 16:12:48,205 - INFO - logger.py:104 - info - 关闭页面
2026-04-24 16:12:48,277 - INFO - logger.py:104 - info - 关闭浏览器上下文
2026-04-24 16:12:48,359 - INFO - logger.py:104 - info - 关闭浏览器
2026-04-24 16:12:48,844 - INFO - logger.py:104 - info - 测试执行完成: TestImportProductCodeExists
2026-04-24 16:12:49,636 - ERROR - logger.py:112 - error - 生成Allure报告失败: Allure命令行工具未找到，请确保已安装并添加到系统PATH中
2026-04-24 16:12:49,639 - INFO - logger.py:104 - info - 测试执行完成，耗时: 34.10秒
2026-04-24 16:12:49,639 - INFO - logger.py:104 - info - 执行结果: 成功
