2026-04-27 13:06:15,266 - INFO - logger.py:104 - info - 开始执行测试
2026-04-27 13:06:15,267 - INFO - logger.py:104 - info - 使用单线程运行测试，避免Playwright Sync API在asyncio循环中的错误
2026-04-27 13:06:15,267 - INFO - logger.py:104 - info - Pytest执行参数: ['D:\\install\\auto_ui-master\\src\\testcase\\LD\\code_rule_config\\test_verify_serialnum_field_fill.py', '-p', 'no:xdist', '--tb=short', '--tb=short', '--timeout=180', '--alluredir', 'reports\\allure_report_20260427_130615']
2026-04-27 13:06:22,532 - INFO - logger.py:104 - info - 开始执行测试: TestVerifySerialnumFieldFill
2026-04-27 13:06:22,548 - INFO - logger.py:104 - info - 启动浏览器: Chromium, 无头模式: False
2026-04-27 13:06:32,469 - INFO - logger.py:104 - info - ============================================================
2026-04-27 13:06:32,475 - INFO - logger.py:104 - info - 开始执行用例：verify_serialnum_field_fill
2026-04-27 13:06:32,478 - INFO - logger.py:104 - info - 用例ms的id：0
2026-04-27 13:06:32,482 - INFO - logger.py:104 - info - ============================================================
2026-04-27 13:06:32,489 - INFO - logger.py:104 - info - 开始登录 LD 项目...
2026-04-27 13:06:32,493 - INFO - logger.py:104 - info - 登录URL: https://test2.saas-test3.supcon.com:32188
2026-04-27 13:06:32,496 - INFO - logger.py:104 - info - 用户名: admin
2026-04-27 13:06:50,057 - INFO - logger.py:104 - info - 检查是否存在在线用户超限提示
2026-04-27 13:06:50,607 - INFO - logger.py:104 - info - 已自动点击在线用户提示的确定按钮
2026-04-27 13:06:56,637 - INFO - logger.py:104 - info - LD 项目登录成功！
2026-04-27 13:06:56,639 - INFO - logger.py:104 - info - 进入编码规则配置菜单
2026-04-27 13:06:57,843 - INFO - logger.py:104 - info - 点击创建按钮
2026-04-27 13:06:58,933 - INFO - logger.py:104 - info - 点击增行按钮
2026-04-27 13:06:59,536 - INFO - logger.py:104 - info - 选择流水号规则类型
2026-04-27 13:07:00,714 - INFO - logger.py:104 - info - 添加左补位配置项
2026-04-27 13:07:31,586 - INFO - logger.py:104 - info - 关闭页面
2026-04-27 13:07:31,601 - INFO - logger.py:104 - info - 关闭浏览器上下文
2026-04-27 13:07:31,644 - INFO - logger.py:104 - info - 关闭浏览器
2026-04-27 13:07:31,926 - INFO - logger.py:104 - info - 测试执行完成: TestVerifySerialnumFieldFill
2026-04-27 13:07:32,551 - ERROR - logger.py:112 - error - 生成Allure报告失败: Allure命令行工具未找到，请确保已安装并添加到系统PATH中
2026-04-27 13:07:32,553 - INFO - logger.py:104 - info - 测试执行完成，耗时: 77.26秒
2026-04-27 13:07:32,553 - INFO - logger.py:104 - info - 执行结果: 失败
