2026-04-27 15:17:41,306 - INFO - logger.py:104 - info - 开始执行测试
2026-04-27 15:17:41,307 - INFO - logger.py:104 - info - 使用单线程运行测试，避免Playwright Sync API在asyncio循环中的错误
2026-04-27 15:17:41,307 - INFO - logger.py:104 - info - Pytest执行参数: ['D:\\install\\auto_ui-master\\src\\testcase\\LD\\code_rule_config\\test_verify_complement_symbol.py', '-p', 'no:xdist', '--tb=short', '--tb=short', '--timeout=180', '--alluredir', 'reports\\allure_report_20260427_151741']
2026-04-27 15:17:47,465 - INFO - logger.py:104 - info - 开始执行测试: TestVerifyComplementSymbol
2026-04-27 15:17:47,476 - INFO - logger.py:104 - info - 启动浏览器: Chromium, 无头模式: False
2026-04-27 15:17:55,565 - INFO - logger.py:104 - info - ============================================================
2026-04-27 15:17:55,574 - INFO - logger.py:104 - info - 开始执行用例：verify_complement_symbol
2026-04-27 15:17:55,578 - INFO - logger.py:104 - info - 用例ms的id：0
2026-04-27 15:17:55,591 - INFO - logger.py:104 - info - ============================================================
2026-04-27 15:17:55,593 - INFO - logger.py:104 - info - 开始登录 LD 项目...
2026-04-27 15:17:55,607 - INFO - logger.py:104 - info - 登录URL: https://test2.saas-test3.supcon.com:32188
2026-04-27 15:17:55,612 - INFO - logger.py:104 - info - 用户名: admin
2026-04-27 15:17:59,837 - INFO - logger.py:104 - info - 检查是否存在在线用户超限提示
2026-04-27 15:18:00,826 - INFO - logger.py:104 - info - 已自动点击在线用户提示的确定按钮
2026-04-27 15:18:06,911 - INFO - logger.py:104 - info - LD 项目登录成功！
2026-04-27 15:18:06,914 - INFO - logger.py:104 - info - 进入编码规则配置菜单
2026-04-27 15:18:08,090 - INFO - logger.py:104 - info - 开始创建新编码规则
2026-04-27 15:18:11,143 - INFO - logger.py:104 - info - 配置流水号左补位参数
2026-04-27 15:18:42,599 - INFO - logger.py:104 - info - 关闭页面
2026-04-27 15:18:42,614 - INFO - logger.py:104 - info - 关闭浏览器上下文
2026-04-27 15:18:42,647 - INFO - logger.py:104 - info - 关闭浏览器
2026-04-27 15:18:42,918 - INFO - logger.py:104 - info - 测试执行完成: TestVerifyComplementSymbol
2026-04-27 15:18:43,493 - ERROR - logger.py:112 - error - 生成Allure报告失败: Allure命令行工具未找到，请确保已安装并添加到系统PATH中
2026-04-27 15:18:43,494 - INFO - logger.py:104 - info - 测试执行完成，耗时: 62.16秒
2026-04-27 15:18:43,494 - INFO - logger.py:104 - info - 执行结果: 失败
