2026-04-27 13:26:05,054 - INFO - logger.py:104 - info - 开始执行测试
2026-04-27 13:26:05,054 - INFO - logger.py:104 - info - 使用单线程运行测试，避免Playwright Sync API在asyncio循环中的错误
2026-04-27 13:26:05,055 - INFO - logger.py:104 - info - Pytest执行参数: ['D:\\install\\auto_ui-master\\src\\testcase\\LD\\code_rule_config\\test_verify_serialnum_field_fill.py', '-p', 'no:xdist', '--tb=short', '--tb=short', '--timeout=180', '--alluredir', 'reports\\allure_report_20260427_132605']
2026-04-27 13:26:06,783 - INFO - logger.py:104 - info - 开始执行测试: TestVerifySerialnumFieldFill
2026-04-27 13:26:06,796 - INFO - logger.py:104 - info - 启动浏览器: Chromium, 无头模式: False
2026-04-27 13:26:09,613 - INFO - logger.py:104 - info - ============================================================
2026-04-27 13:26:09,618 - INFO - logger.py:104 - info - 开始执行用例：verify_serialnum_field_fill
2026-04-27 13:26:09,621 - INFO - logger.py:104 - info - 用例ms的id：0
2026-04-27 13:26:09,628 - INFO - logger.py:104 - info - ============================================================
2026-04-27 13:26:09,632 - INFO - logger.py:104 - info - 开始登录 LD 项目...
2026-04-27 13:26:09,646 - INFO - logger.py:104 - info - 登录URL: https://test2.saas-test3.supcon.com:32188
2026-04-27 13:26:09,650 - INFO - logger.py:104 - info - 用户名: admin
2026-04-27 13:26:13,888 - INFO - logger.py:104 - info - 检查是否存在在线用户超限提示
2026-04-27 13:26:14,496 - INFO - logger.py:104 - info - 已自动点击在线用户提示的确定按钮
2026-04-27 13:26:20,519 - INFO - logger.py:104 - info - LD 项目登录成功！
2026-04-27 13:26:20,523 - INFO - logger.py:104 - info - 进入编码规则配置菜单
2026-04-27 13:26:21,700 - INFO - logger.py:104 - info - 开始执行编码规则新增操作流程
2026-04-27 13:26:57,682 - INFO - logger.py:104 - info - 关闭页面
2026-04-27 13:26:57,702 - INFO - logger.py:104 - info - 关闭浏览器上下文
2026-04-27 13:26:57,749 - INFO - logger.py:104 - info - 关闭浏览器
2026-04-27 13:26:58,085 - INFO - logger.py:104 - info - 测试执行完成: TestVerifySerialnumFieldFill
2026-04-27 13:26:58,767 - ERROR - logger.py:112 - error - 生成Allure报告失败: Allure命令行工具未找到，请确保已安装并添加到系统PATH中
2026-04-27 13:26:58,768 - INFO - logger.py:104 - info - 测试执行完成，耗时: 53.69秒
2026-04-27 13:26:58,768 - INFO - logger.py:104 - info - 执行结果: 失败
