2026-04-24 10:22:21,372 - INFO - logger.py:104 - info - 开始执行测试
2026-04-24 10:22:21,372 - INFO - logger.py:104 - info - 使用单线程运行测试，避免Playwright Sync API在asyncio循环中的错误
2026-04-24 10:22:21,373 - INFO - logger.py:104 - info - Pytest执行参数: ['D:\\install\\auto_ui-master\\src\\testcase\\LD\\customer_file\\test_verify_import.py', '-p', 'no:xdist', '--tb=short', '--tb=short', '--timeout=180', '--alluredir', 'reports\\allure_report_20260424_102221']
2026-04-24 10:22:22,990 - INFO - logger.py:104 - info - 开始执行测试: TestVerifyImport
2026-04-24 10:22:23,001 - INFO - logger.py:104 - info - 启动浏览器: Chromium, 无头模式: False
2026-04-24 10:22:25,323 - INFO - logger.py:104 - info - ============================================================
2026-04-24 10:22:25,327 - INFO - logger.py:104 - info - 开始执行用例：verify_import
2026-04-24 10:22:25,331 - INFO - logger.py:104 - info - 用例ms的id：0
2026-04-24 10:22:25,335 - INFO - logger.py:104 - info - ============================================================
2026-04-24 10:22:25,351 - INFO - logger.py:104 - info - 完成系统登录
2026-04-24 10:22:25,366 - INFO - logger.py:104 - info - 开始登录 LD 项目...
2026-04-24 10:22:25,372 - INFO - logger.py:104 - info - 登录URL: https://test2.saas-test3.supcon.com:32188
2026-04-24 10:22:25,391 - INFO - logger.py:104 - info - 用户名: admin
2026-04-24 10:22:29,823 - INFO - logger.py:104 - info - 检查是否存在在线用户超限提示
2026-04-24 10:22:30,397 - INFO - logger.py:104 - info - 已自动点击在线用户提示的确定按钮
2026-04-24 10:22:36,423 - INFO - logger.py:104 - info - LD 项目登录成功！
2026-04-24 10:22:36,428 - INFO - logger.py:104 - info - 进入客户档案页面
2026-04-24 10:22:37,584 - INFO - logger.py:104 - info - 打开客户导入弹窗
2026-04-24 10:22:38,790 - INFO - logger.py:104 - info - 测试文件: D:\install\auto_ui-master\src\data\LD\customer_file\客户资料_2026_04_24.xlsx
2026-04-24 10:22:38,792 - INFO - logger.py:104 - info - 上传导入文件，确认导入
2026-04-24 10:22:39,921 - INFO - logger.py:104 - info - 关闭导入结果弹窗
2026-04-24 10:23:10,891 - INFO - logger.py:104 - info - 关闭页面
2026-04-24 10:23:10,913 - INFO - logger.py:104 - info - 关闭浏览器上下文
2026-04-24 10:23:10,944 - INFO - logger.py:104 - info - 关闭浏览器
2026-04-24 10:23:11,204 - INFO - logger.py:104 - info - 测试执行完成: TestVerifyImport
2026-04-24 10:23:11,789 - ERROR - logger.py:112 - error - 生成Allure报告失败: Allure命令行工具未找到，请确保已安装并添加到系统PATH中
2026-04-24 10:23:11,790 - INFO - logger.py:104 - info - 测试执行完成，耗时: 50.39秒
2026-04-24 10:23:11,790 - INFO - logger.py:104 - info - 执行结果: 失败
