2026-04-23 16:42:11,379 - INFO - logger.py:104 - info - 开始执行测试
2026-04-23 16:42:11,379 - INFO - logger.py:104 - info - 使用单线程运行测试，避免Playwright Sync API在asyncio循环中的错误
2026-04-23 16:42:11,379 - INFO - logger.py:104 - info - Pytest执行参数: ['D:\\install\\auto_ui-master\\src\\testcase\\LD\\bom_management\\test_bom_list_data.py', '-p', 'no:xdist', '--tb=short', '--tb=short', '--timeout=180', '--alluredir', 'reports\\allure_report_20260423_164211']
2026-04-23 16:42:14,727 - INFO - logger.py:104 - info - 开始执行测试: TestBomListData
2026-04-23 16:42:14,794 - INFO - logger.py:104 - info - 启动浏览器: Chromium, 无头模式: False
2026-04-23 16:42:17,434 - INFO - logger.py:104 - info - ============================================================
2026-04-23 16:42:17,440 - INFO - logger.py:104 - info - 开始执行用例：bom_list_data
2026-04-23 16:42:17,444 - INFO - logger.py:104 - info - 用例ms的id：0
2026-04-23 16:42:17,450 - INFO - logger.py:104 - info - ============================================================
2026-04-23 16:42:17,454 - INFO - logger.py:104 - info - 开始登录 LD 项目...
2026-04-23 16:42:17,458 - INFO - logger.py:104 - info - 登录URL: https://test2.saas-test3.supcon.com:32188
2026-04-23 16:42:17,462 - INFO - logger.py:104 - info - 用户名: admin
2026-04-23 16:42:30,039 - INFO - logger.py:104 - info - LD 项目登录成功！
2026-04-23 16:42:30,042 - INFO - logger.py:104 - info - 登录成功，进入菜单导航
2026-04-23 16:42:30,044 - INFO - logger.py:104 - info - 点击基础资料菜单
2026-04-23 16:42:30,578 - INFO - logger.py:104 - info - 点击物料清单菜单
2026-04-23 16:42:31,192 - INFO - logger.py:104 - info - 进入物料清单表格页面，开始执行列头操作
2026-04-23 16:42:42,214 - INFO - logger.py:104 - info - bom_list_data用例执行完成
2026-04-23 16:42:42,220 - INFO - logger.py:104 - info - 关闭页面
2026-04-23 16:42:42,268 - INFO - logger.py:104 - info - 关闭浏览器上下文
2026-04-23 16:42:42,339 - INFO - logger.py:104 - info - 关闭浏览器
2026-04-23 16:42:42,809 - INFO - logger.py:104 - info - 测试执行完成: TestBomListData
2026-04-23 16:42:43,656 - ERROR - logger.py:112 - error - 生成Allure报告失败: Allure命令行工具未找到，请确保已安装并添加到系统PATH中
2026-04-23 16:42:43,657 - INFO - logger.py:104 - info - 测试执行完成，耗时: 32.26秒
2026-04-23 16:42:43,657 - INFO - logger.py:104 - info - 执行结果: 成功
