2026-04-28 10:26:21,840 - INFO - logger.py:104 - info - 开始执行测试
2026-04-28 10:26:21,840 - INFO - logger.py:104 - info - 使用单线程运行测试，避免Playwright Sync API在asyncio循环中的错误
2026-04-28 10:26:21,841 - INFO - logger.py:104 - info - Pytest执行参数: ['D:\\install\\auto_ui-master\\src\\testcase\\LD\\system_configuration\\test_verify_require_field.py', '-p', 'no:xdist', '--tb=short', '--tb=short', '--timeout=180', '--alluredir', 'reports\\allure_report_20260428_102621']
2026-04-28 10:26:23,527 - INFO - logger.py:104 - info - 开始执行测试: TestVerifyRequireField
2026-04-28 10:26:23,535 - INFO - logger.py:104 - info - 启动浏览器: Chromium, 无头模式: False
2026-04-28 10:26:26,030 - INFO - logger.py:104 - info - ============================================================
2026-04-28 10:26:26,041 - INFO - logger.py:104 - info - 开始执行用例：verify_require_field
2026-04-28 10:26:26,049 - INFO - logger.py:104 - info - 用例ms的id：0
2026-04-28 10:26:26,082 - INFO - logger.py:104 - info - ============================================================
2026-04-28 10:26:26,102 - INFO - logger.py:104 - info - 开始登录 LD 项目...
2026-04-28 10:26:26,115 - INFO - logger.py:104 - info - 登录URL: https://test2.saas-test3.supcon.com:32188
2026-04-28 10:26:26,124 - INFO - logger.py:104 - info - 用户名: admin
2026-04-28 10:26:30,263 - INFO - logger.py:104 - info - 检查是否存在在线用户超限提示
2026-04-28 10:26:30,829 - INFO - logger.py:104 - info - 已自动点击在线用户提示的确定按钮
2026-04-28 10:26:36,844 - INFO - logger.py:104 - info - LD 项目登录成功！
2026-04-28 10:26:36,847 - INFO - logger.py:104 - info - 登录成功，开始导航到目标页面
2026-04-28 10:26:36,848 - INFO - logger.py:104 - info - 点击基础资料菜单
2026-04-28 10:26:37,384 - INFO - logger.py:104 - info - 点击系统配置菜单
2026-04-28 10:26:37,963 - INFO - logger.py:104 - info - 点击进入标签打印配置页面
2026-04-28 10:26:38,585 - INFO - logger.py:104 - info - 点击新增按钮打开新增表单
2026-04-28 10:26:39,473 - INFO - logger.py:104 - info - 不填写任何内容，直接点击保存按钮
2026-04-28 10:26:40,060 - INFO - logger.py:104 - info - 校验必填项提示信息是否正常显示
2026-04-28 10:26:40,076 - INFO - logger.py:104 - info - 点击取消关闭新增表单
2026-04-28 10:26:40,668 - INFO - logger.py:104 - info - 用例执行完成
2026-04-28 10:26:40,675 - INFO - logger.py:104 - info - 关闭页面
2026-04-28 10:26:40,732 - INFO - logger.py:104 - info - 关闭浏览器上下文
2026-04-28 10:26:40,759 - INFO - logger.py:104 - info - 关闭浏览器
2026-04-28 10:26:41,034 - INFO - logger.py:104 - info - 测试执行完成: TestVerifyRequireField
2026-04-28 10:26:41,727 - ERROR - logger.py:112 - error - 生成Allure报告失败: Allure命令行工具未找到，请确保已安装并添加到系统PATH中
2026-04-28 10:26:41,728 - INFO - logger.py:104 - info - 测试执行完成，耗时: 19.87秒
2026-04-28 10:26:41,729 - INFO - logger.py:104 - info - 执行结果: 成功
