2026-04-23 16:55:04,245 - INFO - logger.py:104 - info - 开始执行测试
2026-04-23 16:55:04,246 - INFO - logger.py:104 - info - 使用单线程运行测试，避免Playwright Sync API在asyncio循环中的错误
2026-04-23 16:55:04,246 - INFO - logger.py:104 - info - Pytest执行参数: ['D:\\install\\auto_ui-master\\src\\testcase\\LD\\bom_management\\test_bom_check_child.py', '-p', 'no:xdist', '--tb=short', '--tb=short', '--timeout=180', '--alluredir', 'reports\\allure_report_20260423_165504']
2026-04-23 16:55:07,107 - INFO - logger.py:104 - info - 开始执行测试: TestBomCheckChild
2026-04-23 16:55:07,118 - INFO - logger.py:104 - info - 启动浏览器: Chromium, 无头模式: False
2026-04-23 16:55:11,552 - INFO - logger.py:104 - info - ============================================================
2026-04-23 16:55:11,558 - INFO - logger.py:104 - info - 开始执行用例：bom_check_child
2026-04-23 16:55:11,562 - INFO - logger.py:104 - info - 用例ms的id：0
2026-04-23 16:55:11,565 - INFO - logger.py:104 - info - ============================================================
2026-04-23 16:55:11,567 - INFO - logger.py:104 - info - 开始登录 LD 项目...
2026-04-23 16:55:11,572 - INFO - logger.py:104 - info - 登录URL: https://test2.saas-test3.supcon.com:32188
2026-04-23 16:55:11,578 - INFO - logger.py:104 - info - 用户名: admin
2026-04-23 16:55:20,447 - INFO - logger.py:104 - info - LD 项目登录成功！
2026-04-23 16:55:20,450 - INFO - logger.py:104 - info - 登录成功，开始进入目标菜单
2026-04-23 16:55:51,366 - INFO - logger.py:104 - info - 关闭页面
2026-04-23 16:55:51,388 - INFO - logger.py:104 - info - 关闭浏览器上下文
2026-04-23 16:55:51,531 - INFO - logger.py:104 - info - 关闭浏览器
2026-04-23 16:55:51,907 - INFO - logger.py:104 - info - 测试执行完成: TestBomCheckChild
2026-04-23 16:55:53,861 - ERROR - logger.py:112 - error - 生成Allure报告失败: Allure命令行工具未找到，请确保已安装并添加到系统PATH中
2026-04-23 16:55:53,863 - INFO - logger.py:104 - info - 测试执行完成，耗时: 49.57秒
2026-04-23 16:55:53,863 - INFO - logger.py:104 - info - 执行结果: 失败
