2026-04-28 09:15:34,675 - INFO - logger.py:104 - info - 开始执行测试
2026-04-28 09:15:34,675 - INFO - logger.py:104 - info - 使用单线程运行测试，避免Playwright Sync API在asyncio循环中的错误
2026-04-28 09:15:34,676 - INFO - logger.py:104 - info - Pytest执行参数: ['D:\\install\\auto_ui-master\\src\\testcase\\LD\\base_information\\test_verify_name_rejected.py', '-p', 'no:xdist', '--tb=short', '--tb=short', '--timeout=180', '--alluredir', 'reports\\allure_report_20260428_091534']
2026-04-28 09:15:37,339 - INFO - logger.py:104 - info - 开始执行测试: TestVerifyProdLineNameRejected
2026-04-28 09:15:37,358 - INFO - logger.py:104 - info - 启动浏览器: Chromium, 无头模式: False
2026-04-28 09:15:39,845 - INFO - logger.py:104 - info - ============================================================
2026-04-28 09:15:39,852 - INFO - logger.py:104 - info - 开始执行用例：verify_name_rejected
2026-04-28 09:15:39,858 - INFO - logger.py:104 - info - 用例ms ID：0
2026-04-28 09:15:39,861 - INFO - logger.py:104 - info - ============================================================
2026-04-28 09:15:39,865 - INFO - logger.py:104 - info - 执行公用登录
2026-04-28 09:15:39,869 - INFO - logger.py:104 - info - 开始登录 LD 项目...
2026-04-28 09:15:39,877 - INFO - logger.py:104 - info - 登录URL: https://test2.saas-test3.supcon.com:32188
2026-04-28 09:15:39,880 - INFO - logger.py:104 - info - 用户名: admin
2026-04-28 09:15:43,539 - INFO - logger.py:104 - info - 检查是否存在在线用户超限提示
2026-04-28 09:15:44,209 - INFO - logger.py:104 - info - 已自动点击在线用户提示的确定按钮
2026-04-28 09:15:50,242 - INFO - logger.py:104 - info - LD 项目登录成功！
2026-04-28 09:15:50,245 - INFO - logger.py:104 - info - 导航到产线设置页面
2026-04-28 09:15:52,013 - INFO - logger.py:104 - info - 打开新增产线弹窗
2026-04-28 09:15:52,820 - INFO - logger.py:104 - info - 填充产线基本信息
2026-04-28 09:15:53,875 - INFO - logger.py:104 - info - 选择关联设备
2026-04-28 09:15:56,652 - INFO - logger.py:104 - info - 关闭页面
2026-04-28 09:15:56,669 - INFO - logger.py:104 - info - 关闭浏览器上下文
2026-04-28 09:15:56,735 - INFO - logger.py:104 - info - 关闭浏览器
2026-04-28 09:15:57,029 - INFO - logger.py:104 - info - 测试执行完成: TestVerifyProdLineNameRejected
2026-04-28 09:15:57,580 - ERROR - logger.py:112 - error - 生成Allure报告失败: Allure命令行工具未找到，请确保已安装并添加到系统PATH中
2026-04-28 09:15:57,581 - INFO - logger.py:104 - info - 测试执行完成，耗时: 22.88秒
2026-04-28 09:15:57,581 - INFO - logger.py:104 - info - 执行结果: 失败
