2026-04-22 14:12:48,486 - INFO - logger.py:104 - info - 开始执行测试
2026-04-22 14:12:48,487 - INFO - logger.py:104 - info - 使用单线程运行测试，避免Playwright Sync API在asyncio循环中的错误
2026-04-22 14:12:48,487 - INFO - logger.py:104 - info - Pytest执行参数: ['D:\\install\\auto_ui-master\\src\\testcase\\LD\\bom_management\\test_export_nonexistent_product_material.py', '-p', 'no:xdist', '--tb=short', '--tb=short', '--timeout=180', '--alluredir', 'reports\\allure_report_20260422_141248']
2026-04-22 14:12:50,300 - INFO - logger.py:104 - info - 开始执行测试: TestExportNonexistentProductMaterial
2026-04-22 14:12:50,311 - INFO - logger.py:104 - info - 启动浏览器: Chromium, 无头模式: False
2026-04-22 14:12:52,350 - INFO - logger.py:104 - info - ============================================================
2026-04-22 14:12:52,360 - INFO - logger.py:104 - info - 开始执行用例：export_nonexistent_product_material
2026-04-22 14:12:52,364 - INFO - logger.py:104 - info - 用例ms ID：0
2026-04-22 14:12:52,368 - INFO - logger.py:104 - info - ============================================================
2026-04-22 14:12:52,370 - INFO - logger.py:104 - info - 调用公用登录方法完成登录
2026-04-22 14:12:52,373 - INFO - logger.py:104 - info - 开始登录 LD 项目...
2026-04-22 14:12:52,376 - INFO - logger.py:104 - info - 登录URL: https://test2.saas-test3.supcon.com:32188
2026-04-22 14:12:52,379 - INFO - logger.py:104 - info - 用户名: autotest01
2026-04-22 14:13:04,450 - INFO - logger.py:104 - info - LD 项目登录成功！
2026-04-22 14:13:04,453 - INFO - logger.py:104 - info - 进入基础资料->物料清单页面
2026-04-22 14:13:05,624 - INFO - logger.py:104 - info - 输入查询条件：父项产品编码 FJ00002
2026-04-22 14:13:07,887 - INFO - logger.py:104 - info - 点击查询按钮
2026-04-22 14:13:08,588 - INFO - logger.py:104 - info - 验证查询结果显示暂无数据
2026-04-22 14:13:09,175 - INFO - logger.py:104 - info - 点击导出按钮，打开导出对话框
2026-04-22 14:13:09,769 - INFO - logger.py:104 - info - 输入导出文件名
2026-04-22 14:13:10,862 - INFO - logger.py:104 - info - 点击确认导出按钮
2026-04-22 14:13:11,443 - INFO - logger.py:104 - info - 验证未查询到可导出数据的提示信息
2026-04-22 14:13:12,013 - INFO - logger.py:104 - info - 用例export_nonexistent_product_material执行完成
2026-04-22 14:13:12,018 - INFO - logger.py:104 - info - 关闭页面
2026-04-22 14:13:12,047 - INFO - logger.py:104 - info - 关闭浏览器上下文
2026-04-22 14:13:12,167 - INFO - logger.py:104 - info - 关闭浏览器
2026-04-22 14:13:12,920 - INFO - logger.py:104 - info - 测试执行完成: TestExportNonexistentProductMaterial
2026-04-22 14:13:13,481 - ERROR - logger.py:112 - error - 生成Allure报告失败: Allure命令行工具未找到，请确保已安装并添加到系统PATH中
2026-04-22 14:13:13,485 - INFO - logger.py:104 - info - 测试执行完成，耗时: 24.96秒
2026-04-22 14:13:13,485 - INFO - logger.py:104 - info - 执行结果: 成功
