2026-04-23 09:30:06,215 - INFO - logger.py:104 - info - 开始执行测试
2026-04-23 09:30:06,215 - INFO - logger.py:104 - info - 使用单线程运行测试，避免Playwright Sync API在asyncio循环中的错误
2026-04-23 09:30:06,216 - INFO - logger.py:104 - info - Pytest执行参数: ['D:\\install\\auto_ui-master\\src\\testcase\\LD\\bom_management\\test_verify_data_prepopulation.py', '-p', 'no:xdist', '--tb=short', '--tb=short', '--timeout=180', '--alluredir', 'reports\\allure_report_20260423_093006']
2026-04-23 09:30:08,107 - INFO - logger.py:104 - info - 开始执行测试: TestVerifyBomDataPrepopulation
2026-04-23 09:30:08,120 - INFO - logger.py:104 - info - 启动浏览器: Chromium, 无头模式: False
2026-04-23 09:30:10,375 - INFO - logger.py:104 - info - ============================================================
2026-04-23 09:30:10,453 - INFO - logger.py:104 - info - 开始执行用例：verify_data_prepopulation
2026-04-23 09:30:10,458 - INFO - logger.py:104 - info - 用例ms ID：0
2026-04-23 09:30:10,462 - INFO - logger.py:104 - info - ============================================================
2026-04-23 09:30:10,523 - INFO - logger.py:104 - info - 调用公用登录方法完成登录
2026-04-23 09:30:10,539 - INFO - logger.py:104 - info - 开始登录 LD 项目...
2026-04-23 09:30:10,573 - INFO - logger.py:104 - info - 登录URL: https://test2.saas-test3.supcon.com:32188
2026-04-23 09:30:10,576 - INFO - logger.py:104 - info - 用户名: admin
2026-04-23 09:30:24,034 - INFO - logger.py:104 - info - LD 项目登录成功！
2026-04-23 09:30:24,037 - INFO - logger.py:104 - info - 进入菜单：基础资料 -> 物料清单
2026-04-23 09:30:28,537 - INFO - logger.py:104 - info - 校验目标物料行可见，点击编辑按钮
2026-04-23 09:30:29,117 - INFO - logger.py:104 - info - 等待编辑页面加载
2026-04-23 09:30:31,160 - INFO - logger.py:104 - info - 开始校验编辑页各模块数据预填充
2026-04-23 09:30:31,320 - INFO - logger.py:104 - info - 校验单位列表头排序功能
2026-04-23 09:30:32,419 - INFO - logger.py:104 - info - 用例verify_data_prepopulation执行完成
2026-04-23 09:30:32,424 - INFO - logger.py:104 - info - 关闭页面
2026-04-23 09:30:32,445 - INFO - logger.py:104 - info - 关闭浏览器上下文
2026-04-23 09:30:32,518 - INFO - logger.py:104 - info - 关闭浏览器
2026-04-23 09:30:32,969 - INFO - logger.py:104 - info - 测试执行完成: TestVerifyBomDataPrepopulation
2026-04-23 09:30:34,235 - ERROR - logger.py:112 - error - 生成Allure报告失败: Allure命令行工具未找到，请确保已安装并添加到系统PATH中
2026-04-23 09:30:34,236 - INFO - logger.py:104 - info - 测试执行完成，耗时: 27.99秒
2026-04-23 09:30:34,237 - INFO - logger.py:104 - info - 执行结果: 成功
