2026-04-24 15:41:57,835 - INFO - logger.py:104 - info - 开始执行测试
2026-04-24 15:41:57,837 - INFO - logger.py:104 - info - 使用单线程运行测试，避免Playwright Sync API在asyncio循环中的错误
2026-04-24 15:41:57,839 - INFO - logger.py:104 - info - Pytest执行参数: ['D:\\install\\auto_ui-master\\src\\testcase\\LD\\customer_file\\test_import_miss_productfile.py', '-p', 'no:xdist', '--tb=short', '--tb=short', '--timeout=180', '--alluredir', 'reports\\allure_report_20260424_154157']
2026-04-24 15:41:59,517 - INFO - logger.py:104 - info - 开始执行测试: TestImportProductCodeExists
2026-04-24 15:41:59,530 - INFO - logger.py:104 - info - 启动浏览器: Chromium, 无头模式: False
2026-04-24 15:42:02,364 - INFO - logger.py:104 - info - ============================================================
2026-04-24 15:42:02,368 - INFO - logger.py:104 - info - 开始执行测试用例：import_miss_productfile
2026-04-24 15:42:02,376 - INFO - logger.py:104 - info - 用例ms的id：0
2026-04-24 15:42:02,380 - INFO - logger.py:104 - info - ============================================================
2026-04-24 15:42:02,384 - INFO - logger.py:104 - info - 测试文件: D:\install\auto_ui-master\src\data\LD\customer_file\验证.xlsx
2026-04-24 15:42:02,388 - INFO - logger.py:104 - info - 完成系统登录
2026-04-24 15:42:02,393 - INFO - logger.py:104 - info - 开始登录 LD 项目...
2026-04-24 15:42:02,397 - INFO - logger.py:104 - info - 登录URL: https://test2.saas-test3.supcon.com:32188
2026-04-24 15:42:02,401 - INFO - logger.py:104 - info - 用户名: admin
2026-04-24 15:42:06,421 - INFO - logger.py:104 - info - 检查是否存在在线用户超限提示
2026-04-24 15:42:06,987 - INFO - logger.py:104 - info - 已自动点击在线用户提示的确定按钮
2026-04-24 15:42:13,003 - INFO - logger.py:104 - info - LD 项目登录成功！
2026-04-24 15:42:13,008 - INFO - logger.py:104 - info - 导航进入客户档案页面
2026-04-24 15:42:14,179 - INFO - logger.py:104 - info - 选择目标客户，点击导入按钮
2026-04-24 15:42:16,129 - INFO - logger.py:104 - info - 上传导入文件
2026-04-24 15:42:16,659 - INFO - logger.py:104 - info - 确认导入，校验导入结果
2026-04-24 15:42:17,237 - INFO - logger.py:104 - info - 等待导入完成
2026-04-24 15:42:20,271 - INFO - logger.py:104 - info - 关闭弹窗，验证导入数据展示
2026-04-24 15:42:20,812 - INFO - logger.py:104 - info - 测试用例import_miss_productfile执行完成
2026-04-24 15:42:20,816 - INFO - logger.py:104 - info - 关闭页面
2026-04-24 15:42:20,830 - INFO - logger.py:104 - info - 关闭浏览器上下文
2026-04-24 15:42:20,887 - INFO - logger.py:104 - info - 关闭浏览器
2026-04-24 15:42:21,207 - INFO - logger.py:104 - info - 测试执行完成: TestImportProductCodeExists
2026-04-24 15:42:22,224 - ERROR - logger.py:112 - error - 生成Allure报告失败: Allure命令行工具未找到，请确保已安装并添加到系统PATH中
2026-04-24 15:42:22,225 - INFO - logger.py:104 - info - 测试执行完成，耗时: 24.36秒
2026-04-24 15:42:22,226 - INFO - logger.py:104 - info - 执行结果: 成功
