2026-05-09 13:06:28,088 - INFO - logger.py:104 - info - 开始执行测试
2026-05-09 13:06:28,092 - INFO - logger.py:104 - info - 使用单线程运行测试，避免Playwright Sync API在asyncio循环中的错误
2026-05-09 13:06:28,093 - INFO - logger.py:104 - info - Pytest执行参数: ['D:\\install\\auto_ui-master\\src\\testcase\\LD\\customer_file\\test_import_empty.py', '-p', 'no:xdist', '--tb=short', '--tb=short', '--timeout=180', '--alluredir', 'reports\\allure_report_20260509_130628']
2026-05-09 13:06:31,492 - INFO - logger.py:104 - info - 开始执行测试: TestImportEmpty
2026-05-09 13:06:31,509 - INFO - logger.py:104 - info - 启动浏览器: Chromium, 无头模式: False
2026-05-09 13:06:35,606 - INFO - logger.py:104 - info - ============================================================
2026-05-09 13:06:35,610 - INFO - logger.py:104 - info - 开始执行用例：import_empty
2026-05-09 13:06:35,614 - INFO - logger.py:104 - info - 用例ms ID：101271
2026-05-09 13:06:35,619 - INFO - logger.py:104 - info - ============================================================
2026-05-09 13:06:35,622 - INFO - logger.py:104 - info - 测试文件: D:\install\auto_ui-master\src\data\LD\customer_file\空表.xlsx
2026-05-09 13:06:35,626 - INFO - logger.py:104 - info - 调用公用登录方法登录系统
2026-05-09 13:06:35,629 - INFO - logger.py:104 - info - 开始登录 LD 项目...
2026-05-09 13:06:35,634 - INFO - logger.py:104 - info - 登录URL: https://test2.saas-test3.supcon.com:32188
2026-05-09 13:06:35,637 - INFO - logger.py:104 - info - 用户名: admin
2026-05-09 13:06:39,507 - INFO - logger.py:104 - info - 检查是否存在在线用户超限提示
2026-05-09 13:06:40,072 - INFO - logger.py:104 - info - 已自动点击在线用户提示的确定按钮
2026-05-09 13:06:46,097 - INFO - logger.py:104 - info - LD 项目登录成功！
2026-05-09 13:06:46,102 - INFO - logger.py:104 - info - 进入客户档案页面
2026-05-09 13:06:47,334 - INFO - logger.py:104 - info - 定位客户资料页面
2026-05-09 13:06:47,337 - INFO - logger.py:104 - info - 定位第一个客户数据行
2026-05-09 13:06:47,338 - INFO - logger.py:104 - info - 点击第一个客户数据行，激活客户产品映射页面
2026-05-09 13:06:48,526 - INFO - logger.py:104 - info - 等待客户行选中状态
2026-05-09 13:06:48,541 - INFO - logger.py:104 - info - 定位客户产品映射区域的导入按钮
2026-05-09 13:06:48,544 - INFO - logger.py:104 - info - 等待导入按钮可用
2026-05-09 13:06:48,556 - INFO - logger.py:104 - info - 点击导入按钮
2026-05-09 13:06:49,101 - INFO - logger.py:104 - info - 上传导入文件，确认导入
2026-05-09 13:06:50,240 - INFO - logger.py:104 - info - 等待导入完成
2026-05-09 13:06:53,276 - INFO - logger.py:104 - info - 关闭弹窗，用例执行完成
2026-05-09 13:06:53,813 - INFO - logger.py:104 - info - 关闭页面
2026-05-09 13:06:53,834 - INFO - logger.py:104 - info - 关闭浏览器上下文
2026-05-09 13:06:53,908 - INFO - logger.py:104 - info - 关闭浏览器
2026-05-09 13:06:54,269 - INFO - logger.py:104 - info - 测试执行完成: TestImportEmpty
2026-05-09 13:06:55,570 - ERROR - logger.py:112 - error - 生成Allure报告失败: Allure命令行工具未找到，请确保已安装并添加到系统PATH中
2026-05-09 13:06:55,573 - INFO - logger.py:104 - info - 测试执行完成，耗时: 27.44秒
2026-05-09 13:06:55,574 - INFO - logger.py:104 - info - 执行结果: 成功
