2026-04-28 10:56:48,541 - INFO - logger.py:104 - info - 开始执行测试
2026-04-28 10:56:48,542 - INFO - logger.py:104 - info - 使用单线程运行测试，避免Playwright Sync API在asyncio循环中的错误
2026-04-28 10:56:48,542 - INFO - logger.py:104 - info - Pytest执行参数: ['D:\\install\\auto_ui-master\\src\\testcase\\LD\\system_configuration\\test_verify_delete_function.py', '-p', 'no:xdist', '--tb=short', '--tb=short', '--timeout=180', '--alluredir', 'reports\\allure_report_20260428_105648']
2026-04-28 10:56:50,259 - INFO - logger.py:104 - info - 开始执行测试: TestVerifyLabelDelete
2026-04-28 10:56:50,303 - INFO - logger.py:104 - info - 启动浏览器: Chromium, 无头模式: False
2026-04-28 10:56:53,298 - INFO - logger.py:104 - info - ============================================================
2026-04-28 10:56:53,300 - INFO - logger.py:104 - info - 开始执行用例：verify_delete_function
2026-04-28 10:56:53,302 - INFO - logger.py:104 - info - 用例ms的id：0
2026-04-28 10:56:53,304 - INFO - logger.py:104 - info - ============================================================
2026-04-28 10:56:53,305 - INFO - logger.py:104 - info - 开始登录 LD 项目...
2026-04-28 10:56:53,307 - INFO - logger.py:104 - info - 登录URL: https://test2.saas-test3.supcon.com:32188
2026-04-28 10:56:53,311 - INFO - logger.py:104 - info - 用户名: admin
2026-04-28 10:56:56,914 - INFO - logger.py:104 - info - 检查是否存在在线用户超限提示
2026-04-28 10:56:57,484 - INFO - logger.py:104 - info - 已自动点击在线用户提示的确定按钮
2026-04-28 10:57:03,508 - INFO - logger.py:104 - info - LD 项目登录成功！
2026-04-28 10:57:03,510 - INFO - logger.py:104 - info - 导航到标签打印配置页面
2026-04-28 10:57:05,141 - INFO - logger.py:104 - info - 执行确认删除操作测试
2026-04-28 10:57:24,579 - INFO - logger.py:104 - info - 关闭页面
2026-04-28 10:57:24,586 - INFO - logger.py:104 - info - 关闭浏览器上下文
2026-04-28 10:57:24,597 - INFO - logger.py:104 - info - 关闭浏览器
2026-04-28 10:57:24,839 - INFO - logger.py:104 - info - 测试执行完成: TestVerifyLabelDelete
2026-04-28 10:57:25,390 - ERROR - logger.py:112 - error - 生成Allure报告失败: Allure命令行工具未找到，请确保已安装并添加到系统PATH中
2026-04-28 10:57:25,391 - INFO - logger.py:104 - info - 测试执行完成，耗时: 36.82秒
2026-04-28 10:57:25,391 - INFO - logger.py:104 - info - 执行结果: 失败
