2026-04-24 08:41:01,311 - INFO - logger.py:104 - info - 开始执行测试
2026-04-24 08:41:01,311 - INFO - logger.py:104 - info - 使用单线程运行测试，避免Playwright Sync API在asyncio循环中的错误
2026-04-24 08:41:01,312 - INFO - logger.py:104 - info - Pytest执行参数: ['D:\\install\\auto_ui-master\\src\\testcase\\LD\\bom_management\\test_verify_child_product.py', '-p', 'no:xdist', '--tb=short', '--tb=short', '--timeout=180', '--alluredir', 'reports\\allure_report_20260424_084101']
2026-04-24 08:41:17,606 - INFO - logger.py:104 - info - 开始执行测试: TestVerifyChildProduct
2026-04-24 08:41:17,709 - INFO - logger.py:104 - info - 启动浏览器: Chromium, 无头模式: False
2026-04-24 08:41:19,946 - INFO - logger.py:104 - info - ============================================================
2026-04-24 08:41:19,949 - INFO - logger.py:104 - info - 开始执行用例：verify_child_product
2026-04-24 08:41:19,955 - INFO - logger.py:104 - info - 用例ms ID：0
2026-04-24 08:41:19,960 - INFO - logger.py:104 - info - ============================================================
2026-04-24 08:41:19,963 - INFO - logger.py:104 - info - 完成系统登录
2026-04-24 08:41:19,966 - INFO - logger.py:104 - info - 开始登录 LD 项目...
2026-04-24 08:41:19,971 - INFO - logger.py:104 - info - 登录URL: https://test2.saas-test3.supcon.com:32188
2026-04-24 08:41:19,977 - INFO - logger.py:104 - info - 用户名: admin
2026-04-24 08:41:29,071 - INFO - logger.py:104 - info - LD 项目登录成功！
2026-04-24 08:41:29,075 - INFO - logger.py:104 - info - 进入物料清单菜单
2026-04-24 08:41:30,302 - INFO - logger.py:104 - info - 验证页面初始元素状态
2026-04-24 08:41:31,309 - INFO - logger.py:104 - info - 点击编辑按钮
2026-04-24 08:41:31,998 - INFO - logger.py:104 - info - 触发添加子项产品操作
2026-04-24 08:41:32,857 - INFO - logger.py:104 - info - 执行页面操作
2026-04-24 08:41:36,812 - INFO - logger.py:104 - info - verify_child_product用例执行完成
2026-04-24 08:41:36,817 - INFO - logger.py:104 - info - 关闭页面
2026-04-24 08:41:36,894 - INFO - logger.py:104 - info - 关闭浏览器上下文
2026-04-24 08:41:36,981 - INFO - logger.py:104 - info - 关闭浏览器
2026-04-24 08:41:37,522 - INFO - logger.py:104 - info - 测试执行完成: TestVerifyChildProduct
2026-04-24 08:41:38,425 - ERROR - logger.py:112 - error - 生成Allure报告失败: Allure命令行工具未找到，请确保已安装并添加到系统PATH中
2026-04-24 08:41:38,427 - INFO - logger.py:104 - info - 测试执行完成，耗时: 37.08秒
2026-04-24 08:41:38,427 - INFO - logger.py:104 - info - 执行结果: 成功
