2026-04-23 10:38:54,947 - INFO - logger.py:104 - info - 开始执行测试
2026-04-23 10:38:54,948 - INFO - logger.py:104 - info - 使用单线程运行测试，避免Playwright Sync API在asyncio循环中的错误
2026-04-23 10:38:54,948 - INFO - logger.py:104 - info - Pytest执行参数: ['D:\\install\\auto_ui-master\\src\\testcase\\LD\\bom_management\\test_verify_add_child_product.py', '-p', 'no:xdist', '--tb=short', '--tb=short', '--timeout=180', '--alluredir', 'reports\\allure_report_20260423_103854']
2026-04-23 10:38:57,627 - INFO - logger.py:104 - info - 开始执行测试: TestVerifyAddChildProduct
2026-04-23 10:38:57,672 - INFO - logger.py:104 - info - 启动浏览器: Chromium, 无头模式: False
2026-04-23 10:39:00,429 - INFO - logger.py:104 - info - ============================================================
2026-04-23 10:39:00,433 - INFO - logger.py:104 - info - 开始执行用例：verify_add_child_product
2026-04-23 10:39:00,444 - INFO - logger.py:104 - info - 用例ms的id：0
2026-04-23 10:39:00,504 - INFO - logger.py:104 - info - ============================================================
2026-04-23 10:39:00,522 - INFO - logger.py:104 - info - 登录目标系统
2026-04-23 10:39:00,558 - INFO - logger.py:104 - info - 开始登录 LD 项目...
2026-04-23 10:39:00,568 - INFO - logger.py:104 - info - 登录URL: https://test2.saas-test3.supcon.com:32188
2026-04-23 10:39:00,574 - INFO - logger.py:104 - info - 用户名: admin
2026-04-23 10:39:14,600 - INFO - logger.py:104 - info - LD 项目登录成功！
2026-04-23 10:39:14,603 - INFO - logger.py:104 - info - 进入物料清单页面
2026-04-23 10:39:46,414 - INFO - logger.py:104 - info - 关闭页面
2026-04-23 10:39:46,436 - INFO - logger.py:104 - info - 关闭浏览器上下文
2026-04-23 10:39:46,541 - INFO - logger.py:104 - info - 关闭浏览器
2026-04-23 10:39:47,004 - INFO - logger.py:104 - info - 测试执行完成: TestVerifyAddChildProduct
2026-04-23 10:39:48,078 - ERROR - logger.py:112 - error - 生成Allure报告失败: Allure命令行工具未找到，请确保已安装并添加到系统PATH中
2026-04-23 10:39:48,083 - INFO - logger.py:104 - info - 测试执行完成，耗时: 53.06秒
2026-04-23 10:39:48,084 - INFO - logger.py:104 - info - 执行结果: 失败
