2026-04-24 10:45:18,068 - INFO - logger.py:104 - info - 开始执行测试
2026-04-24 10:45:18,068 - INFO - logger.py:104 - info - 使用单线程运行测试，避免Playwright Sync API在asyncio循环中的错误
2026-04-24 10:45:18,070 - INFO - logger.py:104 - info - Pytest执行参数: ['D:\\install\\auto_ui-master\\src\\testcase\\LD\\customer_file\\test_import_empty.py', '-p', 'no:xdist', '--tb=short', '--tb=short', '--timeout=180', '--alluredir', 'reports\\allure_report_20260424_104518']
2026-04-24 10:45:19,820 - INFO - logger.py:104 - info - 开始执行测试: TestVerifyImport
2026-04-24 10:45:19,828 - INFO - logger.py:104 - info - 启动浏览器: Chromium, 无头模式: False
2026-04-24 10:45:22,300 - INFO - logger.py:104 - info - ============================================================
2026-04-24 10:45:22,331 - INFO - logger.py:104 - info - 开始执行用例：import_empty
2026-04-24 10:45:22,341 - INFO - logger.py:104 - info - 用例ms的id：0
2026-04-24 10:45:22,362 - INFO - logger.py:104 - info - ============================================================
2026-04-24 10:45:22,375 - INFO - logger.py:104 - info - 完成系统登录
2026-04-24 10:45:22,379 - INFO - logger.py:104 - info - 开始登录 LD 项目...
2026-04-24 10:45:22,382 - INFO - logger.py:104 - info - 登录URL: https://test2.saas-test3.supcon.com:32188
2026-04-24 10:45:22,385 - INFO - logger.py:104 - info - 用户名: admin
2026-04-24 10:45:26,500 - INFO - logger.py:104 - info - 检查是否存在在线用户超限提示
2026-04-24 10:45:27,451 - INFO - logger.py:104 - info - 已自动点击在线用户提示的确定按钮
2026-04-24 10:45:33,485 - INFO - logger.py:104 - info - LD 项目登录成功！
2026-04-24 10:45:33,488 - INFO - logger.py:104 - info - 进入客户档案页面
2026-04-24 10:45:34,649 - INFO - logger.py:104 - info - 打开客户导入弹窗
2026-04-24 10:45:35,820 - INFO - logger.py:104 - info - 测试文件: D:\install\auto_ui-master\src\data\LD\customer_file\工作簿1.xlsx
2026-04-24 10:45:35,823 - INFO - logger.py:104 - info - 上传导入文件，确认导入
2026-04-24 10:45:36,947 - INFO - logger.py:104 - info - 等待导入完成
2026-04-24 10:45:39,966 - INFO - logger.py:104 - info - 关闭导入结果弹窗
2026-04-24 10:45:40,514 - INFO - logger.py:104 - info - 用例import_empty执行完成
2026-04-24 10:45:40,518 - INFO - logger.py:104 - info - 关闭页面
2026-04-24 10:45:40,539 - INFO - logger.py:104 - info - 关闭浏览器上下文
2026-04-24 10:45:40,598 - INFO - logger.py:104 - info - 关闭浏览器
2026-04-24 10:45:40,914 - INFO - logger.py:104 - info - 测试执行完成: TestVerifyImport
2026-04-24 10:45:41,953 - ERROR - logger.py:112 - error - 生成Allure报告失败: Allure命令行工具未找到，请确保已安装并添加到系统PATH中
2026-04-24 10:45:41,954 - INFO - logger.py:104 - info - 测试执行完成，耗时: 23.86秒
2026-04-24 10:45:41,955 - INFO - logger.py:104 - info - 执行结果: 成功
