2026-04-27 09:59:22,128 - INFO - logger.py:104 - info - 开始执行测试
2026-04-27 09:59:22,128 - INFO - logger.py:104 - info - 使用单线程运行测试，避免Playwright Sync API在asyncio循环中的错误
2026-04-27 09:59:22,128 - INFO - logger.py:104 - info - Pytest执行参数: ['D:\\install\\auto_ui-master\\src\\testcase\\LD\\code_rule_config\\test_verify_data_field.py', '-p', 'no:xdist', '--tb=short', '--tb=short', '--timeout=180', '--alluredir', 'reports\\allure_report_20260427_095922']
2026-04-27 09:59:25,137 - INFO - logger.py:104 - info - 开始执行测试: TestVerifyDataField
2026-04-27 09:59:25,145 - INFO - logger.py:104 - info - 启动浏览器: Chromium, 无头模式: False
2026-04-27 09:59:27,731 - INFO - logger.py:104 - info - ============================================================
2026-04-27 09:59:27,735 - INFO - logger.py:104 - info - 开始执行用例：verify_data_field
2026-04-27 09:59:27,739 - INFO - logger.py:104 - info - 用例ms的id：0
2026-04-27 09:59:27,742 - INFO - logger.py:104 - info - ============================================================
2026-04-27 09:59:27,746 - INFO - logger.py:104 - info - 开始登录 LD 项目...
2026-04-27 09:59:27,748 - INFO - logger.py:104 - info - 登录URL: https://test2.saas-test3.supcon.com:32188
2026-04-27 09:59:27,753 - INFO - logger.py:104 - info - 用户名: admin
2026-04-27 09:59:31,856 - INFO - logger.py:104 - info - 检查是否存在在线用户超限提示
2026-04-27 09:59:32,416 - INFO - logger.py:104 - info - 已自动点击在线用户提示的确定按钮
2026-04-27 09:59:38,437 - INFO - logger.py:104 - info - LD 项目登录成功！
2026-04-27 09:59:38,442 - INFO - logger.py:104 - info - 进入编码规则配置菜单
2026-04-27 09:59:39,615 - INFO - logger.py:104 - info - 开始执行编码规则新增操作
2026-04-27 09:59:44,454 - INFO - logger.py:104 - info - 用例verify_data_field执行完成
2026-04-27 09:59:44,459 - INFO - logger.py:104 - info - 关闭页面
2026-04-27 09:59:44,477 - INFO - logger.py:104 - info - 关闭浏览器上下文
2026-04-27 09:59:44,554 - INFO - logger.py:104 - info - 关闭浏览器
2026-04-27 09:59:44,895 - INFO - logger.py:104 - info - 测试执行完成: TestVerifyDataField
2026-04-27 09:59:45,945 - ERROR - logger.py:112 - error - 生成Allure报告失败: Allure命令行工具未找到，请确保已安装并添加到系统PATH中
2026-04-27 09:59:45,946 - INFO - logger.py:104 - info - 测试执行完成，耗时: 23.79秒
2026-04-27 09:59:45,946 - INFO - logger.py:104 - info - 执行结果: 成功
