2026-04-22 16:21:46,314 - INFO - logger.py:104 - info - 开始执行测试
2026-04-22 16:21:46,315 - INFO - logger.py:104 - info - 使用单线程运行测试，避免Playwright Sync API在asyncio循环中的错误
2026-04-22 16:21:46,315 - INFO - logger.py:104 - info - Pytest执行参数: ['D:\\install\\auto_ui-master\\src\\testcase\\LD\\bom_management\\test_verify_import_empty_excel.py', '-p', 'no:xdist', '--tb=short', '--tb=short', '--timeout=180', '--alluredir', 'reports\\allure_report_20260422_162146']
2026-04-22 16:21:48,106 - INFO - logger.py:104 - info - 开始执行测试: TestVerifyImportEmptyExcel
2026-04-22 16:21:48,117 - INFO - logger.py:104 - info - 启动浏览器: Chromium, 无头模式: False
2026-04-22 16:21:50,539 - INFO - logger.py:104 - info - ============================================================
2026-04-22 16:21:50,547 - INFO - logger.py:104 - info - 开始执行用例：verify_import_empty_excel
2026-04-22 16:21:50,552 - INFO - logger.py:104 - info - 用例ms的id：0
2026-04-22 16:21:50,599 - INFO - logger.py:104 - info - ============================================================
2026-04-22 16:21:50,651 - INFO - logger.py:104 - info - 测试文件: D:\install\auto_ui-master\src\data\LD\bom_management\工作簿1.xlsx
2026-04-22 16:21:50,684 - INFO - logger.py:104 - info - 调用公用登录方法完成登录
2026-04-22 16:21:50,690 - INFO - logger.py:104 - info - 开始登录 LD 项目...
2026-04-22 16:21:50,704 - INFO - logger.py:104 - info - 登录URL: https://test2.saas-test3.supcon.com:32188
2026-04-22 16:21:50,708 - INFO - logger.py:104 - info - 用户名: admin
2026-04-22 16:22:03,923 - INFO - logger.py:104 - info - LD 项目登录成功！
2026-04-22 16:22:03,926 - INFO - logger.py:104 - info - 导航进入基础资料->物料清单页面
2026-04-22 16:22:05,039 - INFO - logger.py:104 - info - 点击导入按钮，打开导入弹窗
2026-04-22 16:22:06,757 - INFO - logger.py:104 - info - 选择并上传测试Excel文件
2026-04-22 16:22:08,332 - INFO - logger.py:104 - info - 关闭页面
2026-04-22 16:22:08,441 - INFO - logger.py:104 - info - 关闭浏览器上下文
2026-04-22 16:22:08,679 - INFO - logger.py:104 - info - 关闭浏览器
2026-04-22 16:22:09,265 - INFO - logger.py:104 - info - 测试执行完成: TestVerifyImportEmptyExcel
2026-04-22 16:22:10,767 - ERROR - logger.py:112 - error - 生成Allure报告失败: Allure命令行工具未找到，请确保已安装并添加到系统PATH中
2026-04-22 16:22:10,768 - INFO - logger.py:104 - info - 测试执行完成，耗时: 24.42秒
2026-04-22 16:22:10,768 - INFO - logger.py:104 - info - 执行结果: 失败
