2026-05-08 15:55:07,098 - INFO - logger.py:104 - info - 开始执行测试
2026-05-08 15:55:07,098 - INFO - logger.py:104 - info - 使用单线程运行测试，避免Playwright Sync API在asyncio循环中的错误
2026-05-08 15:55:07,099 - INFO - logger.py:104 - info - Pytest执行参数: ['D:\\install\\auto_ui-master\\src\\testcase\\LD\\customer_file\\test_import_miss_productfile.py', '-p', 'no:xdist', '--tb=short', '--tb=short', '--timeout=180', '--alluredir', 'reports\\allure_report_20260508_155507']
2026-05-08 15:55:08,781 - INFO - logger.py:104 - info - 开始执行测试: TestImportProductCodeExists
2026-05-08 15:55:08,792 - INFO - logger.py:104 - info - 启动浏览器: Chromium, 无头模式: False
2026-05-08 15:55:12,452 - INFO - logger.py:104 - info - ============================================================
2026-05-08 15:55:12,456 - INFO - logger.py:104 - info - 开始执行测试用例：import_miss_productfile
2026-05-08 15:55:12,459 - INFO - logger.py:104 - info - 用例ms的id：0
2026-05-08 15:55:12,463 - INFO - logger.py:104 - info - ============================================================
2026-05-08 15:55:12,466 - INFO - logger.py:104 - info - 测试文件: D:\install\auto_ui-master\src\data\LD\customer_file\验证.xlsx
2026-05-08 15:55:12,469 - INFO - logger.py:104 - info - 完成系统登录
2026-05-08 15:55:12,473 - INFO - logger.py:104 - info - 开始登录 LD 项目...
2026-05-08 15:55:12,486 - INFO - logger.py:104 - info - 登录URL: https://test2.saas-test3.supcon.com:32188
2026-05-08 15:55:12,489 - INFO - logger.py:104 - info - 用户名: admin
2026-05-08 15:55:16,162 - INFO - logger.py:104 - info - 检查是否存在在线用户超限提示
2026-05-08 15:55:16,731 - INFO - logger.py:104 - info - 已自动点击在线用户提示的确定按钮
2026-05-08 15:55:22,751 - INFO - logger.py:104 - info - LD 项目登录成功！
2026-05-08 15:55:22,754 - INFO - logger.py:104 - info - 导航进入客户档案页面
2026-05-08 15:55:23,984 - INFO - logger.py:104 - info - 点击导入按钮
2026-05-08 15:55:25,105 - INFO - logger.py:104 - info - 上传导入文件
2026-05-08 15:55:25,649 - INFO - logger.py:104 - info - 确认导入，校验导入结果
2026-05-08 15:55:26,222 - INFO - logger.py:104 - info - 等待导入完成
2026-05-08 15:55:29,253 - INFO - logger.py:104 - info - 关闭弹窗，验证导入数据展示
2026-05-08 15:55:29,806 - INFO - logger.py:104 - info - 测试用例import_miss_productfile执行完成
2026-05-08 15:55:29,813 - INFO - logger.py:104 - info - 关闭页面
2026-05-08 15:55:29,833 - INFO - logger.py:104 - info - 关闭浏览器上下文
2026-05-08 15:55:29,932 - INFO - logger.py:104 - info - 关闭浏览器
2026-05-08 15:55:30,510 - INFO - logger.py:104 - info - 测试执行完成: TestImportProductCodeExists
2026-05-08 15:55:31,674 - ERROR - logger.py:112 - error - 生成Allure报告失败: Allure命令行工具未找到，请确保已安装并添加到系统PATH中
2026-05-08 15:55:31,675 - INFO - logger.py:104 - info - 测试执行完成，耗时: 24.55秒
2026-05-08 15:55:31,676 - INFO - logger.py:104 - info - 执行结果: 成功
