2026-05-09 08:53:39,051 - INFO - logger.py:104 - info - 开始执行测试
2026-05-09 08:53:39,051 - INFO - logger.py:104 - info - 使用单线程运行测试，避免Playwright Sync API在asyncio循环中的错误
2026-05-09 08:53:39,051 - INFO - logger.py:104 - info - Pytest执行参数: ['D:\\install\\auto_ui-master\\src\\testcase\\LD\\bom_management\\test_verify_child_product.py', '-p', 'no:xdist', '--tb=short', '--tb=short', '--timeout=180', '--alluredir', 'reports\\allure_report_20260509_085339']
2026-05-09 08:53:40,686 - INFO - logger.py:104 - info - 开始执行测试: TestVerifyChildProduct
2026-05-09 08:53:40,698 - INFO - logger.py:104 - info - 启动浏览器: Chromium, 无头模式: False
2026-05-09 08:53:43,952 - INFO - logger.py:104 - info - ============================================================
2026-05-09 08:53:43,957 - INFO - logger.py:104 - info - 开始执行测试用例：verify_child_product
2026-05-09 08:53:43,961 - INFO - logger.py:104 - info - 用例ms ID：100991
2026-05-09 08:53:43,964 - INFO - logger.py:104 - info - ============================================================
2026-05-09 08:53:43,967 - INFO - logger.py:104 - info - 开始登录 LD 项目...
2026-05-09 08:53:43,970 - INFO - logger.py:104 - info - 登录URL: https://test2.saas-test3.supcon.com:32188
2026-05-09 08:53:43,973 - INFO - logger.py:104 - info - 用户名: admin
2026-05-09 08:53:48,101 - INFO - logger.py:104 - info - 检查是否存在在线用户超限提示
2026-05-09 08:53:48,666 - INFO - logger.py:104 - info - 已自动点击在线用户提示的确定按钮
2026-05-09 08:53:54,686 - INFO - logger.py:104 - info - LD 项目登录成功！
2026-05-09 08:53:54,688 - INFO - logger.py:104 - info - 导航到物料清单模块
2026-05-09 08:53:55,929 - INFO - logger.py:104 - info - 进入编辑，发起添加子产品操作
2026-05-09 08:53:57,886 - INFO - logger.py:104 - info - 选择目标子产品
2026-05-09 08:53:59,185 - INFO - logger.py:104 - info - 执行关联工序操作
2026-05-09 08:54:31,139 - INFO - logger.py:104 - info - 关闭页面
2026-05-09 08:54:31,156 - INFO - logger.py:104 - info - 关闭浏览器上下文
2026-05-09 08:54:31,198 - INFO - logger.py:104 - info - 关闭浏览器
2026-05-09 08:54:31,474 - INFO - logger.py:104 - info - 测试执行完成: TestVerifyChildProduct
2026-05-09 08:54:32,074 - ERROR - logger.py:112 - error - 生成Allure报告失败: Allure命令行工具未找到，请确保已安装并添加到系统PATH中
2026-05-09 08:54:32,075 - INFO - logger.py:104 - info - 测试执行完成，耗时: 53.00秒
2026-05-09 08:54:32,075 - INFO - logger.py:104 - info - 执行结果: 失败
