2026-04-27 16:17:24,872 - INFO - logger.py:104 - info - 开始执行测试
2026-04-27 16:17:24,872 - INFO - logger.py:104 - info - 使用单线程运行测试，避免Playwright Sync API在asyncio循环中的错误
2026-04-27 16:17:24,873 - INFO - logger.py:104 - info - Pytest执行参数: ['D:\\install\\auto_ui-master\\src\\testcase\\LD\\code_rule_config\\test_verify_complement_symbol.py', '-p', 'no:xdist', '--tb=short', '--tb=short', '--timeout=180', '--alluredir', 'reports\\allure_report_20260427_161724']
2026-04-27 16:17:26,651 - INFO - logger.py:104 - info - 开始执行测试: TestVerifyComplementSymbol
2026-04-27 16:17:26,659 - INFO - logger.py:104 - info - 启动浏览器: Chromium, 无头模式: False
2026-04-27 16:17:29,699 - INFO - logger.py:104 - info - ============================================================
2026-04-27 16:17:29,703 - INFO - logger.py:104 - info - 开始执行用例：verify_complement_symbol
2026-04-27 16:17:29,720 - INFO - logger.py:104 - info - 用例ms的id：0
2026-04-27 16:17:29,758 - INFO - logger.py:104 - info - ============================================================
2026-04-27 16:17:29,778 - INFO - logger.py:104 - info - 开始登录 LD 项目...
2026-04-27 16:17:29,785 - INFO - logger.py:104 - info - 登录URL: https://test2.saas-test3.supcon.com:32188
2026-04-27 16:17:29,794 - INFO - logger.py:104 - info - 用户名: admin
2026-04-27 16:17:33,994 - INFO - logger.py:104 - info - 检查是否存在在线用户超限提示
2026-04-27 16:17:34,585 - INFO - logger.py:104 - info - 已自动点击在线用户提示的确定按钮
2026-04-27 16:17:40,621 - INFO - logger.py:104 - info - LD 项目登录成功！
2026-04-27 16:17:40,624 - INFO - logger.py:104 - info - 进入编码规则配置菜单
2026-04-27 16:17:41,801 - INFO - logger.py:104 - info - 开始创建新编码规则
2026-04-27 16:17:44,628 - INFO - logger.py:104 - info - 配置流水号左补位参数
2026-04-27 16:17:47,294 - INFO - logger.py:104 - info - 开始输入1
2026-04-27 16:17:48,471 - INFO - logger.py:104 - info - 输入1完成，开始清空
2026-04-27 16:17:49,001 - INFO - logger.py:104 - info - 清空完成，开始输入q
2026-04-27 16:17:50,160 - INFO - logger.py:104 - info - 输入q完成
2026-04-27 16:17:50,162 - INFO - logger.py:104 - info - 完成操作，点击取消
2026-04-27 16:17:50,719 - INFO - logger.py:104 - info - 用例verify_complement_symbol执行完毕
2026-04-27 16:17:50,723 - INFO - logger.py:104 - info - 关闭页面
2026-04-27 16:17:50,741 - INFO - logger.py:104 - info - 关闭浏览器上下文
2026-04-27 16:17:50,786 - INFO - logger.py:104 - info - 关闭浏览器
2026-04-27 16:17:51,105 - INFO - logger.py:104 - info - 测试执行完成: TestVerifyComplementSymbol
2026-04-27 16:17:52,088 - ERROR - logger.py:112 - error - 生成Allure报告失败: Allure命令行工具未找到，请确保已安装并添加到系统PATH中
2026-04-27 16:17:52,091 - INFO - logger.py:104 - info - 测试执行完成，耗时: 27.18秒
2026-04-27 16:17:52,092 - INFO - logger.py:104 - info - 执行结果: 成功
