2026-05-08 13:55:52,857 - INFO - logger.py:104 - info - 开始执行测试
2026-05-08 13:55:52,858 - INFO - logger.py:104 - info - 使用单线程运行测试，避免Playwright Sync API在asyncio循环中的错误
2026-05-08 13:55:52,859 - INFO - logger.py:104 - info - Pytest执行参数: ['D:\\install\\auto_ui-master\\src\\testcase\\LD\\product_file\\test_copy.py', '-p', 'no:xdist', '--tb=short', '--tb=short', '--timeout=180', '--alluredir', 'reports\\allure_report_20260508_135552']
2026-05-08 13:55:54,757 - INFO - logger.py:104 - info - 开始执行测试: TestCopyProduct
2026-05-08 13:55:54,768 - INFO - logger.py:104 - info - 启动浏览器: Chromium, 无头模式: False
2026-05-08 13:55:58,242 - INFO - logger.py:104 - info - ============================================================
2026-05-08 13:55:58,350 - INFO - logger.py:104 - info - 开始执行用例：copy
2026-05-08 13:55:58,365 - INFO - logger.py:104 - info - 用例ms的id：0
2026-05-08 13:55:58,370 - INFO - logger.py:104 - info - ============================================================
2026-05-08 13:55:58,385 - INFO - logger.py:104 - info - 开始登录 LD 项目...
2026-05-08 13:55:58,417 - INFO - logger.py:104 - info - 登录URL: https://test2.saas-test3.supcon.com:32188
2026-05-08 13:55:58,428 - INFO - logger.py:104 - info - 用户名: admin
2026-05-08 13:56:02,275 - INFO - logger.py:104 - info - 检查是否存在在线用户超限提示
2026-05-08 13:56:02,846 - INFO - logger.py:104 - info - 已自动点击在线用户提示的确定按钮
2026-05-08 13:56:08,899 - INFO - logger.py:104 - info - LD 项目登录成功！
2026-05-08 13:56:08,903 - INFO - logger.py:104 - info - 进入产品档案页面
2026-05-08 13:56:10,122 - INFO - logger.py:104 - info - 验证操作列和复制按钮可用性
2026-05-08 13:56:11,408 - INFO - logger.py:104 - info - 点击第一个产品的复制按钮
2026-05-08 13:56:11,964 - INFO - logger.py:104 - info - 点击保存复制的产品信息
2026-05-08 13:56:12,864 - INFO - logger.py:104 - info - 用例copy执行完成
2026-05-08 13:56:12,870 - INFO - logger.py:104 - info - 关闭页面
2026-05-08 13:56:12,905 - INFO - logger.py:104 - info - 关闭浏览器上下文
2026-05-08 13:56:12,966 - INFO - logger.py:104 - info - 关闭浏览器
2026-05-08 13:56:14,202 - INFO - logger.py:104 - info - 测试执行完成: TestCopyProduct
2026-05-08 13:56:15,155 - ERROR - logger.py:112 - error - 生成Allure报告失败: Allure命令行工具未找到，请确保已安装并添加到系统PATH中
2026-05-08 13:56:15,156 - INFO - logger.py:104 - info - 测试执行完成，耗时: 22.27秒
2026-05-08 13:56:15,156 - INFO - logger.py:104 - info - 执行结果: 成功
