2026-04-27 11:32:56,106 - INFO - logger.py:104 - info - 开始执行测试
2026-04-27 11:32:56,107 - INFO - logger.py:104 - info - 使用单线程运行测试，避免Playwright Sync API在asyncio循环中的错误
2026-04-27 11:32:56,107 - INFO - logger.py:104 - info - Pytest执行参数: ['D:\\install\\auto_ui-master\\src\\testcase\\LD\\code_rule_config\\test_verify_serialnum_field_fill.py', '-p', 'no:xdist', '--tb=short', '--tb=short', '--timeout=180', '--alluredir', 'reports\\allure_report_20260427_113256']
2026-04-27 11:32:58,641 - INFO - logger.py:104 - info - 开始执行测试: TestVerifySerialnumFieldFill
2026-04-27 11:32:58,648 - INFO - logger.py:104 - info - 启动浏览器: Chromium, 无头模式: False
2026-04-27 11:33:01,334 - INFO - logger.py:104 - info - ============================================================
2026-04-27 11:33:01,339 - INFO - logger.py:104 - info - 开始执行用例：verify_serialnum_field_fill
2026-04-27 11:33:01,343 - INFO - logger.py:104 - info - 用例ms的id：0
2026-04-27 11:33:01,346 - INFO - logger.py:104 - info - ============================================================
2026-04-27 11:33:01,349 - INFO - logger.py:104 - info - 开始登录 LD 项目...
2026-04-27 11:33:01,354 - INFO - logger.py:104 - info - 登录URL: https://test2.saas-test3.supcon.com:32188
2026-04-27 11:33:01,360 - INFO - logger.py:104 - info - 用户名: admin
2026-04-27 11:33:05,246 - INFO - logger.py:104 - info - 检查是否存在在线用户超限提示
2026-04-27 11:33:05,826 - INFO - logger.py:104 - info - 已自动点击在线用户提示的确定按钮
2026-04-27 11:33:11,852 - INFO - logger.py:104 - info - LD 项目登录成功！
2026-04-27 11:33:11,855 - INFO - logger.py:104 - info - 进入编码规则配置菜单
2026-04-27 11:33:13,033 - INFO - logger.py:104 - info - 点击创建按钮
2026-04-27 11:33:14,150 - INFO - logger.py:104 - info - 点击增行按钮
2026-04-27 11:33:14,754 - INFO - logger.py:104 - info - 选择流水号规则类型
2026-04-27 11:33:15,919 - INFO - logger.py:104 - info - 添加左补位配置项
2026-04-27 11:33:46,814 - INFO - logger.py:104 - info - 关闭页面
2026-04-27 11:33:46,833 - INFO - logger.py:104 - info - 关闭浏览器上下文
2026-04-27 11:33:46,905 - INFO - logger.py:104 - info - 关闭浏览器
2026-04-27 11:33:47,230 - INFO - logger.py:104 - info - 测试执行完成: TestVerifySerialnumFieldFill
2026-04-27 11:33:48,219 - ERROR - logger.py:112 - error - 生成Allure报告失败: Allure命令行工具未找到，请确保已安装并添加到系统PATH中
2026-04-27 11:33:48,221 - INFO - logger.py:104 - info - 测试执行完成，耗时: 52.08秒
2026-04-27 11:33:48,221 - INFO - logger.py:104 - info - 执行结果: 失败
