2026-04-23 14:10:09,180 - INFO - logger.py:104 - info - 开始执行测试
2026-04-23 14:10:09,181 - INFO - logger.py:104 - info - 使用单线程运行测试，避免Playwright Sync API在asyncio循环中的错误
2026-04-23 14:10:09,181 - INFO - logger.py:104 - info - Pytest执行参数: ['D:\\install\\auto_ui-master\\src\\testcase\\LD\\bom_management\\test_verify_bom_template_reset.py', '-p', 'no:xdist', '--tb=short', '--tb=short', '--timeout=180', '--alluredir', 'reports\\allure_report_20260423_141009']
2026-04-23 14:10:13,117 - INFO - logger.py:104 - info - 开始执行测试: TestVerifyBomTemplateReset
2026-04-23 14:10:13,126 - INFO - logger.py:104 - info - 启动浏览器: Chromium, 无头模式: False
2026-04-23 14:10:15,755 - INFO - logger.py:104 - info - ============================================================
2026-04-23 14:10:15,758 - INFO - logger.py:104 - info - 开始执行用例：verify_bom_template_reset
2026-04-23 14:10:15,761 - INFO - logger.py:104 - info - 用例ms的id：0
2026-04-23 14:10:15,763 - INFO - logger.py:104 - info - ============================================================
2026-04-23 14:10:15,769 - INFO - logger.py:104 - info - 开始登录 LD 项目...
2026-04-23 14:10:15,772 - INFO - logger.py:104 - info - 登录URL: https://test2.saas-test3.supcon.com:32188
2026-04-23 14:10:15,775 - INFO - logger.py:104 - info - 用户名: admin
2026-04-23 14:10:25,396 - INFO - logger.py:104 - info - LD 项目登录成功！
2026-04-23 14:10:25,403 - INFO - logger.py:104 - info - 进入物料清单模块
2026-04-23 14:10:27,526 - INFO - logger.py:104 - info - 输入测试父项产品编码
2026-04-23 14:10:28,769 - INFO - logger.py:104 - info - 点击重置按钮，验证重置功能
2026-04-23 14:10:29,624 - INFO - logger.py:104 - info - 用例verify_bom_template_reset执行完成
2026-04-23 14:10:29,630 - INFO - logger.py:104 - info - 关闭页面
2026-04-23 14:10:29,654 - INFO - logger.py:104 - info - 关闭浏览器上下文
2026-04-23 14:10:29,745 - INFO - logger.py:104 - info - 关闭浏览器
2026-04-23 14:10:30,193 - INFO - logger.py:104 - info - 测试执行完成: TestVerifyBomTemplateReset
2026-04-23 14:10:30,967 - ERROR - logger.py:112 - error - 生成Allure报告失败: Allure命令行工具未找到，请确保已安装并添加到系统PATH中
2026-04-23 14:10:30,968 - INFO - logger.py:104 - info - 测试执行完成，耗时: 21.74秒
2026-04-23 14:10:30,968 - INFO - logger.py:104 - info - 执行结果: 成功
