2026-05-07 14:24:27,977 - INFO - logger.py:104 - info - 开始执行测试
2026-05-07 14:24:27,978 - INFO - logger.py:104 - info - 使用单线程运行测试，避免Playwright Sync API在asyncio循环中的错误
2026-05-07 14:24:27,978 - INFO - logger.py:104 - info - Pytest执行参数: ['D:\\install\\auto_ui-master\\src\\testcase\\LD\\bom_management\\test_verify_add_child_product.py', '-p', 'no:xdist', '--tb=short', '--tb=short', '--timeout=180', '--alluredir', 'reports\\allure_report_20260507_142427']
2026-05-07 14:24:34,639 - INFO - logger.py:104 - info - 开始执行测试: TestVerifyAddChildProduct
2026-05-07 14:24:34,650 - INFO - logger.py:104 - info - 启动浏览器: Chromium, 无头模式: False
2026-05-07 14:24:46,142 - INFO - logger.py:104 - info - ============================================================
2026-05-07 14:24:46,148 - INFO - logger.py:104 - info - 开始执行用例：verify_add_child_product
2026-05-07 14:24:46,163 - INFO - logger.py:104 - info - 用例ms ID：0
2026-05-07 14:24:46,195 - INFO - logger.py:104 - info - ============================================================
2026-05-07 14:24:46,225 - INFO - logger.py:104 - info - 执行系统登录
2026-05-07 14:24:46,231 - INFO - logger.py:104 - info - 开始登录 LD 项目...
2026-05-07 14:24:46,234 - INFO - logger.py:104 - info - 登录URL: https://test2.saas-test3.supcon.com:32188
2026-05-07 14:24:46,238 - INFO - logger.py:104 - info - 用户名: admin
2026-05-07 14:24:57,546 - INFO - logger.py:104 - info - 检查是否存在在线用户超限提示
2026-05-07 14:24:58,094 - INFO - logger.py:104 - info - 已自动点击在线用户提示的确定按钮
2026-05-07 14:25:04,110 - INFO - logger.py:104 - info - LD 项目登录成功！
2026-05-07 14:25:04,114 - INFO - logger.py:104 - info - 进入物料清单页面
2026-05-07 14:25:05,233 - INFO - logger.py:104 - info - 等待BOM列表加载完成
2026-05-07 14:25:06,243 - INFO - logger.py:104 - info - 定位并点击第一行的编辑按钮
2026-05-07 14:25:08,082 - INFO - logger.py:104 - info - 触发添加子项产品操作
2026-05-07 14:25:11,696 - INFO - logger.py:104 - info - 保存BOM修改
2026-05-07 14:25:12,310 - INFO - logger.py:104 - info - 用例verify_add_child_product执行完成
2026-05-07 14:25:13,211 - INFO - logger.py:104 - info - 关闭页面
2026-05-07 14:25:13,253 - INFO - logger.py:104 - info - 关闭浏览器上下文
2026-05-07 14:25:13,286 - INFO - logger.py:104 - info - 关闭浏览器
2026-05-07 14:25:13,710 - INFO - logger.py:104 - info - 测试执行完成: TestVerifyAddChildProduct
2026-05-07 14:25:14,701 - ERROR - logger.py:112 - error - 生成Allure报告失败: Allure命令行工具未找到，请确保已安装并添加到系统PATH中
2026-05-07 14:25:14,703 - INFO - logger.py:104 - info - 测试执行完成，耗时: 46.69秒
2026-05-07 14:25:14,704 - INFO - logger.py:104 - info - 执行结果: 成功
