2026-05-07 16:05:41,065 - INFO - logger.py:104 - info - 开始执行测试
2026-05-07 16:05:41,065 - INFO - logger.py:104 - info - 使用单线程运行测试，避免Playwright Sync API在asyncio循环中的错误
2026-05-07 16:05:41,066 - INFO - logger.py:104 - info - Pytest执行参数: ['D:\\install\\auto_ui-master\\src\\testcase\\LD\\code_rule_config\\test_verify_multirule_enable.py', '-p', 'no:xdist', '--tb=short', '--tb=short', '--timeout=180', '--alluredir', 'reports\\allure_report_20260507_160541']
2026-05-07 16:05:46,161 - INFO - logger.py:104 - info - 开始执行测试: TestVerifyMultiruleEnable
2026-05-07 16:05:46,172 - INFO - logger.py:104 - info - 启动浏览器: Chromium, 无头模式: False
2026-05-07 16:05:49,239 - INFO - logger.py:104 - info - ============================================================
2026-05-07 16:05:49,244 - INFO - logger.py:104 - info - 开始执行用例：verify_multirule_enable
2026-05-07 16:05:49,246 - INFO - logger.py:104 - info - 用例ms的id：0
2026-05-07 16:05:49,250 - INFO - logger.py:104 - info - ============================================================
2026-05-07 16:05:49,255 - INFO - logger.py:104 - info - 开始登录 LD 项目...
2026-05-07 16:05:49,259 - INFO - logger.py:104 - info - 登录URL: https://test2.saas-test3.supcon.com:32188
2026-05-07 16:05:49,344 - INFO - logger.py:104 - info - 用户名: admin
2026-05-07 16:05:53,090 - INFO - logger.py:104 - info - 检查是否存在在线用户超限提示
2026-05-07 16:05:53,676 - INFO - logger.py:104 - info - 已自动点击在线用户提示的确定按钮
2026-05-07 16:05:59,698 - INFO - logger.py:104 - info - LD 项目登录成功！
2026-05-07 16:05:59,701 - INFO - logger.py:104 - info - 进入编码规则配置菜单
2026-05-07 16:06:00,912 - INFO - logger.py:104 - info - 执行编码规则停用测试操作
2026-05-07 16:06:03,627 - INFO - logger.py:104 - info - 用例执行完成
2026-05-07 16:06:03,633 - INFO - logger.py:104 - info - 关闭页面
2026-05-07 16:06:03,650 - INFO - logger.py:104 - info - 关闭浏览器上下文
2026-05-07 16:06:03,705 - INFO - logger.py:104 - info - 关闭浏览器
2026-05-07 16:06:04,097 - INFO - logger.py:104 - info - 测试执行完成: TestVerifyMultiruleEnable
2026-05-07 16:06:05,255 - ERROR - logger.py:112 - error - 生成Allure报告失败: Allure命令行工具未找到，请确保已安装并添加到系统PATH中
2026-05-07 16:06:05,267 - INFO - logger.py:104 - info - 测试执行完成，耗时: 24.14秒
2026-05-07 16:06:05,270 - INFO - logger.py:104 - info - 执行结果: 成功
