2026-04-23 17:10:48,183 - INFO - logger.py:104 - info - 开始执行测试
2026-04-23 17:10:48,183 - INFO - logger.py:104 - info - 使用单线程运行测试，避免Playwright Sync API在asyncio循环中的错误
2026-04-23 17:10:48,183 - INFO - logger.py:104 - info - Pytest执行参数: ['D:\\install\\auto_ui-master\\src\\testcase\\LD\\bom_management\\test_verify_child_product.py', '-p', 'no:xdist', '--tb=short', '--tb=short', '--timeout=180', '--alluredir', 'reports\\allure_report_20260423_171048']
2026-04-23 17:10:51,836 - INFO - logger.py:104 - info - 开始执行测试: TestVerifyChildProduct
2026-04-23 17:10:51,845 - INFO - logger.py:104 - info - 启动浏览器: Chromium, 无头模式: False
2026-04-23 17:10:54,818 - INFO - logger.py:104 - info - ============================================================
2026-04-23 17:10:54,821 - INFO - logger.py:104 - info - 开始执行用例：verify_child_product
2026-04-23 17:10:54,824 - INFO - logger.py:104 - info - 用例ms ID：0
2026-04-23 17:10:54,828 - INFO - logger.py:104 - info - ============================================================
2026-04-23 17:10:54,832 - INFO - logger.py:104 - info - 调用公用登录方法完成登录
2026-04-23 17:10:54,835 - INFO - logger.py:104 - info - 开始登录 LD 项目...
2026-04-23 17:10:54,838 - INFO - logger.py:104 - info - 登录URL: https://test2.saas-test3.supcon.com:32188
2026-04-23 17:10:54,841 - INFO - logger.py:104 - info - 用户名: admin
2026-04-23 17:11:08,215 - INFO - logger.py:104 - info - LD 项目登录成功！
2026-04-23 17:11:08,218 - INFO - logger.py:104 - info - 导航进入物料清单页面
2026-04-23 17:11:09,371 - INFO - logger.py:104 - info - 验证物料CPTB001可见
2026-04-23 17:11:09,817 - INFO - logger.py:104 - info - 点击编辑按钮
2026-04-23 17:11:40,712 - INFO - logger.py:104 - info - 关闭页面
2026-04-23 17:11:40,730 - INFO - logger.py:104 - info - 关闭浏览器上下文
2026-04-23 17:11:40,809 - INFO - logger.py:104 - info - 关闭浏览器
2026-04-23 17:11:41,197 - INFO - logger.py:104 - info - 测试执行完成: TestVerifyChildProduct
2026-04-23 17:11:41,910 - ERROR - logger.py:112 - error - 生成Allure报告失败: Allure命令行工具未找到，请确保已安装并添加到系统PATH中
2026-04-23 17:11:41,911 - INFO - logger.py:104 - info - 测试执行完成，耗时: 53.70秒
2026-04-23 17:11:41,911 - INFO - logger.py:104 - info - 执行结果: 失败
