2026-04-24 15:08:10,601 - INFO - logger.py:104 - info - 开始执行测试
2026-04-24 15:08:10,602 - INFO - logger.py:104 - info - 使用单线程运行测试，避免Playwright Sync API在asyncio循环中的错误
2026-04-24 15:08:10,602 - INFO - logger.py:104 - info - Pytest执行参数: ['D:\\install\\auto_ui-master\\src\\testcase\\LD\\customer_file\\test_import_product_code_noexists.py', '-p', 'no:xdist', '--tb=short', '--tb=short', '--timeout=180', '--alluredir', 'reports\\allure_report_20260424_150810']
2026-04-24 15:08:13,728 - INFO - logger.py:104 - info - 开始执行测试: TestImportProductCodeExists
2026-04-24 15:08:13,738 - INFO - logger.py:104 - info - 启动浏览器: Chromium, 无头模式: False
2026-04-24 15:08:16,434 - INFO - logger.py:104 - info - ============================================================
2026-04-24 15:08:16,504 - INFO - logger.py:104 - info - 开始执行测试用例：import_product_code_noexists
2026-04-24 15:08:16,538 - INFO - logger.py:104 - info - 用例ms的id：0
2026-04-24 15:08:16,544 - INFO - logger.py:104 - info - ============================================================
2026-04-24 15:08:16,548 - INFO - logger.py:104 - info - 测试文件: D:\install\auto_ui-master\src\data\LD\customer_file\更新.xlsx
2026-04-24 15:08:16,561 - INFO - logger.py:104 - info - 完成系统登录
2026-04-24 15:08:16,564 - INFO - logger.py:104 - info - 开始登录 LD 项目...
2026-04-24 15:08:16,567 - INFO - logger.py:104 - info - 登录URL: https://test2.saas-test3.supcon.com:32188
2026-04-24 15:08:16,570 - INFO - logger.py:104 - info - 用户名: admin
2026-04-24 15:08:20,703 - INFO - logger.py:104 - info - 检查是否存在在线用户超限提示
2026-04-24 15:08:21,339 - INFO - logger.py:104 - info - 已自动点击在线用户提示的确定按钮
2026-04-24 15:08:27,367 - INFO - logger.py:104 - info - LD 项目登录成功！
2026-04-24 15:08:27,370 - INFO - logger.py:104 - info - 导航进入客户档案页面
2026-04-24 15:08:28,547 - INFO - logger.py:104 - info - 选择目标客户，点击导入按钮
2026-04-24 15:08:30,440 - INFO - logger.py:104 - info - 上传导入文件
2026-04-24 15:08:30,983 - INFO - logger.py:104 - info - 确认导入，校验导入结果
2026-04-24 15:08:31,557 - INFO - logger.py:104 - info - 等待导入完成
2026-04-24 15:08:34,597 - INFO - logger.py:104 - info - 关闭弹窗，验证导入数据展示
2026-04-24 15:08:35,147 - INFO - logger.py:104 - info - 测试用例import_product_code_exists执行完成
2026-04-24 15:08:35,152 - INFO - logger.py:104 - info - 关闭页面
2026-04-24 15:08:35,170 - INFO - logger.py:104 - info - 关闭浏览器上下文
2026-04-24 15:08:35,231 - INFO - logger.py:104 - info - 关闭浏览器
2026-04-24 15:08:35,600 - INFO - logger.py:104 - info - 测试执行完成: TestImportProductCodeExists
2026-04-24 15:08:36,594 - ERROR - logger.py:112 - error - 生成Allure报告失败: Allure命令行工具未找到，请确保已安装并添加到系统PATH中
2026-04-24 15:08:36,595 - INFO - logger.py:104 - info - 测试执行完成，耗时: 25.97秒
2026-04-24 15:08:36,596 - INFO - logger.py:104 - info - 执行结果: 成功
