2026-04-23 16:17:37,101 - INFO - logger.py:104 - info - 开始执行测试
2026-04-23 16:17:37,102 - INFO - logger.py:104 - info - 使用单线程运行测试，避免Playwright Sync API在asyncio循环中的错误
2026-04-23 16:17:37,102 - INFO - logger.py:104 - info - Pytest执行参数: ['D:\\install\\auto_ui-master\\src\\testcase\\LD\\bom_management\\test_verify_child_product.py', '-p', 'no:xdist', '--tb=short', '--tb=short', '--timeout=180', '--alluredir', 'reports\\allure_report_20260423_161737']
2026-04-23 16:17:40,630 - INFO - logger.py:104 - info - 开始执行测试: TestVerifyChildProduct
2026-04-23 16:17:40,644 - INFO - logger.py:104 - info - 启动浏览器: Chromium, 无头模式: False
2026-04-23 16:17:43,131 - INFO - logger.py:104 - info - ============================================================
2026-04-23 16:17:43,134 - INFO - logger.py:104 - info - 开始执行用例：verify_child_product
2026-04-23 16:17:43,139 - INFO - logger.py:104 - info - 用例ms的id：0
2026-04-23 16:17:43,144 - INFO - logger.py:104 - info - ============================================================
2026-04-23 16:17:43,149 - INFO - logger.py:104 - info - 开始登录 LD 项目...
2026-04-23 16:17:43,153 - INFO - logger.py:104 - info - 登录URL: https://test2.saas-test3.supcon.com:32188
2026-04-23 16:17:43,157 - INFO - logger.py:104 - info - 用户名: admin
2026-04-23 16:17:55,676 - INFO - logger.py:104 - info - LD 项目登录成功！
2026-04-23 16:17:55,678 - INFO - logger.py:104 - info - 进入基础资料->物料清单页面
2026-04-23 16:17:56,841 - INFO - logger.py:104 - info - 选择目标物料，点击返回
2026-04-23 16:17:58,245 - INFO - logger.py:104 - info - 关闭页面
2026-04-23 16:17:58,268 - INFO - logger.py:104 - info - 关闭浏览器上下文
2026-04-23 16:17:58,344 - INFO - logger.py:104 - info - 关闭浏览器
2026-04-23 16:17:58,851 - INFO - logger.py:104 - info - 测试执行完成: TestVerifyChildProduct
2026-04-23 16:17:59,483 - ERROR - logger.py:112 - error - 生成Allure报告失败: Allure命令行工具未找到，请确保已安装并添加到系统PATH中
2026-04-23 16:17:59,484 - INFO - logger.py:104 - info - 测试执行完成，耗时: 22.36秒
2026-04-23 16:17:59,484 - INFO - logger.py:104 - info - 执行结果: 失败
