2026-05-08 09:32:09,314 - INFO - logger.py:104 - info - 开始执行测试
2026-05-08 09:32:09,314 - INFO - logger.py:104 - info - 使用单线程运行测试，避免Playwright Sync API在asyncio循环中的错误
2026-05-08 09:32:09,314 - INFO - logger.py:104 - info - Pytest执行参数: ['D:\\install\\auto_ui-master\\src\\testcase\\LD\\printer_management\\test_verify_edit_function.py', '-p', 'no:xdist', '--tb=short', '--tb=short', '--timeout=180', '--alluredir', 'reports\\allure_report_20260508_093209']
2026-05-08 09:32:11,174 - INFO - logger.py:104 - info - 开始执行测试: TestVerifyEditFunction
2026-05-08 09:32:11,181 - INFO - logger.py:104 - info - 启动浏览器: Chromium, 无头模式: False
2026-05-08 09:32:14,207 - INFO - logger.py:104 - info - ============================================================
2026-05-08 09:32:14,210 - INFO - logger.py:104 - info - 开始执行用例：verify_edit_function
2026-05-08 09:32:14,213 - INFO - logger.py:104 - info - 用例ms的id：0
2026-05-08 09:32:14,216 - INFO - logger.py:104 - info - ============================================================
2026-05-08 09:32:14,219 - INFO - logger.py:104 - info - 调用公用登录方法完成登录
2026-05-08 09:32:14,221 - INFO - logger.py:104 - info - 开始登录 LD 项目...
2026-05-08 09:32:14,223 - INFO - logger.py:104 - info - 登录URL: https://test2.saas-test3.supcon.com:32188
2026-05-08 09:32:14,226 - INFO - logger.py:104 - info - 用户名: admin
2026-05-08 09:32:17,904 - INFO - logger.py:104 - info - 检查是否存在在线用户超限提示
2026-05-08 09:32:18,459 - INFO - logger.py:104 - info - 已自动点击在线用户提示的确定按钮
2026-05-08 09:32:24,491 - INFO - logger.py:104 - info - LD 项目登录成功！
2026-05-08 09:32:24,494 - INFO - logger.py:104 - info - 进入打印机管理菜单
2026-05-08 09:32:26,323 - INFO - logger.py:104 - info - 执行编辑打印机信息操作
2026-05-08 09:32:26,325 - INFO - logger.py:104 - info - 等待打印机列表加载
2026-05-08 09:32:27,329 - INFO - logger.py:104 - info - 点击第一个'编辑'按钮
2026-05-08 09:32:27,970 - INFO - logger.py:104 - info - 填写名称备注
2026-05-08 09:32:29,791 - INFO - logger.py:104 - info - 用例verify_edit_function执行完成
2026-05-08 09:32:29,795 - INFO - logger.py:104 - info - 关闭页面
2026-05-08 09:32:29,823 - INFO - logger.py:104 - info - 关闭浏览器上下文
2026-05-08 09:32:29,864 - INFO - logger.py:104 - info - 关闭浏览器
2026-05-08 09:32:30,160 - INFO - logger.py:104 - info - 测试执行完成: TestVerifyEditFunction
2026-05-08 09:32:30,993 - ERROR - logger.py:112 - error - 生成Allure报告失败: Allure命令行工具未找到，请确保已安装并添加到系统PATH中
2026-05-08 09:32:30,994 - INFO - logger.py:104 - info - 测试执行完成，耗时: 21.65秒
2026-05-08 09:32:30,994 - INFO - logger.py:104 - info - 执行结果: 成功
