2026-04-22 13:47:10,709 - INFO - logger.py:104 - info - 开始执行测试
2026-04-22 13:47:10,709 - INFO - logger.py:104 - info - 使用单线程运行测试，避免Playwright Sync API在asyncio循环中的错误
2026-04-22 13:47:10,710 - INFO - logger.py:104 - info - Pytest执行参数: ['D:\\install\\auto_ui-master\\src\\testcase\\LD\\bom_management\\test_export_import.py', '-p', 'no:xdist', '--tb=short', '--tb=short', '--timeout=180', '--alluredir', 'reports\\allure_report_20260422_134710']
2026-04-22 13:47:12,394 - INFO - logger.py:104 - info - 开始执行测试: TestBomImportExport
2026-04-22 13:47:12,402 - INFO - logger.py:104 - info - 启动浏览器: Chromium, 无头模式: False
2026-04-22 13:47:14,709 - INFO - logger.py:104 - info - ============================================================
2026-04-22 13:47:14,723 - INFO - logger.py:104 - info - 开始执行用例：export_import
2026-04-22 13:47:14,741 - INFO - logger.py:104 - info - 用例ms的id：0
2026-04-22 13:47:14,746 - INFO - logger.py:104 - info - ============================================================
2026-04-22 13:47:14,750 - INFO - logger.py:104 - info - Excel文件路径: D:\install\auto_ui-master\src\data\LD\bom_management\物料清单_列表_2026_4_22.xls
2026-04-22 13:47:14,755 - INFO - logger.py:104 - info - 登录目标系统
2026-04-22 13:47:14,794 - INFO - logger.py:104 - info - 开始登录 LD 项目...
2026-04-22 13:47:14,807 - INFO - logger.py:104 - info - 登录URL: https://test2.saas-test3.supcon.com:32188
2026-04-22 13:47:14,812 - INFO - logger.py:104 - info - 用户名: admin
2026-04-22 13:47:29,235 - INFO - logger.py:104 - info - LD 项目登录成功！
2026-04-22 13:47:29,237 - INFO - logger.py:104 - info - 进入基础资料->物料清单页面
2026-04-22 13:47:30,396 - INFO - logger.py:104 - info - 打开导入窗口，上传测试文件
2026-04-22 13:47:34,093 - INFO - logger.py:104 - info - 校验弹窗提示，确认导入操作
2026-04-22 13:47:34,715 - INFO - logger.py:104 - info - 校验导入日志结果
2026-04-22 13:47:37,741 - INFO - logger.py:104 - info - 关闭导入弹窗，用例执行完成
2026-04-22 13:47:38,302 - INFO - logger.py:104 - info - 关闭页面
2026-04-22 13:47:38,331 - INFO - logger.py:104 - info - 关闭浏览器上下文
2026-04-22 13:47:38,395 - INFO - logger.py:104 - info - 关闭浏览器
2026-04-22 13:47:38,875 - INFO - logger.py:104 - info - 测试执行完成: TestBomImportExport
2026-04-22 13:47:39,919 - ERROR - logger.py:112 - error - 生成Allure报告失败: Allure命令行工具未找到，请确保已安装并添加到系统PATH中
2026-04-22 13:47:39,920 - INFO - logger.py:104 - info - 测试执行完成，耗时: 29.19秒
2026-04-22 13:47:39,920 - INFO - logger.py:104 - info - 执行结果: 成功
