2026-05-09 14:56:32,263 - INFO - logger.py:104 - info - 开始执行测试
2026-05-09 14:56:32,264 - INFO - logger.py:104 - info - 使用单线程运行测试，避免Playwright Sync API在asyncio循环中的错误
2026-05-09 14:56:32,264 - INFO - logger.py:104 - info - Pytest执行参数: ['D:\\install\\auto_ui-master\\src\\testcase\\LD\\code_rule_config\\test_verify_multirule_enable.py', '-p', 'no:xdist', '--tb=short', '--tb=short', '--timeout=180', '--alluredir', 'reports\\allure_report_20260509_145632']
2026-05-09 14:56:33,979 - INFO - logger.py:104 - info - 开始执行测试: TestVerifyMultiruleEnable
2026-05-09 14:56:33,991 - INFO - logger.py:104 - info - 启动浏览器: Chromium, 无头模式: False
2026-05-09 14:56:38,187 - INFO - logger.py:104 - info - ============================================================
2026-05-09 14:56:38,191 - INFO - logger.py:104 - info - 开始执行用例：verify_multirule_enable
2026-05-09 14:56:38,197 - INFO - logger.py:104 - info - 用例ms的id：101103
2026-05-09 14:56:38,201 - INFO - logger.py:104 - info - ============================================================
2026-05-09 14:56:38,204 - INFO - logger.py:104 - info - 开始登录 LD 项目...
2026-05-09 14:56:38,207 - INFO - logger.py:104 - info - 登录URL: https://test2.saas-test3.supcon.com:32188
2026-05-09 14:56:38,210 - INFO - logger.py:104 - info - 用户名: admin
2026-05-09 14:56:41,854 - INFO - logger.py:104 - info - 检查是否存在在线用户超限提示
2026-05-09 14:56:42,424 - INFO - logger.py:104 - info - 已自动点击在线用户提示的确定按钮
2026-05-09 14:56:48,451 - INFO - logger.py:104 - info - LD 项目登录成功！
2026-05-09 14:56:48,455 - INFO - logger.py:104 - info - 进入编码规则配置菜单
2026-05-09 14:56:49,708 - INFO - logger.py:104 - info - 等待规则列表加载
2026-05-09 14:56:50,728 - INFO - logger.py:104 - info - 查找第一个状态为'启用'的规则
2026-05-09 14:56:50,750 - INFO - logger.py:104 - info - 成功定位到第一个启用状态的规则
2026-05-09 14:56:50,761 - INFO - logger.py:104 - info - 记录业务类型：q
2026-05-09 14:56:50,763 - INFO - logger.py:104 - info - 查找业务类型为'q'且状态为'停用'的规则
2026-05-09 14:56:50,959 - ERROR - logger.py:112 - error - 未找到业务类型为'q'且状态为'停用'的规则
2026-05-09 14:56:51,180 - INFO - logger.py:104 - info - 关闭页面
2026-05-09 14:56:51,201 - INFO - logger.py:104 - info - 关闭浏览器上下文
2026-05-09 14:56:51,275 - INFO - logger.py:104 - info - 关闭浏览器
2026-05-09 14:56:51,585 - INFO - logger.py:104 - info - 测试执行完成: TestVerifyMultiruleEnable
2026-05-09 14:56:52,702 - ERROR - logger.py:112 - error - 生成Allure报告失败: Allure命令行工具未找到，请确保已安装并添加到系统PATH中
2026-05-09 14:56:52,703 - INFO - logger.py:104 - info - 测试执行完成，耗时: 20.41秒
2026-05-09 14:56:52,704 - INFO - logger.py:104 - info - 执行结果: 失败
