2026-04-27 15:37:08,518 - INFO - logger.py:104 - info - 开始执行测试
2026-04-27 15:37:08,518 - INFO - logger.py:104 - info - 使用单线程运行测试，避免Playwright Sync API在asyncio循环中的错误
2026-04-27 15:37:08,519 - INFO - logger.py:104 - info - Pytest执行参数: ['D:\\install\\auto_ui-master\\src\\testcase\\LD\\code_rule_config\\test_verify_complement_symbol.py', '-p', 'no:xdist', '--tb=short', '--tb=short', '--timeout=180', '--alluredir', 'reports\\allure_report_20260427_153708']
2026-04-27 15:37:10,329 - INFO - logger.py:104 - info - 开始执行测试: TestVerifyComplementSymbol
2026-04-27 15:37:10,339 - INFO - logger.py:104 - info - 启动浏览器: Chromium, 无头模式: False
2026-04-27 15:37:13,004 - INFO - logger.py:104 - info - ============================================================
2026-04-27 15:37:13,036 - INFO - logger.py:104 - info - 开始执行用例：verify_complement_symbol
2026-04-27 15:37:13,044 - INFO - logger.py:104 - info - 用例ms的id：0
2026-04-27 15:37:13,053 - INFO - logger.py:104 - info - ============================================================
2026-04-27 15:37:13,067 - INFO - logger.py:104 - info - 开始登录 LD 项目...
2026-04-27 15:37:13,074 - INFO - logger.py:104 - info - 登录URL: https://test2.saas-test3.supcon.com:32188
2026-04-27 15:37:13,079 - INFO - logger.py:104 - info - 用户名: admin
2026-04-27 15:37:17,171 - INFO - logger.py:104 - info - 检查是否存在在线用户超限提示
2026-04-27 15:37:17,868 - INFO - logger.py:104 - info - 已自动点击在线用户提示的确定按钮
2026-04-27 15:37:23,896 - INFO - logger.py:104 - info - LD 项目登录成功！
2026-04-27 15:37:23,899 - INFO - logger.py:104 - info - 进入编码规则配置菜单
2026-04-27 15:37:25,085 - INFO - logger.py:104 - info - 开始创建新编码规则
2026-04-27 15:37:28,051 - INFO - logger.py:104 - info - 配置流水号左补位参数
2026-04-27 15:37:32,405 - INFO - logger.py:104 - info - 完成操作，点击取消
2026-04-27 15:37:32,962 - INFO - logger.py:104 - info - 用例verify_complement_symbol执行完毕
2026-04-27 15:37:32,967 - INFO - logger.py:104 - info - 关闭页面
2026-04-27 15:37:33,018 - INFO - logger.py:104 - info - 关闭浏览器上下文
2026-04-27 15:37:33,040 - INFO - logger.py:104 - info - 关闭浏览器
2026-04-27 15:37:33,340 - INFO - logger.py:104 - info - 测试执行完成: TestVerifyComplementSymbol
2026-04-27 15:37:34,367 - ERROR - logger.py:112 - error - 生成Allure报告失败: Allure命令行工具未找到，请确保已安装并添加到系统PATH中
2026-04-27 15:37:34,368 - INFO - logger.py:104 - info - 测试执行完成，耗时: 25.82秒
2026-04-27 15:37:34,368 - INFO - logger.py:104 - info - 执行结果: 成功
