2026-04-23 14:30:10,301 - INFO - logger.py:104 - info - 开始执行测试
2026-04-23 14:30:10,302 - INFO - logger.py:104 - info - 使用单线程运行测试，避免Playwright Sync API在asyncio循环中的错误
2026-04-23 14:30:10,302 - INFO - logger.py:104 - info - Pytest执行参数: ['D:\\install\\auto_ui-master\\src\\testcase\\LD\\bom_management\\test_verify_bom_edit_data_echo.py', '-p', 'no:xdist', '--tb=short', '--tb=short', '--timeout=180', '--alluredir', 'reports\\allure_report_20260423_143010']
2026-04-23 14:30:12,036 - INFO - logger.py:104 - info - 开始执行测试: TestVerifyBomEditDataEcho
2026-04-23 14:30:12,048 - INFO - logger.py:104 - info - 启动浏览器: Chromium, 无头模式: False
2026-04-23 14:30:14,624 - INFO - logger.py:104 - info - ============================================================
2026-04-23 14:30:14,630 - INFO - logger.py:104 - info - 开始执行用例：verify_bom_edit_data_echo
2026-04-23 14:30:14,636 - INFO - logger.py:104 - info - 用例ms的id：0
2026-04-23 14:30:14,645 - INFO - logger.py:104 - info - ============================================================
2026-04-23 14:30:14,654 - INFO - logger.py:104 - info - 开始登录 LD 项目...
2026-04-23 14:30:14,662 - INFO - logger.py:104 - info - 登录URL: https://test2.saas-test3.supcon.com:32188
2026-04-23 14:30:14,668 - INFO - logger.py:104 - info - 用户名: admin
2026-04-23 14:30:28,153 - INFO - logger.py:104 - info - LD 项目登录成功！
2026-04-23 14:30:28,156 - INFO - logger.py:104 - info - 进入物料清单页面
2026-04-23 14:30:29,327 - INFO - logger.py:104 - info - 验证目标BOM条目可见
2026-04-23 14:30:30,063 - INFO - logger.py:104 - info - 点击打开BOM编辑页面
2026-04-23 14:30:30,785 - INFO - logger.py:104 - info - 验证BOM编辑区域信息加载
2026-04-23 14:30:31,484 - INFO - logger.py:104 - info - 关闭页面
2026-04-23 14:30:31,521 - INFO - logger.py:104 - info - 关闭浏览器上下文
2026-04-23 14:30:31,590 - INFO - logger.py:104 - info - 关闭浏览器
2026-04-23 14:30:32,171 - INFO - logger.py:104 - info - 测试执行完成: TestVerifyBomEditDataEcho
2026-04-23 14:30:33,415 - ERROR - logger.py:112 - error - 生成Allure报告失败: Allure命令行工具未找到，请确保已安装并添加到系统PATH中
2026-04-23 14:30:33,416 - INFO - logger.py:104 - info - 测试执行完成，耗时: 23.09秒
2026-04-23 14:30:33,416 - INFO - logger.py:104 - info - 执行结果: 成功
