2026-04-27 11:22:38,955 - INFO - logger.py:104 - info - 开始执行测试
2026-04-27 11:22:38,956 - INFO - logger.py:104 - info - 使用单线程运行测试，避免Playwright Sync API在asyncio循环中的错误
2026-04-27 11:22:38,956 - INFO - logger.py:104 - info - Pytest执行参数: ['D:\\install\\auto_ui-master\\src\\testcase\\LD\\code_rule_config\\test_verify_serialnum_field.py', '-p', 'no:xdist', '--tb=short', '--tb=short', '--timeout=180', '--alluredir', 'reports\\allure_report_20260427_112238']
2026-04-27 11:22:49,892 - INFO - logger.py:104 - info - 开始执行测试: TestVerifySerialnumField
2026-04-27 11:22:49,901 - INFO - logger.py:104 - info - 启动浏览器: Chromium, 无头模式: False
2026-04-27 11:22:54,577 - INFO - logger.py:104 - info - ============================================================
2026-04-27 11:22:54,585 - INFO - logger.py:104 - info - 开始执行用例：verify_serialnum_field
2026-04-27 11:22:54,589 - INFO - logger.py:104 - info - 用例ms的id：0
2026-04-27 11:22:54,592 - INFO - logger.py:104 - info - ============================================================
2026-04-27 11:22:54,609 - INFO - logger.py:104 - info - 开始登录 LD 项目...
2026-04-27 11:22:54,622 - INFO - logger.py:104 - info - 登录URL: https://test2.saas-test3.supcon.com:32188
2026-04-27 11:22:54,635 - INFO - logger.py:104 - info - 用户名: admin
2026-04-27 11:22:58,511 - INFO - logger.py:104 - info - 检查是否存在在线用户超限提示
2026-04-27 11:22:59,108 - INFO - logger.py:104 - info - 已自动点击在线用户提示的确定按钮
2026-04-27 11:23:05,144 - INFO - logger.py:104 - info - LD 项目登录成功！
2026-04-27 11:23:05,149 - INFO - logger.py:104 - info - 系统登录完成
2026-04-27 11:23:05,152 - INFO - logger.py:104 - info - 进入编码规则配置页面
2026-04-27 11:23:06,329 - INFO - logger.py:104 - info - 开始创建新编码规则
2026-04-27 11:23:40,844 - INFO - logger.py:104 - info - 关闭页面
2026-04-27 11:23:40,861 - INFO - logger.py:104 - info - 关闭浏览器上下文
2026-04-27 11:23:40,894 - INFO - logger.py:104 - info - 关闭浏览器
2026-04-27 11:23:41,164 - INFO - logger.py:104 - info - 测试执行完成: TestVerifySerialnumField
2026-04-27 11:23:41,725 - ERROR - logger.py:112 - error - 生成Allure报告失败: Allure命令行工具未找到，请确保已安装并添加到系统PATH中
2026-04-27 11:23:41,725 - INFO - logger.py:104 - info - 测试执行完成，耗时: 62.75秒
2026-04-27 11:23:41,726 - INFO - logger.py:104 - info - 执行结果: 失败
