2026-05-08 08:50:38,807 - INFO - logger.py:104 - info - 开始执行测试
2026-05-08 08:50:38,807 - INFO - logger.py:104 - info - 使用单线程运行测试，避免Playwright Sync API在asyncio循环中的错误
2026-05-08 08:50:38,807 - INFO - logger.py:104 - info - Pytest执行参数: ['D:\\install\\auto_ui-master\\src\\testcase\\LD\\customer_file\\test_product_mapping_menu.py', '-p', 'no:xdist', '--tb=short', '--tb=short', '--timeout=180', '--alluredir', 'reports\\allure_report_20260508_085038']
2026-05-08 08:50:40,433 - INFO - logger.py:104 - info - 开始执行测试: TestProductMappingMenu
2026-05-08 08:50:40,443 - INFO - logger.py:104 - info - 启动浏览器: Chromium, 无头模式: False
2026-05-08 08:50:43,182 - INFO - logger.py:104 - info - ============================================================
2026-05-08 08:50:43,186 - INFO - logger.py:104 - info - 开始执行用例：product_mapping_menu
2026-05-08 08:50:43,189 - INFO - logger.py:104 - info - 用例ms的id：0
2026-05-08 08:50:43,193 - INFO - logger.py:104 - info - ============================================================
2026-05-08 08:50:43,196 - INFO - logger.py:104 - info - 开始登录 LD 项目...
2026-05-08 08:50:43,199 - INFO - logger.py:104 - info - 登录URL: https://test2.saas-test3.supcon.com:32188
2026-05-08 08:50:43,204 - INFO - logger.py:104 - info - 用户名: admin
2026-05-08 08:50:47,066 - INFO - logger.py:104 - info - 检查是否存在在线用户超限提示
2026-05-08 08:50:47,638 - INFO - logger.py:104 - info - 已自动点击在线用户提示的确定按钮
2026-05-08 08:50:53,659 - INFO - logger.py:104 - info - LD 项目登录成功！
2026-05-08 08:50:53,662 - INFO - logger.py:104 - info - 点击基础资料菜单
2026-05-08 08:50:54,195 - INFO - logger.py:104 - info - 点击客户档案菜单
2026-05-08 08:50:54,822 - INFO - logger.py:104 - info - 点击客户产品映射菜单
2026-05-08 08:51:25,675 - INFO - logger.py:104 - info - 关闭页面
2026-05-08 08:51:25,691 - INFO - logger.py:104 - info - 关闭浏览器上下文
2026-05-08 08:51:25,758 - INFO - logger.py:104 - info - 关闭浏览器
2026-05-08 08:51:26,002 - INFO - logger.py:104 - info - 测试执行完成: TestProductMappingMenu
2026-05-08 08:51:27,087 - ERROR - logger.py:112 - error - 生成Allure报告失败: Allure命令行工具未找到，请确保已安装并添加到系统PATH中
2026-05-08 08:51:27,088 - INFO - logger.py:104 - info - 测试执行完成，耗时: 48.24秒
2026-05-08 08:51:27,088 - INFO - logger.py:104 - info - 执行结果: 失败
