2026-05-09 15:01:17,974 - INFO - logger.py:104 - info - 开始执行测试
2026-05-09 15:01:17,975 - INFO - logger.py:104 - info - 使用单线程运行测试，避免Playwright Sync API在asyncio循环中的错误
2026-05-09 15:01:17,975 - INFO - logger.py:104 - info - Pytest执行参数: ['D:\\install\\auto_ui-master\\src\\testcase\\LD\\code_rule_config\\test_verify_other_inbound_initialization.py', '-p', 'no:xdist', '--tb=short', '--tb=short', '--timeout=180', '--alluredir', 'reports\\allure_report_20260509_150117']
2026-05-09 15:01:21,566 - INFO - logger.py:104 - info - 开始执行测试: TestVerifyOtherInboundInitialization
2026-05-09 15:01:21,576 - INFO - logger.py:104 - info - 启动浏览器: Chromium, 无头模式: False
2026-05-09 15:01:25,767 - INFO - logger.py:104 - info - ============================================================
2026-05-09 15:01:25,774 - INFO - logger.py:104 - info - 开始执行用例：verify_other_inbound_initialization
2026-05-09 15:01:25,777 - INFO - logger.py:104 - info - 用例ms的id：101090
2026-05-09 15:01:25,783 - INFO - logger.py:104 - info - ============================================================
2026-05-09 15:01:25,795 - INFO - logger.py:104 - info - 开始登录 LD 项目...
2026-05-09 15:01:25,798 - INFO - logger.py:104 - info - 登录URL: https://test2.saas-test3.supcon.com:32188
2026-05-09 15:01:25,804 - INFO - logger.py:104 - info - 用户名: admin
2026-05-09 15:01:29,655 - INFO - logger.py:104 - info - 检查是否存在在线用户超限提示
2026-05-09 15:01:30,214 - INFO - logger.py:104 - info - 已自动点击在线用户提示的确定按钮
2026-05-09 15:01:36,233 - INFO - logger.py:104 - info - LD 项目登录成功！
2026-05-09 15:01:36,235 - INFO - logger.py:104 - info - 进入编码规则配置菜单
2026-05-09 15:01:37,332 - INFO - logger.py:104 - info - 等待规则列表加载
2026-05-09 15:01:38,347 - INFO - logger.py:104 - info - 查找第一个业务类型为'其它入库批号'的规则
2026-05-09 15:01:43,608 - INFO - logger.py:104 - info - 关闭页面
2026-05-09 15:01:43,631 - INFO - logger.py:104 - info - 关闭浏览器上下文
2026-05-09 15:01:43,684 - INFO - logger.py:104 - info - 关闭浏览器
2026-05-09 15:01:44,019 - INFO - logger.py:104 - info - 测试执行完成: TestVerifyOtherInboundInitialization
2026-05-09 15:01:44,643 - ERROR - logger.py:112 - error - 生成Allure报告失败: Allure命令行工具未找到，请确保已安装并添加到系统PATH中
2026-05-09 15:01:44,644 - INFO - logger.py:104 - info - 测试执行完成，耗时: 26.64秒
2026-05-09 15:01:44,644 - INFO - logger.py:104 - info - 执行结果: 失败
