2026-05-09 15:12:35,323 - INFO - logger.py:104 - info - 开始执行测试
2026-05-09 15:12:35,324 - INFO - logger.py:104 - info - 使用单线程运行测试，避免Playwright Sync API在asyncio循环中的错误
2026-05-09 15:12:35,324 - INFO - logger.py:104 - info - Pytest执行参数: ['D:\\install\\auto_ui-master\\src\\testcase\\LD\\code_rule_config\\test_verify_production_return_batch.py', '-p', 'no:xdist', '--tb=short', '--tb=short', '--timeout=180', '--alluredir', 'reports\\allure_report_20260509_151235']
2026-05-09 15:12:37,270 - INFO - logger.py:104 - info - 开始执行测试: TestVerifyProductionReturnBatch
2026-05-09 15:12:37,285 - INFO - logger.py:104 - info - 启动浏览器: Chromium, 无头模式: False
2026-05-09 15:12:41,298 - INFO - logger.py:104 - info - ============================================================
2026-05-09 15:12:41,303 - INFO - logger.py:104 - info - 开始执行用例：verify_production_return_batch
2026-05-09 15:12:41,307 - INFO - logger.py:104 - info - 用例ms的id：101086
2026-05-09 15:12:41,321 - INFO - logger.py:104 - info - ============================================================
2026-05-09 15:12:41,326 - INFO - logger.py:104 - info - 开始登录 LD 项目...
2026-05-09 15:12:41,331 - INFO - logger.py:104 - info - 登录URL: https://test2.saas-test3.supcon.com:32188
2026-05-09 15:12:41,353 - INFO - logger.py:104 - info - 用户名: admin
2026-05-09 15:12:45,049 - INFO - logger.py:104 - info - 检查是否存在在线用户超限提示
2026-05-09 15:12:45,620 - INFO - logger.py:104 - info - 已自动点击在线用户提示的确定按钮
2026-05-09 15:12:51,643 - INFO - logger.py:104 - info - LD 项目登录成功！
2026-05-09 15:12:51,647 - INFO - logger.py:104 - info - 进入编码规则配置菜单
2026-05-09 15:12:52,857 - INFO - logger.py:104 - info - 等待规则列表加载
2026-05-09 15:12:53,869 - INFO - logger.py:104 - info - 正在第 1 页查找业务类型为'生产退料入库批号'的规则
2026-05-09 15:12:53,897 - INFO - logger.py:104 - info - 在第 1 页找到目标数据
2026-05-09 15:12:53,922 - INFO - logger.py:104 - info - 成功定位到第一个业务类型为'生产退料入库批号'的规则
2026-05-09 15:12:53,925 - INFO - logger.py:104 - info - 点击目标行的'查看'按钮
2026-05-09 15:12:54,594 - INFO - logger.py:104 - info - 完成查看，点击返回
2026-05-09 15:12:55,155 - INFO - logger.py:104 - info - verify_production_return_batch用例执行完成
2026-05-09 15:12:55,161 - INFO - logger.py:104 - info - 关闭页面
2026-05-09 15:12:55,179 - INFO - logger.py:104 - info - 关闭浏览器上下文
2026-05-09 15:12:55,220 - INFO - logger.py:104 - info - 关闭浏览器
2026-05-09 15:12:55,565 - INFO - logger.py:104 - info - 测试执行完成: TestVerifyProductionReturnBatch
2026-05-09 15:12:56,823 - ERROR - logger.py:112 - error - 生成Allure报告失败: Allure命令行工具未找到，请确保已安装并添加到系统PATH中
2026-05-09 15:12:56,825 - INFO - logger.py:104 - info - 测试执行完成，耗时: 21.45秒
2026-05-09 15:12:56,825 - INFO - logger.py:104 - info - 执行结果: 成功
