2026-05-09 15:06:52,525 - INFO - logger.py:104 - info - 开始执行测试
2026-05-09 15:06:52,526 - INFO - logger.py:104 - info - 使用单线程运行测试，避免Playwright Sync API在asyncio循环中的错误
2026-05-09 15:06:52,526 - INFO - logger.py:104 - info - Pytest执行参数: ['D:\\install\\auto_ui-master\\src\\testcase\\LD\\code_rule_config\\test_verify_other_inbound_initialization.py', '-p', 'no:xdist', '--tb=short', '--tb=short', '--timeout=180', '--alluredir', 'reports\\allure_report_20260509_150652']
2026-05-09 15:06:54,410 - INFO - logger.py:104 - info - 开始执行测试: TestVerifyOtherInboundInitialization
2026-05-09 15:06:54,422 - INFO - logger.py:104 - info - 启动浏览器: Chromium, 无头模式: False
2026-05-09 15:06:58,259 - INFO - logger.py:104 - info - ============================================================
2026-05-09 15:06:58,263 - INFO - logger.py:104 - info - 开始执行用例：verify_other_inbound_initialization
2026-05-09 15:06:58,265 - INFO - logger.py:104 - info - 用例ms的id：101090
2026-05-09 15:06:58,268 - INFO - logger.py:104 - info - ============================================================
2026-05-09 15:06:58,294 - INFO - logger.py:104 - info - 开始登录 LD 项目...
2026-05-09 15:06:58,307 - INFO - logger.py:104 - info - 登录URL: https://test2.saas-test3.supcon.com:32188
2026-05-09 15:06:58,313 - INFO - logger.py:104 - info - 用户名: admin
2026-05-09 15:07:02,315 - INFO - logger.py:104 - info - 检查是否存在在线用户超限提示
2026-05-09 15:07:02,907 - INFO - logger.py:104 - info - 已自动点击在线用户提示的确定按钮
2026-05-09 15:07:08,934 - INFO - logger.py:104 - info - LD 项目登录成功！
2026-05-09 15:07:08,936 - INFO - logger.py:104 - info - 进入编码规则配置菜单
2026-05-09 15:07:10,165 - INFO - logger.py:104 - info - 等待规则列表加载
2026-05-09 15:07:11,173 - INFO - logger.py:104 - info - 正在第 1 页查找业务类型为'其它入库批号'的规则
2026-05-09 15:07:11,223 - INFO - logger.py:104 - info - 当前页未找到，点击下一页
2026-05-09 15:07:13,009 - INFO - logger.py:104 - info - 正在第 2 页查找业务类型为'其它入库批号'的规则
2026-05-09 15:07:13,018 - INFO - logger.py:104 - info - 在第 2 页找到目标数据
2026-05-09 15:07:13,036 - INFO - logger.py:104 - info - 成功定位到第一个业务类型为'其它入库批号'的规则
2026-05-09 15:07:13,038 - INFO - logger.py:104 - info - 点击目标行的'查看'按钮
2026-05-09 15:07:13,645 - INFO - logger.py:104 - info - 完成查看，点击返回
2026-05-09 15:07:14,219 - INFO - logger.py:104 - info - 用例verify_other_inbound_initialization执行完成
2026-05-09 15:07:14,223 - INFO - logger.py:104 - info - 关闭页面
2026-05-09 15:07:14,250 - INFO - logger.py:104 - info - 关闭浏览器上下文
2026-05-09 15:07:14,298 - INFO - logger.py:104 - info - 关闭浏览器
2026-05-09 15:07:14,790 - INFO - logger.py:104 - info - 测试执行完成: TestVerifyOtherInboundInitialization
2026-05-09 15:07:15,982 - ERROR - logger.py:112 - error - 生成Allure报告失败: Allure命令行工具未找到，请确保已安装并添加到系统PATH中
2026-05-09 15:07:15,984 - INFO - logger.py:104 - info - 测试执行完成，耗时: 23.41秒
2026-05-09 15:07:15,984 - INFO - logger.py:104 - info - 执行结果: 成功
