2026-05-08 13:53:40,852 - INFO - logger.py:104 - info - 开始执行测试
2026-05-08 13:53:40,852 - INFO - logger.py:104 - info - 使用单线程运行测试，避免Playwright Sync API在asyncio循环中的错误
2026-05-08 13:53:40,852 - INFO - logger.py:104 - info - Pytest执行参数: ['D:\\install\\auto_ui-master\\src\\testcase\\LD\\product_file\\test_copy.py', '-p', 'no:xdist', '--tb=short', '--tb=short', '--timeout=180', '--alluredir', 'reports\\allure_report_20260508_135340']
2026-05-08 13:53:42,711 - INFO - logger.py:104 - info - 开始执行测试: TestCopyProduct
2026-05-08 13:53:42,722 - INFO - logger.py:104 - info - 启动浏览器: Chromium, 无头模式: False
2026-05-08 13:53:46,108 - INFO - logger.py:104 - info - ============================================================
2026-05-08 13:53:46,112 - INFO - logger.py:104 - info - 开始执行用例：copy
2026-05-08 13:53:46,115 - INFO - logger.py:104 - info - 用例ms的id：0
2026-05-08 13:53:46,169 - INFO - logger.py:104 - info - ============================================================
2026-05-08 13:53:46,185 - INFO - logger.py:104 - info - 开始登录 LD 项目...
2026-05-08 13:53:46,209 - INFO - logger.py:104 - info - 登录URL: https://test2.saas-test3.supcon.com:32188
2026-05-08 13:53:46,217 - INFO - logger.py:104 - info - 用户名: admin
2026-05-08 13:53:50,108 - INFO - logger.py:104 - info - 检查是否存在在线用户超限提示
2026-05-08 13:53:50,696 - INFO - logger.py:104 - info - 已自动点击在线用户提示的确定按钮
2026-05-08 13:53:56,721 - INFO - logger.py:104 - info - LD 项目登录成功！
2026-05-08 13:53:56,724 - INFO - logger.py:104 - info - 进入产品档案页面
2026-05-08 13:53:57,912 - INFO - logger.py:104 - info - 验证操作列和复制按钮可用性
2026-05-08 13:53:59,214 - INFO - logger.py:104 - info - 点击第一个产品的复制按钮
2026-05-08 13:53:59,779 - INFO - logger.py:104 - info - 验证复制带出的产品基础信息可见
2026-05-08 13:54:05,062 - INFO - logger.py:104 - info - 关闭页面
2026-05-08 13:54:05,098 - INFO - logger.py:104 - info - 关闭浏览器上下文
2026-05-08 13:54:05,163 - INFO - logger.py:104 - info - 关闭浏览器
2026-05-08 13:54:05,824 - INFO - logger.py:104 - info - 测试执行完成: TestCopyProduct
2026-05-08 13:54:07,070 - ERROR - logger.py:112 - error - 生成Allure报告失败: Allure命令行工具未找到，请确保已安装并添加到系统PATH中
2026-05-08 13:54:07,071 - INFO - logger.py:104 - info - 测试执行完成，耗时: 26.19秒
2026-05-08 13:54:07,071 - INFO - logger.py:104 - info - 执行结果: 失败
