2026-05-08 15:56:48,594 - INFO - logger.py:104 - info - 开始执行测试
2026-05-08 15:56:48,594 - INFO - logger.py:104 - info - 使用单线程运行测试，避免Playwright Sync API在asyncio循环中的错误
2026-05-08 15:56:48,594 - INFO - logger.py:104 - info - Pytest执行参数: ['D:\\install\\auto_ui-master\\src\\testcase\\LD\\customer_file\\test_import_product_code_exists.py', '-p', 'no:xdist', '--tb=short', '--tb=short', '--timeout=180', '--alluredir', 'reports\\allure_report_20260508_155648']
2026-05-08 15:56:50,561 - INFO - logger.py:104 - info - 开始执行测试: TestImportProductCodeExists
2026-05-08 15:56:50,590 - INFO - logger.py:104 - info - 启动浏览器: Chromium, 无头模式: False
2026-05-08 15:56:54,414 - INFO - logger.py:104 - info - ============================================================
2026-05-08 15:56:54,419 - INFO - logger.py:104 - info - 开始执行测试用例：import_product_code_exists
2026-05-08 15:56:54,424 - INFO - logger.py:104 - info - 用例ms的id：0
2026-05-08 15:56:54,428 - INFO - logger.py:104 - info - ============================================================
2026-05-08 15:56:54,432 - INFO - logger.py:104 - info - 测试文件: D:\install\auto_ui-master\src\data\LD\customer_file\KS202604230022-ldj20260423产品映射表.xlsx
2026-05-08 15:56:54,435 - INFO - logger.py:104 - info - 完成系统登录
2026-05-08 15:56:54,438 - INFO - logger.py:104 - info - 开始登录 LD 项目...
2026-05-08 15:56:54,441 - INFO - logger.py:104 - info - 登录URL: https://test2.saas-test3.supcon.com:32188
2026-05-08 15:56:54,446 - INFO - logger.py:104 - info - 用户名: admin
2026-05-08 15:56:58,157 - INFO - logger.py:104 - info - 检查是否存在在线用户超限提示
2026-05-08 15:56:58,715 - INFO - logger.py:104 - info - 已自动点击在线用户提示的确定按钮
2026-05-08 15:57:04,744 - INFO - logger.py:104 - info - LD 项目登录成功！
2026-05-08 15:57:04,749 - INFO - logger.py:104 - info - 导航进入客户档案页面
2026-05-08 15:57:05,990 - INFO - logger.py:104 - info - 点击导入按钮
2026-05-08 15:57:06,277 - INFO - logger.py:104 - info - 关闭页面
2026-05-08 15:57:06,396 - INFO - logger.py:104 - info - 关闭浏览器上下文
2026-05-08 15:57:06,455 - INFO - logger.py:104 - info - 关闭浏览器
2026-05-08 15:57:06,783 - INFO - logger.py:104 - info - 测试执行完成: TestImportProductCodeExists
2026-05-08 15:57:07,911 - ERROR - logger.py:112 - error - 生成Allure报告失败: Allure命令行工具未找到，请确保已安装并添加到系统PATH中
2026-05-08 15:57:07,912 - INFO - logger.py:104 - info - 测试执行完成，耗时: 19.28秒
2026-05-08 15:57:07,912 - INFO - logger.py:104 - info - 执行结果: 失败
