2026-04-27 09:57:54,098 - INFO - logger.py:104 - info - 开始执行测试
2026-04-27 09:57:54,100 - INFO - logger.py:104 - info - 使用单线程运行测试，避免Playwright Sync API在asyncio循环中的错误
2026-04-27 09:57:54,100 - INFO - logger.py:104 - info - Pytest执行参数: ['D:\\install\\auto_ui-master\\src\\testcase\\LD\\code_rule_config\\test_verify_data_field.py', '-p', 'no:xdist', '--tb=short', '--tb=short', '--timeout=180', '--alluredir', 'reports\\allure_report_20260427_095754']
2026-04-27 09:57:55,858 - INFO - logger.py:104 - info - 开始执行测试: TestVerifyDataField
2026-04-27 09:57:57,146 - INFO - logger.py:104 - info - 启动浏览器: Chromium, 无头模式: False
2026-04-27 09:57:59,694 - INFO - logger.py:104 - info - ============================================================
2026-04-27 09:57:59,698 - INFO - logger.py:104 - info - 开始执行用例：verify_data_field
2026-04-27 09:57:59,701 - INFO - logger.py:104 - info - 用例ms的id：0
2026-04-27 09:57:59,703 - INFO - logger.py:104 - info - ============================================================
2026-04-27 09:57:59,706 - INFO - logger.py:104 - info - 执行登录操作
2026-04-27 09:57:59,709 - INFO - logger.py:104 - info - 开始登录 LD 项目...
2026-04-27 09:57:59,713 - INFO - logger.py:104 - info - 登录URL: https://test2.saas-test3.supcon.com:32188
2026-04-27 09:57:59,716 - INFO - logger.py:104 - info - 用户名: admin
2026-04-27 09:58:03,474 - INFO - logger.py:104 - info - 检查是否存在在线用户超限提示
2026-04-27 09:58:04,072 - INFO - logger.py:104 - info - 已自动点击在线用户提示的确定按钮
2026-04-27 09:58:10,094 - INFO - logger.py:104 - info - LD 项目登录成功！
2026-04-27 09:58:10,097 - INFO - logger.py:104 - info - 点击确定按钮
2026-04-27 09:58:40,982 - INFO - logger.py:104 - info - 关闭页面
2026-04-27 09:58:40,999 - INFO - logger.py:104 - info - 关闭浏览器上下文
2026-04-27 09:58:41,032 - INFO - logger.py:104 - info - 关闭浏览器
2026-04-27 09:58:41,265 - INFO - logger.py:104 - info - 测试执行完成: TestVerifyDataField
2026-04-27 09:58:41,933 - ERROR - logger.py:112 - error - 生成Allure报告失败: Allure命令行工具未找到，请确保已安装并添加到系统PATH中
2026-04-27 09:58:41,934 - INFO - logger.py:104 - info - 测试执行完成，耗时: 47.81秒
2026-04-27 09:58:41,934 - INFO - logger.py:104 - info - 执行结果: 失败
