2026-05-11 09:04:23,422 - INFO - logger.py:104 - info - 开始执行测试
2026-05-11 09:04:23,423 - INFO - logger.py:104 - info - 使用单线程运行测试，避免Playwright Sync API在asyncio循环中的错误
2026-05-11 09:04:23,423 - INFO - logger.py:104 - info - Pytest执行参数: ['D:\\install\\auto_ui-master\\src\\testcase\\LD\\printer_management', '-p', 'no:xdist', '--tb=short', '--tb=short', '--timeout=180', '--alluredir', 'reports\\allure_report_20260511_090423']
2026-05-11 09:04:29,808 - INFO - logger.py:104 - info - 开始执行测试: TestVerifyCreateSave
2026-05-11 09:04:29,814 - INFO - logger.py:104 - info - 启动浏览器: Chromium, 无头模式: False
2026-05-11 09:04:33,346 - INFO - logger.py:104 - info - ============================================================
2026-05-11 09:04:33,349 - INFO - logger.py:104 - info - 开始执行用例：verify_create_save
2026-05-11 09:04:33,351 - INFO - logger.py:104 - info - 用例ms的id：101143
2026-05-11 09:04:33,354 - INFO - logger.py:104 - info - ============================================================
2026-05-11 09:04:33,357 - INFO - logger.py:104 - info - 完成系统登录
2026-05-11 09:04:33,360 - INFO - logger.py:104 - info - 开始登录 LD 项目...
2026-05-11 09:04:33,363 - INFO - logger.py:104 - info - 登录URL: https://test2.saas-test3.supcon.com:32188
2026-05-11 09:04:33,366 - INFO - logger.py:104 - info - 用户名: admin
2026-05-11 09:04:37,401 - INFO - logger.py:104 - info - 检查是否存在在线用户超限提示
2026-05-11 09:04:37,959 - INFO - logger.py:104 - info - 已自动点击在线用户提示的确定按钮
2026-05-11 09:04:43,983 - INFO - logger.py:104 - info - LD 项目登录成功！
2026-05-11 09:04:43,986 - INFO - logger.py:104 - info - 导航进入打印机管理菜单
2026-05-11 09:04:45,854 - INFO - logger.py:104 - info - 点击新增按钮，填写打印机信息
2026-05-11 09:04:49,132 - INFO - logger.py:104 - info - 点击保存按钮完成新增
2026-05-11 09:04:49,692 - INFO - logger.py:104 - info - 用例verify_create_save执行完成
2026-05-11 09:04:49,697 - INFO - logger.py:104 - info - 关闭页面
2026-05-11 09:04:49,735 - INFO - logger.py:104 - info - 关闭浏览器上下文
2026-05-11 09:04:49,772 - INFO - logger.py:104 - info - 关闭浏览器
2026-05-11 09:04:50,084 - INFO - logger.py:104 - info - 测试执行完成: TestVerifyCreateSave
2026-05-11 09:04:50,107 - INFO - logger.py:104 - info - 开始执行测试: TestVerifyDeleteFunction
2026-05-11 09:04:50,110 - INFO - logger.py:104 - info - 启动浏览器: Chromium, 无头模式: False
2026-05-11 09:04:54,044 - INFO - logger.py:104 - info - ============================================================
2026-05-11 09:04:54,049 - INFO - logger.py:104 - info - 开始执行verify_delete_function
2026-05-11 09:04:54,052 - INFO - logger.py:104 - info - 用例ms的id：101140
2026-05-11 09:04:54,056 - INFO - logger.py:104 - info - ============================================================
2026-05-11 09:04:54,079 - INFO - logger.py:104 - info - 登录目标系统
2026-05-11 09:04:54,081 - INFO - logger.py:104 - info - 开始登录 LD 项目...
2026-05-11 09:04:54,091 - INFO - logger.py:104 - info - 登录URL: https://test2.saas-test3.supcon.com:32188
2026-05-11 09:04:54,098 - INFO - logger.py:104 - info - 用户名: admin
2026-05-11 09:04:58,158 - INFO - logger.py:104 - info - 检查是否存在在线用户超限提示
2026-05-11 09:04:58,736 - INFO - logger.py:104 - info - 已自动点击在线用户提示的确定按钮
2026-05-11 09:05:04,750 - INFO - logger.py:104 - info - LD 项目登录成功！
2026-05-11 09:05:04,754 - INFO - logger.py:104 - info - 导航到打印机管理页面
2026-05-11 09:05:06,625 - INFO - logger.py:104 - info - 开始验证删除功能流程
2026-05-11 09:05:06,628 - INFO - logger.py:104 - info - 等待打印机列表加载
2026-05-11 09:05:07,653 - INFO - logger.py:104 - info - 点击第一个'删除'按钮，验证取消操作
2026-05-11 09:05:08,784 - INFO - logger.py:104 - info - 再次点击第一个'删除'按钮，验证确认操作
2026-05-11 09:05:09,909 - INFO - logger.py:104 - info - verify_delete_function 执行完成
2026-05-11 09:05:09,915 - INFO - logger.py:104 - info - 关闭页面
2026-05-11 09:05:09,940 - INFO - logger.py:104 - info - 关闭浏览器上下文
2026-05-11 09:05:10,001 - INFO - logger.py:104 - info - 关闭浏览器
2026-05-11 09:05:10,441 - INFO - logger.py:104 - info - 测试执行完成: TestVerifyDeleteFunction
2026-05-11 09:05:10,466 - INFO - logger.py:104 - info - 开始执行测试: TestVerifyEditFunction
2026-05-11 09:05:10,469 - INFO - logger.py:104 - info - 启动浏览器: Chromium, 无头模式: False
2026-05-11 09:05:14,352 - INFO - logger.py:104 - info - ============================================================
2026-05-11 09:05:14,357 - INFO - logger.py:104 - info - 开始执行用例：verify_edit_function
2026-05-11 09:05:14,360 - INFO - logger.py:104 - info - 用例ms的id：101142
2026-05-11 09:05:14,364 - INFO - logger.py:104 - info - ============================================================
2026-05-11 09:05:14,367 - INFO - logger.py:104 - info - 调用公用登录方法完成登录
2026-05-11 09:05:14,370 - INFO - logger.py:104 - info - 开始登录 LD 项目...
2026-05-11 09:05:14,374 - INFO - logger.py:104 - info - 登录URL: https://test2.saas-test3.supcon.com:32188
2026-05-11 09:05:14,377 - INFO - logger.py:104 - info - 用户名: admin
2026-05-11 09:05:18,439 - INFO - logger.py:104 - info - 检查是否存在在线用户超限提示
2026-05-11 09:05:19,011 - INFO - logger.py:104 - info - 已自动点击在线用户提示的确定按钮
2026-05-11 09:05:25,036 - INFO - logger.py:104 - info - LD 项目登录成功！
2026-05-11 09:05:25,040 - INFO - logger.py:104 - info - 进入打印机管理菜单
2026-05-11 09:05:26,888 - INFO - logger.py:104 - info - 执行编辑打印机信息操作
2026-05-11 09:05:26,890 - INFO - logger.py:104 - info - 等待打印机列表加载
2026-05-11 09:05:27,898 - INFO - logger.py:104 - info - 点击第一个'编辑'按钮
2026-05-11 09:05:28,570 - INFO - logger.py:104 - info - 填写名称备注
2026-05-11 09:05:30,255 - INFO - logger.py:104 - info - 用例verify_edit_function执行完成
2026-05-11 09:05:30,262 - INFO - logger.py:104 - info - 关闭页面
2026-05-11 09:05:30,282 - INFO - logger.py:104 - info - 关闭浏览器上下文
2026-05-11 09:05:30,347 - INFO - logger.py:104 - info - 关闭浏览器
2026-05-11 09:05:30,777 - INFO - logger.py:104 - info - 测试执行完成: TestVerifyEditFunction
2026-05-11 09:05:30,820 - INFO - logger.py:104 - info - 开始执行测试: TestPrinterListShow
2026-05-11 09:05:30,824 - INFO - logger.py:104 - info - 启动浏览器: Chromium, 无头模式: False
2026-05-11 09:05:34,943 - INFO - logger.py:104 - info - ============================================================
2026-05-11 09:05:34,947 - INFO - logger.py:104 - info - 开始执行用例verify_list_show
2026-05-11 09:05:34,950 - INFO - logger.py:104 - info - 用例ms的id：101138
2026-05-11 09:05:34,953 - INFO - logger.py:104 - info - ============================================================
2026-05-11 09:05:34,955 - INFO - logger.py:104 - info - 开始登录 LD 项目...
2026-05-11 09:05:34,959 - INFO - logger.py:104 - info - 登录URL: https://test2.saas-test3.supcon.com:32188
2026-05-11 09:05:34,962 - INFO - logger.py:104 - info - 用户名: admin
2026-05-11 09:05:38,934 - INFO - logger.py:104 - info - 检查是否存在在线用户超限提示
2026-05-11 09:05:39,500 - INFO - logger.py:104 - info - 已自动点击在线用户提示的确定按钮
2026-05-11 09:05:45,527 - INFO - logger.py:104 - info - LD 项目登录成功！
2026-05-11 09:05:45,530 - INFO - logger.py:104 - info - 进入打印机管理菜单
2026-05-11 09:05:47,474 - INFO - logger.py:104 - info - 点击iframe内查询图标
2026-05-11 09:05:48,300 - INFO - logger.py:104 - info - 验证页面元素可见性
2026-05-11 09:05:48,327 - INFO - logger.py:104 - info - 用例verify_list_show执行完成
2026-05-11 09:05:48,332 - INFO - logger.py:104 - info - 关闭页面
2026-05-11 09:05:48,366 - INFO - logger.py:104 - info - 关闭浏览器上下文
2026-05-11 09:05:48,411 - INFO - logger.py:104 - info - 关闭浏览器
2026-05-11 09:05:48,820 - INFO - logger.py:104 - info - 测试执行完成: TestPrinterListShow
2026-05-11 09:05:48,851 - INFO - logger.py:104 - info - 开始执行测试: TestPrinterManageRequiredField
2026-05-11 09:05:48,854 - INFO - logger.py:104 - info - 启动浏览器: Chromium, 无头模式: False
2026-05-11 09:05:53,097 - INFO - logger.py:104 - info - ============================================================
2026-05-11 09:05:53,107 - INFO - logger.py:104 - info - 开始执行用例：verify_required_field
2026-05-11 09:05:53,110 - INFO - logger.py:104 - info - 用例ms的id：101128
2026-05-11 09:05:53,113 - INFO - logger.py:104 - info - ============================================================
2026-05-11 09:05:53,117 - INFO - logger.py:104 - info - 开始登录 LD 项目...
2026-05-11 09:05:53,121 - INFO - logger.py:104 - info - 登录URL: https://test2.saas-test3.supcon.com:32188
2026-05-11 09:05:53,126 - INFO - logger.py:104 - info - 用户名: admin
2026-05-11 09:05:56,951 - INFO - logger.py:104 - info - 检查是否存在在线用户超限提示
2026-05-11 09:05:57,509 - INFO - logger.py:104 - info - 已自动点击在线用户提示的确定按钮
2026-05-11 09:06:03,523 - INFO - logger.py:104 - info - LD 项目登录成功！
2026-05-11 09:06:03,526 - INFO - logger.py:104 - info - 进入打印机管理页面
2026-05-11 09:06:05,381 - INFO - logger.py:104 - info - 点击新增按钮打开新增弹窗
2026-05-11 09:06:06,328 - INFO - logger.py:104 - info - 未填写信息直接点击保存，触发必填项校验
2026-05-11 09:06:06,912 - INFO - logger.py:104 - info - 点击取消关闭新增弹窗
2026-05-11 09:06:07,490 - INFO - logger.py:104 - info - 用例verify_required_field执行完成
2026-05-11 09:06:07,496 - INFO - logger.py:104 - info - 关闭页面
2026-05-11 09:06:07,554 - INFO - logger.py:104 - info - 关闭浏览器上下文
2026-05-11 09:06:07,586 - INFO - logger.py:104 - info - 关闭浏览器
2026-05-11 09:06:07,925 - INFO - logger.py:104 - info - 测试执行完成: TestPrinterManageRequiredField
2026-05-11 09:06:07,946 - INFO - logger.py:104 - info - 开始执行测试: TestVerifyCreateSave
2026-05-11 09:06:07,949 - INFO - logger.py:104 - info - 启动浏览器: Chromium, 无头模式: False
2026-05-11 09:06:11,483 - INFO - logger.py:104 - info - ============================================================
2026-05-11 09:06:11,505 - INFO - logger.py:104 - info - 开始执行用例：verify_serial_number_duplicate
2026-05-11 09:06:11,509 - INFO - logger.py:104 - info - 用例ms的id：101142
2026-05-11 09:06:11,513 - INFO - logger.py:104 - info - ============================================================
2026-05-11 09:06:11,516 - INFO - logger.py:104 - info - 完成系统登录
2026-05-11 09:06:11,571 - INFO - logger.py:104 - info - 开始登录 LD 项目...
2026-05-11 09:06:11,587 - INFO - logger.py:104 - info - 登录URL: https://test2.saas-test3.supcon.com:32188
2026-05-11 09:06:11,593 - INFO - logger.py:104 - info - 用户名: admin
2026-05-11 09:06:15,634 - INFO - logger.py:104 - info - 检查是否存在在线用户超限提示
2026-05-11 09:06:16,269 - INFO - logger.py:104 - info - 已自动点击在线用户提示的确定按钮
2026-05-11 09:06:22,302 - INFO - logger.py:104 - info - LD 项目登录成功！
2026-05-11 09:06:22,306 - INFO - logger.py:104 - info - 导航进入打印机管理菜单
2026-05-11 09:06:24,165 - INFO - logger.py:104 - info - 点击新增按钮，填写打印机信息
2026-05-11 09:06:27,332 - INFO - logger.py:104 - info - 点击保存按钮完成新增
2026-05-11 09:06:27,907 - INFO - logger.py:104 - info - 用例verify_serial_number_duplicate执行完成
2026-05-11 09:06:27,912 - INFO - logger.py:104 - info - 关闭页面
2026-05-11 09:06:27,953 - INFO - logger.py:104 - info - 关闭浏览器上下文
2026-05-11 09:06:28,001 - INFO - logger.py:104 - info - 关闭浏览器
2026-05-11 09:06:28,341 - INFO - logger.py:104 - info - 测试执行完成: TestVerifyCreateSave
2026-05-11 09:06:29,164 - ERROR - logger.py:112 - error - 生成Allure报告失败: Allure命令行工具未找到，请确保已安装并添加到系统PATH中
2026-05-11 09:06:29,170 - INFO - logger.py:104 - info - 测试执行完成，耗时: 125.71秒
2026-05-11 09:06:29,172 - INFO - logger.py:104 - info - 执行结果: 成功
