2026-05-08 14:25:29,748 - INFO - logger.py:104 - info - 开始执行测试
2026-05-08 14:25:29,749 - INFO - logger.py:104 - info - 使用单线程运行测试，避免Playwright Sync API在asyncio循环中的错误
2026-05-08 14:25:29,749 - INFO - logger.py:104 - info - Pytest执行参数: ['D:\\install\\auto_ui-master\\src\\testcase\\LD\\product_file\\test_standard_time.py', '-p', 'no:xdist', '--tb=short', '--tb=short', '--timeout=180', '--alluredir', 'reports\\allure_report_20260508_142529']
2026-05-08 14:25:31,961 - INFO - logger.py:104 - info - 开始执行测试: TestStandardTime
2026-05-08 14:25:31,982 - INFO - logger.py:104 - info - 启动浏览器: Chromium, 无头模式: False
2026-05-08 14:25:36,324 - INFO - logger.py:104 - info - ============================================================
2026-05-08 14:25:36,329 - INFO - logger.py:104 - info - 开始执行用例：standard_time
2026-05-08 14:25:36,333 - INFO - logger.py:104 - info - 用例ms的id：0
2026-05-08 14:25:36,339 - INFO - logger.py:104 - info - ============================================================
2026-05-08 14:25:36,345 - INFO - logger.py:104 - info - 开始登录 LD 项目...
2026-05-08 14:25:36,348 - INFO - logger.py:104 - info - 登录URL: https://test2.saas-test3.supcon.com:32188
2026-05-08 14:25:36,351 - INFO - logger.py:104 - info - 用户名: admin
2026-05-08 14:25:40,053 - INFO - logger.py:104 - info - 检查是否存在在线用户超限提示
2026-05-08 14:25:40,639 - INFO - logger.py:104 - info - 已自动点击在线用户提示的确定按钮
2026-05-08 14:25:46,672 - INFO - logger.py:104 - info - LD 项目登录成功！
2026-05-08 14:25:46,676 - INFO - logger.py:104 - info - 系统登录完成
2026-05-08 14:25:46,679 - INFO - logger.py:104 - info - 进入产品档案页面
2026-05-08 14:25:49,426 - INFO - logger.py:104 - info - 点击新增产品按钮
2026-05-08 14:25:50,034 - INFO - logger.py:104 - info - 点击标准工时选项，开始验证展示效果
2026-05-08 14:25:50,069 - INFO - logger.py:104 - info - 所有断言通过，标准工时展示正常
2026-05-08 14:25:50,072 - INFO - logger.py:104 - info - 用例standard_time执行完成
2026-05-08 14:25:50,079 - INFO - logger.py:104 - info - 关闭页面
2026-05-08 14:25:50,106 - INFO - logger.py:104 - info - 关闭浏览器上下文
2026-05-08 14:25:50,170 - INFO - logger.py:104 - info - 关闭浏览器
2026-05-08 14:25:50,579 - INFO - logger.py:104 - info - 测试执行完成: TestStandardTime
2026-05-08 14:25:53,317 - ERROR - logger.py:112 - error - 生成Allure报告失败: Allure命令行工具未找到，请确保已安装并添加到系统PATH中
2026-05-08 14:25:53,326 - INFO - logger.py:104 - info - 测试执行完成，耗时: 23.51秒
2026-05-08 14:25:53,351 - INFO - logger.py:104 - info - 执行结果: 成功
