2026-05-08 09:18:45,954 - INFO - logger.py:104 - info - 开始执行测试
2026-05-08 09:18:45,955 - INFO - logger.py:104 - info - 使用单线程运行测试，避免Playwright Sync API在asyncio循环中的错误
2026-05-08 09:18:45,955 - INFO - logger.py:104 - info - Pytest执行参数: ['D:\\install\\auto_ui-master\\src\\testcase\\LD\\printer_management\\test_verify_delete_function.py', '-p', 'no:xdist', '--tb=short', '--tb=short', '--timeout=180', '--alluredir', 'reports\\allure_report_20260508_091845']
2026-05-08 09:18:47,509 - INFO - logger.py:104 - info - 开始执行测试: TestVerifyDeleteFunction
2026-05-08 09:18:47,519 - INFO - logger.py:104 - info - 启动浏览器: Chromium, 无头模式: False
2026-05-08 09:18:50,849 - INFO - logger.py:104 - info - ============================================================
2026-05-08 09:18:50,852 - INFO - logger.py:104 - info - 开始执行verify_delete_function
2026-05-08 09:18:50,855 - INFO - logger.py:104 - info - 用例ms的id：0
2026-05-08 09:18:50,859 - INFO - logger.py:104 - info - ============================================================
2026-05-08 09:18:50,862 - INFO - logger.py:104 - info - 登录目标系统
2026-05-08 09:18:50,865 - INFO - logger.py:104 - info - 开始登录 LD 项目...
2026-05-08 09:18:50,869 - INFO - logger.py:104 - info - 登录URL: https://test2.saas-test3.supcon.com:32188
2026-05-08 09:18:50,873 - INFO - logger.py:104 - info - 用户名: admin
2026-05-08 09:18:54,873 - INFO - logger.py:104 - info - 检查是否存在在线用户超限提示
2026-05-08 09:18:55,470 - INFO - logger.py:104 - info - 已自动点击在线用户提示的确定按钮
2026-05-08 09:19:01,511 - INFO - logger.py:104 - info - LD 项目登录成功！
2026-05-08 09:19:01,515 - INFO - logger.py:104 - info - 导航到打印机管理页面
2026-05-08 09:19:03,328 - INFO - logger.py:104 - info - 开始验证删除功能流程
2026-05-08 09:19:03,330 - INFO - logger.py:104 - info - 等待打印机列表加载
2026-05-08 09:19:04,347 - INFO - logger.py:104 - info - 点击第一个'删除'按钮，验证取消操作
2026-05-08 09:19:05,516 - INFO - logger.py:104 - info - 再次点击第一个'删除'按钮，验证确认操作
2026-05-08 09:19:06,618 - INFO - logger.py:104 - info - verify_delete_function 执行完成
2026-05-08 09:19:06,622 - INFO - logger.py:104 - info - 关闭页面
2026-05-08 09:19:06,640 - INFO - logger.py:104 - info - 关闭浏览器上下文
2026-05-08 09:19:06,714 - INFO - logger.py:104 - info - 关闭浏览器
2026-05-08 09:19:06,988 - INFO - logger.py:104 - info - 测试执行完成: TestVerifyDeleteFunction
2026-05-08 09:19:07,918 - ERROR - logger.py:112 - error - 生成Allure报告失败: Allure命令行工具未找到，请确保已安装并添加到系统PATH中
2026-05-08 09:19:07,924 - INFO - logger.py:104 - info - 测试执行完成，耗时: 21.92秒
2026-05-08 09:19:07,925 - INFO - logger.py:104 - info - 执行结果: 成功
