2026-04-27 10:48:41,388 - INFO - logger.py:104 - info - 开始执行测试
2026-04-27 10:48:41,388 - INFO - logger.py:104 - info - 使用单线程运行测试，避免Playwright Sync API在asyncio循环中的错误
2026-04-27 10:48:41,388 - INFO - logger.py:104 - info - Pytest执行参数: ['D:\\install\\auto_ui-master\\src\\testcase\\LD\\code_rule_config\\test_verify_create_button.py', '-p', 'no:xdist', '--tb=short', '--tb=short', '--timeout=180', '--alluredir', 'reports\\allure_report_20260427_104841']
2026-04-27 10:48:43,071 - INFO - logger.py:104 - info - 开始执行测试: TestVerifyCreateCodeRule
2026-04-27 10:48:43,096 - INFO - logger.py:104 - info - 启动浏览器: Chromium, 无头模式: False
2026-04-27 10:48:45,879 - INFO - logger.py:104 - info - ============================================================
2026-04-27 10:48:45,886 - INFO - logger.py:104 - info - 开始执行用例：verify_create_button
2026-04-27 10:48:45,891 - INFO - logger.py:104 - info - 用例ms的id：0
2026-04-27 10:48:45,906 - INFO - logger.py:104 - info - ============================================================
2026-04-27 10:48:45,919 - INFO - logger.py:104 - info - 开始登录 LD 项目...
2026-04-27 10:48:45,939 - INFO - logger.py:104 - info - 登录URL: https://test2.saas-test3.supcon.com:32188
2026-04-27 10:48:45,953 - INFO - logger.py:104 - info - 用户名: admin
2026-04-27 10:48:50,279 - INFO - logger.py:104 - info - 检查是否存在在线用户超限提示
2026-04-27 10:48:50,937 - INFO - logger.py:104 - info - 已自动点击在线用户提示的确定按钮
2026-04-27 10:48:57,094 - INFO - logger.py:104 - info - LD 项目登录成功！
2026-04-27 10:48:57,097 - INFO - logger.py:104 - info - 登录成功，进入编码规则配置菜单
2026-04-27 10:48:58,292 - INFO - logger.py:104 - info - 点击创建按钮，开始新增编码规则
2026-04-27 10:48:59,535 - INFO - logger.py:104 - info - 填写编码规则基础信息
2026-04-27 10:49:01,773 - INFO - logger.py:104 - info - 选择业务类型：采购入库批号
2026-04-27 10:49:33,322 - INFO - logger.py:104 - info - 关闭页面
2026-04-27 10:49:33,339 - INFO - logger.py:104 - info - 关闭浏览器上下文
2026-04-27 10:49:33,361 - INFO - logger.py:104 - info - 关闭浏览器
2026-04-27 10:49:33,621 - INFO - logger.py:104 - info - 测试执行完成: TestVerifyCreateCodeRule
2026-04-27 10:49:34,244 - ERROR - logger.py:112 - error - 生成Allure报告失败: Allure命令行工具未找到，请确保已安装并添加到系统PATH中
2026-04-27 10:49:34,246 - INFO - logger.py:104 - info - 测试执行完成，耗时: 52.83秒
2026-04-27 10:49:34,247 - INFO - logger.py:104 - info - 执行结果: 失败
