2026-05-09 11:28:39,643 - INFO - logger.py:104 - info - 开始执行测试
2026-05-09 11:28:39,644 - INFO - logger.py:104 - info - 使用单线程运行测试，避免Playwright Sync API在asyncio循环中的错误
2026-05-09 11:28:39,645 - INFO - logger.py:104 - info - Pytest执行参数: ['D:\\install\\auto_ui-master\\src\\testcase\\LD\\customer_file\\test_import_empty.py', '-p', 'no:xdist', '--tb=short', '--tb=short', '--timeout=180', '--alluredir', 'reports\\allure_report_20260509_112839']
2026-05-09 11:28:45,350 - INFO - logger.py:104 - info - 开始执行测试: TestImportEmpty
2026-05-09 11:28:45,360 - INFO - logger.py:104 - info - 启动浏览器: Chromium, 无头模式: False
2026-05-09 11:28:48,881 - INFO - logger.py:104 - info - ============================================================
2026-05-09 11:28:48,891 - INFO - logger.py:104 - info - 开始执行用例：import_empty
2026-05-09 11:28:48,897 - INFO - logger.py:104 - info - 用例ms ID：101271
2026-05-09 11:28:48,927 - INFO - logger.py:104 - info - ============================================================
2026-05-09 11:28:48,929 - INFO - logger.py:104 - info - 测试文件: D:\install\auto_ui-master\src\data\LD\customer_file\空表.xlsx
2026-05-09 11:28:48,937 - INFO - logger.py:104 - info - 调用公用登录方法登录系统
2026-05-09 11:28:48,942 - INFO - logger.py:104 - info - 开始登录 LD 项目...
2026-05-09 11:28:48,945 - INFO - logger.py:104 - info - 登录URL: https://test2.saas-test3.supcon.com:32188
2026-05-09 11:28:48,948 - INFO - logger.py:104 - info - 用户名: admin
2026-05-09 11:28:52,774 - INFO - logger.py:104 - info - 检查是否存在在线用户超限提示
2026-05-09 11:28:53,355 - INFO - logger.py:104 - info - 已自动点击在线用户提示的确定按钮
2026-05-09 11:28:59,371 - INFO - logger.py:104 - info - LD 项目登录成功！
2026-05-09 11:28:59,375 - INFO - logger.py:104 - info - 进入客户档案页面
2026-05-09 11:29:00,634 - INFO - logger.py:104 - info - 点击客户资料区域的第一个客户，激活右侧客户产品映射
2026-05-09 11:29:31,537 - INFO - logger.py:104 - info - 关闭页面
2026-05-09 11:29:31,556 - INFO - logger.py:104 - info - 关闭浏览器上下文
2026-05-09 11:29:31,601 - INFO - logger.py:104 - info - 关闭浏览器
2026-05-09 11:29:31,878 - INFO - logger.py:104 - info - 测试执行完成: TestImportEmpty
2026-05-09 11:29:32,524 - ERROR - logger.py:112 - error - 生成Allure报告失败: Allure命令行工具未找到，请确保已安装并添加到系统PATH中
2026-05-09 11:29:32,525 - INFO - logger.py:104 - info - 测试执行完成，耗时: 52.85秒
2026-05-09 11:29:32,526 - INFO - logger.py:104 - info - 执行结果: 失败
