2026-05-09 14:35:47,533 - INFO - logger.py:104 - info - 开始执行测试
2026-05-09 14:35:47,533 - INFO - logger.py:104 - info - 使用单线程运行测试，避免Playwright Sync API在asyncio循环中的错误
2026-05-09 14:35:47,534 - INFO - logger.py:104 - info - Pytest执行参数: ['D:\\install\\auto_ui-master\\src\\testcase\\LD\\bom_management\\test_verify_import_exists.py', '-p', 'no:xdist', '--tb=short', '--tb=short', '--timeout=180', '--alluredir', 'reports\\allure_report_20260509_143547']
2026-05-09 14:35:49,347 - INFO - logger.py:104 - info - 开始执行测试: TestVerifyImportExists
2026-05-09 14:35:49,378 - INFO - logger.py:104 - info - 启动浏览器: Chromium, 无头模式: False
2026-05-09 14:35:53,479 - INFO - logger.py:104 - info - ============================================================
2026-05-09 14:35:53,483 - INFO - logger.py:104 - info - 开始执行用例：verify_import_exists
2026-05-09 14:35:53,488 - INFO - logger.py:104 - info - 用例ms的id：101315
2026-05-09 14:35:53,492 - INFO - logger.py:104 - info - ============================================================
2026-05-09 14:35:53,517 - INFO - logger.py:104 - info - 测试文件: D:\install\auto_ui-master\src\data\LD\bom_management\物料清单_列表.xlsx
2026-05-09 14:35:53,521 - INFO - logger.py:104 - info - 登录目标系统
2026-05-09 14:35:53,528 - INFO - logger.py:104 - info - 开始登录 LD 项目...
2026-05-09 14:35:53,535 - INFO - logger.py:104 - info - 登录URL: https://test2.saas-test3.supcon.com:32188
2026-05-09 14:35:53,539 - INFO - logger.py:104 - info - 用户名: admin
2026-05-09 14:35:57,203 - INFO - logger.py:104 - info - 检查是否存在在线用户超限提示
2026-05-09 14:35:57,758 - INFO - logger.py:104 - info - 已自动点击在线用户提示的确定按钮
2026-05-09 14:36:03,786 - INFO - logger.py:104 - info - LD 项目登录成功！
2026-05-09 14:36:03,789 - INFO - logger.py:104 - info - 进入物料清单页面
2026-05-09 14:36:05,028 - INFO - logger.py:104 - info - 打开导入弹窗
2026-05-09 14:36:06,362 - INFO - logger.py:104 - info - 上传导入文件：工作簿5.xlsx
2026-05-09 14:36:06,908 - INFO - logger.py:104 - info - 确认导入，验证导入执行结果
2026-05-09 14:36:10,526 - INFO - logger.py:104 - info - 关闭导入弹窗
2026-05-09 14:36:11,088 - INFO - logger.py:104 - info - 用例verify_import_exists执行完成
2026-05-09 14:36:11,094 - INFO - logger.py:104 - info - 关闭页面
2026-05-09 14:36:11,115 - INFO - logger.py:104 - info - 关闭浏览器上下文
2026-05-09 14:36:11,159 - INFO - logger.py:104 - info - 关闭浏览器
2026-05-09 14:36:11,592 - INFO - logger.py:104 - info - 测试执行完成: TestVerifyImportExists
2026-05-09 14:36:12,790 - ERROR - logger.py:112 - error - 生成Allure报告失败: Allure命令行工具未找到，请确保已安装并添加到系统PATH中
2026-05-09 14:36:12,791 - INFO - logger.py:104 - info - 测试执行完成，耗时: 25.22秒
2026-05-09 14:36:12,791 - INFO - logger.py:104 - info - 执行结果: 成功
