2026-05-07 13:23:14,734 - INFO - logger.py:104 - info - 开始执行测试
2026-05-07 13:23:14,735 - INFO - logger.py:104 - info - 使用单线程运行测试，避免Playwright Sync API在asyncio循环中的错误
2026-05-07 13:23:14,735 - INFO - logger.py:104 - info - Pytest执行参数: ['D:\\install\\auto_ui-master\\src\\testcase\\LD\\base_information', '-p', 'no:xdist', '--tb=short', '--tb=short', '--timeout=180', '--alluredir', 'reports\\allure_report_20260507_132314']
2026-05-07 13:23:23,793 - INFO - logger.py:104 - info - 开始执行测试: TestVerifyProdLineNameRejected
2026-05-07 13:23:25,400 - INFO - logger.py:104 - info - 启动浏览器: Chromium, 无头模式: False
2026-05-07 13:23:33,976 - INFO - logger.py:104 - info - ============================================================
2026-05-07 13:23:33,985 - INFO - logger.py:104 - info - 开始执行用例：verify_name_rejected
2026-05-07 13:23:34,018 - INFO - logger.py:104 - info - 用例ms ID：0
2026-05-07 13:23:34,027 - INFO - logger.py:104 - info - ============================================================
2026-05-07 13:23:34,042 - INFO - logger.py:104 - info - 执行公用登录
2026-05-07 13:23:34,048 - INFO - logger.py:104 - info - 开始登录 LD 项目...
2026-05-07 13:23:34,051 - INFO - logger.py:104 - info - 登录URL: https://test2.saas-test3.supcon.com:32188
2026-05-07 13:23:34,055 - INFO - logger.py:104 - info - 用户名: admin
2026-05-07 13:23:37,930 - INFO - logger.py:104 - info - 检查是否存在在线用户超限提示
2026-05-07 13:23:38,626 - INFO - logger.py:104 - info - 已自动点击在线用户提示的确定按钮
2026-05-07 13:23:44,654 - INFO - logger.py:104 - info - LD 项目登录成功！
2026-05-07 13:23:44,657 - INFO - logger.py:104 - info - 导航到产线设置页面
2026-05-07 13:23:46,460 - INFO - logger.py:104 - info - 打开新增产线弹窗
2026-05-07 13:23:47,274 - INFO - logger.py:104 - info - 填充产线基本信息
2026-05-07 13:23:48,333 - INFO - logger.py:104 - info - 选择关联设备
2026-05-07 13:23:50,657 - INFO - logger.py:104 - info - 选择关联部门
2026-05-07 13:23:52,374 - INFO - logger.py:104 - info - 提交表单，验证产线名称重复校验逻辑
2026-05-07 13:23:52,955 - INFO - logger.py:104 - info - 成功捕获'产线名称重复！'提示，校验通过
2026-05-07 13:23:52,957 - INFO - logger.py:104 - info - 关闭新增产线弹窗
2026-05-07 13:23:53,520 - INFO - logger.py:104 - info - 用例verify_name_rejected执行完成
2026-05-07 13:23:53,526 - INFO - logger.py:104 - info - 关闭页面
2026-05-07 13:23:53,569 - INFO - logger.py:104 - info - 关闭浏览器上下文
2026-05-07 13:23:53,637 - INFO - logger.py:104 - info - 关闭浏览器
2026-05-07 13:23:54,109 - INFO - logger.py:104 - info - 测试执行完成: TestVerifyProdLineNameRejected
2026-05-07 13:23:54,148 - INFO - logger.py:104 - info - 开始执行测试: TestVerifyWarehouseCreateUpdate
2026-05-07 13:23:54,153 - INFO - logger.py:104 - info - 启动浏览器: Chromium, 无头模式: False
2026-05-07 13:23:57,168 - INFO - logger.py:104 - info - ============================================================
2026-05-07 13:23:57,251 - INFO - logger.py:104 - info - 开始执行用例：verify_warehouse_create_update
2026-05-07 13:23:57,261 - INFO - logger.py:104 - info - 用例ms的id：0
2026-05-07 13:23:57,266 - INFO - logger.py:104 - info - ============================================================
2026-05-07 13:23:57,272 - INFO - logger.py:104 - info - 完成系统登录
2026-05-07 13:23:57,277 - INFO - logger.py:104 - info - 开始登录 LD 项目...
2026-05-07 13:23:57,282 - INFO - logger.py:104 - info - 登录URL: https://test2.saas-test3.supcon.com:32188
2026-05-07 13:23:57,286 - INFO - logger.py:104 - info - 用户名: admin
2026-05-07 13:24:00,918 - INFO - logger.py:104 - info - 检查是否存在在线用户超限提示
2026-05-07 13:24:01,489 - INFO - logger.py:104 - info - 已自动点击在线用户提示的确定按钮
2026-05-07 13:24:07,513 - INFO - logger.py:104 - info - LD 项目登录成功！
2026-05-07 13:24:07,516 - INFO - logger.py:104 - info - 导航进入仓库管理页面
2026-05-07 13:24:09,296 - INFO - logger.py:104 - info - 点击创建按钮，打开创建仓库弹窗
2026-05-07 13:24:10,718 - INFO - logger.py:104 - info - 填写仓库编码和名称信息
2026-05-07 13:24:12,948 - INFO - logger.py:104 - info - 选择仓库配置项
2026-05-07 13:24:13,511 - INFO - logger.py:104 - info - 点击保存按钮完成创建
2026-05-07 13:24:14,149 - INFO - logger.py:104 - info - verify_warehouse_create_update用例执行完成
2026-05-07 13:24:14,154 - INFO - logger.py:104 - info - 关闭页面
2026-05-07 13:24:14,168 - INFO - logger.py:104 - info - 关闭浏览器上下文
2026-05-07 13:24:14,219 - INFO - logger.py:104 - info - 关闭浏览器
2026-05-07 13:24:14,516 - INFO - logger.py:104 - info - 测试执行完成: TestVerifyWarehouseCreateUpdate
2026-05-07 13:24:16,042 - ERROR - logger.py:112 - error - 生成Allure报告失败: Allure命令行工具未找到，请确保已安装并添加到系统PATH中
2026-05-07 13:24:16,052 - INFO - logger.py:104 - info - 测试执行完成，耗时: 61.28秒
2026-05-07 13:24:16,052 - INFO - logger.py:104 - info - 执行结果: 成功
