2026-04-23 10:27:26,039 - INFO - logger.py:104 - info - 开始执行测试
2026-04-23 10:27:26,039 - INFO - logger.py:104 - info - 使用单线程运行测试，避免Playwright Sync API在asyncio循环中的错误
2026-04-23 10:27:26,050 - INFO - logger.py:104 - info - Pytest执行参数: ['D:\\install\\auto_ui-master\\src\\testcase\\LD\\bom_management\\test_verify_add_child_product.py', '-p', 'no:xdist', '--tb=short', '--tb=short', '--timeout=180', '--alluredir', 'reports\\allure_report_20260423_102726']
2026-04-23 10:27:27,922 - INFO - logger.py:104 - info - 开始执行测试: TestVerifyAddChildProduct
2026-04-23 10:27:27,933 - INFO - logger.py:104 - info - 启动浏览器: Chromium, 无头模式: False
2026-04-23 10:27:30,480 - INFO - logger.py:104 - info - ============================================================
2026-04-23 10:27:30,484 - INFO - logger.py:104 - info - 开始执行用例：verify_add_child_product
2026-04-23 10:27:30,488 - INFO - logger.py:104 - info - 用例ms的id：0
2026-04-23 10:27:30,494 - INFO - logger.py:104 - info - ============================================================
2026-04-23 10:27:30,498 - INFO - logger.py:104 - info - 登录目标系统
2026-04-23 10:27:30,501 - INFO - logger.py:104 - info - 开始登录 LD 项目...
2026-04-23 10:27:30,505 - INFO - logger.py:104 - info - 登录URL: https://test2.saas-test3.supcon.com:32188
2026-04-23 10:27:30,518 - INFO - logger.py:104 - info - 用户名: admin
2026-04-23 10:27:40,755 - INFO - logger.py:104 - info - LD 项目登录成功！
2026-04-23 10:27:40,758 - INFO - logger.py:104 - info - 进入物料清单页面
2026-04-23 10:27:45,039 - INFO - logger.py:104 - info - 打开目标BOM的编辑页面
2026-04-23 10:27:46,862 - INFO - logger.py:104 - info - 点击添加子项产品按钮
2026-04-23 10:27:47,507 - INFO - logger.py:104 - info - 等待产品选择弹窗加载
2026-04-23 10:27:50,534 - INFO - logger.py:104 - info - 选择列表中的第一个产品
2026-04-23 10:28:21,448 - INFO - logger.py:104 - info - 关闭页面
2026-04-23 10:28:21,475 - INFO - logger.py:104 - info - 关闭浏览器上下文
2026-04-23 10:28:21,534 - INFO - logger.py:104 - info - 关闭浏览器
2026-04-23 10:28:22,016 - INFO - logger.py:104 - info - 测试执行完成: TestVerifyAddChildProduct
2026-04-23 10:28:23,491 - ERROR - logger.py:112 - error - 生成Allure报告失败: Allure命令行工具未找到，请确保已安装并添加到系统PATH中
2026-04-23 10:28:23,492 - INFO - logger.py:104 - info - 测试执行完成，耗时: 57.41秒
2026-04-23 10:28:23,492 - INFO - logger.py:104 - info - 执行结果: 失败
