2026-04-22 15:38:06,753 - INFO - logger.py:104 - info - 开始执行测试
2026-04-22 15:38:06,754 - INFO - logger.py:104 - info - 使用单线程运行测试，避免Playwright Sync API在asyncio循环中的错误
2026-04-22 15:38:06,754 - INFO - logger.py:104 - info - Pytest执行参数: ['D:\\install\\auto_ui-master\\src\\testcase\\LD\\bom_management\\test_verify_import_empty_excel.py', '-p', 'no:xdist', '--tb=short', '--tb=short', '--timeout=180', '--alluredir', 'reports\\allure_report_20260422_153806']
2026-04-22 15:38:12,261 - INFO - logger.py:104 - info - 开始执行测试: TestVerifyImportEmptyExcel
2026-04-22 15:38:12,270 - INFO - logger.py:104 - info - 启动浏览器: Chromium, 无头模式: False
2026-04-22 15:38:14,235 - INFO - logger.py:104 - info - ============================================================
2026-04-22 15:38:14,242 - INFO - logger.py:104 - info - 开始执行用例：verify_import_empty_excel
2026-04-22 15:38:14,248 - INFO - logger.py:104 - info - 用例ms的id：0
2026-04-22 15:38:14,253 - INFO - logger.py:104 - info - ============================================================
2026-04-22 15:38:14,258 - INFO - logger.py:104 - info - 开始登录 LD 项目...
2026-04-22 15:38:14,263 - INFO - logger.py:104 - info - 登录URL: https://test2.saas-test3.supcon.com:32188
2026-04-22 15:38:14,266 - INFO - logger.py:104 - info - 用户名: admin
2026-04-22 15:38:26,842 - INFO - logger.py:104 - info - LD 项目登录成功！
2026-04-22 15:38:26,846 - INFO - logger.py:104 - info - 进入物料清单页面
2026-04-22 15:38:27,956 - INFO - logger.py:104 - info - 开始执行第一次文件导入
2026-04-22 15:38:30,219 - INFO - logger.py:104 - info - 关闭页面
2026-04-22 15:38:30,274 - INFO - logger.py:104 - info - 关闭浏览器上下文
2026-04-22 15:38:30,336 - INFO - logger.py:104 - info - 关闭浏览器
2026-04-22 15:38:30,762 - INFO - logger.py:104 - info - 测试执行完成: TestVerifyImportEmptyExcel
2026-04-22 15:38:31,439 - ERROR - logger.py:112 - error - 生成Allure报告失败: Allure命令行工具未找到，请确保已安装并添加到系统PATH中
2026-04-22 15:38:31,440 - INFO - logger.py:104 - info - 测试执行完成，耗时: 24.66秒
2026-04-22 15:38:31,440 - INFO - logger.py:104 - info - 执行结果: 失败
