2026-04-22 16:25:23,157 - INFO - logger.py:104 - info - 开始执行测试
2026-04-22 16:25:23,157 - INFO - logger.py:104 - info - 使用单线程运行测试，避免Playwright Sync API在asyncio循环中的错误
2026-04-22 16:25:23,158 - INFO - logger.py:104 - info - Pytest执行参数: ['D:\\install\\auto_ui-master\\src\\testcase\\LD\\bom_management\\test_verify_import_empty_excel.py', '-p', 'no:xdist', '--tb=short', '--tb=short', '--timeout=180', '--alluredir', 'reports\\allure_report_20260422_162523']
2026-04-22 16:25:25,260 - INFO - logger.py:104 - info - 开始执行测试: TestVerifyImportEmptyExcel
2026-04-22 16:25:25,359 - INFO - logger.py:104 - info - 启动浏览器: Chromium, 无头模式: False
2026-04-22 16:25:28,113 - INFO - logger.py:104 - info - ============================================================
2026-04-22 16:25:28,117 - INFO - logger.py:104 - info - 开始执行用例：verify_import_empty_excel
2026-04-22 16:25:28,120 - INFO - logger.py:104 - info - 用例ms的id：0
2026-04-22 16:25:28,123 - INFO - logger.py:104 - info - ============================================================
2026-04-22 16:25:28,126 - INFO - logger.py:104 - info - 测试文件: D:\install\auto_ui-master\src\data\LD\bom_management\工作簿1.xlsx
2026-04-22 16:25:28,132 - INFO - logger.py:104 - info - 调用公用登录方法完成登录
2026-04-22 16:25:28,136 - INFO - logger.py:104 - info - 开始登录 LD 项目...
2026-04-22 16:25:28,139 - INFO - logger.py:104 - info - 登录URL: https://test2.saas-test3.supcon.com:32188
2026-04-22 16:25:28,152 - INFO - logger.py:104 - info - 用户名: admin
2026-04-22 16:25:41,117 - INFO - logger.py:104 - info - LD 项目登录成功！
2026-04-22 16:25:41,120 - INFO - logger.py:104 - info - 导航进入基础资料->物料清单页面
2026-04-22 16:25:42,248 - INFO - logger.py:104 - info - 点击导入按钮，打开导入弹窗
2026-04-22 16:25:43,569 - INFO - logger.py:104 - info - 选择并上传测试Excel文件
2026-04-22 16:25:44,115 - INFO - logger.py:104 - info - 确认导入，验证导入执行结果
2026-04-22 16:25:49,920 - INFO - logger.py:104 - info - 关闭页面
2026-04-22 16:25:49,939 - INFO - logger.py:104 - info - 关闭浏览器上下文
2026-04-22 16:25:50,017 - INFO - logger.py:104 - info - 关闭浏览器
2026-04-22 16:25:50,414 - INFO - logger.py:104 - info - 测试执行完成: TestVerifyImportEmptyExcel
2026-04-22 16:25:50,994 - ERROR - logger.py:112 - error - 生成Allure报告失败: Allure命令行工具未找到，请确保已安装并添加到系统PATH中
2026-04-22 16:25:50,995 - INFO - logger.py:104 - info - 测试执行完成，耗时: 27.82秒
2026-04-22 16:25:50,995 - INFO - logger.py:104 - info - 执行结果: 失败
