2026-04-28 10:19:29,728 - INFO - logger.py:104 - info - 开始执行测试
2026-04-28 10:19:29,728 - INFO - logger.py:104 - info - 使用单线程运行测试，避免Playwright Sync API在asyncio循环中的错误
2026-04-28 10:19:29,728 - INFO - logger.py:104 - info - Pytest执行参数: ['D:\\install\\auto_ui-master\\src\\testcase\\LD\\system_configuration\\test_check_settings_list.py', '-p', 'no:xdist', '--tb=short', '--tb=short', '--timeout=180', '--alluredir', 'reports\\allure_report_20260428_101929']
2026-04-28 10:19:31,764 - INFO - logger.py:104 - info - 开始执行测试: TestCheckSettingsList
2026-04-28 10:19:31,782 - INFO - logger.py:104 - info - 启动浏览器: Chromium, 无头模式: False
2026-04-28 10:19:34,404 - INFO - logger.py:104 - info - ============================================================
2026-04-28 10:19:34,409 - INFO - logger.py:104 - info - 开始执行用例：check_settings_list
2026-04-28 10:19:34,419 - INFO - logger.py:104 - info - 用例ms的id：0
2026-04-28 10:19:34,424 - INFO - logger.py:104 - info - ============================================================
2026-04-28 10:19:34,430 - INFO - logger.py:104 - info - 调用公用登录方法完成登录
2026-04-28 10:19:34,434 - INFO - logger.py:104 - info - 开始登录 LD 项目...
2026-04-28 10:19:34,439 - INFO - logger.py:104 - info - 登录URL: https://test2.saas-test3.supcon.com:32188
2026-04-28 10:19:34,446 - INFO - logger.py:104 - info - 用户名: admin
2026-04-28 10:19:38,315 - INFO - logger.py:104 - info - 检查是否存在在线用户超限提示
2026-04-28 10:19:38,996 - INFO - logger.py:104 - info - 已自动点击在线用户提示的确定按钮
2026-04-28 10:19:45,020 - INFO - logger.py:104 - info - LD 项目登录成功！
2026-04-28 10:19:45,023 - INFO - logger.py:104 - info - 进入标签打印配置页面
2026-04-28 10:19:46,775 - INFO - logger.py:104 - info - 点击页面刷新按钮
2026-04-28 10:19:47,552 - INFO - logger.py:104 - info - 开始校验列表表头信息
2026-04-28 10:19:47,613 - INFO - logger.py:104 - info - 校验列表行操作按钮信息
2026-04-28 10:19:47,628 - INFO - logger.py:104 - info - 用例check_settings_list执行完成
2026-04-28 10:19:47,633 - INFO - logger.py:104 - info - 关闭页面
2026-04-28 10:19:47,647 - INFO - logger.py:104 - info - 关闭浏览器上下文
2026-04-28 10:19:47,679 - INFO - logger.py:104 - info - 关闭浏览器
2026-04-28 10:19:47,991 - INFO - logger.py:104 - info - 测试执行完成: TestCheckSettingsList
2026-04-28 10:19:48,846 - ERROR - logger.py:112 - error - 生成Allure报告失败: Allure命令行工具未找到，请确保已安装并添加到系统PATH中
2026-04-28 10:19:48,847 - INFO - logger.py:104 - info - 测试执行完成，耗时: 19.09秒
2026-04-28 10:19:48,847 - INFO - logger.py:104 - info - 执行结果: 成功
