2026-05-07 16:49:05,644 - INFO - logger.py:104 - info - 开始执行测试
2026-05-07 16:49:05,645 - INFO - logger.py:104 - info - 使用单线程运行测试，避免Playwright Sync API在asyncio循环中的错误
2026-05-07 16:49:05,646 - INFO - logger.py:104 - info - Pytest执行参数: ['D:\\install\\auto_ui-master\\src\\testcase\\LD\\customer_file\\test_mismatch_product.py', '-p', 'no:xdist', '--tb=short', '--tb=short', '--timeout=180', '--alluredir', 'reports\\allure_report_20260507_164905']
2026-05-07 16:49:08,663 - INFO - logger.py:104 - info - 开始执行测试: TestImportProductCodeExists
2026-05-07 16:49:08,728 - INFO - logger.py:104 - info - 启动浏览器: Chromium, 无头模式: False
2026-05-07 16:49:12,400 - INFO - logger.py:104 - info - ============================================================
2026-05-07 16:49:12,408 - INFO - logger.py:104 - info - 开始执行测试用例：mismatch_product
2026-05-07 16:49:12,411 - INFO - logger.py:104 - info - 用例ms的id：0
2026-05-07 16:49:12,415 - INFO - logger.py:104 - info - ============================================================
2026-05-07 16:49:12,417 - INFO - logger.py:104 - info - 测试文件: D:\install\auto_ui-master\src\data\LD\customer_file\验证3.xlsx
2026-05-07 16:49:12,422 - INFO - logger.py:104 - info - 完成系统登录
2026-05-07 16:49:12,430 - INFO - logger.py:104 - info - 开始登录 LD 项目...
2026-05-07 16:49:12,435 - INFO - logger.py:104 - info - 登录URL: https://test2.saas-test3.supcon.com:32188
2026-05-07 16:49:12,439 - INFO - logger.py:104 - info - 用户名: admin
2026-05-07 16:49:16,276 - INFO - logger.py:104 - info - 检查是否存在在线用户超限提示
2026-05-07 16:49:16,945 - INFO - logger.py:104 - info - 已自动点击在线用户提示的确定按钮
2026-05-07 16:49:22,978 - INFO - logger.py:104 - info - LD 项目登录成功！
2026-05-07 16:49:22,981 - INFO - logger.py:104 - info - 导航进入客户档案页面
2026-05-07 16:49:24,091 - INFO - logger.py:104 - info - 等待客户列表加载
2026-05-07 16:49:25,111 - INFO - logger.py:104 - info - 选择第一个客户记录
2026-05-07 16:49:56,020 - INFO - logger.py:104 - info - 关闭页面
2026-05-07 16:49:56,038 - INFO - logger.py:104 - info - 关闭浏览器上下文
2026-05-07 16:49:56,106 - INFO - logger.py:104 - info - 关闭浏览器
2026-05-07 16:49:56,395 - INFO - logger.py:104 - info - 测试执行完成: TestImportProductCodeExists
2026-05-07 16:49:56,922 - ERROR - logger.py:112 - error - 生成Allure报告失败: Allure命令行工具未找到，请确保已安装并添加到系统PATH中
2026-05-07 16:49:56,923 - INFO - logger.py:104 - info - 测试执行完成，耗时: 51.26秒
2026-05-07 16:49:56,924 - INFO - logger.py:104 - info - 执行结果: 失败
