2026-05-07 14:00:27,372 - INFO - logger.py:104 - info - 开始执行测试
2026-05-07 14:00:27,372 - INFO - logger.py:104 - info - 使用单线程运行测试，避免Playwright Sync API在asyncio循环中的错误
2026-05-07 14:00:27,373 - INFO - logger.py:104 - info - Pytest执行参数: ['D:\\install\\auto_ui-master\\src\\testcase\\LD\\bom_management\\test_create_bom.py', '-p', 'no:xdist', '--tb=short', '--tb=short', '--timeout=180', '--alluredir', 'reports\\allure_report_20260507_140027']
2026-05-07 14:00:28,866 - INFO - logger.py:104 - info - 开始执行测试: TestCreateBOM
2026-05-07 14:00:28,873 - INFO - logger.py:104 - info - 启动浏览器: Chromium, 无头模式: False
2026-05-07 14:00:31,866 - INFO - logger.py:104 - info - ============================================================
2026-05-07 14:00:31,896 - INFO - logger.py:104 - info - 开始执行1
2026-05-07 14:00:31,905 - INFO - logger.py:104 - info - 用例ms的id：0
2026-05-07 14:00:31,931 - INFO - logger.py:104 - info - ============================================================
2026-05-07 14:00:31,955 - INFO - logger.py:104 - info - 完成系统登录
2026-05-07 14:00:31,989 - INFO - logger.py:104 - info - 开始登录 LD 项目...
2026-05-07 14:00:32,016 - INFO - logger.py:104 - info - 登录URL: https://test2.saas-test3.supcon.com:32188
2026-05-07 14:00:32,030 - INFO - logger.py:104 - info - 用户名: admin
2026-05-07 14:00:35,690 - INFO - logger.py:104 - info - 检查是否存在在线用户超限提示
2026-05-07 14:00:36,271 - INFO - logger.py:104 - info - 已自动点击在线用户提示的确定按钮
2026-05-07 14:00:42,304 - INFO - logger.py:104 - info - LD 项目登录成功！
2026-05-07 14:00:42,307 - INFO - logger.py:104 - info - 导航到物料清单页面
2026-05-07 14:00:43,501 - INFO - logger.py:104 - info - 点击新增按钮，打开创建物料清单弹窗
2026-05-07 14:00:44,832 - INFO - logger.py:104 - info - 验证创建弹窗基础区域显示正确
2026-05-07 14:00:44,853 - INFO - logger.py:104 - info - 打开产品选择弹窗并选中第一个产品
2026-05-07 14:00:55,098 - INFO - logger.py:104 - info - 验证子项产品表格表头显示符合预期
2026-05-07 14:00:55,159 - INFO - logger.py:104 - info - 用例执行完成
2026-05-07 14:00:55,175 - INFO - logger.py:104 - info - 关闭页面
2026-05-07 14:00:55,193 - INFO - logger.py:104 - info - 关闭浏览器上下文
2026-05-07 14:00:55,238 - INFO - logger.py:104 - info - 关闭浏览器
2026-05-07 14:00:55,612 - INFO - logger.py:104 - info - 测试执行完成: TestCreateBOM
2026-05-07 14:00:56,621 - ERROR - logger.py:112 - error - 生成Allure报告失败: Allure命令行工具未找到，请确保已安装并添加到系统PATH中
2026-05-07 14:00:56,622 - INFO - logger.py:104 - info - 测试执行完成，耗时: 29.23秒
2026-05-07 14:00:56,623 - INFO - logger.py:104 - info - 执行结果: 成功
