2026-05-08 09:49:29,859 - INFO - logger.py:104 - info - 开始执行测试
2026-05-08 09:49:29,860 - INFO - logger.py:104 - info - 使用单线程运行测试，避免Playwright Sync API在asyncio循环中的错误
2026-05-08 09:49:29,860 - INFO - logger.py:104 - info - Pytest执行参数: ['D:\\install\\auto_ui-master\\src\\testcase\\LD\\printer_management\\test_verify_edit_function.py', '-p', 'no:xdist', '--tb=short', '--tb=short', '--timeout=180', '--alluredir', 'reports\\allure_report_20260508_094929']
2026-05-08 09:49:31,462 - INFO - logger.py:104 - info - 开始执行测试: TestVerifyEditFunction
2026-05-08 09:49:31,564 - INFO - logger.py:104 - info - 启动浏览器: Chromium, 无头模式: False
2026-05-08 09:49:34,647 - INFO - logger.py:104 - info - ============================================================
2026-05-08 09:49:34,650 - INFO - logger.py:104 - info - 开始执行用例：verify_edit_function
2026-05-08 09:49:34,655 - INFO - logger.py:104 - info - 用例ms的id：0
2026-05-08 09:49:34,662 - INFO - logger.py:104 - info - ============================================================
2026-05-08 09:49:34,667 - INFO - logger.py:104 - info - 调用公用登录方法完成登录
2026-05-08 09:49:34,675 - INFO - logger.py:104 - info - 开始登录 LD 项目...
2026-05-08 09:49:34,681 - INFO - logger.py:104 - info - 登录URL: https://test2.saas-test3.supcon.com:32188
2026-05-08 09:49:34,686 - INFO - logger.py:104 - info - 用户名: admin
2026-05-08 09:49:38,990 - INFO - logger.py:104 - info - 检查是否存在在线用户超限提示
2026-05-08 09:49:39,594 - INFO - logger.py:104 - info - 已自动点击在线用户提示的确定按钮
2026-05-08 09:49:45,625 - INFO - logger.py:104 - info - LD 项目登录成功！
2026-05-08 09:49:45,628 - INFO - logger.py:104 - info - 进入打印机管理菜单
2026-05-08 09:49:47,441 - INFO - logger.py:104 - info - 执行编辑打印机信息操作
2026-05-08 09:49:47,443 - INFO - logger.py:104 - info - 等待打印机列表加载
2026-05-08 09:49:48,454 - INFO - logger.py:104 - info - 点击第一个'编辑'按钮
2026-05-08 09:49:49,109 - INFO - logger.py:104 - info - 填写名称备注
2026-05-08 09:49:50,882 - INFO - logger.py:104 - info - 用例verify_edit_function执行完成
2026-05-08 09:49:50,886 - INFO - logger.py:104 - info - 关闭页面
2026-05-08 09:49:50,933 - INFO - logger.py:104 - info - 关闭浏览器上下文
2026-05-08 09:49:50,982 - INFO - logger.py:104 - info - 关闭浏览器
2026-05-08 09:49:51,334 - INFO - logger.py:104 - info - 测试执行完成: TestVerifyEditFunction
2026-05-08 09:49:52,157 - ERROR - logger.py:112 - error - 生成Allure报告失败: Allure命令行工具未找到，请确保已安装并添加到系统PATH中
2026-05-08 09:49:52,158 - INFO - logger.py:104 - info - 测试执行完成，耗时: 22.27秒
2026-05-08 09:49:52,158 - INFO - logger.py:104 - info - 执行结果: 成功
