2026-04-28 11:02:14,805 - INFO - logger.py:104 - info - 开始执行测试
2026-04-28 11:02:14,805 - INFO - logger.py:104 - info - 使用单线程运行测试，避免Playwright Sync API在asyncio循环中的错误
2026-04-28 11:02:14,806 - INFO - logger.py:104 - info - Pytest执行参数: ['D:\\install\\auto_ui-master\\src\\testcase\\LD\\system_configuration\\test_verify_delete_function.py', '-p', 'no:xdist', '--tb=short', '--tb=short', '--timeout=180', '--alluredir', 'reports\\allure_report_20260428_110214']
2026-04-28 11:02:16,317 - INFO - logger.py:104 - info - 开始执行测试: TestVerifyDeleteFunction
2026-04-28 11:02:16,326 - INFO - logger.py:104 - info - 启动浏览器: Chromium, 无头模式: False
2026-04-28 11:02:19,052 - INFO - logger.py:104 - info - ============================================================
2026-04-28 11:02:19,137 - INFO - logger.py:104 - info - 开始执行用例：verify_delete_function
2026-04-28 11:02:19,181 - INFO - logger.py:104 - info - 用例ms的id：0
2026-04-28 11:02:19,212 - INFO - logger.py:104 - info - ============================================================
2026-04-28 11:02:19,218 - INFO - logger.py:104 - info - 调用公用登录方法登录系统
2026-04-28 11:02:19,225 - INFO - logger.py:104 - info - 开始登录 LD 项目...
2026-04-28 11:02:19,228 - INFO - logger.py:104 - info - 登录URL: https://test2.saas-test3.supcon.com:32188
2026-04-28 11:02:19,231 - INFO - logger.py:104 - info - 用户名: admin
2026-04-28 11:02:23,015 - INFO - logger.py:104 - info - 检查是否存在在线用户超限提示
2026-04-28 11:02:23,581 - INFO - logger.py:104 - info - 已自动点击在线用户提示的确定按钮
2026-04-28 11:02:29,610 - INFO - logger.py:104 - info - LD 项目登录成功！
2026-04-28 11:02:29,613 - INFO - logger.py:104 - info - 登录完成，后续跳转进入标签打印配置页面
2026-04-28 11:02:31,376 - INFO - logger.py:104 - info - 开始执行删除功能验证
2026-04-28 11:02:31,378 - INFO - logger.py:104 - info - 测试场景1：删除名称为111的配置，确认删除操作
2026-04-28 11:02:33,341 - INFO - logger.py:104 - info - 测试场景2：删除名称为777的配置，取消删除操作
2026-04-28 11:02:34,987 - INFO - logger.py:104 - info - 用例verify_delete_function执行完成
2026-04-28 11:02:34,991 - INFO - logger.py:104 - info - 关闭页面
2026-04-28 11:02:35,006 - INFO - logger.py:104 - info - 关闭浏览器上下文
2026-04-28 11:02:35,060 - INFO - logger.py:104 - info - 关闭浏览器
2026-04-28 11:02:35,393 - INFO - logger.py:104 - info - 测试执行完成: TestVerifyDeleteFunction
2026-04-28 11:02:36,030 - ERROR - logger.py:112 - error - 生成Allure报告失败: Allure命令行工具未找到，请确保已安装并添加到系统PATH中
2026-04-28 11:02:36,031 - INFO - logger.py:104 - info - 测试执行完成，耗时: 21.20秒
2026-04-28 11:02:36,031 - INFO - logger.py:104 - info - 执行结果: 成功
