2026-04-23 10:02:35,392 - INFO - logger.py:104 - info - 开始执行测试
2026-04-23 10:02:35,393 - INFO - logger.py:104 - info - 使用单线程运行测试，避免Playwright Sync API在asyncio循环中的错误
2026-04-23 10:02:35,393 - INFO - logger.py:104 - info - Pytest执行参数: ['D:\\install\\auto_ui-master\\src\\testcase\\LD\\bom_management\\test_verify_add_child_product.py', '-p', 'no:xdist', '--tb=short', '--tb=short', '--timeout=180', '--alluredir', 'reports\\allure_report_20260423_100235']
2026-04-23 10:02:39,690 - INFO - logger.py:104 - info - 开始执行测试: TestVerifyAddChildProduct
2026-04-23 10:02:39,699 - INFO - logger.py:104 - info - 启动浏览器: Chromium, 无头模式: False
2026-04-23 10:02:45,934 - INFO - logger.py:104 - info - ============================================================
2026-04-23 10:02:45,940 - INFO - logger.py:104 - info - 开始执行用例：verify_add_child_product
2026-04-23 10:02:45,945 - INFO - logger.py:104 - info - 用例ms的id：0
2026-04-23 10:02:45,950 - INFO - logger.py:104 - info - ============================================================
2026-04-23 10:02:45,954 - INFO - logger.py:104 - info - 登录目标系统
2026-04-23 10:02:45,959 - INFO - logger.py:104 - info - 开始登录 LD 项目...
2026-04-23 10:02:45,965 - INFO - logger.py:104 - info - 登录URL: https://test2.saas-test3.supcon.com:32188
2026-04-23 10:02:45,969 - INFO - logger.py:104 - info - 用户名: admin
2026-04-23 10:03:04,585 - INFO - logger.py:104 - info - LD 项目登录成功！
2026-04-23 10:03:04,589 - INFO - logger.py:104 - info - 进入物料清单页面
2026-04-23 10:03:08,491 - INFO - logger.py:104 - info - 打开目标BOM的编辑页面
2026-04-23 10:03:10,086 - INFO - logger.py:104 - info - 点击添加子项产品按钮
2026-04-23 10:03:10,723 - INFO - logger.py:104 - info - 等待产品选择弹窗加载
2026-04-23 10:03:23,957 - INFO - logger.py:104 - info - 关闭页面
2026-04-23 10:03:23,975 - INFO - logger.py:104 - info - 关闭浏览器上下文
2026-04-23 10:03:24,031 - INFO - logger.py:104 - info - 关闭浏览器
2026-04-23 10:03:24,525 - INFO - logger.py:104 - info - 测试执行完成: TestVerifyAddChildProduct
2026-04-23 10:03:26,549 - ERROR - logger.py:112 - error - 生成Allure报告失败: Allure命令行工具未找到，请确保已安装并添加到系统PATH中
2026-04-23 10:03:26,550 - INFO - logger.py:104 - info - 测试执行完成，耗时: 51.13秒
2026-04-23 10:03:26,550 - INFO - logger.py:104 - info - 执行结果: 失败
