2026-04-22 16:53:38,494 - INFO - logger.py:104 - info - 开始执行测试
2026-04-22 16:53:38,495 - INFO - logger.py:104 - info - 使用单线程运行测试，避免Playwright Sync API在asyncio循环中的错误
2026-04-22 16:53:38,495 - INFO - logger.py:104 - info - Pytest执行参数: ['D:\\install\\auto_ui-master\\src\\testcase\\LD\\bom_management\\test_verify_import_missing_required_column.py', '-p', 'no:xdist', '--tb=short', '--tb=short', '--timeout=180', '--alluredir', 'reports\\allure_report_20260422_165338']
2026-04-22 16:53:40,332 - INFO - logger.py:104 - info - 开始执行测试: TestVerifyImportMissingRequiredColumn
2026-04-22 16:53:40,345 - INFO - logger.py:104 - info - 启动浏览器: Chromium, 无头模式: False
2026-04-22 16:53:42,901 - INFO - logger.py:104 - info - ============================================================
2026-04-22 16:53:42,905 - INFO - logger.py:104 - info - 开始执行用例：verify_import_missing_required_column
2026-04-22 16:53:42,927 - INFO - logger.py:104 - info - 用例ms的id：0
2026-04-22 16:53:42,932 - INFO - logger.py:104 - info - ============================================================
2026-04-22 16:53:42,938 - INFO - logger.py:104 - info - 测试文件: D:\install\auto_ui-master\src\data\LD\bom_management\工作簿4.xlsx
2026-04-22 16:53:42,960 - INFO - logger.py:104 - info - 登录系统
2026-04-22 16:53:43,004 - INFO - logger.py:104 - info - 开始登录 LD 项目...
2026-04-22 16:53:43,017 - INFO - logger.py:104 - info - 登录URL: https://test2.saas-test3.supcon.com:32188
2026-04-22 16:53:43,022 - INFO - logger.py:104 - info - 用户名: admin
2026-04-22 16:53:57,097 - INFO - logger.py:104 - info - LD 项目登录成功！
2026-04-22 16:53:57,099 - INFO - logger.py:104 - info - 进入物料清单页面
2026-04-22 16:53:58,239 - INFO - logger.py:104 - info - 点击导入按钮，打开导入弹窗
2026-04-22 16:53:59,676 - INFO - logger.py:104 - info - 上传测试导入文件
2026-04-22 16:54:00,250 - INFO - logger.py:104 - info - 点击确认按钮执行导入
2026-04-22 16:54:00,830 - INFO - logger.py:104 - info - 验证导入结果提示信息
2026-04-22 16:54:03,861 - INFO - logger.py:104 - info - 关闭提示弹窗，结束测试
2026-04-22 16:54:04,410 - INFO - logger.py:104 - info - 关闭页面
2026-04-22 16:54:04,431 - INFO - logger.py:104 - info - 关闭浏览器上下文
2026-04-22 16:54:04,509 - INFO - logger.py:104 - info - 关闭浏览器
2026-04-22 16:54:05,061 - INFO - logger.py:104 - info - 测试执行完成: TestVerifyImportMissingRequiredColumn
2026-04-22 16:54:05,973 - ERROR - logger.py:112 - error - 生成Allure报告失败: Allure命令行工具未找到，请确保已安装并添加到系统PATH中
2026-04-22 16:54:05,975 - INFO - logger.py:104 - info - 测试执行完成，耗时: 27.46秒
2026-04-22 16:54:05,975 - INFO - logger.py:104 - info - 执行结果: 成功
