2026-05-11 08:51:16,326 - INFO - logger.py:104 - info - 开始执行测试
2026-05-11 08:51:16,328 - INFO - logger.py:104 - info - 使用单线程运行测试，避免Playwright Sync API在asyncio循环中的错误
2026-05-11 08:51:16,330 - INFO - logger.py:104 - info - Pytest执行参数: ['D:\\install\\auto_ui-master\\src\\testcase\\LD\\code_rule_config', '-p', 'no:xdist', '--tb=short', '--tb=short', '--timeout=180', '--alluredir', 'reports\\allure_report_20260511_085116']
2026-05-11 08:51:33,680 - INFO - logger.py:104 - info - 开始执行测试: TestVerifyBusinessField
2026-05-11 08:51:33,984 - INFO - logger.py:104 - info - 启动浏览器: Chromium, 无头模式: False
2026-05-11 08:51:41,936 - INFO - logger.py:104 - info - ============================================================
2026-05-11 08:51:41,939 - INFO - logger.py:104 - info - 开始执行verify_business-field
2026-05-11 08:51:41,942 - INFO - logger.py:104 - info - 用例ms的id：101093
2026-05-11 08:51:41,969 - INFO - logger.py:104 - info - ============================================================
2026-05-11 08:51:41,972 - INFO - logger.py:104 - info - 开始登录 LD 项目...
2026-05-11 08:51:41,974 - INFO - logger.py:104 - info - 登录URL: https://test2.saas-test3.supcon.com:32188
2026-05-11 08:51:41,975 - INFO - logger.py:104 - info - 用户名: admin
2026-05-11 08:51:46,583 - INFO - logger.py:104 - info - 检查是否存在在线用户超限提示
2026-05-11 08:51:47,158 - INFO - logger.py:104 - info - 已自动点击在线用户提示的确定按钮
2026-05-11 08:51:53,249 - INFO - logger.py:104 - info - LD 项目登录成功！
2026-05-11 08:51:53,252 - INFO - logger.py:104 - info - 导航到编码规则配置页面
2026-05-11 08:51:54,486 - INFO - logger.py:104 - info - 开始执行新增编码规则操作
2026-05-11 08:51:57,494 - INFO - logger.py:104 - info - 点击取消，结束测试流程
2026-05-11 08:51:58,082 - INFO - logger.py:104 - info - 用例verify_business-field执行完成
2026-05-11 08:51:58,087 - INFO - logger.py:104 - info - 关闭页面
2026-05-11 08:51:58,157 - INFO - logger.py:104 - info - 关闭浏览器上下文
2026-05-11 08:51:58,279 - INFO - logger.py:104 - info - 关闭浏览器
2026-05-11 08:51:58,969 - INFO - logger.py:104 - info - 测试执行完成: TestVerifyBusinessField
2026-05-11 08:51:59,012 - INFO - logger.py:104 - info - 开始执行测试: TestVerifyComplementSymbol
2026-05-11 08:51:59,029 - INFO - logger.py:104 - info - 启动浏览器: Chromium, 无头模式: False
2026-05-11 08:52:03,620 - INFO - logger.py:104 - info - ============================================================
2026-05-11 08:52:03,638 - INFO - logger.py:104 - info - 开始执行用例：verify_complement_symbol
2026-05-11 08:52:03,643 - INFO - logger.py:104 - info - 用例ms的id：101074
2026-05-11 08:52:03,647 - INFO - logger.py:104 - info - ============================================================
2026-05-11 08:52:03,650 - INFO - logger.py:104 - info - 开始登录 LD 项目...
2026-05-11 08:52:03,652 - INFO - logger.py:104 - info - 登录URL: https://test2.saas-test3.supcon.com:32188
2026-05-11 08:52:03,655 - INFO - logger.py:104 - info - 用户名: admin
2026-05-11 08:52:07,767 - INFO - logger.py:104 - info - 检查是否存在在线用户超限提示
2026-05-11 08:52:08,363 - INFO - logger.py:104 - info - 已自动点击在线用户提示的确定按钮
2026-05-11 08:52:14,390 - INFO - logger.py:104 - info - LD 项目登录成功！
2026-05-11 08:52:14,393 - INFO - logger.py:104 - info - 进入编码规则配置菜单
2026-05-11 08:52:15,637 - INFO - logger.py:104 - info - 开始创建新编码规则
2026-05-11 08:52:18,370 - INFO - logger.py:104 - info - 配置流水号左补位参数
2026-05-11 08:52:21,067 - INFO - logger.py:104 - info - 开始输入1
2026-05-11 08:52:22,253 - INFO - logger.py:104 - info - 输入1完成，开始清空
2026-05-11 08:52:22,820 - INFO - logger.py:104 - info - 清空完成，开始输入q
2026-05-11 08:52:23,971 - INFO - logger.py:104 - info - 输入q完成
2026-05-11 08:52:23,973 - INFO - logger.py:104 - info - 完成操作，点击取消
2026-05-11 08:52:24,532 - INFO - logger.py:104 - info - 用例verify_complement_symbol执行完毕
2026-05-11 08:52:24,537 - INFO - logger.py:104 - info - 关闭页面
2026-05-11 08:52:24,553 - INFO - logger.py:104 - info - 关闭浏览器上下文
2026-05-11 08:52:24,593 - INFO - logger.py:104 - info - 关闭浏览器
2026-05-11 08:52:24,936 - INFO - logger.py:104 - info - 测试执行完成: TestVerifyComplementSymbol
2026-05-11 08:52:25,000 - INFO - logger.py:104 - info - 开始执行测试: TestVerifyConstantField
2026-05-11 08:52:25,003 - INFO - logger.py:104 - info - 启动浏览器: Chromium, 无头模式: False
2026-05-11 08:52:28,839 - INFO - logger.py:104 - info - ============================================================
2026-05-11 08:52:28,843 - INFO - logger.py:104 - info - 开始执行用例：verify_constant_field
2026-05-11 08:52:28,846 - INFO - logger.py:104 - info - 用例ms ID：101099
2026-05-11 08:52:28,848 - INFO - logger.py:104 - info - ============================================================
2026-05-11 08:52:28,851 - INFO - logger.py:104 - info - 执行系统登录
2026-05-11 08:52:28,853 - INFO - logger.py:104 - info - 开始登录 LD 项目...
2026-05-11 08:52:28,856 - INFO - logger.py:104 - info - 登录URL: https://test2.saas-test3.supcon.com:32188
2026-05-11 08:52:28,859 - INFO - logger.py:104 - info - 用户名: admin
2026-05-11 08:52:33,091 - INFO - logger.py:104 - info - 检查是否存在在线用户超限提示
2026-05-11 08:52:33,671 - INFO - logger.py:104 - info - 已自动点击在线用户提示的确定按钮
2026-05-11 08:52:39,695 - INFO - logger.py:104 - info - LD 项目登录成功！
2026-05-11 08:52:39,699 - INFO - logger.py:104 - info - 进入编码规则配置页面
2026-05-11 08:52:40,878 - INFO - logger.py:104 - info - 开始新增编码规则，测试固定字段输入
2026-05-11 08:52:44,678 - INFO - logger.py:104 - info - 测试操作完成，点击取消
2026-05-11 08:52:45,303 - INFO - logger.py:104 - info - 关闭页面
2026-05-11 08:52:45,321 - INFO - logger.py:104 - info - 关闭浏览器上下文
2026-05-11 08:52:45,408 - INFO - logger.py:104 - info - 关闭浏览器
2026-05-11 08:52:45,805 - INFO - logger.py:104 - info - 测试执行完成: TestVerifyConstantField
2026-05-11 08:52:45,837 - INFO - logger.py:104 - info - 开始执行测试: TestVerifyCreateButton
2026-05-11 08:52:45,840 - INFO - logger.py:104 - info - 启动浏览器: Chromium, 无头模式: False
2026-05-11 08:52:49,696 - INFO - logger.py:104 - info - ============================================================
2026-05-11 08:52:49,766 - INFO - logger.py:104 - info - 开始执行verify_create_button
2026-05-11 08:52:49,828 - INFO - logger.py:104 - info - 用例ms的id：0
2026-05-11 08:52:49,835 - INFO - logger.py:104 - info - ============================================================
2026-05-11 08:52:49,840 - INFO - logger.py:104 - info - 开始登录 LD 项目...
2026-05-11 08:52:49,855 - INFO - logger.py:104 - info - 登录URL: https://test2.saas-test3.supcon.com:32188
2026-05-11 08:52:49,858 - INFO - logger.py:104 - info - 用户名: admin
2026-05-11 08:52:53,860 - INFO - logger.py:104 - info - 检查是否存在在线用户超限提示
2026-05-11 08:52:54,451 - INFO - logger.py:104 - info - 已自动点击在线用户提示的确定按钮
2026-05-11 08:53:00,468 - INFO - logger.py:104 - info - LD 项目登录成功！
2026-05-11 08:53:00,471 - INFO - logger.py:104 - info - 系统登录完成
2026-05-11 08:53:00,473 - INFO - logger.py:104 - info - 进入编码规则配置页面
2026-05-11 08:53:01,720 - INFO - logger.py:104 - info - 打开新增编码规则弹窗，填写基础信息
2026-05-11 08:53:04,032 - INFO - logger.py:104 - info - 定位业务类型下拉框
2026-05-11 08:53:04,034 - INFO - logger.py:104 - info - 点击业务类型下拉框
2026-05-11 08:53:04,606 - INFO - logger.py:104 - info - 等待下拉列表展开
2026-05-11 08:53:04,624 - INFO - logger.py:104 - info - 动态选择业务类型（索引 0）
2026-05-11 08:53:05,197 - INFO - logger.py:104 - info - 添加日期格式规则段
2026-05-11 08:53:08,089 - INFO - logger.py:104 - info - 保存编码规则并执行停用操作
2026-05-11 08:53:09,760 - INFO - logger.py:104 - info - verify_create_button用例执行完成
2026-05-11 08:53:09,765 - INFO - logger.py:104 - info - 关闭页面
2026-05-11 08:53:09,782 - INFO - logger.py:104 - info - 关闭浏览器上下文
2026-05-11 08:53:09,843 - INFO - logger.py:104 - info - 关闭浏览器
2026-05-11 08:53:10,169 - INFO - logger.py:104 - info - 测试执行完成: TestVerifyCreateButton
2026-05-11 08:53:10,200 - INFO - logger.py:104 - info - 开始执行测试: TestVerifyDataField
2026-05-11 08:53:10,207 - INFO - logger.py:104 - info - 启动浏览器: Chromium, 无头模式: False
2026-05-11 08:53:14,190 - INFO - logger.py:104 - info - ============================================================
2026-05-11 08:53:14,267 - INFO - logger.py:104 - info - 开始执行用例：verify_datatime_field
2026-05-11 08:53:14,276 - INFO - logger.py:104 - info - 用例ms的id：101101
2026-05-11 08:53:14,279 - INFO - logger.py:104 - info - ============================================================
2026-05-11 08:53:14,282 - INFO - logger.py:104 - info - 开始登录 LD 项目...
2026-05-11 08:53:14,286 - INFO - logger.py:104 - info - 登录URL: https://test2.saas-test3.supcon.com:32188
2026-05-11 08:53:14,291 - INFO - logger.py:104 - info - 用户名: admin
2026-05-11 08:53:18,363 - INFO - logger.py:104 - info - 检查是否存在在线用户超限提示
2026-05-11 08:53:18,912 - INFO - logger.py:104 - info - 已自动点击在线用户提示的确定按钮
2026-05-11 08:53:24,937 - INFO - logger.py:104 - info - LD 项目登录成功！
2026-05-11 08:53:24,940 - INFO - logger.py:104 - info - 进入编码规则配置菜单
2026-05-11 08:53:26,157 - INFO - logger.py:104 - info - 开始执行编码规则新增操作
2026-05-11 08:53:30,591 - INFO - logger.py:104 - info - 用例verify_datatime_field执行完成
2026-05-11 08:53:30,595 - INFO - logger.py:104 - info - 关闭页面
2026-05-11 08:53:30,612 - INFO - logger.py:104 - info - 关闭浏览器上下文
2026-05-11 08:53:30,694 - INFO - logger.py:104 - info - 关闭浏览器
2026-05-11 08:53:31,142 - INFO - logger.py:104 - info - 测试执行完成: TestVerifyDataField
2026-05-11 08:53:31,216 - INFO - logger.py:104 - info - 开始执行测试: TestVerifyEnableSureAction
2026-05-11 08:53:31,218 - INFO - logger.py:104 - info - 启动浏览器: Chromium, 无头模式: False
2026-05-11 08:53:35,042 - INFO - logger.py:104 - info - ============================================================
2026-05-11 08:53:35,046 - INFO - logger.py:104 - info - 开始执行用例：verify_enable_sure_action
2026-05-11 08:53:35,051 - INFO - logger.py:104 - info - 用例ms的id：101077
2026-05-11 08:53:35,054 - INFO - logger.py:104 - info - ============================================================
2026-05-11 08:53:35,060 - INFO - logger.py:104 - info - 开始登录 LD 项目...
2026-05-11 08:53:35,072 - INFO - logger.py:104 - info - 登录URL: https://test2.saas-test3.supcon.com:32188
2026-05-11 08:53:35,085 - INFO - logger.py:104 - info - 用户名: admin
2026-05-11 08:53:38,851 - INFO - logger.py:104 - info - 检查是否存在在线用户超限提示
2026-05-11 08:53:39,423 - INFO - logger.py:104 - info - 已自动点击在线用户提示的确定按钮
2026-05-11 08:53:45,445 - INFO - logger.py:104 - info - LD 项目登录成功！
2026-05-11 08:53:45,449 - INFO - logger.py:104 - info - 进入编码规则配置菜单
2026-05-11 08:53:46,660 - INFO - logger.py:104 - info - 选择目标编码规则，进入编辑
2026-05-11 08:53:46,663 - INFO - logger.py:104 - info - 等待规则列表加载
2026-05-11 08:53:47,682 - INFO - logger.py:104 - info - 查找第一个状态为'停用'的规则
2026-05-11 08:53:47,685 - INFO - logger.py:104 - info - 正在第 1 页查找停用规则
2026-05-11 08:53:47,713 - INFO - logger.py:104 - info - 在第 1 页找到停用规则
2026-05-11 08:53:48,420 - INFO - logger.py:104 - info - 点击保存按钮提交编辑操作
2026-05-11 08:53:49,014 - INFO - logger.py:104 - info - verify_enable_sure_action用例执行完成
2026-05-11 08:53:49,022 - INFO - logger.py:104 - info - 关闭页面
2026-05-11 08:53:49,044 - INFO - logger.py:104 - info - 关闭浏览器上下文
2026-05-11 08:53:49,123 - INFO - logger.py:104 - info - 关闭浏览器
2026-05-11 08:53:49,510 - INFO - logger.py:104 - info - 测试执行完成: TestVerifyEnableSureAction
2026-05-11 08:53:49,535 - INFO - logger.py:104 - info - 开始执行测试: TestVerifyMultiruleEnable
2026-05-11 08:53:49,537 - INFO - logger.py:104 - info - 启动浏览器: Chromium, 无头模式: False
2026-05-11 08:53:53,243 - INFO - logger.py:104 - info - ============================================================
2026-05-11 08:53:55,472 - INFO - logger.py:104 - info - 开始执行用例：verify_multirule_enable
2026-05-11 08:53:55,475 - INFO - logger.py:104 - info - 用例ms的id：101103
2026-05-11 08:53:55,476 - INFO - logger.py:104 - info - ============================================================
2026-05-11 08:53:55,479 - INFO - logger.py:104 - info - 开始登录 LD 项目...
2026-05-11 08:53:55,482 - INFO - logger.py:104 - info - 登录URL: https://test2.saas-test3.supcon.com:32188
2026-05-11 08:53:55,485 - INFO - logger.py:104 - info - 用户名: admin
2026-05-11 08:53:59,292 - INFO - logger.py:104 - info - 检查是否存在在线用户超限提示
2026-05-11 08:53:59,844 - INFO - logger.py:104 - info - 已自动点击在线用户提示的确定按钮
2026-05-11 08:54:05,868 - INFO - logger.py:104 - info - LD 项目登录成功！
2026-05-11 08:54:05,871 - INFO - logger.py:104 - info - 进入编码规则配置菜单
2026-05-11 08:54:07,090 - INFO - logger.py:104 - info - 等待规则列表加载
2026-05-11 08:54:08,103 - INFO - logger.py:104 - info - 查找第一个状态为'启用'的规则
2026-05-11 08:54:08,106 - INFO - logger.py:104 - info - 正在第 1 页查找启用规则
2026-05-11 08:54:08,150 - INFO - logger.py:104 - info - 在第 1 页找到启用规则，业务类型：生产工单批号
2026-05-11 08:54:08,153 - INFO - logger.py:104 - info - 查找业务类型为'生产工单批号'且状态为'停用'的规则
2026-05-11 08:54:08,155 - INFO - logger.py:104 - info - 回到列表第一页开始查找停用规则
2026-05-11 08:54:09,869 - INFO - logger.py:104 - info - 在第 1 页找到目标停用规则
2026-05-11 08:54:09,880 - INFO - logger.py:104 - info - 成功定位到目标停用规则
2026-05-11 08:54:09,882 - INFO - logger.py:104 - info - 点击目标行的'启用'按钮
2026-05-11 08:54:10,433 - INFO - logger.py:104 - info - 验证弹窗提示信息
2026-05-11 08:54:10,444 - INFO - logger.py:104 - info - 点击取消按钮
2026-05-11 08:54:11,007 - INFO - logger.py:104 - info - 用例执行完成
2026-05-11 08:54:11,012 - INFO - logger.py:104 - info - 关闭页面
2026-05-11 08:54:11,030 - INFO - logger.py:104 - info - 关闭浏览器上下文
2026-05-11 08:54:11,091 - INFO - logger.py:104 - info - 关闭浏览器
2026-05-11 08:54:11,485 - INFO - logger.py:104 - info - 测试执行完成: TestVerifyMultiruleEnable
2026-05-11 08:54:11,513 - INFO - logger.py:104 - info - 开始执行测试: TestVerifyOtherInboundInitialization
2026-05-11 08:54:11,516 - INFO - logger.py:104 - info - 启动浏览器: Chromium, 无头模式: False
2026-05-11 08:54:15,372 - INFO - logger.py:104 - info - ============================================================
2026-05-11 08:54:15,412 - INFO - logger.py:104 - info - 开始执行用例：verify_other_inbound_initialization
2026-05-11 08:54:15,417 - INFO - logger.py:104 - info - 用例ms的id：101090
2026-05-11 08:54:15,423 - INFO - logger.py:104 - info - ============================================================
2026-05-11 08:54:15,427 - INFO - logger.py:104 - info - 开始登录 LD 项目...
2026-05-11 08:54:15,431 - INFO - logger.py:104 - info - 登录URL: https://test2.saas-test3.supcon.com:32188
2026-05-11 08:54:15,434 - INFO - logger.py:104 - info - 用户名: admin
2026-05-11 08:54:19,531 - INFO - logger.py:104 - info - 检查是否存在在线用户超限提示
2026-05-11 08:54:20,104 - INFO - logger.py:104 - info - 已自动点击在线用户提示的确定按钮
2026-05-11 08:54:26,131 - INFO - logger.py:104 - info - LD 项目登录成功！
2026-05-11 08:54:26,135 - INFO - logger.py:104 - info - 进入编码规则配置菜单
2026-05-11 08:54:27,400 - INFO - logger.py:104 - info - 等待规则列表加载
2026-05-11 08:54:28,417 - INFO - logger.py:104 - info - 正在第 1 页查找业务类型为'其它入库批号'的规则
2026-05-11 08:54:28,456 - INFO - logger.py:104 - info - 当前页未找到，点击下一页
2026-05-11 08:54:30,167 - INFO - logger.py:104 - info - 正在第 2 页查找业务类型为'其它入库批号'的规则
2026-05-11 08:54:30,192 - INFO - logger.py:104 - info - 在第 2 页找到目标数据
2026-05-11 08:54:30,217 - INFO - logger.py:104 - info - 成功定位到第一个业务类型为'其它入库批号'的规则
2026-05-11 08:54:30,219 - INFO - logger.py:104 - info - 点击目标行的'查看'按钮
2026-05-11 08:54:30,844 - INFO - logger.py:104 - info - 完成查看，点击返回
2026-05-11 08:54:31,680 - INFO - logger.py:104 - info - 用例verify_other_inbound_initialization执行完成
2026-05-11 08:54:31,684 - INFO - logger.py:104 - info - 关闭页面
2026-05-11 08:54:31,701 - INFO - logger.py:104 - info - 关闭浏览器上下文
2026-05-11 08:54:31,751 - INFO - logger.py:104 - info - 关闭浏览器
2026-05-11 08:54:32,257 - INFO - logger.py:104 - info - 测试执行完成: TestVerifyOtherInboundInitialization
2026-05-11 08:54:32,287 - INFO - logger.py:104 - info - 开始执行测试: TestVerifyProductionInboundRule
2026-05-11 08:54:32,290 - INFO - logger.py:104 - info - 启动浏览器: Chromium, 无头模式: False
2026-05-11 08:54:36,752 - INFO - logger.py:104 - info - ============================================================
2026-05-11 08:54:36,778 - INFO - logger.py:104 - info - 开始执行用例verify_production_inbound_rule
2026-05-11 08:54:36,781 - INFO - logger.py:104 - info - 用例ms的id：101076
2026-05-11 08:54:36,783 - INFO - logger.py:104 - info - ============================================================
2026-05-11 08:54:36,785 - INFO - logger.py:104 - info - 开始登录 LD 项目...
2026-05-11 08:54:36,788 - INFO - logger.py:104 - info - 登录URL: https://test2.saas-test3.supcon.com:32188
2026-05-11 08:54:36,790 - INFO - logger.py:104 - info - 用户名: admin
2026-05-11 08:54:40,557 - INFO - logger.py:104 - info - 检查是否存在在线用户超限提示
2026-05-11 08:54:41,143 - INFO - logger.py:104 - info - 已自动点击在线用户提示的确定按钮
2026-05-11 08:54:47,169 - INFO - logger.py:104 - info - LD 项目登录成功！
2026-05-11 08:54:47,174 - INFO - logger.py:104 - info - 进入编码规则配置菜单
2026-05-11 08:54:48,392 - INFO - logger.py:104 - info - 等待规则列表加载
2026-05-11 08:54:49,412 - INFO - logger.py:104 - info - 正在第 1 页查找业务类型为'生产入库批号'的规则
2026-05-11 08:54:49,437 - INFO - logger.py:104 - info - 在第 1 页找到目标数据
2026-05-11 08:54:49,457 - INFO - logger.py:104 - info - 成功定位到第一个业务类型为'生产入库批号'的规则
2026-05-11 08:54:49,459 - INFO - logger.py:104 - info - 点击目标行的'查看'按钮
2026-05-11 08:54:50,089 - INFO - logger.py:104 - info - 完成查看，点击返回
2026-05-11 08:54:50,654 - INFO - logger.py:104 - info - ============================================================
2026-05-11 08:54:50,656 - INFO - logger.py:104 - info - 用例verify_production_inbound_rule执行完成
2026-05-11 08:54:50,660 - INFO - logger.py:104 - info - 关闭页面
2026-05-11 08:54:50,677 - INFO - logger.py:104 - info - 关闭浏览器上下文
2026-05-11 08:54:50,739 - INFO - logger.py:104 - info - 关闭浏览器
2026-05-11 08:54:51,369 - INFO - logger.py:104 - info - 测试执行完成: TestVerifyProductionInboundRule
2026-05-11 08:54:51,404 - INFO - logger.py:104 - info - 开始执行测试: TestVerifyProductionReturnBatch
2026-05-11 08:54:51,408 - INFO - logger.py:104 - info - 启动浏览器: Chromium, 无头模式: False
2026-05-11 08:54:55,190 - INFO - logger.py:104 - info - ============================================================
2026-05-11 08:54:55,363 - INFO - logger.py:104 - info - 开始执行用例：verify_production_return_batch
2026-05-11 08:54:55,369 - INFO - logger.py:104 - info - 用例ms的id：101086
2026-05-11 08:54:55,381 - INFO - logger.py:104 - info - ============================================================
2026-05-11 08:54:55,387 - INFO - logger.py:104 - info - 开始登录 LD 项目...
2026-05-11 08:54:55,390 - INFO - logger.py:104 - info - 登录URL: https://test2.saas-test3.supcon.com:32188
2026-05-11 08:54:55,393 - INFO - logger.py:104 - info - 用户名: admin
2026-05-11 08:54:59,469 - INFO - logger.py:104 - info - 检查是否存在在线用户超限提示
2026-05-11 08:55:00,295 - INFO - logger.py:104 - info - 已自动点击在线用户提示的确定按钮
2026-05-11 08:55:06,326 - INFO - logger.py:104 - info - LD 项目登录成功！
2026-05-11 08:55:06,329 - INFO - logger.py:104 - info - 进入编码规则配置菜单
2026-05-11 08:55:07,545 - INFO - logger.py:104 - info - 等待规则列表加载
2026-05-11 08:55:08,557 - INFO - logger.py:104 - info - 正在第 1 页查找业务类型为'生产退料入库批号'的规则
2026-05-11 08:55:08,578 - INFO - logger.py:104 - info - 在第 1 页找到目标数据
2026-05-11 08:55:08,595 - INFO - logger.py:104 - info - 成功定位到第一个业务类型为'生产退料入库批号'的规则
2026-05-11 08:55:08,597 - INFO - logger.py:104 - info - 点击目标行的'查看'按钮
2026-05-11 08:55:09,230 - INFO - logger.py:104 - info - 完成查看，点击返回
2026-05-11 08:55:09,791 - INFO - logger.py:104 - info - verify_production_return_batch用例执行完成
2026-05-11 08:55:09,795 - INFO - logger.py:104 - info - 关闭页面
2026-05-11 08:55:09,812 - INFO - logger.py:104 - info - 关闭浏览器上下文
2026-05-11 08:55:09,855 - INFO - logger.py:104 - info - 关闭浏览器
2026-05-11 08:55:10,354 - INFO - logger.py:104 - info - 测试执行完成: TestVerifyProductionReturnBatch
2026-05-11 08:55:10,379 - INFO - logger.py:104 - info - 开始执行测试: TestVerifyCodingRuleConfig
2026-05-11 08:55:10,387 - INFO - logger.py:104 - info - 启动浏览器: Chromium, 无头模式: False
2026-05-11 08:55:14,544 - INFO - logger.py:104 - info - ============================================================
2026-05-11 08:55:14,613 - INFO - logger.py:104 - info - 开始执行verify_purchase_inbound_initialization
2026-05-11 08:55:14,619 - INFO - logger.py:104 - info - 用例ms的id：101094
2026-05-11 08:55:14,622 - INFO - logger.py:104 - info - ============================================================
2026-05-11 08:55:14,640 - INFO - logger.py:104 - info - 开始登录 LD 项目...
2026-05-11 08:55:14,643 - INFO - logger.py:104 - info - 登录URL: https://test2.saas-test3.supcon.com:32188
2026-05-11 08:55:14,655 - INFO - logger.py:104 - info - 用户名: admin
2026-05-11 08:55:18,751 - INFO - logger.py:104 - info - 检查是否存在在线用户超限提示
2026-05-11 08:55:19,324 - INFO - logger.py:104 - info - 已自动点击在线用户提示的确定按钮
2026-05-11 08:55:25,360 - INFO - logger.py:104 - info - LD 项目登录成功！
2026-05-11 08:55:25,364 - INFO - logger.py:104 - info - 导航进入编码规则配置页面
2026-05-11 08:55:26,592 - INFO - logger.py:104 - info - 等待规则列表加载
2026-05-11 08:55:27,604 - INFO - logger.py:104 - info - 正在第 1 页查找业务类型为'采购入库批号'的规则
2026-05-11 08:55:27,625 - INFO - logger.py:104 - info - 在第 1 页找到目标数据
2026-05-11 08:55:27,642 - INFO - logger.py:104 - info - 成功定位到第一个业务类型为'采购入库批号'的规则
2026-05-11 08:55:27,644 - INFO - logger.py:104 - info - 点击目标行的'查看'按钮
2026-05-11 08:55:28,259 - INFO - logger.py:104 - info - 完成查看，点击返回
2026-05-11 08:55:28,804 - INFO - logger.py:104 - info - verify_purchase_inbound_initialization 用例执行完成
2026-05-11 08:55:28,809 - INFO - logger.py:104 - info - 关闭页面
2026-05-11 08:55:28,828 - INFO - logger.py:104 - info - 关闭浏览器上下文
2026-05-11 08:55:28,892 - INFO - logger.py:104 - info - 关闭浏览器
2026-05-11 08:55:29,307 - INFO - logger.py:104 - info - 测试执行完成: TestVerifyCodingRuleConfig
2026-05-11 08:55:29,336 - INFO - logger.py:104 - info - 开始执行测试: TestVerifySerialnumField
2026-05-11 08:55:29,340 - INFO - logger.py:104 - info - 启动浏览器: Chromium, 无头模式: False
2026-05-11 08:55:33,547 - INFO - logger.py:104 - info - ============================================================
2026-05-11 08:55:33,553 - INFO - logger.py:104 - info - 开始执行用例：verify_serialnum_field
2026-05-11 08:55:33,557 - INFO - logger.py:104 - info - 用例ms的id：101096
2026-05-11 08:55:33,567 - INFO - logger.py:104 - info - ============================================================
2026-05-11 08:55:33,571 - INFO - logger.py:104 - info - 开始登录 LD 项目...
2026-05-11 08:55:33,575 - INFO - logger.py:104 - info - 登录URL: https://test2.saas-test3.supcon.com:32188
2026-05-11 08:55:33,588 - INFO - logger.py:104 - info - 用户名: admin
2026-05-11 08:55:37,795 - INFO - logger.py:104 - info - 检查是否存在在线用户超限提示
2026-05-11 08:55:38,354 - INFO - logger.py:104 - info - 已自动点击在线用户提示的确定按钮
2026-05-11 08:55:44,382 - INFO - logger.py:104 - info - LD 项目登录成功！
2026-05-11 08:55:44,385 - INFO - logger.py:104 - info - 系统登录完成
2026-05-11 08:55:44,387 - INFO - logger.py:104 - info - 进入编码规则配置页面
2026-05-11 08:55:45,586 - INFO - logger.py:104 - info - 点击创建按钮
2026-05-11 08:55:46,597 - INFO - logger.py:104 - info - 点击增行按钮
2026-05-11 08:55:47,177 - INFO - logger.py:104 - info - 展开下拉选择类型
2026-05-11 08:55:47,751 - INFO - logger.py:104 - info - 选择流水号选项
2026-05-11 08:55:48,346 - INFO - logger.py:104 - info - 点击取消完成操作
2026-05-11 08:55:48,922 - INFO - logger.py:104 - info - verify_serialnum_field用例执行完成
2026-05-11 08:55:48,928 - INFO - logger.py:104 - info - 关闭页面
2026-05-11 08:55:48,948 - INFO - logger.py:104 - info - 关闭浏览器上下文
2026-05-11 08:55:49,007 - INFO - logger.py:104 - info - 关闭浏览器
2026-05-11 08:55:49,662 - INFO - logger.py:104 - info - 测试执行完成: TestVerifySerialnumField
2026-05-11 08:55:49,731 - INFO - logger.py:104 - info - 开始执行测试: TestVerifySerialnumFieldFill
2026-05-11 08:55:49,755 - INFO - logger.py:104 - info - 启动浏览器: Chromium, 无头模式: False
2026-05-11 08:55:53,360 - INFO - logger.py:104 - info - ============================================================
2026-05-11 08:55:53,381 - INFO - logger.py:104 - info - 开始执行用例：verify_serialnum_field_fill
2026-05-11 08:55:53,387 - INFO - logger.py:104 - info - 用例ms的id：101095
2026-05-11 08:55:53,391 - INFO - logger.py:104 - info - ============================================================
2026-05-11 08:55:53,395 - INFO - logger.py:104 - info - 开始登录 LD 项目...
2026-05-11 08:55:53,399 - INFO - logger.py:104 - info - 登录URL: https://test2.saas-test3.supcon.com:32188
2026-05-11 08:55:53,406 - INFO - logger.py:104 - info - 用户名: admin
2026-05-11 08:55:57,138 - INFO - logger.py:104 - info - 检查是否存在在线用户超限提示
2026-05-11 08:55:57,697 - INFO - logger.py:104 - info - 已自动点击在线用户提示的确定按钮
2026-05-11 08:56:03,713 - INFO - logger.py:104 - info - LD 项目登录成功！
2026-05-11 08:56:03,717 - INFO - logger.py:104 - info - 进入编码规则配置菜单
2026-05-11 08:56:04,900 - INFO - logger.py:104 - info - 开始执行编码规则新增操作流程
2026-05-11 08:56:11,527 - INFO - logger.py:104 - info - 操作完成，点击取消退出
2026-05-11 08:56:12,079 - INFO - logger.py:104 - info - 关闭页面
2026-05-11 08:56:12,095 - INFO - logger.py:104 - info - 关闭浏览器上下文
2026-05-11 08:56:12,196 - INFO - logger.py:104 - info - 关闭浏览器
2026-05-11 08:56:12,630 - INFO - logger.py:104 - info - 测试执行完成: TestVerifySerialnumFieldFill
2026-05-11 08:56:12,656 - INFO - logger.py:104 - info - 开始执行测试: TestVerifyWhetherField
2026-05-11 08:56:12,660 - INFO - logger.py:104 - info - 启动浏览器: Chromium, 无头模式: False
2026-05-11 08:56:16,479 - INFO - logger.py:104 - info - ============================================================
2026-05-11 08:56:16,496 - INFO - logger.py:104 - info - 开始执行用例verify_whether_field
2026-05-11 08:56:16,499 - INFO - logger.py:104 - info - 用例ms的id：101106
2026-05-11 08:56:16,504 - INFO - logger.py:104 - info - ============================================================
2026-05-11 08:56:16,507 - INFO - logger.py:104 - info - 开始登录 LD 项目...
2026-05-11 08:56:16,514 - INFO - logger.py:104 - info - 登录URL: https://test2.saas-test3.supcon.com:32188
2026-05-11 08:56:16,517 - INFO - logger.py:104 - info - 用户名: admin
2026-05-11 08:56:20,526 - INFO - logger.py:104 - info - 检查是否存在在线用户超限提示
2026-05-11 08:56:21,096 - INFO - logger.py:104 - info - 已自动点击在线用户提示的确定按钮
2026-05-11 08:56:27,110 - INFO - logger.py:104 - info - LD 项目登录成功！
2026-05-11 08:56:27,113 - INFO - logger.py:104 - info - 进入编码规则配置菜单
2026-05-11 08:56:28,323 - INFO - logger.py:104 - info - 打开新增编码规则弹窗，填写基础信息
2026-05-11 08:56:30,433 - INFO - logger.py:104 - info - 定位业务类型下拉框
2026-05-11 08:56:30,436 - INFO - logger.py:104 - info - 点击业务类型下拉框
2026-05-11 08:56:31,014 - INFO - logger.py:104 - info - 等待下拉列表展开
2026-05-11 08:56:31,028 - INFO - logger.py:104 - info - 动态选择业务类型（索引 0）
2026-05-11 08:56:31,662 - INFO - logger.py:104 - info - 新增规则段并清理多余项
2026-05-11 08:56:35,141 - INFO - logger.py:104 - info - 取消新增，结束用例
2026-05-11 08:56:35,706 - INFO - logger.py:104 - info - 关闭页面
2026-05-11 08:56:35,728 - INFO - logger.py:104 - info - 关闭浏览器上下文
2026-05-11 08:56:35,797 - INFO - logger.py:104 - info - 关闭浏览器
2026-05-11 08:56:36,228 - INFO - logger.py:104 - info - 测试执行完成: TestVerifyWhetherField
2026-05-11 08:56:36,258 - INFO - logger.py:104 - info - 开始执行测试: TestVerifyWorkOrderBatch
2026-05-11 08:56:36,262 - INFO - logger.py:104 - info - 启动浏览器: Chromium, 无头模式: False
2026-05-11 08:56:39,794 - INFO - logger.py:104 - info - ============================================================
2026-05-11 08:56:39,821 - INFO - logger.py:104 - info - 开始执行用例verify_work_order_batch
2026-05-11 08:56:39,831 - INFO - logger.py:104 - info - 用例ms的id：101100
2026-05-11 08:56:39,846 - INFO - logger.py:104 - info - ============================================================
2026-05-11 08:56:39,849 - INFO - logger.py:104 - info - 开始登录 LD 项目...
2026-05-11 08:56:39,853 - INFO - logger.py:104 - info - 登录URL: https://test2.saas-test3.supcon.com:32188
2026-05-11 08:56:39,856 - INFO - logger.py:104 - info - 用户名: admin
2026-05-11 08:56:43,784 - INFO - logger.py:104 - info - 检查是否存在在线用户超限提示
2026-05-11 08:56:44,355 - INFO - logger.py:104 - info - 已自动点击在线用户提示的确定按钮
2026-05-11 08:56:50,379 - INFO - logger.py:104 - info - LD 项目登录成功！
2026-05-11 08:56:50,382 - INFO - logger.py:104 - info - 导航进入编码规则配置页面
2026-05-11 08:56:51,587 - INFO - logger.py:104 - info - 等待规则列表加载
2026-05-11 08:56:52,607 - INFO - logger.py:104 - info - 正在第 1 页查找业务类型为'生产工单批号'的规则
2026-05-11 08:56:52,628 - INFO - logger.py:104 - info - 在第 1 页找到目标数据
2026-05-11 08:56:52,646 - INFO - logger.py:104 - info - 成功定位到第一个业务类型为'生产工单批号'的规则
2026-05-11 08:56:52,648 - INFO - logger.py:104 - info - 点击目标行的'查看'按钮
2026-05-11 08:56:53,264 - INFO - logger.py:104 - info - 完成查看，点击返回
2026-05-11 08:56:53,812 - INFO - logger.py:104 - info - 用例verify_work_order_batch执行完成
2026-05-11 08:56:53,817 - INFO - logger.py:104 - info - 关闭页面
2026-05-11 08:56:53,834 - INFO - logger.py:104 - info - 关闭浏览器上下文
2026-05-11 08:56:53,910 - INFO - logger.py:104 - info - 关闭浏览器
2026-05-11 08:56:54,303 - INFO - logger.py:104 - info - 测试执行完成: TestVerifyWorkOrderBatch
2026-05-11 08:56:55,442 - ERROR - logger.py:112 - error - 生成Allure报告失败: Allure命令行工具未找到，请确保已安装并添加到系统PATH中
2026-05-11 08:56:55,444 - INFO - logger.py:104 - info - 测试执行完成，耗时: 339.09秒
2026-05-11 08:56:55,444 - INFO - logger.py:104 - info - 执行结果: 成功
