2026-05-09 11:36:03,096 - INFO - logger.py:104 - info - 开始执行测试
2026-05-09 11:36:03,119 - INFO - logger.py:104 - info - 使用单线程运行测试，避免Playwright Sync API在asyncio循环中的错误
2026-05-09 11:36:03,228 - INFO - logger.py:104 - info - Pytest执行参数: ['D:\\install\\auto_ui-master\\src\\testcase\\LD\\customer_file\\test_import_empty.py', '-p', 'no:xdist', '--tb=short', '--tb=short', '--timeout=180', '--alluredir', 'reports\\allure_report_20260509_113603']
2026-05-09 11:36:06,202 - INFO - logger.py:104 - info - 开始执行测试: TestImportEmpty
2026-05-09 11:36:06,217 - INFO - logger.py:104 - info - 启动浏览器: Chromium, 无头模式: False
2026-05-09 11:36:10,926 - INFO - logger.py:104 - info - ============================================================
2026-05-09 11:36:10,929 - INFO - logger.py:104 - info - 开始执行用例：import_empty
2026-05-09 11:36:10,932 - INFO - logger.py:104 - info - 用例ms ID：101271
2026-05-09 11:36:10,935 - INFO - logger.py:104 - info - ============================================================
2026-05-09 11:36:10,939 - INFO - logger.py:104 - info - 测试文件: D:\install\auto_ui-master\src\data\LD\customer_file\空表.xlsx
2026-05-09 11:36:10,943 - INFO - logger.py:104 - info - 调用公用登录方法登录系统
2026-05-09 11:36:10,945 - INFO - logger.py:104 - info - 开始登录 LD 项目...
2026-05-09 11:36:10,948 - INFO - logger.py:104 - info - 登录URL: https://test2.saas-test3.supcon.com:32188
2026-05-09 11:36:10,952 - INFO - logger.py:104 - info - 用户名: admin
2026-05-09 11:36:14,631 - INFO - logger.py:104 - info - 检查是否存在在线用户超限提示
2026-05-09 11:36:15,200 - INFO - logger.py:104 - info - 已自动点击在线用户提示的确定按钮
2026-05-09 11:36:21,226 - INFO - logger.py:104 - info - LD 项目登录成功！
2026-05-09 11:36:21,230 - INFO - logger.py:104 - info - 进入客户档案页面
2026-05-09 11:36:22,487 - INFO - logger.py:104 - info - 定位客户资料页面
2026-05-09 11:36:22,490 - INFO - logger.py:104 - info - 点击客户编码列的第一个数据行，激活客户产品映射页面
2026-05-09 11:36:35,912 - INFO - logger.py:104 - info - 关闭页面
2026-05-09 11:36:35,960 - INFO - logger.py:104 - info - 关闭浏览器上下文
2026-05-09 11:36:36,240 - INFO - logger.py:104 - info - 关闭浏览器
2026-05-09 11:36:37,326 - INFO - logger.py:104 - info - 测试执行完成: TestImportEmpty
2026-05-09 11:36:39,962 - ERROR - logger.py:112 - error - 生成Allure报告失败: Allure命令行工具未找到，请确保已安装并添加到系统PATH中
2026-05-09 11:36:40,006 - INFO - logger.py:104 - info - 测试执行完成，耗时: 36.58秒
2026-05-09 11:36:40,006 - INFO - logger.py:104 - info - 执行结果: 失败
