2026-04-22 09:21:12,437 - INFO - logger.py:104 - info - 开始执行测试
2026-04-22 09:21:12,438 - INFO - logger.py:104 - info - 使用单线程运行测试，避免Playwright Sync API在asyncio循环中的错误
2026-04-22 09:21:12,438 - INFO - logger.py:104 - info - Pytest执行参数: ['D:\\install\\auto_ui-master\\src\\testcase\\LD\\bom_management\\test_material_list_import.py', '-p', 'no:xdist', '--tb=short', '--tb=short', '--timeout=180', '--alluredir', 'reports\\allure_report_20260422_092112']
2026-04-22 09:21:15,777 - INFO - logger.py:104 - info - 开始执行测试: TestMaterialListImport
2026-04-22 09:21:15,786 - INFO - logger.py:104 - info - 启动浏览器: Chromium, 无头模式: False
2026-04-22 09:21:17,832 - INFO - logger.py:104 - info - ============================================================
2026-04-22 09:21:17,865 - INFO - logger.py:104 - info - 开始执行用例：material_list_import
2026-04-22 09:21:17,881 - INFO - logger.py:104 - info - 用例ms的id：0
2026-04-22 09:21:17,884 - INFO - logger.py:104 - info - ============================================================
2026-04-22 09:21:17,887 - INFO - logger.py:104 - info - 执行系统登录
2026-04-22 09:21:17,892 - INFO - logger.py:104 - info - 开始登录 LD 项目...
2026-04-22 09:21:17,897 - INFO - logger.py:104 - info - 登录URL: https://test2.saas-test3.supcon.com:32188
2026-04-22 09:21:17,910 - INFO - logger.py:104 - info - 用户名: admin
2026-04-22 09:21:31,369 - INFO - logger.py:104 - info - LD 项目登录成功！
2026-04-22 09:21:31,372 - INFO - logger.py:104 - info - 登录成功
2026-04-22 09:21:31,373 - INFO - logger.py:104 - info - 点击进入基础资料菜单
2026-04-22 09:21:31,925 - INFO - logger.py:104 - info - 打开物料清单页面
2026-04-22 09:21:32,513 - INFO - logger.py:104 - info - 验证导入按钮可见并点击打开弹窗
2026-04-22 09:21:33,784 - INFO - logger.py:104 - info - 验证导入弹窗所有内容符合预期
2026-04-22 09:21:33,880 - INFO - logger.py:104 - info - 用例material_list_import执行完成
2026-04-22 09:21:33,896 - INFO - logger.py:104 - info - 关闭页面
2026-04-22 09:21:33,913 - INFO - logger.py:104 - info - 关闭浏览器上下文
2026-04-22 09:21:34,002 - INFO - logger.py:104 - info - 关闭浏览器
2026-04-22 09:21:34,496 - INFO - logger.py:104 - info - 测试执行完成: TestMaterialListImport
2026-04-22 09:21:35,314 - ERROR - logger.py:112 - error - 生成Allure报告失败: Allure命令行工具未找到，请确保已安装并添加到系统PATH中
2026-04-22 09:21:35,315 - INFO - logger.py:104 - info - 测试执行完成，耗时: 22.86秒
2026-04-22 09:21:35,315 - INFO - logger.py:104 - info - 执行结果: 成功
