2026-04-23 14:37:05,769 - INFO - logger.py:104 - info - 开始执行测试
2026-04-23 14:37:05,770 - INFO - logger.py:104 - info - 使用单线程运行测试，避免Playwright Sync API在asyncio循环中的错误
2026-04-23 14:37:05,770 - INFO - logger.py:104 - info - Pytest执行参数: ['D:\\install\\auto_ui-master\\src\\testcase\\LD\\bom_management\\test_verify_bom_list_columns.py', '-p', 'no:xdist', '--tb=short', '--tb=short', '--timeout=180', '--alluredir', 'reports\\allure_report_20260423_143705']
2026-04-23 14:37:07,535 - INFO - logger.py:104 - info - 开始执行测试: TestVerifyBomListColumns
2026-04-23 14:37:07,547 - INFO - logger.py:104 - info - 启动浏览器: Chromium, 无头模式: False
2026-04-23 14:37:10,072 - INFO - logger.py:104 - info - ============================================================
2026-04-23 14:37:10,079 - INFO - logger.py:104 - info - 开始执行用例：verify_bom_list_columns
2026-04-23 14:37:10,086 - INFO - logger.py:104 - info - 用例ms的id：0
2026-04-23 14:37:10,091 - INFO - logger.py:104 - info - ============================================================
2026-04-23 14:37:10,106 - INFO - logger.py:104 - info - 完成系统登录
2026-04-23 14:37:10,117 - INFO - logger.py:104 - info - 开始登录 LD 项目...
2026-04-23 14:37:10,122 - INFO - logger.py:104 - info - 登录URL: https://test2.saas-test3.supcon.com:32188
2026-04-23 14:37:10,136 - INFO - logger.py:104 - info - 用户名: admin
2026-04-23 14:37:23,494 - INFO - logger.py:104 - info - LD 项目登录成功！
2026-04-23 14:37:23,497 - INFO - logger.py:104 - info - 导航进入物料清单模块
2026-04-23 14:37:24,654 - INFO - logger.py:104 - info - 执行列头点击排序操作
2026-04-23 14:37:27,686 - INFO - logger.py:104 - info - 验证所有目标列头正常展示
2026-04-23 14:37:27,720 - INFO - logger.py:104 - info - 用例verify_bom_list_columns执行完成
2026-04-23 14:37:27,724 - INFO - logger.py:104 - info - 关闭页面
2026-04-23 14:37:27,745 - INFO - logger.py:104 - info - 关闭浏览器上下文
2026-04-23 14:37:27,834 - INFO - logger.py:104 - info - 关闭浏览器
2026-04-23 14:37:28,337 - INFO - logger.py:104 - info - 测试执行完成: TestVerifyBomListColumns
2026-04-23 14:37:29,292 - ERROR - logger.py:112 - error - 生成Allure报告失败: Allure命令行工具未找到，请确保已安装并添加到系统PATH中
2026-04-23 14:37:29,293 - INFO - logger.py:104 - info - 测试执行完成，耗时: 23.49秒
2026-04-23 14:37:29,293 - INFO - logger.py:104 - info - 执行结果: 成功
