2026-05-09 09:08:33,481 - INFO - logger.py:104 - info - 开始执行测试
2026-05-09 09:08:33,481 - INFO - logger.py:104 - info - 使用单线程运行测试，避免Playwright Sync API在asyncio循环中的错误
2026-05-09 09:08:33,482 - INFO - logger.py:104 - info - Pytest执行参数: ['D:\\install\\auto_ui-master\\src\\testcase\\LD\\bom_management\\test_verify_import_column_order_adjustment.py', '-p', 'no:xdist', '--tb=short', '--tb=short', '--timeout=180', '--alluredir', 'reports\\allure_report_20260509_090833']
2026-05-09 09:08:35,294 - INFO - logger.py:104 - info - 开始执行测试: TestVerifyImportColumnOrderAdjustment
2026-05-09 09:08:35,305 - INFO - logger.py:104 - info - 启动浏览器: Chromium, 无头模式: False
2026-05-09 09:08:38,658 - INFO - logger.py:104 - info - ============================================================
2026-05-09 09:08:38,662 - INFO - logger.py:104 - info - 开始执行用例：verify_import_column_order_adjustment
2026-05-09 09:08:38,665 - INFO - logger.py:104 - info - 用例ms的id：0
2026-05-09 09:08:38,668 - INFO - logger.py:104 - info - ============================================================
2026-05-09 09:08:38,672 - INFO - logger.py:104 - info - 测试文件: D:\install\auto_ui-master\src\data\LD\bom_management\物料清单_列表.xlsx
2026-05-09 09:08:38,676 - INFO - logger.py:104 - info - 登录目标系统
2026-05-09 09:08:38,679 - INFO - logger.py:104 - info - 开始登录 LD 项目...
2026-05-09 09:08:38,682 - INFO - logger.py:104 - info - 登录URL: https://test2.saas-test3.supcon.com:32188
2026-05-09 09:08:38,693 - INFO - logger.py:104 - info - 用户名: admin
2026-05-09 09:08:42,673 - INFO - logger.py:104 - info - 检查是否存在在线用户超限提示
2026-05-09 09:08:43,225 - INFO - logger.py:104 - info - 已自动点击在线用户提示的确定按钮
2026-05-09 09:08:49,247 - INFO - logger.py:104 - info - LD 项目登录成功！
2026-05-09 09:08:49,250 - INFO - logger.py:104 - info - 进入物料清单页面
2026-05-09 09:08:50,347 - INFO - logger.py:104 - info - 打开导入弹窗
2026-05-09 09:08:51,432 - INFO - logger.py:104 - info - 上传导入文件：工作簿5.xlsx
2026-05-09 09:08:51,995 - INFO - logger.py:104 - info - 确认导入，验证导入执行结果
2026-05-09 09:08:55,594 - INFO - logger.py:104 - info - 关闭导入弹窗
2026-05-09 09:08:56,133 - INFO - logger.py:104 - info - 用例verify_import_column_order_adjustment执行完成
2026-05-09 09:08:56,137 - INFO - logger.py:104 - info - 关闭页面
2026-05-09 09:08:56,153 - INFO - logger.py:104 - info - 关闭浏览器上下文
2026-05-09 09:08:56,188 - INFO - logger.py:104 - info - 关闭浏览器
2026-05-09 09:08:56,506 - INFO - logger.py:104 - info - 测试执行完成: TestVerifyImportColumnOrderAdjustment
2026-05-09 09:08:57,017 - ERROR - logger.py:112 - error - 生成Allure报告失败: Allure命令行工具未找到，请确保已安装并添加到系统PATH中
2026-05-09 09:08:57,018 - INFO - logger.py:104 - info - 测试执行完成，耗时: 23.52秒
2026-05-09 09:08:57,018 - INFO - logger.py:104 - info - 执行结果: 成功
