2026-05-08 09:50:25,400 - INFO - logger.py:104 - info - 开始执行测试
2026-05-08 09:50:25,400 - INFO - logger.py:104 - info - 使用单线程运行测试，避免Playwright Sync API在asyncio循环中的错误
2026-05-08 09:50:25,400 - INFO - logger.py:104 - info - Pytest执行参数: ['D:\\install\\auto_ui-master\\src\\testcase\\LD\\printer_management\\test_verify_serial_number_duplicate.py', '-p', 'no:xdist', '--tb=short', '--tb=short', '--timeout=180', '--alluredir', 'reports\\allure_report_20260508_095025']
2026-05-08 09:50:27,204 - INFO - logger.py:104 - info - 开始执行测试: TestVerifyCreateSave
2026-05-08 09:50:27,215 - INFO - logger.py:104 - info - 启动浏览器: Chromium, 无头模式: False
2026-05-08 09:50:30,564 - INFO - logger.py:104 - info - ============================================================
2026-05-08 09:50:30,569 - INFO - logger.py:104 - info - 开始执行用例：verify_serial_number_duplicate
2026-05-08 09:50:30,573 - INFO - logger.py:104 - info - 用例ms的id：0
2026-05-08 09:50:30,576 - INFO - logger.py:104 - info - ============================================================
2026-05-08 09:50:30,583 - INFO - logger.py:104 - info - 完成系统登录
2026-05-08 09:50:30,588 - INFO - logger.py:104 - info - 开始登录 LD 项目...
2026-05-08 09:50:30,612 - INFO - logger.py:104 - info - 登录URL: https://test2.saas-test3.supcon.com:32188
2026-05-08 09:50:30,618 - INFO - logger.py:104 - info - 用户名: admin
2026-05-08 09:50:34,242 - INFO - logger.py:104 - info - 检查是否存在在线用户超限提示
2026-05-08 09:50:34,782 - INFO - logger.py:104 - info - 已自动点击在线用户提示的确定按钮
2026-05-08 09:50:40,814 - INFO - logger.py:104 - info - LD 项目登录成功！
2026-05-08 09:50:40,817 - INFO - logger.py:104 - info - 导航进入打印机管理菜单
2026-05-08 09:50:42,595 - INFO - logger.py:104 - info - 点击新增按钮，填写打印机信息
2026-05-08 09:50:45,600 - INFO - logger.py:104 - info - 点击保存按钮完成新增
2026-05-08 09:50:46,274 - INFO - logger.py:104 - info - 用例verify_serial_number_duplicate执行完成
2026-05-08 09:50:46,278 - INFO - logger.py:104 - info - 关闭页面
2026-05-08 09:50:46,297 - INFO - logger.py:104 - info - 关闭浏览器上下文
2026-05-08 09:50:46,377 - INFO - logger.py:104 - info - 关闭浏览器
2026-05-08 09:50:46,750 - INFO - logger.py:104 - info - 测试执行完成: TestVerifyCreateSave
2026-05-08 09:50:47,528 - ERROR - logger.py:112 - error - 生成Allure报告失败: Allure命令行工具未找到，请确保已安装并添加到系统PATH中
2026-05-08 09:50:47,529 - INFO - logger.py:104 - info - 测试执行完成，耗时: 22.10秒
2026-05-08 09:50:47,529 - INFO - logger.py:104 - info - 执行结果: 成功
