2026-05-07 16:54:16,481 - INFO - logger.py:104 - info - 开始执行测试
2026-05-07 16:54:16,482 - INFO - logger.py:104 - info - 使用单线程运行测试，避免Playwright Sync API在asyncio循环中的错误
2026-05-07 16:54:16,482 - INFO - logger.py:104 - info - Pytest执行参数: ['D:\\install\\auto_ui-master\\src\\testcase\\LD\\customer_file\\test_mismatch_product.py', '-p', 'no:xdist', '--tb=short', '--tb=short', '--timeout=180', '--alluredir', 'reports\\allure_report_20260507_165416']
2026-05-07 16:54:18,324 - INFO - logger.py:104 - info - 开始执行测试: TestImportProductCodeExists
2026-05-07 16:54:18,334 - INFO - logger.py:104 - info - 启动浏览器: Chromium, 无头模式: False
2026-05-07 16:54:21,160 - INFO - logger.py:104 - info - ============================================================
2026-05-07 16:54:21,172 - INFO - logger.py:104 - info - 开始执行测试用例：mismatch_product
2026-05-07 16:54:21,188 - INFO - logger.py:104 - info - 用例ms的id：0
2026-05-07 16:54:21,207 - INFO - logger.py:104 - info - ============================================================
2026-05-07 16:54:21,215 - INFO - logger.py:104 - info - 测试文件: D:\install\auto_ui-master\src\data\LD\customer_file\验证3.xlsx
2026-05-07 16:54:21,220 - INFO - logger.py:104 - info - 完成系统登录
2026-05-07 16:54:21,223 - INFO - logger.py:104 - info - 开始登录 LD 项目...
2026-05-07 16:54:21,229 - INFO - logger.py:104 - info - 登录URL: https://test2.saas-test3.supcon.com:32188
2026-05-07 16:54:21,232 - INFO - logger.py:104 - info - 用户名: admin
2026-05-07 16:54:25,253 - INFO - logger.py:104 - info - 检查是否存在在线用户超限提示
2026-05-07 16:54:25,810 - INFO - logger.py:104 - info - 已自动点击在线用户提示的确定按钮
2026-05-07 16:54:31,825 - INFO - logger.py:104 - info - LD 项目登录成功！
2026-05-07 16:54:31,829 - INFO - logger.py:104 - info - 导航进入客户档案页面
2026-05-07 16:54:33,023 - INFO - logger.py:104 - info - 等待客户列表加载
2026-05-07 16:54:43,443 - INFO - logger.py:104 - info - 关闭页面
2026-05-07 16:54:43,460 - INFO - logger.py:104 - info - 关闭浏览器上下文
2026-05-07 16:54:43,502 - INFO - logger.py:104 - info - 关闭浏览器
2026-05-07 16:54:43,857 - INFO - logger.py:104 - info - 测试执行完成: TestImportProductCodeExists
2026-05-07 16:54:44,426 - ERROR - logger.py:112 - error - 生成Allure报告失败: Allure命令行工具未找到，请确保已安装并添加到系统PATH中
2026-05-07 16:54:44,428 - INFO - logger.py:104 - info - 测试执行完成，耗时: 27.92秒
2026-05-07 16:54:44,428 - INFO - logger.py:104 - info - 执行结果: 失败
