2026-04-27 13:22:46,774 - INFO - logger.py:104 - info - 开始执行测试
2026-04-27 13:22:46,775 - INFO - logger.py:104 - info - 使用单线程运行测试，避免Playwright Sync API在asyncio循环中的错误
2026-04-27 13:22:46,775 - INFO - logger.py:104 - info - Pytest执行参数: ['D:\\install\\auto_ui-master\\src\\testcase\\LD\\code_rule_config\\test_verify_serialnum_field_fill.py', '-p', 'no:xdist', '--tb=short', '--tb=short', '--timeout=180', '--alluredir', 'reports\\allure_report_20260427_132246']
2026-04-27 13:22:48,460 - INFO - logger.py:104 - info - 开始执行测试: TestVerifySerialnumFieldFill
2026-04-27 13:22:48,470 - INFO - logger.py:104 - info - 启动浏览器: Chromium, 无头模式: False
2026-04-27 13:22:51,037 - INFO - logger.py:104 - info - ============================================================
2026-04-27 13:22:51,046 - INFO - logger.py:104 - info - 开始执行用例：verify_serialnum_field_fill
2026-04-27 13:22:51,048 - INFO - logger.py:104 - info - 用例ms的id：0
2026-04-27 13:22:51,052 - INFO - logger.py:104 - info - ============================================================
2026-04-27 13:22:51,056 - INFO - logger.py:104 - info - 开始登录 LD 项目...
2026-04-27 13:22:51,060 - INFO - logger.py:104 - info - 登录URL: https://test2.saas-test3.supcon.com:32188
2026-04-27 13:22:51,065 - INFO - logger.py:104 - info - 用户名: admin
2026-04-27 13:22:55,277 - INFO - logger.py:104 - info - 检查是否存在在线用户超限提示
2026-04-27 13:22:55,843 - INFO - logger.py:104 - info - 已自动点击在线用户提示的确定按钮
2026-04-27 13:23:02,000 - INFO - logger.py:104 - info - LD 项目登录成功！
2026-04-27 13:23:02,004 - INFO - logger.py:104 - info - 进入编码规则配置菜单
2026-04-27 13:23:03,170 - INFO - logger.py:104 - info - 开始执行编码规则新增操作流程
2026-04-27 13:23:39,012 - INFO - logger.py:104 - info - 关闭页面
2026-04-27 13:23:39,053 - INFO - logger.py:104 - info - 关闭浏览器上下文
2026-04-27 13:23:39,105 - INFO - logger.py:104 - info - 关闭浏览器
2026-04-27 13:23:39,394 - INFO - logger.py:104 - info - 测试执行完成: TestVerifySerialnumFieldFill
2026-04-27 13:23:40,237 - ERROR - logger.py:112 - error - 生成Allure报告失败: Allure命令行工具未找到，请确保已安装并添加到系统PATH中
2026-04-27 13:23:40,238 - INFO - logger.py:104 - info - 测试执行完成，耗时: 53.44秒
2026-04-27 13:23:40,238 - INFO - logger.py:104 - info - 执行结果: 失败
