2026-05-09 15:22:16,839 - INFO - logger.py:104 - info - 开始执行测试
2026-05-09 15:22:16,840 - INFO - logger.py:104 - info - 使用单线程运行测试，避免Playwright Sync API在asyncio循环中的错误
2026-05-09 15:22:16,840 - INFO - logger.py:104 - info - Pytest执行参数: ['D:\\install\\auto_ui-master\\src\\testcase\\LD\\code_rule_config\\test_verify_whether_field.py', '-p', 'no:xdist', '--tb=short', '--tb=short', '--timeout=180', '--alluredir', 'reports\\allure_report_20260509_152216']
2026-05-09 15:22:18,500 - INFO - logger.py:104 - info - 开始执行测试: TestVerifyWhetherField
2026-05-09 15:22:18,511 - INFO - logger.py:104 - info - 启动浏览器: Chromium, 无头模式: False
2026-05-09 15:22:22,726 - INFO - logger.py:104 - info - ============================================================
2026-05-09 15:22:22,731 - INFO - logger.py:104 - info - 开始执行用例verify_whether_field
2026-05-09 15:22:22,735 - INFO - logger.py:104 - info - 用例ms的id：101106
2026-05-09 15:22:22,738 - INFO - logger.py:104 - info - ============================================================
2026-05-09 15:22:22,741 - INFO - logger.py:104 - info - 开始登录 LD 项目...
2026-05-09 15:22:22,749 - INFO - logger.py:104 - info - 登录URL: https://test2.saas-test3.supcon.com:32188
2026-05-09 15:22:22,753 - INFO - logger.py:104 - info - 用户名: admin
2026-05-09 15:22:26,495 - INFO - logger.py:104 - info - 检查是否存在在线用户超限提示
2026-05-09 15:22:27,044 - INFO - logger.py:104 - info - 已自动点击在线用户提示的确定按钮
2026-05-09 15:22:33,077 - INFO - logger.py:104 - info - LD 项目登录成功！
2026-05-09 15:22:33,079 - INFO - logger.py:104 - info - 进入编码规则配置菜单
2026-05-09 15:22:34,288 - INFO - logger.py:104 - info - 打开新增编码规则弹窗，填写基础信息
2026-05-09 15:22:36,430 - INFO - logger.py:104 - info - 点击业务类型下拉框
2026-05-09 15:22:37,357 - INFO - logger.py:104 - info - 关闭页面
2026-05-09 15:22:37,388 - INFO - logger.py:104 - info - 关闭浏览器上下文
2026-05-09 15:22:37,445 - INFO - logger.py:104 - info - 关闭浏览器
2026-05-09 15:22:38,075 - INFO - logger.py:104 - info - 测试执行完成: TestVerifyWhetherField
2026-05-09 15:22:39,289 - ERROR - logger.py:112 - error - 生成Allure报告失败: Allure命令行工具未找到，请确保已安装并添加到系统PATH中
2026-05-09 15:22:39,290 - INFO - logger.py:104 - info - 测试执行完成，耗时: 22.41秒
2026-05-09 15:22:39,290 - INFO - logger.py:104 - info - 执行结果: 失败
