2026-04-27 15:30:46,384 - INFO - logger.py:104 - info - 开始执行测试
2026-04-27 15:30:46,385 - INFO - logger.py:104 - info - 使用单线程运行测试，避免Playwright Sync API在asyncio循环中的错误
2026-04-27 15:30:46,385 - INFO - logger.py:104 - info - Pytest执行参数: ['D:\\install\\auto_ui-master\\src\\testcase\\LD\\code_rule_config\\test_verify_complement_symbol.py', '-p', 'no:xdist', '--tb=short', '--tb=short', '--timeout=180', '--alluredir', 'reports\\allure_report_20260427_153046']
2026-04-27 15:30:48,894 - INFO - logger.py:104 - info - 开始执行测试: TestVerifyComplementSymbol
2026-04-27 15:30:48,902 - INFO - logger.py:104 - info - 启动浏览器: Chromium, 无头模式: False
2026-04-27 15:30:51,595 - INFO - logger.py:104 - info - ============================================================
2026-04-27 15:30:51,599 - INFO - logger.py:104 - info - 开始执行用例：verify_complement_symbol
2026-04-27 15:30:51,609 - INFO - logger.py:104 - info - 用例ms的id：0
2026-04-27 15:30:51,630 - INFO - logger.py:104 - info - ============================================================
2026-04-27 15:30:51,633 - INFO - logger.py:104 - info - 开始登录 LD 项目...
2026-04-27 15:30:51,658 - INFO - logger.py:104 - info - 登录URL: https://test2.saas-test3.supcon.com:32188
2026-04-27 15:30:51,662 - INFO - logger.py:104 - info - 用户名: admin
2026-04-27 15:30:55,794 - INFO - logger.py:104 - info - 检查是否存在在线用户超限提示
2026-04-27 15:30:56,405 - INFO - logger.py:104 - info - 已自动点击在线用户提示的确定按钮
2026-04-27 15:31:02,467 - INFO - logger.py:104 - info - LD 项目登录成功！
2026-04-27 15:31:02,470 - INFO - logger.py:104 - info - 进入编码规则配置菜单
2026-04-27 15:31:03,660 - INFO - logger.py:104 - info - 开始创建新编码规则
2026-04-27 15:31:06,477 - INFO - logger.py:104 - info - 配置流水号左补位参数
2026-04-27 15:31:41,239 - INFO - logger.py:104 - info - 关闭页面
2026-04-27 15:31:41,259 - INFO - logger.py:104 - info - 关闭浏览器上下文
2026-04-27 15:31:41,284 - INFO - logger.py:104 - info - 关闭浏览器
2026-04-27 15:31:41,517 - INFO - logger.py:104 - info - 测试执行完成: TestVerifyComplementSymbol
2026-04-27 15:31:42,215 - ERROR - logger.py:112 - error - 生成Allure报告失败: Allure命令行工具未找到，请确保已安装并添加到系统PATH中
2026-04-27 15:31:42,216 - INFO - logger.py:104 - info - 测试执行完成，耗时: 55.79秒
2026-04-27 15:31:42,216 - INFO - logger.py:104 - info - 执行结果: 失败
