2026-05-09 14:27:32,511 - INFO - logger.py:104 - info - 开始执行测试
2026-05-09 14:27:32,512 - INFO - logger.py:104 - info - 使用单线程运行测试，避免Playwright Sync API在asyncio循环中的错误
2026-05-09 14:27:32,513 - INFO - logger.py:104 - info - Pytest执行参数: ['D:\\install\\auto_ui-master\\src\\testcase\\LD\\bom_management\\test_export_import.py', '-p', 'no:xdist', '--tb=short', '--tb=short', '--timeout=180', '--alluredir', 'reports\\allure_report_20260509_142732']
2026-05-09 14:27:35,248 - INFO - logger.py:104 - info - 开始执行测试: TestBomImportExport
2026-05-09 14:27:35,301 - INFO - logger.py:104 - info - 启动浏览器: Chromium, 无头模式: False
2026-05-09 14:27:39,337 - INFO - logger.py:104 - info - ============================================================
2026-05-09 14:27:39,341 - INFO - logger.py:104 - info - 开始执行用例：export_import
2026-05-09 14:27:39,345 - INFO - logger.py:104 - info - 用例ms的id：101308
2026-05-09 14:27:39,348 - INFO - logger.py:104 - info - ============================================================
2026-05-09 14:27:39,352 - INFO - logger.py:104 - info - Excel文件路径: D:\install\auto_ui-master\src\data\LD\bom_management\101308测试导入.xlsx
2026-05-09 14:27:39,355 - INFO - logger.py:104 - info - 登录目标系统
2026-05-09 14:27:39,358 - INFO - logger.py:104 - info - 开始登录 LD 项目...
2026-05-09 14:27:39,361 - INFO - logger.py:104 - info - 登录URL: https://test2.saas-test3.supcon.com:32188
2026-05-09 14:27:39,364 - INFO - logger.py:104 - info - 用户名: admin
2026-05-09 14:27:43,141 - INFO - logger.py:104 - info - 检查是否存在在线用户超限提示
2026-05-09 14:27:43,709 - INFO - logger.py:104 - info - 已自动点击在线用户提示的确定按钮
2026-05-09 14:27:49,735 - INFO - logger.py:104 - info - LD 项目登录成功！
2026-05-09 14:27:49,739 - INFO - logger.py:104 - info - 进入基础资料->物料清单页面
2026-05-09 14:27:50,977 - INFO - logger.py:104 - info - 打开导入窗口，上传测试文件
2026-05-09 14:27:54,563 - INFO - logger.py:104 - info - 校验弹窗提示，确认导入操作
2026-05-09 14:27:55,166 - INFO - logger.py:104 - info - 校验导入日志结果
2026-05-09 14:27:58,197 - INFO - logger.py:104 - info - 关闭导入弹窗，用例执行完成
2026-05-09 14:27:58,764 - INFO - logger.py:104 - info - 关闭页面
2026-05-09 14:27:58,798 - INFO - logger.py:104 - info - 关闭浏览器上下文
2026-05-09 14:27:58,846 - INFO - logger.py:104 - info - 关闭浏览器
2026-05-09 14:27:59,413 - INFO - logger.py:104 - info - 测试执行完成: TestBomImportExport
2026-05-09 14:28:00,655 - ERROR - logger.py:112 - error - 生成Allure报告失败: Allure命令行工具未找到，请确保已安装并添加到系统PATH中
2026-05-09 14:28:00,657 - INFO - logger.py:104 - info - 测试执行完成，耗时: 28.10秒
2026-05-09 14:28:00,657 - INFO - logger.py:104 - info - 执行结果: 成功
