2026-04-20 16:56:36,330 - INFO - logger.py:96 - info - 开始执行测试
2026-04-20 16:56:36,330 - INFO - logger.py:96 - info - 使用单线程运行测试，避免Playwright Sync API在asyncio循环中的错误
2026-04-20 16:56:36,331 - INFO - logger.py:96 - info - Pytest执行参数: ['D:\\install\\auto_ui-master\\src\\testcase\\project1\\module1\\test_login.py', '-p', 'no:xdist', '--tb=short', '--tb=short', '--timeout=180', '--alluredir', 'reports\\allure_report_20260420_165636']
2026-04-20 16:56:37,912 - INFO - logger.py:96 - info - 开始执行测试: TestLogin
2026-04-20 16:56:37,919 - INFO - logger.py:96 - info - 启动浏览器: Chromium, 无头模式: False
2026-04-20 16:56:49,082 - INFO - logger.py:96 - info - ============================================================
2026-04-20 16:56:49,084 - INFO - logger.py:96 - info - 开始执行login
2026-04-20 16:56:49,086 - INFO - logger.py:96 - info - 用例ms的id：0
2026-04-20 16:56:49,088 - INFO - logger.py:96 - info - ============================================================
2026-04-20 16:56:49,090 - INFO - logger.py:96 - info - 打开系统登录页面
2026-04-20 16:56:49,703 - INFO - logger.py:96 - info - 输入登录用户名
2026-04-20 16:56:50,801 - INFO - logger.py:96 - info - 输入登录密码
2026-04-20 16:56:51,851 - INFO - logger.py:96 - info - 点击登录按钮提交登录
2026-04-20 16:56:52,403 - INFO - logger.py:96 - info - 关闭页面
2026-04-20 16:56:52,515 - INFO - logger.py:96 - info - 关闭浏览器上下文
2026-04-20 16:56:52,561 - INFO - logger.py:96 - info - 关闭浏览器
2026-04-20 16:56:52,875 - INFO - logger.py:96 - info - 测试执行完成: TestLogin
2026-04-20 16:56:53,587 - ERROR - logger.py:104 - error - 生成Allure报告失败: Allure命令行工具未找到，请确保已安装并添加到系统PATH中
2026-04-20 16:56:53,588 - INFO - logger.py:96 - info - 测试执行完成，耗时: 17.23秒
2026-04-20 16:56:53,588 - INFO - logger.py:96 - info - 执行结果: 成功
