2026-04-21 15:41:56,822 - INFO - logger.py:104 - info - 开始执行测试
2026-04-21 15:41:56,822 - INFO - logger.py:104 - info - 使用单线程运行测试，避免Playwright Sync API在asyncio循环中的错误
2026-04-21 15:41:56,823 - INFO - logger.py:104 - info - Pytest执行参数: ['D:\\install\\auto_ui-master\\src\\testcase\\LD\\product_file\\test_fun_optimized.py', '-p', 'no:xdist', '--tb=short', '--tb=short', '--timeout=180', '--alluredir', 'reports\\allure_report_20260421_154156']
2026-04-21 15:41:58,434 - INFO - logger.py:104 - info - 开始执行测试: TestFunOptimized
2026-04-21 15:41:58,445 - INFO - logger.py:104 - info - 启动浏览器: Chromium, 无头模式: False
2026-04-21 15:42:03,759 - INFO - logger.py:104 - info - ============================================================
2026-04-21 15:42:03,762 - INFO - logger.py:104 - info - 开始执行用例：fun_optimized
2026-04-21 15:42:03,767 - INFO - logger.py:104 - info - 用例ms的id：0
2026-04-21 15:42:03,770 - INFO - logger.py:104 - info - ============================================================
2026-04-21 15:42:03,773 - INFO - logger.py:104 - info - 开始登录 LD 项目...
2026-04-21 15:42:03,777 - INFO - logger.py:104 - info - 登录URL: https://test2.saas-test3.supcon.com:32188
2026-04-21 15:42:03,780 - INFO - logger.py:104 - info - 用户名: admin
2026-04-21 15:42:17,116 - INFO - logger.py:104 - info - LD 项目登录成功！
2026-04-21 15:42:17,120 - INFO - logger.py:104 - info - 登录成功，开始菜单导航
2026-04-21 15:42:17,121 - INFO - logger.py:104 - info - 点击基础资料菜单
2026-04-21 15:42:17,673 - INFO - logger.py:104 - info - 进入产品档案页面
2026-04-21 15:42:18,266 - INFO - logger.py:104 - info - 点击新增产品按钮
2026-04-21 15:42:19,924 - INFO - logger.py:104 - info - 操作勾选启用质检控制
2026-04-21 15:42:21,055 - INFO - logger.py:104 - info - 验证操作结果，断言弹窗可见
2026-04-21 15:42:21,071 - INFO - logger.py:104 - info - 用例fun_optimized执行完成
2026-04-21 15:42:21,075 - INFO - logger.py:104 - info - 关闭页面
2026-04-21 15:42:21,152 - INFO - logger.py:104 - info - 关闭浏览器上下文
2026-04-21 15:42:21,185 - INFO - logger.py:104 - info - 关闭浏览器
2026-04-21 15:42:21,634 - INFO - logger.py:104 - info - 测试执行完成: TestFunOptimized
2026-04-21 15:42:22,446 - ERROR - logger.py:112 - error - 生成Allure报告失败: Allure命令行工具未找到，请确保已安装并添加到系统PATH中
2026-04-21 15:42:22,447 - INFO - logger.py:104 - info - 测试执行完成，耗时: 25.60秒
2026-04-21 15:42:22,447 - INFO - logger.py:104 - info - 执行结果: 成功
