2026-05-09 14:29:40,038 - INFO - logger.py:104 - info - 开始执行测试
2026-05-09 14:29:40,038 - INFO - logger.py:104 - info - 使用单线程运行测试，避免Playwright Sync API在asyncio循环中的错误
2026-05-09 14:29:40,039 - INFO - logger.py:104 - info - Pytest执行参数: ['D:\\install\\auto_ui-master\\src\\testcase\\LD\\bom_management\\test_import_export_permission.py', '-p', 'no:xdist', '--tb=short', '--tb=short', '--timeout=180', '--alluredir', 'reports\\allure_report_20260509_142940']
2026-05-09 14:29:41,978 - INFO - logger.py:104 - info - 开始执行测试: TestImportExportPermission
2026-05-09 14:29:41,987 - INFO - logger.py:104 - info - 启动浏览器: Chromium, 无头模式: False
2026-05-09 14:29:45,433 - INFO - logger.py:104 - info - ============================================================
2026-05-09 14:29:45,436 - INFO - logger.py:104 - info - 开始执行用例：import_export_permission
2026-05-09 14:29:45,439 - INFO - logger.py:104 - info - 用例ms的id：101316
2026-05-09 14:29:45,443 - INFO - logger.py:104 - info - ============================================================
2026-05-09 14:29:45,446 - INFO - logger.py:104 - info - 调用公用登录方法完成登录
2026-05-09 14:29:45,451 - INFO - logger.py:104 - info - 开始登录 LD 项目...
2026-05-09 14:29:45,457 - INFO - logger.py:104 - info - 登录URL: https://test2.saas-test3.supcon.com:32188
2026-05-09 14:29:45,460 - INFO - logger.py:104 - info - 用户名: admin
2026-05-09 14:29:49,125 - INFO - logger.py:104 - info - 检查是否存在在线用户超限提示
2026-05-09 14:29:49,685 - INFO - logger.py:104 - info - 已自动点击在线用户提示的确定按钮
2026-05-09 14:29:55,707 - INFO - logger.py:104 - info - LD 项目登录成功！
2026-05-09 14:29:55,710 - INFO - logger.py:104 - info - 导航进入物料清单页面
2026-05-09 14:29:57,553 - INFO - logger.py:104 - info - 验证导入、导出按钮存在且可见
2026-05-09 14:29:58,243 - INFO - logger.py:104 - info - 用例import_export_permission执行完成
2026-05-09 14:29:58,248 - INFO - logger.py:104 - info - 关闭页面
2026-05-09 14:29:58,318 - INFO - logger.py:104 - info - 关闭浏览器上下文
2026-05-09 14:29:58,335 - INFO - logger.py:104 - info - 关闭浏览器
2026-05-09 14:29:58,703 - INFO - logger.py:104 - info - 测试执行完成: TestImportExportPermission
2026-05-09 14:29:59,671 - ERROR - logger.py:112 - error - 生成Allure报告失败: Allure命令行工具未找到，请确保已安装并添加到系统PATH中
2026-05-09 14:29:59,672 - INFO - logger.py:104 - info - 测试执行完成，耗时: 19.60秒
2026-05-09 14:29:59,672 - INFO - logger.py:104 - info - 执行结果: 成功
