2026-05-08 13:58:46,075 - INFO - logger.py:104 - info - 开始执行测试
2026-05-08 13:58:46,076 - INFO - logger.py:104 - info - 使用单线程运行测试，避免Playwright Sync API在asyncio循环中的错误
2026-05-08 13:58:46,076 - INFO - logger.py:104 - info - Pytest执行参数: ['D:\\install\\auto_ui-master\\src\\testcase\\LD\\product_file\\test_create_button.py', '-p', 'no:xdist', '--tb=short', '--tb=short', '--timeout=180', '--alluredir', 'reports\\allure_report_20260508_135846']
2026-05-08 13:58:47,671 - INFO - logger.py:104 - info - 开始执行测试: TestCreateButton
2026-05-08 13:58:47,680 - INFO - logger.py:104 - info - 启动浏览器: Chromium, 无头模式: False
2026-05-08 13:58:51,304 - INFO - logger.py:104 - info - ============================================================
2026-05-08 13:58:51,338 - INFO - logger.py:104 - info - 开始执行用例：test_create_button
2026-05-08 13:58:51,345 - INFO - logger.py:104 - info - 用例ms的id：0
2026-05-08 13:58:51,348 - INFO - logger.py:104 - info - ============================================================
2026-05-08 13:58:51,352 - INFO - logger.py:104 - info - 完成系统登录
2026-05-08 13:58:51,384 - INFO - logger.py:104 - info - 开始登录 LD 项目...
2026-05-08 13:58:51,397 - INFO - logger.py:104 - info - 登录URL: https://test2.saas-test3.supcon.com:32188
2026-05-08 13:58:51,405 - INFO - logger.py:104 - info - 用户名: admin
2026-05-08 13:58:55,259 - INFO - logger.py:104 - info - 检查是否存在在线用户超限提示
2026-05-08 13:58:55,844 - INFO - logger.py:104 - info - 已自动点击在线用户提示的确定按钮
2026-05-08 13:59:01,870 - INFO - logger.py:104 - info - LD 项目登录成功！
2026-05-08 13:59:01,873 - INFO - logger.py:104 - info - 进入产品档案模块
2026-05-08 13:59:02,994 - INFO - logger.py:104 - info - 点击新增按钮打开创建产品弹窗
2026-05-08 13:59:04,319 - INFO - logger.py:104 - info - 验证创建弹窗包含产品图片字段
2026-05-08 13:59:04,345 - INFO - logger.py:104 - info - 关闭创建产品弹窗
2026-05-08 13:59:05,001 - INFO - logger.py:104 - info - create_button用例执行完成
2026-05-08 13:59:05,007 - INFO - logger.py:104 - info - 关闭页面
2026-05-08 13:59:05,053 - INFO - logger.py:104 - info - 关闭浏览器上下文
2026-05-08 13:59:05,140 - INFO - logger.py:104 - info - 关闭浏览器
2026-05-08 13:59:06,380 - INFO - logger.py:104 - info - 测试执行完成: TestCreateButton
2026-05-08 13:59:07,238 - ERROR - logger.py:112 - error - 生成Allure报告失败: Allure命令行工具未找到，请确保已安装并添加到系统PATH中
2026-05-08 13:59:07,239 - INFO - logger.py:104 - info - 测试执行完成，耗时: 21.14秒
2026-05-08 13:59:07,239 - INFO - logger.py:104 - info - 执行结果: 成功
