2026-05-09 15:43:02,277 - INFO - logger.py:104 - info - 开始执行测试
2026-05-09 15:43:02,277 - INFO - logger.py:104 - info - 使用单线程运行测试，避免Playwright Sync API在asyncio循环中的错误
2026-05-09 15:43:02,277 - INFO - logger.py:104 - info - Pytest执行参数: ['D:\\install\\auto_ui-master\\src\\testcase\\LD\\code_rule_config\\test_verify_create_button.py', '-p', 'no:xdist', '--tb=short', '--tb=short', '--timeout=180', '--alluredir', 'reports\\allure_report_20260509_154302']
2026-05-09 15:43:04,065 - INFO - logger.py:104 - info - 开始执行测试: TestVerifyCreateButton
2026-05-09 15:43:04,108 - INFO - logger.py:104 - info - 启动浏览器: Chromium, 无头模式: False
2026-05-09 15:43:08,833 - INFO - logger.py:104 - info - ============================================================
2026-05-09 15:43:08,839 - INFO - logger.py:104 - info - 开始执行verify_create_button
2026-05-09 15:43:08,842 - INFO - logger.py:104 - info - 用例ms的id：0
2026-05-09 15:43:08,845 - INFO - logger.py:104 - info - ============================================================
2026-05-09 15:43:08,848 - INFO - logger.py:104 - info - 开始登录 LD 项目...
2026-05-09 15:43:08,852 - INFO - logger.py:104 - info - 登录URL: https://test2.saas-test3.supcon.com:32188
2026-05-09 15:43:08,856 - INFO - logger.py:104 - info - 用户名: admin
2026-05-09 15:43:12,602 - INFO - logger.py:104 - info - 检查是否存在在线用户超限提示
2026-05-09 15:43:13,203 - INFO - logger.py:104 - info - 已自动点击在线用户提示的确定按钮
2026-05-09 15:43:19,246 - INFO - logger.py:104 - info - LD 项目登录成功！
2026-05-09 15:43:19,249 - INFO - logger.py:104 - info - 系统登录完成
2026-05-09 15:43:19,251 - INFO - logger.py:104 - info - 进入编码规则配置页面
2026-05-09 15:43:20,408 - INFO - logger.py:104 - info - 打开新增编码规则弹窗，填写基础信息
2026-05-09 15:43:23,629 - INFO - logger.py:104 - info - 定位业务类型下拉框容器
2026-05-09 15:43:23,631 - INFO - logger.py:104 - info - 点击业务类型下拉框
2026-05-09 15:43:33,207 - INFO - logger.py:104 - info - 关闭页面
2026-05-09 15:43:33,219 - INFO - logger.py:104 - info - 关闭浏览器上下文
2026-05-09 15:43:33,257 - INFO - logger.py:104 - info - 关闭浏览器
2026-05-09 15:43:33,644 - INFO - logger.py:104 - info - 测试执行完成: TestVerifyCreateButton
2026-05-09 15:43:34,270 - ERROR - logger.py:112 - error - 生成Allure报告失败: Allure命令行工具未找到，请确保已安装并添加到系统PATH中
2026-05-09 15:43:34,272 - INFO - logger.py:104 - info - 测试执行完成，耗时: 31.97秒
2026-05-09 15:43:34,272 - INFO - logger.py:104 - info - 执行结果: 失败
