2026-04-24 14:12:38,994 - INFO - logger.py:104 - info - 开始执行测试
2026-04-24 14:12:38,995 - INFO - logger.py:104 - info - 使用单线程运行测试，避免Playwright Sync API在asyncio循环中的错误
2026-04-24 14:12:38,995 - INFO - logger.py:104 - info - Pytest执行参数: ['D:\\install\\auto_ui-master\\src\\testcase\\LD\\customer_file\\test_import_product_code_exists.py', '-p', 'no:xdist', '--tb=short', '--tb=short', '--timeout=180', '--alluredir', 'reports\\allure_report_20260424_141238']
2026-04-24 14:12:40,848 - INFO - logger.py:104 - info - 开始执行测试: TestImportProductCodeExists
2026-04-24 14:12:42,127 - INFO - logger.py:104 - info - 启动浏览器: Chromium, 无头模式: False
2026-04-24 14:12:44,491 - INFO - logger.py:104 - info - ============================================================
2026-04-24 14:12:44,494 - INFO - logger.py:104 - info - 开始执行测试用例：import_product_code_exists
2026-04-24 14:12:44,495 - INFO - logger.py:104 - info - 用例ms的id：0
2026-04-24 14:12:44,500 - INFO - logger.py:104 - info - ============================================================
2026-04-24 14:12:44,503 - INFO - logger.py:104 - info - 测试文件: D:\install\auto_ui-master\src\data\LD\customer_file\KS202604230022-ldj20260423产品映射表.xlsx
2026-04-24 14:12:44,506 - INFO - logger.py:104 - info - 完成系统登录
2026-04-24 14:12:44,510 - INFO - logger.py:104 - info - 开始登录 LD 项目...
2026-04-24 14:12:44,513 - INFO - logger.py:104 - info - 登录URL: https://test2.saas-test3.supcon.com:32188
2026-04-24 14:12:44,517 - INFO - logger.py:104 - info - 用户名: admin
2026-04-24 14:12:52,163 - INFO - logger.py:104 - info - 检查是否存在在线用户超限提示
2026-04-24 14:12:57,204 - INFO - logger.py:104 - info - LD 项目登录成功！
2026-04-24 14:12:57,207 - INFO - logger.py:104 - info - 导航进入客户档案页面
2026-04-24 14:12:58,356 - INFO - logger.py:104 - info - 选择目标客户，点击导入按钮
2026-04-24 14:13:00,539 - INFO - logger.py:104 - info - 上传导入文件
2026-04-24 14:13:02,145 - INFO - logger.py:104 - info - 关闭页面
2026-04-24 14:13:02,160 - INFO - logger.py:104 - info - 关闭浏览器上下文
2026-04-24 14:13:02,215 - INFO - logger.py:104 - info - 关闭浏览器
2026-04-24 14:13:02,627 - INFO - logger.py:104 - info - 测试执行完成: TestImportProductCodeExists
2026-04-24 14:13:03,658 - ERROR - logger.py:112 - error - 生成Allure报告失败: Allure命令行工具未找到，请确保已安装并添加到系统PATH中
2026-04-24 14:13:03,774 - INFO - logger.py:104 - info - 测试执行完成，耗时: 24.60秒
2026-04-24 14:13:03,785 - INFO - logger.py:104 - info - 执行结果: 失败
