2026-04-24 10:43:49,333 - INFO - logger.py:104 - info - 开始执行测试
2026-04-24 10:43:49,334 - INFO - logger.py:104 - info - 使用单线程运行测试，避免Playwright Sync API在asyncio循环中的错误
2026-04-24 10:43:49,334 - INFO - logger.py:104 - info - Pytest执行参数: ['D:\\install\\auto_ui-master\\src\\testcase\\LD\\customer_file\\test_import_empty.py', '-p', 'no:xdist', '--tb=short', '--tb=short', '--timeout=180', '--alluredir', 'reports\\allure_report_20260424_104349']
2026-04-24 10:43:55,865 - INFO - logger.py:104 - info - 开始执行测试: TestVerifyImport
2026-04-24 10:44:01,108 - INFO - logger.py:104 - info - 启动浏览器: Chromium, 无头模式: False
2026-04-24 10:44:10,914 - INFO - logger.py:104 - info - ============================================================
2026-04-24 10:44:10,923 - INFO - logger.py:104 - info - 开始执行用例：import_empty
2026-04-24 10:44:10,965 - INFO - logger.py:104 - info - 用例ms的id：0
2026-04-24 10:44:10,988 - INFO - logger.py:104 - info - ============================================================
2026-04-24 10:44:10,995 - INFO - logger.py:104 - info - 完成系统登录
2026-04-24 10:44:11,005 - INFO - logger.py:104 - info - 开始登录 LD 项目...
2026-04-24 10:44:11,013 - INFO - logger.py:104 - info - 登录URL: https://test2.saas-test3.supcon.com:32188
2026-04-24 10:44:11,019 - INFO - logger.py:104 - info - 用户名: admin
2026-04-24 10:44:15,725 - INFO - logger.py:104 - info - 检查是否存在在线用户超限提示
2026-04-24 10:44:16,283 - INFO - logger.py:104 - info - 已自动点击在线用户提示的确定按钮
2026-04-24 10:44:22,325 - INFO - logger.py:104 - info - LD 项目登录成功！
2026-04-24 10:44:22,329 - INFO - logger.py:104 - info - 进入客户档案页面
2026-04-24 10:44:53,578 - INFO - logger.py:104 - info - 关闭页面
2026-04-24 10:44:53,598 - INFO - logger.py:104 - info - 关闭浏览器上下文
2026-04-24 10:44:53,652 - INFO - logger.py:104 - info - 关闭浏览器
2026-04-24 10:44:53,965 - INFO - logger.py:104 - info - 测试执行完成: TestVerifyImport
2026-04-24 10:44:54,676 - ERROR - logger.py:112 - error - 生成Allure报告失败: Allure命令行工具未找到，请确保已安装并添加到系统PATH中
2026-04-24 10:44:54,677 - INFO - logger.py:104 - info - 测试执行完成，耗时: 65.32秒
2026-04-24 10:44:54,677 - INFO - logger.py:104 - info - 执行结果: 失败
