2026-05-08 10:15:24,473 - INFO - logger.py:104 - info - 开始执行测试
2026-05-08 10:15:24,474 - INFO - logger.py:104 - info - 使用单线程运行测试，避免Playwright Sync API在asyncio循环中的错误
2026-05-08 10:15:24,474 - INFO - logger.py:104 - info - Pytest执行参数: ['D:\\install\\auto_ui-master\\src\\testcase\\LD\\product_file\\test_product_picture.py', '-p', 'no:xdist', '--tb=short', '--tb=short', '--timeout=180', '--alluredir', 'reports\\allure_report_20260508_101524']
2026-05-08 10:15:26,407 - INFO - logger.py:104 - info - 开始执行测试: TestProductPicture
2026-05-08 10:15:26,415 - INFO - logger.py:104 - info - 启动浏览器: Chromium, 无头模式: False
2026-05-08 10:15:29,372 - INFO - logger.py:104 - info - ============================================================
2026-05-08 10:15:29,376 - INFO - logger.py:104 - info - 开始执行用例：product_picture
2026-05-08 10:15:29,401 - INFO - logger.py:104 - info - 用例ms的id：0
2026-05-08 10:15:29,428 - INFO - logger.py:104 - info - ============================================================
2026-05-08 10:15:29,433 - INFO - logger.py:104 - info - 登录系统
2026-05-08 10:15:29,472 - INFO - logger.py:104 - info - 开始登录 LD 项目...
2026-05-08 10:15:29,478 - INFO - logger.py:104 - info - 登录URL: https://test2.saas-test3.supcon.com:32188
2026-05-08 10:15:29,484 - INFO - logger.py:104 - info - 用户名: admin
2026-05-08 10:15:33,123 - INFO - logger.py:104 - info - 检查是否存在在线用户超限提示
2026-05-08 10:15:33,697 - INFO - logger.py:104 - info - 已自动点击在线用户提示的确定按钮
2026-05-08 10:15:39,721 - INFO - logger.py:104 - info - LD 项目登录成功！
2026-05-08 10:15:39,726 - INFO - logger.py:104 - info - 进入产品档案页面
2026-05-08 10:15:40,948 - INFO - logger.py:104 - info - 点击新增产品按钮
2026-05-08 10:15:42,344 - INFO - logger.py:104 - info - 进入产品图片上传环节
2026-05-08 10:15:42,906 - INFO - logger.py:104 - info - 上传测试图片文件: D:\install\auto_ui-master\src\pages\LD\product_file\1.png
2026-05-08 10:15:44,197 - INFO - logger.py:104 - info - 关闭页面
2026-05-08 10:15:44,216 - INFO - logger.py:104 - info - 关闭浏览器上下文
2026-05-08 10:15:44,290 - INFO - logger.py:104 - info - 关闭浏览器
2026-05-08 10:15:44,663 - INFO - logger.py:104 - info - 测试执行完成: TestProductPicture
2026-05-08 10:15:45,300 - ERROR - logger.py:112 - error - 生成Allure报告失败: Allure命令行工具未找到，请确保已安装并添加到系统PATH中
2026-05-08 10:15:45,301 - INFO - logger.py:104 - info - 测试执行完成，耗时: 20.80秒
2026-05-08 10:15:45,301 - INFO - logger.py:104 - info - 执行结果: 失败
