2026-05-09 09:19:55,385 - INFO - logger.py:104 - info - 开始执行测试
2026-05-09 09:19:55,386 - INFO - logger.py:104 - info - 使用单线程运行测试，避免Playwright Sync API在asyncio循环中的错误
2026-05-09 09:19:55,386 - INFO - logger.py:104 - info - Pytest执行参数: ['D:\\install\\auto_ui-master\\src\\testcase\\LD\\bom_management\\test_export_import.py', '-p', 'no:xdist', '--tb=short', '--tb=short', '--timeout=180', '--alluredir', 'reports\\allure_report_20260509_091955']
2026-05-09 09:19:57,100 - INFO - logger.py:104 - info - 开始执行测试: TestBomImportExport
2026-05-09 09:19:57,123 - INFO - logger.py:104 - info - 启动浏览器: Chromium, 无头模式: False
2026-05-09 09:20:01,185 - INFO - logger.py:104 - info - ============================================================
2026-05-09 09:20:01,189 - INFO - logger.py:104 - info - 开始执行用例：export_import
2026-05-09 09:20:01,191 - INFO - logger.py:104 - info - 用例ms的id：101308
2026-05-09 09:20:01,193 - INFO - logger.py:104 - info - ============================================================
2026-05-09 09:20:01,196 - INFO - logger.py:104 - info - Excel文件路径: D:\install\auto_ui-master\src\data\LD\bom_management\101308测试导入.xlsx
2026-05-09 09:20:01,198 - INFO - logger.py:104 - info - 登录目标系统
2026-05-09 09:20:01,201 - INFO - logger.py:104 - info - 开始登录 LD 项目...
2026-05-09 09:20:01,205 - INFO - logger.py:104 - info - 登录URL: https://test2.saas-test3.supcon.com:32188
2026-05-09 09:20:01,207 - INFO - logger.py:104 - info - 用户名: admin
2026-05-09 09:20:04,904 - INFO - logger.py:104 - info - 检查是否存在在线用户超限提示
2026-05-09 09:20:05,476 - INFO - logger.py:104 - info - 已自动点击在线用户提示的确定按钮
2026-05-09 09:20:11,505 - INFO - logger.py:104 - info - LD 项目登录成功！
2026-05-09 09:20:11,507 - INFO - logger.py:104 - info - 进入基础资料->物料清单页面
2026-05-09 09:20:12,600 - INFO - logger.py:104 - info - 打开导入窗口，上传测试文件
2026-05-09 09:20:16,570 - INFO - logger.py:104 - info - 校验弹窗提示，确认导入操作
2026-05-09 09:20:17,148 - INFO - logger.py:104 - info - 校验导入日志结果
2026-05-09 09:20:25,368 - INFO - logger.py:104 - info - 关闭页面
2026-05-09 09:20:25,388 - INFO - logger.py:104 - info - 关闭浏览器上下文
2026-05-09 09:20:25,461 - INFO - logger.py:104 - info - 关闭浏览器
2026-05-09 09:20:25,762 - INFO - logger.py:104 - info - 测试执行完成: TestBomImportExport
2026-05-09 09:20:26,316 - ERROR - logger.py:112 - error - 生成Allure报告失败: Allure命令行工具未找到，请确保已安装并添加到系统PATH中
2026-05-09 09:20:26,317 - INFO - logger.py:104 - info - 测试执行完成，耗时: 30.90秒
2026-05-09 09:20:26,317 - INFO - logger.py:104 - info - 执行结果: 失败
