2026-05-08 10:26:53,840 - INFO - logger.py:104 - info - 开始执行测试
2026-05-08 10:26:53,841 - INFO - logger.py:104 - info - 使用单线程运行测试，避免Playwright Sync API在asyncio循环中的错误
2026-05-08 10:26:53,841 - INFO - logger.py:104 - info - Pytest执行参数: ['D:\\install\\auto_ui-master\\src\\testcase\\LD\\product_file\\test_product_picture.py', '-p', 'no:xdist', '--tb=short', '--tb=short', '--timeout=180', '--alluredir', 'reports\\allure_report_20260508_102653']
2026-05-08 10:26:56,177 - INFO - logger.py:104 - info - 开始执行测试: TestProductPicture
2026-05-08 10:26:56,192 - INFO - logger.py:104 - info - 启动浏览器: Chromium, 无头模式: False
2026-05-08 10:26:59,830 - INFO - logger.py:104 - info - ============================================================
2026-05-08 10:26:59,833 - INFO - logger.py:104 - info - 开始执行用例：product_picture
2026-05-08 10:26:59,834 - INFO - logger.py:104 - info - 用例ms的id：0
2026-05-08 10:26:59,836 - INFO - logger.py:104 - info - ============================================================
2026-05-08 10:26:59,838 - INFO - logger.py:104 - info - 登录系统
2026-05-08 10:26:59,840 - INFO - logger.py:104 - info - 开始登录 LD 项目...
2026-05-08 10:26:59,842 - INFO - logger.py:104 - info - 登录URL: https://test2.saas-test3.supcon.com:32188
2026-05-08 10:26:59,845 - INFO - logger.py:104 - info - 用户名: admin
2026-05-08 10:27:03,450 - INFO - logger.py:104 - info - 检查是否存在在线用户超限提示
2026-05-08 10:27:04,006 - INFO - logger.py:104 - info - 已自动点击在线用户提示的确定按钮
2026-05-08 10:27:10,037 - INFO - logger.py:104 - info - LD 项目登录成功！
2026-05-08 10:27:10,041 - INFO - logger.py:104 - info - 进入产品档案页面
2026-05-08 10:27:11,243 - INFO - logger.py:104 - info - 点击新增产品按钮
2026-05-08 10:27:12,477 - INFO - logger.py:104 - info - 进入产品图片上传环节
2026-05-08 10:27:13,051 - INFO - logger.py:104 - info - 上传测试图片文件: D:\install\auto_ui-master\src\pages\LD\product_file\1.png
2026-05-08 10:27:13,586 - INFO - logger.py:104 - info - 等待图片上传处理完成
2026-05-08 10:27:15,595 - INFO - logger.py:104 - info - 点击预览图片
2026-05-08 10:27:16,254 - INFO - logger.py:104 - info - 等待预览弹窗出现
2026-05-08 10:27:17,268 - INFO - logger.py:104 - info - 关闭预览弹窗
2026-05-08 10:27:23,807 - INFO - logger.py:104 - info - 删除上传的图片
2026-05-08 10:27:24,355 - INFO - logger.py:104 - info - 用例product_picture执行完成
2026-05-08 10:27:24,359 - INFO - logger.py:104 - info - 关闭页面
2026-05-08 10:27:24,377 - INFO - logger.py:104 - info - 关闭浏览器上下文
2026-05-08 10:27:24,457 - INFO - logger.py:104 - info - 关闭浏览器
2026-05-08 10:27:24,776 - INFO - logger.py:104 - info - 测试执行完成: TestProductPicture
2026-05-08 10:27:25,980 - ERROR - logger.py:112 - error - 生成Allure报告失败: Allure命令行工具未找到，请确保已安装并添加到系统PATH中
2026-05-08 10:27:25,982 - INFO - logger.py:104 - info - 测试执行完成，耗时: 32.11秒
2026-05-08 10:27:25,983 - INFO - logger.py:104 - info - 执行结果: 成功
