2026-05-09 15:38:21,955 - INFO - logger.py:104 - info - 开始执行测试
2026-05-09 15:38:21,955 - INFO - logger.py:104 - info - 使用单线程运行测试，避免Playwright Sync API在asyncio循环中的错误
2026-05-09 15:38:21,956 - INFO - logger.py:104 - info - Pytest执行参数: ['D:\\install\\auto_ui-master\\src\\testcase\\LD\\code_rule_config\\test_verify_enable_sure_action.py', '-p', 'no:xdist', '--tb=short', '--tb=short', '--timeout=180', '--alluredir', 'reports\\allure_report_20260509_153821']
2026-05-09 15:38:31,173 - INFO - logger.py:104 - info - 开始执行测试: TestVerifyEnableSureAction
2026-05-09 15:38:37,182 - INFO - logger.py:104 - info - 启动浏览器: Chromium, 无头模式: False
2026-05-09 15:38:41,242 - INFO - logger.py:104 - info - ============================================================
2026-05-09 15:38:41,245 - INFO - logger.py:104 - info - 开始执行用例：verify_enable_sure_action
2026-05-09 15:38:41,248 - INFO - logger.py:104 - info - 用例ms的id：101077
2026-05-09 15:38:41,252 - INFO - logger.py:104 - info - ============================================================
2026-05-09 15:38:41,257 - INFO - logger.py:104 - info - 开始登录 LD 项目...
2026-05-09 15:38:41,260 - INFO - logger.py:104 - info - 登录URL: https://test2.saas-test3.supcon.com:32188
2026-05-09 15:38:41,264 - INFO - logger.py:104 - info - 用户名: admin
2026-05-09 15:38:44,934 - INFO - logger.py:104 - info - 检查是否存在在线用户超限提示
2026-05-09 15:38:45,500 - INFO - logger.py:104 - info - 已自动点击在线用户提示的确定按钮
2026-05-09 15:38:51,522 - INFO - logger.py:104 - info - LD 项目登录成功！
2026-05-09 15:38:51,525 - INFO - logger.py:104 - info - 进入编码规则配置菜单
2026-05-09 15:38:52,826 - INFO - logger.py:104 - info - 选择目标编码规则，进入编辑
2026-05-09 15:38:52,828 - INFO - logger.py:104 - info - 等待规则列表加载
2026-05-09 15:38:53,841 - INFO - logger.py:104 - info - 查找第一个状态为'停用'的规则
2026-05-09 15:38:53,843 - INFO - logger.py:104 - info - 正在第 1 页查找停用规则
2026-05-09 15:38:53,864 - INFO - logger.py:104 - info - 在第 1 页找到停用规则
2026-05-09 15:38:54,463 - INFO - logger.py:104 - info - 点击保存按钮提交编辑操作
2026-05-09 15:38:55,070 - INFO - logger.py:104 - info - verify_enable_sure_action用例执行完成
2026-05-09 15:38:58,215 - INFO - logger.py:104 - info - 关闭页面
2026-05-09 15:38:58,239 - INFO - logger.py:104 - info - 关闭浏览器上下文
2026-05-09 15:38:58,366 - INFO - logger.py:104 - info - 关闭浏览器
2026-05-09 15:39:05,792 - INFO - logger.py:104 - info - 测试执行完成: TestVerifyEnableSureAction
2026-05-09 15:39:06,548 - ERROR - logger.py:112 - error - 生成Allure报告失败: Allure命令行工具未找到，请确保已安装并添加到系统PATH中
2026-05-09 15:39:06,550 - INFO - logger.py:104 - info - 测试执行完成，耗时: 44.55秒
2026-05-09 15:39:06,551 - INFO - logger.py:104 - info - 执行结果: 成功
