2026-05-07 13:41:34,072 - INFO - logger.py:104 - info - 开始执行测试
2026-05-07 13:41:34,072 - INFO - logger.py:104 - info - 使用单线程运行测试，避免Playwright Sync API在asyncio循环中的错误
2026-05-07 13:41:34,073 - INFO - logger.py:104 - info - Pytest执行参数: ['D:\\install\\auto_ui-master\\src\\testcase\\LD\\bom_management\\test_bom_check_child.py', '-p', 'no:xdist', '--tb=short', '--tb=short', '--timeout=180', '--alluredir', 'reports\\allure_report_20260507_134134']
2026-05-07 13:41:35,596 - INFO - logger.py:104 - info - 开始执行测试: TestBomCheckChild
2026-05-07 13:41:35,604 - INFO - logger.py:104 - info - 启动浏览器: Chromium, 无头模式: False
2026-05-07 13:41:38,711 - INFO - logger.py:104 - info - ============================================================
2026-05-07 13:41:38,719 - INFO - logger.py:104 - info - 开始执行用例：bom_check_child
2026-05-07 13:41:38,722 - INFO - logger.py:104 - info - 用例ms的id：0
2026-05-07 13:41:38,727 - INFO - logger.py:104 - info - ============================================================
2026-05-07 13:41:38,820 - INFO - logger.py:104 - info - 开始登录 LD 项目...
2026-05-07 13:41:38,858 - INFO - logger.py:104 - info - 登录URL: https://test2.saas-test3.supcon.com:32188
2026-05-07 13:41:38,865 - INFO - logger.py:104 - info - 用户名: admin
2026-05-07 13:41:42,639 - INFO - logger.py:104 - info - 检查是否存在在线用户超限提示
2026-05-07 13:41:43,213 - INFO - logger.py:104 - info - 已自动点击在线用户提示的确定按钮
2026-05-07 13:41:49,239 - INFO - logger.py:104 - info - LD 项目登录成功！
2026-05-07 13:41:49,241 - INFO - logger.py:104 - info - 进入物料清单页面
2026-05-07 13:41:50,365 - INFO - logger.py:104 - info - 定位BOM查询页面iframe
2026-05-07 13:41:50,368 - INFO - logger.py:104 - info - 点击操作图标
2026-05-07 13:41:51,415 - INFO - logger.py:104 - info - 输入子项产品编码并查询
2026-05-07 13:41:53,181 - INFO - logger.py:104 - info - 输入子项产品名称并查询
2026-05-07 13:41:54,859 - INFO - logger.py:104 - info - 选择子项产品来源并查询
2026-05-07 13:42:26,435 - INFO - logger.py:104 - info - 关闭页面
2026-05-07 13:42:26,469 - INFO - logger.py:104 - info - 关闭浏览器上下文
2026-05-07 13:42:26,497 - INFO - logger.py:104 - info - 关闭浏览器
2026-05-07 13:42:26,891 - INFO - logger.py:104 - info - 测试执行完成: TestBomCheckChild
2026-05-07 13:42:28,124 - ERROR - logger.py:112 - error - 生成Allure报告失败: Allure命令行工具未找到，请确保已安装并添加到系统PATH中
2026-05-07 13:42:28,125 - INFO - logger.py:104 - info - 测试执行完成，耗时: 54.03秒
2026-05-07 13:42:28,125 - INFO - logger.py:104 - info - 执行结果: 失败
