2026-04-23 16:30:33,528 - INFO - logger.py:104 - info - 开始执行测试
2026-04-23 16:30:33,529 - INFO - logger.py:104 - info - 使用单线程运行测试，避免Playwright Sync API在asyncio循环中的错误
2026-04-23 16:30:33,529 - INFO - logger.py:104 - info - Pytest执行参数: ['D:\\install\\auto_ui-master\\src\\testcase\\LD\\bom_management\\test_bom_list_pages.py', '-p', 'no:xdist', '--tb=short', '--tb=short', '--timeout=180', '--alluredir', 'reports\\allure_report_20260423_163033']
2026-04-23 16:30:36,413 - INFO - logger.py:104 - info - 开始执行测试: TestBomListPages
2026-04-23 16:30:36,423 - INFO - logger.py:104 - info - 启动浏览器: Chromium, 无头模式: False
2026-04-23 16:30:38,805 - INFO - logger.py:104 - info - ============================================================
2026-04-23 16:30:38,809 - INFO - logger.py:104 - info - 开始执行用例：bom_list_pages
2026-04-23 16:30:38,812 - INFO - logger.py:104 - info - 用例ms的id：0
2026-04-23 16:30:38,816 - INFO - logger.py:104 - info - ============================================================
2026-04-23 16:30:38,820 - INFO - logger.py:104 - info - 开始登录 LD 项目...
2026-04-23 16:30:38,826 - INFO - logger.py:104 - info - 登录URL: https://test2.saas-test3.supcon.com:32188
2026-04-23 16:30:38,833 - INFO - logger.py:104 - info - 用户名: admin
2026-04-23 16:30:52,633 - INFO - logger.py:104 - info - LD 项目登录成功！
2026-04-23 16:30:52,635 - INFO - logger.py:104 - info - 进入基础资料->物料清单菜单
2026-04-23 16:30:53,981 - INFO - logger.py:104 - info - 开始执行BOM列表分页操作
2026-04-23 16:30:58,585 - INFO - logger.py:104 - info - bom_list_pages用例执行完成
2026-04-23 16:30:58,602 - INFO - logger.py:104 - info - 关闭页面
2026-04-23 16:30:58,721 - INFO - logger.py:104 - info - 关闭浏览器上下文
2026-04-23 16:30:58,802 - INFO - logger.py:104 - info - 关闭浏览器
2026-04-23 16:30:59,317 - INFO - logger.py:104 - info - 测试执行完成: TestBomListPages
2026-04-23 16:31:00,693 - ERROR - logger.py:112 - error - 生成Allure报告失败: Allure命令行工具未找到，请确保已安装并添加到系统PATH中
2026-04-23 16:31:00,695 - INFO - logger.py:104 - info - 测试执行完成，耗时: 27.14秒
2026-04-23 16:31:00,695 - INFO - logger.py:104 - info - 执行结果: 成功
