2026-04-24 13:01:48,784 - INFO - logger.py:104 - info - 开始执行测试
2026-04-24 13:01:48,785 - INFO - logger.py:104 - info - 使用单线程运行测试，避免Playwright Sync API在asyncio循环中的错误
2026-04-24 13:01:48,786 - INFO - logger.py:104 - info - Pytest执行参数: ['D:\\install\\auto_ui-master\\src\\testcase\\LD\\customer_file\\test_import_empty.py', '-p', 'no:xdist', '--tb=short', '--tb=short', '--timeout=180', '--alluredir', 'reports\\allure_report_20260424_130148']
2026-04-24 13:02:02,887 - INFO - logger.py:104 - info - 开始执行测试: TestImportEmpty
2026-04-24 13:02:02,901 - INFO - logger.py:104 - info - 启动浏览器: Chromium, 无头模式: False
2026-04-24 13:02:18,196 - INFO - logger.py:104 - info - ============================================================
2026-04-24 13:02:18,201 - INFO - logger.py:104 - info - 开始执行用例：import_empty
2026-04-24 13:02:18,206 - INFO - logger.py:104 - info - 用例ms ID：0
2026-04-24 13:02:18,210 - INFO - logger.py:104 - info - ============================================================
2026-04-24 13:02:18,215 - INFO - logger.py:104 - info - 测试文件: D:\install\auto_ui-master\src\data\LD\customer_file\客户资料_2026_04_24.xlsx
2026-04-24 13:02:18,247 - INFO - logger.py:104 - info - 调用公用登录方法登录系统
2026-04-24 13:02:18,271 - INFO - logger.py:104 - info - 开始登录 LD 项目...
2026-04-24 13:02:18,290 - INFO - logger.py:104 - info - 登录URL: https://test2.saas-test3.supcon.com:32188
2026-04-24 13:02:18,294 - INFO - logger.py:104 - info - 用户名: admin
2026-04-24 13:02:32,759 - INFO - logger.py:104 - info - 检查是否存在在线用户超限提示
2026-04-24 13:02:33,308 - INFO - logger.py:104 - info - 已自动点击在线用户提示的确定按钮
2026-04-24 13:02:39,360 - INFO - logger.py:104 - info - LD 项目登录成功！
2026-04-24 13:02:39,363 - INFO - logger.py:104 - info - 进入客户档案页面
2026-04-24 13:03:10,359 - INFO - logger.py:104 - info - 关闭页面
2026-04-24 13:03:10,416 - INFO - logger.py:104 - info - 关闭浏览器上下文
2026-04-24 13:03:10,436 - INFO - logger.py:104 - info - 关闭浏览器
2026-04-24 13:03:10,722 - INFO - logger.py:104 - info - 测试执行完成: TestImportEmpty
2026-04-24 13:03:11,405 - ERROR - logger.py:112 - error - 生成Allure报告失败: Allure命令行工具未找到，请确保已安装并添加到系统PATH中
2026-04-24 13:03:11,406 - INFO - logger.py:104 - info - 测试执行完成，耗时: 82.59秒
2026-04-24 13:03:11,406 - INFO - logger.py:104 - info - 执行结果: 失败
