2026-04-22 17:09:10,378 - INFO - logger.py:104 - info - 开始执行测试
2026-04-22 17:09:10,378 - INFO - logger.py:104 - info - 使用单线程运行测试，避免Playwright Sync API在asyncio循环中的错误
2026-04-22 17:09:10,378 - INFO - logger.py:104 - info - Pytest执行参数: ['D:\\install\\auto_ui-master\\src\\testcase\\LD\\bom_management\\test_verify_create_bom_page_initialization.py', '-p', 'no:xdist', '--tb=short', '--tb=short', '--timeout=180', '--alluredir', 'reports\\allure_report_20260422_170910']
2026-04-22 17:09:12,276 - INFO - logger.py:104 - info - 开始执行测试: TestVerifyCreateBomPageInitialization
2026-04-22 17:09:12,288 - INFO - logger.py:104 - info - 启动浏览器: Chromium, 无头模式: False
2026-04-22 17:09:14,894 - INFO - logger.py:104 - info - ============================================================
2026-04-22 17:09:14,916 - INFO - logger.py:104 - info - 开始执行用例：verify_create_bom_page_initialization
2026-04-22 17:09:14,925 - INFO - logger.py:104 - info - 用例ms的ID：0
2026-04-22 17:09:14,939 - INFO - logger.py:104 - info - ============================================================
2026-04-22 17:09:14,945 - INFO - logger.py:104 - info - 开始登录 LD 项目...
2026-04-22 17:09:14,952 - INFO - logger.py:104 - info - 登录URL: https://test2.saas-test3.supcon.com:32188
2026-04-22 17:09:14,956 - INFO - logger.py:104 - info - 用户名: admin
2026-04-22 17:09:28,835 - INFO - logger.py:104 - info - LD 项目登录成功！
2026-04-22 17:09:28,838 - INFO - logger.py:104 - info - 系统登录成功
2026-04-22 17:09:28,840 - INFO - logger.py:104 - info - 点击【基础资料】菜单
2026-04-22 17:09:29,391 - INFO - logger.py:104 - info - 点击【物料清单】菜单
2026-04-22 17:09:29,979 - INFO - logger.py:104 - info - 校验物料清单页面新增按钮可见性
2026-04-22 17:09:30,744 - INFO - logger.py:104 - info - 点击新增按钮，打开创建物料清单弹窗
2026-04-22 17:09:31,570 - INFO - logger.py:104 - info - 开始校验创建物料清单弹窗初始化元素
2026-04-22 17:09:31,791 - INFO - logger.py:104 - info - 验证弹窗按钮可正常点击
2026-04-22 17:09:32,965 - INFO - logger.py:104 - info - 用例verify_create_bom_page_initialization执行完成
2026-04-22 17:09:32,990 - INFO - logger.py:104 - info - 关闭页面
2026-04-22 17:09:33,008 - INFO - logger.py:104 - info - 关闭浏览器上下文
2026-04-22 17:09:33,083 - INFO - logger.py:104 - info - 关闭浏览器
2026-04-22 17:09:33,514 - INFO - logger.py:104 - info - 测试执行完成: TestVerifyCreateBomPageInitialization
2026-04-22 17:09:34,480 - ERROR - logger.py:112 - error - 生成Allure报告失败: Allure命令行工具未找到，请确保已安装并添加到系统PATH中
2026-04-22 17:09:34,481 - INFO - logger.py:104 - info - 测试执行完成，耗时: 24.08秒
2026-04-22 17:09:34,482 - INFO - logger.py:104 - info - 执行结果: 成功
