2026-04-27 13:41:29,856 - INFO - logger.py:104 - info - 开始执行测试
2026-04-27 13:41:29,857 - INFO - logger.py:104 - info - 使用单线程运行测试，避免Playwright Sync API在asyncio循环中的错误
2026-04-27 13:41:29,857 - INFO - logger.py:104 - info - Pytest执行参数: ['D:\\install\\auto_ui-master\\src\\testcase\\LD\\code_rule_config\\test_verify_purchase_inbound_initialization.py', '-p', 'no:xdist', '--tb=short', '--tb=short', '--timeout=180', '--alluredir', 'reports\\allure_report_20260427_134129']
2026-04-27 13:41:33,035 - INFO - logger.py:104 - info - 开始执行测试: TestVerifyCodingRuleConfig
2026-04-27 13:41:33,044 - INFO - logger.py:104 - info - 启动浏览器: Chromium, 无头模式: False
2026-04-27 13:41:36,323 - INFO - logger.py:104 - info - ============================================================
2026-04-27 13:41:36,326 - INFO - logger.py:104 - info - 开始执行verify_purchase_inbound_initialization
2026-04-27 13:41:36,329 - INFO - logger.py:104 - info - 用例ms的id：0
2026-04-27 13:41:36,337 - INFO - logger.py:104 - info - ============================================================
2026-04-27 13:41:36,341 - INFO - logger.py:104 - info - 开始登录 LD 项目...
2026-04-27 13:41:36,345 - INFO - logger.py:104 - info - 登录URL: https://test2.saas-test3.supcon.com:32188
2026-04-27 13:41:36,353 - INFO - logger.py:104 - info - 用户名: admin
2026-04-27 13:41:40,171 - INFO - logger.py:104 - info - 检查是否存在在线用户超限提示
2026-04-27 13:41:40,806 - INFO - logger.py:104 - info - 已自动点击在线用户提示的确定按钮
2026-04-27 13:41:46,851 - INFO - logger.py:104 - info - LD 项目登录成功！
2026-04-27 13:41:46,854 - INFO - logger.py:104 - info - 导航进入编码规则配置页面
2026-04-27 13:41:48,031 - INFO - logger.py:104 - info - 执行编码规则列表操作
2026-04-27 13:41:50,959 - INFO - logger.py:104 - info - verify_purchase_inbound_initialization 用例执行完成
2026-04-27 13:41:50,963 - INFO - logger.py:104 - info - 关闭页面
2026-04-27 13:41:50,981 - INFO - logger.py:104 - info - 关闭浏览器上下文
2026-04-27 13:41:51,028 - INFO - logger.py:104 - info - 关闭浏览器
2026-04-27 13:41:51,446 - INFO - logger.py:104 - info - 测试执行完成: TestVerifyCodingRuleConfig
2026-04-27 13:41:52,337 - ERROR - logger.py:112 - error - 生成Allure报告失败: Allure命令行工具未找到，请确保已安装并添加到系统PATH中
2026-04-27 13:41:52,338 - INFO - logger.py:104 - info - 测试执行完成，耗时: 22.45秒
2026-04-27 13:41:52,338 - INFO - logger.py:104 - info - 执行结果: 成功
