2026-05-08 08:53:29,432 - INFO - logger.py:104 - info - 开始执行测试
2026-05-08 08:53:29,433 - INFO - logger.py:104 - info - 使用单线程运行测试，避免Playwright Sync API在asyncio循环中的错误
2026-05-08 08:53:29,433 - INFO - logger.py:104 - info - Pytest执行参数: ['D:\\install\\auto_ui-master\\src\\testcase\\LD\\customer_file\\test_table_properties.py', '-p', 'no:xdist', '--tb=short', '--tb=short', '--timeout=180', '--alluredir', 'reports\\allure_report_20260508_085329']
2026-05-08 08:53:30,930 - INFO - logger.py:104 - info - 开始执行测试: TestCustomerFormCheck
2026-05-08 08:53:30,940 - INFO - logger.py:104 - info - 启动浏览器: Chromium, 无头模式: False
2026-05-08 08:53:33,832 - INFO - logger.py:104 - info - ============================================================
2026-05-08 08:53:33,836 - INFO - logger.py:104 - info - 开始执行用例：table_properties
2026-05-08 08:53:33,838 - INFO - logger.py:104 - info - 用例ms的id：0
2026-05-08 08:53:33,840 - INFO - logger.py:104 - info - ============================================================
2026-05-08 08:53:33,841 - INFO - logger.py:104 - info - 调用公用登录方法完成登录
2026-05-08 08:53:33,844 - INFO - logger.py:104 - info - 开始登录 LD 项目...
2026-05-08 08:53:33,846 - INFO - logger.py:104 - info - 登录URL: https://test2.saas-test3.supcon.com:32188
2026-05-08 08:53:33,848 - INFO - logger.py:104 - info - 用户名: admin
2026-05-08 08:53:37,831 - INFO - logger.py:104 - info - 检查是否存在在线用户超限提示
2026-05-08 08:53:38,377 - INFO - logger.py:104 - info - 已自动点击在线用户提示的确定按钮
2026-05-08 08:53:44,392 - INFO - logger.py:104 - info - LD 项目登录成功！
2026-05-08 08:53:44,394 - INFO - logger.py:104 - info - 导航进入客户档案模块
2026-05-08 08:53:45,492 - INFO - logger.py:104 - info - 点击新增按钮，打开创建客户弹窗
2026-05-08 08:53:46,755 - INFO - logger.py:104 - info - 开始断言表单所有字段展示正确
2026-05-08 08:53:46,923 - INFO - logger.py:104 - info - 所有字段断言完成，关闭创建客户弹窗
2026-05-08 08:53:47,502 - INFO - logger.py:104 - info - 用例table_properties执行完成
2026-05-08 08:53:47,527 - INFO - logger.py:104 - info - 关闭页面
2026-05-08 08:53:47,546 - INFO - logger.py:104 - info - 关闭浏览器上下文
2026-05-08 08:53:47,590 - INFO - logger.py:104 - info - 关闭浏览器
2026-05-08 08:53:47,923 - INFO - logger.py:104 - info - 测试执行完成: TestCustomerFormCheck
2026-05-08 08:53:48,782 - ERROR - logger.py:112 - error - 生成Allure报告失败: Allure命令行工具未找到，请确保已安装并添加到系统PATH中
2026-05-08 08:53:48,784 - INFO - logger.py:104 - info - 测试执行完成，耗时: 19.32秒
2026-05-08 08:53:48,784 - INFO - logger.py:104 - info - 执行结果: 成功
