2026-04-22 16:11:09,621 - INFO - logger.py:104 - info - 开始执行测试
2026-04-22 16:11:09,621 - INFO - logger.py:104 - info - 使用单线程运行测试，避免Playwright Sync API在asyncio循环中的错误
2026-04-22 16:11:09,622 - INFO - logger.py:104 - info - Pytest执行参数: ['D:\\install\\auto_ui-master\\src\\testcase\\LD\\bom_management\\test_verify_import_empty_excel.py', '-p', 'no:xdist', '--tb=short', '--tb=short', '--timeout=180', '--alluredir', 'reports\\allure_report_20260422_161109']
2026-04-22 16:11:11,386 - INFO - logger.py:104 - info - 开始执行测试: TestVerifyImportEmptyExcel
2026-04-22 16:11:11,398 - INFO - logger.py:104 - info - 启动浏览器: Chromium, 无头模式: False
2026-04-22 16:11:14,037 - INFO - logger.py:104 - info - ============================================================
2026-04-22 16:11:14,041 - INFO - logger.py:104 - info - 开始执行用例：verify_import_empty_excel
2026-04-22 16:11:14,054 - INFO - logger.py:104 - info - 用例ms的id：0
2026-04-22 16:11:14,086 - INFO - logger.py:104 - info - ============================================================
2026-04-22 16:11:14,097 - INFO - logger.py:104 - info - 测试文件: D:\install\auto_ui-master\src\data\LD\bom_management\工作簿1.xlsx
2026-04-22 16:11:14,106 - INFO - logger.py:104 - info - 调用公用登录方法完成登录
2026-04-22 16:11:14,111 - INFO - logger.py:104 - info - 开始登录 LD 项目...
2026-04-22 16:11:14,118 - INFO - logger.py:104 - info - 登录URL: https://test2.saas-test3.supcon.com:32188
2026-04-22 16:11:14,127 - INFO - logger.py:104 - info - 用户名: admin
2026-04-22 16:11:27,410 - INFO - logger.py:104 - info - LD 项目登录成功！
2026-04-22 16:11:27,413 - INFO - logger.py:104 - info - 导航进入基础资料->物料清单页面
2026-04-22 16:11:28,557 - INFO - logger.py:104 - info - 点击导入按钮，打开导入弹窗
2026-04-22 16:11:30,149 - INFO - logger.py:104 - info - 选择并上传测试Excel文件
2026-04-22 16:11:31,133 - INFO - logger.py:104 - info - 关闭页面
2026-04-22 16:11:31,153 - INFO - logger.py:104 - info - 关闭浏览器上下文
2026-04-22 16:11:31,233 - INFO - logger.py:104 - info - 关闭浏览器
2026-04-22 16:11:48,698 - INFO - logger.py:104 - info - 测试执行完成: TestVerifyImportEmptyExcel
2026-04-22 16:11:49,455 - ERROR - logger.py:112 - error - 生成Allure报告失败: Allure命令行工具未找到，请确保已安装并添加到系统PATH中
2026-04-22 16:11:49,456 - INFO - logger.py:104 - info - 测试执行完成，耗时: 39.81秒
2026-04-22 16:11:49,456 - INFO - logger.py:104 - info - 执行结果: 失败
