2026-05-08 14:29:31,643 - INFO - logger.py:104 - info - 开始执行测试
2026-05-08 14:29:31,644 - INFO - logger.py:104 - info - 使用单线程运行测试，避免Playwright Sync API在asyncio循环中的错误
2026-05-08 14:29:31,645 - INFO - logger.py:104 - info - Pytest执行参数: ['D:\\install\\auto_ui-master\\src\\testcase\\LD\\product_file\\test_view_table_body.py', '-p', 'no:xdist', '--tb=short', '--tb=short', '--timeout=180', '--alluredir', 'reports\\allure_report_20260508_142931']
2026-05-08 14:29:34,166 - INFO - logger.py:104 - info - 开始执行测试: TestViewTableBody
2026-05-08 14:29:34,191 - INFO - logger.py:104 - info - 启动浏览器: Chromium, 无头模式: False
2026-05-08 14:29:37,582 - INFO - logger.py:104 - info - ============================================================
2026-05-08 14:29:37,586 - INFO - logger.py:104 - info - 开始执行用例：view_table_body
2026-05-08 14:29:37,590 - INFO - logger.py:104 - info - 用例ms的id：0
2026-05-08 14:29:37,594 - INFO - logger.py:104 - info - ============================================================
2026-05-08 14:29:37,599 - INFO - logger.py:104 - info - 开始登录 LD 项目...
2026-05-08 14:29:37,614 - INFO - logger.py:104 - info - 登录URL: https://test2.saas-test3.supcon.com:32188
2026-05-08 14:29:37,626 - INFO - logger.py:104 - info - 用户名: admin
2026-05-08 14:29:41,682 - INFO - logger.py:104 - info - 检查是否存在在线用户超限提示
2026-05-08 14:29:42,242 - INFO - logger.py:104 - info - 已自动点击在线用户提示的确定按钮
2026-05-08 14:29:48,311 - INFO - logger.py:104 - info - LD 项目登录成功！
2026-05-08 14:29:48,317 - INFO - logger.py:104 - info - 点击登录后的确定按钮
2026-05-08 14:30:05,357 - INFO - logger.py:104 - info - 关闭页面
2026-05-08 14:30:05,370 - INFO - logger.py:104 - info - 关闭浏览器上下文
2026-05-08 14:30:05,388 - INFO - logger.py:104 - info - 关闭浏览器
2026-05-08 14:30:05,748 - INFO - logger.py:104 - info - 测试执行完成: TestViewTableBody
2026-05-08 14:30:06,500 - ERROR - logger.py:112 - error - 生成Allure报告失败: Allure命令行工具未找到，请确保已安装并添加到系统PATH中
2026-05-08 14:30:06,502 - INFO - logger.py:104 - info - 测试执行完成，耗时: 34.83秒
2026-05-08 14:30:06,502 - INFO - logger.py:104 - info - 执行结果: 失败
