2026-04-24 09:52:35,314 - INFO - logger.py:104 - info - 开始执行测试
2026-04-24 09:52:35,315 - INFO - logger.py:104 - info - 使用单线程运行测试，避免Playwright Sync API在asyncio循环中的错误
2026-04-24 09:52:35,316 - INFO - logger.py:104 - info - Pytest执行参数: ['D:\\install\\auto_ui-master\\src\\testcase\\LD\\customer_file\\test_verify_import.py', '-p', 'no:xdist', '--tb=short', '--tb=short', '--timeout=180', '--alluredir', 'reports\\allure_report_20260424_095235']
2026-04-24 09:52:37,017 - INFO - logger.py:104 - info - 开始执行测试: TestVerifyImport
2026-04-24 09:52:37,025 - INFO - logger.py:104 - info - 启动浏览器: Chromium, 无头模式: False
2026-04-24 09:52:39,552 - INFO - logger.py:104 - info - ============================================================
2026-04-24 09:52:39,557 - INFO - logger.py:104 - info - 开始执行用例：verify_import
2026-04-24 09:52:39,585 - INFO - logger.py:104 - info - 用例ms的id：0
2026-04-24 09:52:39,605 - INFO - logger.py:104 - info - ============================================================
2026-04-24 09:52:39,611 - INFO - logger.py:104 - info - 测试文件: D:\install\auto_ui-master\src\data\LD\customer_file\客户资料_2026_04_24.xls
2026-04-24 09:52:39,616 - INFO - logger.py:104 - info - 开始登录 LD 项目...
2026-04-24 09:52:39,620 - INFO - logger.py:104 - info - 登录URL: https://test2.saas-test3.supcon.com:32188
2026-04-24 09:52:39,638 - INFO - logger.py:104 - info - 用户名: admin
2026-04-24 09:52:44,085 - INFO - logger.py:104 - info - 检查是否存在在线用户超限提示
2026-04-24 09:52:44,708 - INFO - logger.py:104 - info - 已自动点击在线用户提示的确定按钮
2026-04-24 09:52:50,755 - INFO - logger.py:104 - info - LD 项目登录成功！
2026-04-24 09:52:50,758 - INFO - logger.py:104 - info - 导航进入基础资料->客户档案页面
2026-04-24 09:52:55,621 - INFO - logger.py:104 - info - 点击导入按钮，打开导入弹窗
2026-04-24 09:52:55,924 - INFO - logger.py:104 - info - 关闭页面
2026-04-24 09:52:55,944 - INFO - logger.py:104 - info - 关闭浏览器上下文
2026-04-24 09:52:56,010 - INFO - logger.py:104 - info - 关闭浏览器
2026-04-24 09:52:56,331 - INFO - logger.py:104 - info - 测试执行完成: TestVerifyImport
2026-04-24 09:52:57,585 - ERROR - logger.py:112 - error - 生成Allure报告失败: Allure命令行工具未找到，请确保已安装并添加到系统PATH中
2026-04-24 09:52:57,589 - INFO - logger.py:104 - info - 测试执行完成，耗时: 22.24秒
2026-04-24 09:52:57,589 - INFO - logger.py:104 - info - 执行结果: 失败
