2026-04-24 14:23:22,469 - INFO - logger.py:104 - info - 开始执行测试
2026-04-24 14:23:22,470 - INFO - logger.py:104 - info - 使用单线程运行测试，避免Playwright Sync API在asyncio循环中的错误
2026-04-24 14:23:22,470 - INFO - logger.py:104 - info - Pytest执行参数: ['D:\\install\\auto_ui-master\\src\\testcase\\LD\\customer_file\\test_verify_edit_button.py', '-p', 'no:xdist', '--tb=short', '--tb=short', '--timeout=180', '--alluredir', 'reports\\allure_report_20260424_142322']
2026-04-24 14:23:24,175 - INFO - logger.py:104 - info - 开始执行测试: TestVerifyEditButton
2026-04-24 14:23:24,198 - INFO - logger.py:104 - info - 启动浏览器: Chromium, 无头模式: False
2026-04-24 14:23:26,707 - INFO - logger.py:104 - info - ============================================================
2026-04-24 14:23:26,753 - INFO - logger.py:104 - info - 开始执行用例：verify_edit_button
2026-04-24 14:23:26,759 - INFO - logger.py:104 - info - 用例ms的id：0
2026-04-24 14:23:26,763 - INFO - logger.py:104 - info - ============================================================
2026-04-24 14:23:26,784 - INFO - logger.py:104 - info - 执行系统登录
2026-04-24 14:23:26,788 - INFO - logger.py:104 - info - 开始登录 LD 项目...
2026-04-24 14:23:26,802 - INFO - logger.py:104 - info - 登录URL: https://test2.saas-test3.supcon.com:32188
2026-04-24 14:23:26,847 - INFO - logger.py:104 - info - 用户名: admin
2026-04-24 14:23:31,192 - INFO - logger.py:104 - info - 检查是否存在在线用户超限提示
2026-04-24 14:23:31,765 - INFO - logger.py:104 - info - 已自动点击在线用户提示的确定按钮
2026-04-24 14:23:37,790 - INFO - logger.py:104 - info - LD 项目登录成功！
2026-04-24 14:23:37,793 - INFO - logger.py:104 - info - 导航进入客户档案页面
2026-04-24 14:23:38,935 - INFO - logger.py:104 - info - 选中目标客户，点击编辑按钮
2026-04-24 14:23:41,605 - INFO - logger.py:104 - info - 用例verify_edit_button执行完成
2026-04-24 14:23:41,609 - INFO - logger.py:104 - info - 关闭页面
2026-04-24 14:23:41,628 - INFO - logger.py:104 - info - 关闭浏览器上下文
2026-04-24 14:23:41,680 - INFO - logger.py:104 - info - 关闭浏览器
2026-04-24 14:23:43,045 - INFO - logger.py:104 - info - 测试执行完成: TestVerifyEditButton
2026-04-24 14:23:43,626 - ERROR - logger.py:112 - error - 生成Allure报告失败: Allure命令行工具未找到，请确保已安装并添加到系统PATH中
2026-04-24 14:23:43,627 - INFO - logger.py:104 - info - 测试执行完成，耗时: 21.13秒
2026-04-24 14:23:43,627 - INFO - logger.py:104 - info - 执行结果: 成功
