2026-05-07 14:41:44,505 - INFO - logger.py:104 - info - 开始执行测试
2026-05-07 14:41:44,505 - INFO - logger.py:104 - info - 使用单线程运行测试，避免Playwright Sync API在asyncio循环中的错误
2026-05-07 14:41:44,506 - INFO - logger.py:104 - info - Pytest执行参数: ['D:\\install\\auto_ui-master\\src\\testcase\\LD\\bom_management\\test_verify_child_product.py', '-p', 'no:xdist', '--tb=short', '--tb=short', '--timeout=180', '--alluredir', 'reports\\allure_report_20260507_144144']
2026-05-07 14:41:46,415 - INFO - logger.py:104 - info - 开始执行测试: TestVerifyChildProduct
2026-05-07 14:41:46,425 - INFO - logger.py:104 - info - 启动浏览器: Chromium, 无头模式: False
2026-05-07 14:41:49,204 - INFO - logger.py:104 - info - ============================================================
2026-05-07 14:41:49,207 - INFO - logger.py:104 - info - 开始执行用例：verify_child_product
2026-05-07 14:41:49,210 - INFO - logger.py:104 - info - 用例ms ID：0
2026-05-07 14:41:49,212 - INFO - logger.py:104 - info - ============================================================
2026-05-07 14:41:49,217 - INFO - logger.py:104 - info - 完成系统登录
2026-05-07 14:41:49,220 - INFO - logger.py:104 - info - 开始登录 LD 项目...
2026-05-07 14:41:49,223 - INFO - logger.py:104 - info - 登录URL: https://test2.saas-test3.supcon.com:32188
2026-05-07 14:41:49,225 - INFO - logger.py:104 - info - 用户名: admin
2026-05-07 14:41:53,251 - INFO - logger.py:104 - info - 检查是否存在在线用户超限提示
2026-05-07 14:41:53,825 - INFO - logger.py:104 - info - 已自动点击在线用户提示的确定按钮
2026-05-07 14:41:59,854 - INFO - logger.py:104 - info - LD 项目登录成功！
2026-05-07 14:41:59,857 - INFO - logger.py:104 - info - 进入物料清单菜单
2026-05-07 14:42:01,030 - INFO - logger.py:104 - info - 等待BOM列表加载完成
2026-05-07 14:42:02,039 - INFO - logger.py:104 - info - 定位并点击第一行的编辑按钮
2026-05-07 14:42:02,666 - INFO - logger.py:104 - info - 触发添加子项产品操作
2026-05-07 14:42:03,327 - INFO - logger.py:104 - info - 执行页面操作
2026-05-07 14:42:04,527 - INFO - logger.py:104 - info - 点击第一行的删除按钮
2026-05-07 14:42:23,275 - INFO - logger.py:104 - info - 关闭页面
2026-05-07 14:42:23,282 - INFO - logger.py:104 - info - 关闭浏览器上下文
2026-05-07 14:42:23,297 - INFO - logger.py:104 - info - 关闭浏览器
2026-05-07 14:42:23,565 - INFO - logger.py:104 - info - 测试执行完成: TestVerifyChildProduct
2026-05-07 14:42:24,875 - ERROR - logger.py:112 - error - 生成Allure报告失败: Allure命令行工具未找到，请确保已安装并添加到系统PATH中
2026-05-07 14:42:24,876 - INFO - logger.py:104 - info - 测试执行完成，耗时: 40.35秒
2026-05-07 14:42:24,876 - INFO - logger.py:104 - info - 执行结果: 失败
