2026-04-22 15:53:42,447 - INFO - logger.py:104 - info - 开始执行测试
2026-04-22 15:53:42,448 - INFO - logger.py:104 - info - 使用单线程运行测试，避免Playwright Sync API在asyncio循环中的错误
2026-04-22 15:53:42,448 - INFO - logger.py:104 - info - Pytest执行参数: ['D:\\install\\auto_ui-master\\src\\testcase\\LD\\bom_management\\test_verify_import_empty_excel.py', '-p', 'no:xdist', '--tb=short', '--tb=short', '--timeout=180', '--alluredir', 'reports\\allure_report_20260422_155342']
2026-04-22 15:53:44,092 - INFO - logger.py:104 - info - 开始执行测试: TestVerifyImportEmptyExcelFile
2026-04-22 15:53:44,101 - INFO - logger.py:104 - info - 启动浏览器: Chromium, 无头模式: False
2026-04-22 15:53:46,467 - INFO - logger.py:104 - info - ============================================================
2026-04-22 15:53:46,484 - INFO - logger.py:104 - info - 开始执行用例：verify_import_empty_excel_file
2026-04-22 15:53:46,492 - INFO - logger.py:104 - info - 用例ms的id：0
2026-04-22 15:53:46,519 - INFO - logger.py:104 - info - ============================================================
2026-04-22 15:53:46,535 - INFO - logger.py:104 - info - 测试文件: D:\install\auto_ui-master\src\data\LD\bom_management\工作簿1.xlsx
2026-04-22 15:53:46,544 - INFO - logger.py:104 - info - 登录目标系统
2026-04-22 15:53:47,111 - INFO - logger.py:104 - info - 开始登录 LD 项目...
2026-04-22 15:53:47,120 - INFO - logger.py:104 - info - 登录URL: https://test2.saas-test3.supcon.com:32188
2026-04-22 15:53:47,123 - INFO - logger.py:104 - info - 用户名: admin
2026-04-22 15:54:00,116 - INFO - logger.py:104 - info - LD 项目登录成功！
2026-04-22 15:54:00,121 - INFO - logger.py:104 - info - 进入基础资料->物料清单页面
2026-04-22 15:54:01,272 - INFO - logger.py:104 - info - 上传空Excel文件
2026-04-22 15:54:05,538 - INFO - logger.py:104 - info - 确认导入操作
2026-04-22 15:54:06,132 - INFO - logger.py:104 - info - 验证空文件导入结果提示
2026-04-22 15:54:14,401 - INFO - logger.py:104 - info - 关闭页面
2026-04-22 15:54:14,420 - INFO - logger.py:104 - info - 关闭浏览器上下文
2026-04-22 15:54:14,495 - INFO - logger.py:104 - info - 关闭浏览器
2026-04-22 15:54:14,972 - INFO - logger.py:104 - info - 测试执行完成: TestVerifyImportEmptyExcelFile
2026-04-22 15:54:16,252 - ERROR - logger.py:112 - error - 生成Allure报告失败: Allure命令行工具未找到，请确保已安装并添加到系统PATH中
2026-04-22 15:54:16,253 - INFO - logger.py:104 - info - 测试执行完成，耗时: 33.78秒
2026-04-22 15:54:16,253 - INFO - logger.py:104 - info - 执行结果: 失败
