2026-05-09 15:18:34,944 - INFO - logger.py:104 - info - 开始执行测试
2026-05-09 15:18:34,946 - INFO - logger.py:104 - info - 使用单线程运行测试，避免Playwright Sync API在asyncio循环中的错误
2026-05-09 15:18:34,946 - INFO - logger.py:104 - info - Pytest执行参数: ['D:\\install\\auto_ui-master\\src\\testcase\\LD\\code_rule_config\\test_verify_work_order_batch.py', '-p', 'no:xdist', '--tb=short', '--tb=short', '--timeout=180', '--alluredir', 'reports\\allure_report_20260509_151834']
2026-05-09 15:18:36,973 - INFO - logger.py:104 - info - 开始执行测试: TestVerifyWorkOrderBatch
2026-05-09 15:18:36,984 - INFO - logger.py:104 - info - 启动浏览器: Chromium, 无头模式: False
2026-05-09 15:18:40,620 - INFO - logger.py:104 - info - ============================================================
2026-05-09 15:18:40,623 - INFO - logger.py:104 - info - 开始执行用例verify_work_order_batch
2026-05-09 15:18:40,627 - INFO - logger.py:104 - info - 用例ms的id：101100
2026-05-09 15:18:40,631 - INFO - logger.py:104 - info - ============================================================
2026-05-09 15:18:40,634 - INFO - logger.py:104 - info - 开始登录 LD 项目...
2026-05-09 15:18:40,641 - INFO - logger.py:104 - info - 登录URL: https://test2.saas-test3.supcon.com:32188
2026-05-09 15:18:40,647 - INFO - logger.py:104 - info - 用户名: admin
2026-05-09 15:18:44,807 - INFO - logger.py:104 - info - 检查是否存在在线用户超限提示
2026-05-09 15:18:45,386 - INFO - logger.py:104 - info - 已自动点击在线用户提示的确定按钮
2026-05-09 15:18:51,411 - INFO - logger.py:104 - info - LD 项目登录成功！
2026-05-09 15:18:51,414 - INFO - logger.py:104 - info - 导航进入编码规则配置页面
2026-05-09 15:18:52,677 - INFO - logger.py:104 - info - 等待规则列表加载
2026-05-09 15:18:53,687 - INFO - logger.py:104 - info - 正在第 1 页查找业务类型为'生产工单批号'的规则
2026-05-09 15:18:53,713 - INFO - logger.py:104 - info - 在第 1 页找到目标数据
2026-05-09 15:18:53,738 - INFO - logger.py:104 - info - 成功定位到第一个业务类型为'生产工单批号'的规则
2026-05-09 15:18:53,741 - INFO - logger.py:104 - info - 点击目标行的'查看'按钮
2026-05-09 15:18:54,426 - INFO - logger.py:104 - info - 完成查看，点击返回
2026-05-09 15:18:54,991 - INFO - logger.py:104 - info - 用例verify_work_order_batch执行完成
2026-05-09 15:18:54,996 - INFO - logger.py:104 - info - 关闭页面
2026-05-09 15:18:55,015 - INFO - logger.py:104 - info - 关闭浏览器上下文
2026-05-09 15:18:55,091 - INFO - logger.py:104 - info - 关闭浏览器
2026-05-09 15:18:55,534 - INFO - logger.py:104 - info - 测试执行完成: TestVerifyWorkOrderBatch
2026-05-09 15:18:56,626 - ERROR - logger.py:112 - error - 生成Allure报告失败: Allure命令行工具未找到，请确保已安装并添加到系统PATH中
2026-05-09 15:18:56,659 - INFO - logger.py:104 - info - 测试执行完成，耗时: 21.61秒
2026-05-09 15:18:56,665 - INFO - logger.py:104 - info - 执行结果: 成功
