2026-04-28 13:22:26,198 - INFO - logger.py:104 - info - 开始执行测试
2026-04-28 13:22:26,198 - INFO - logger.py:104 - info - 使用单线程运行测试，避免Playwright Sync API在asyncio循环中的错误
2026-04-28 13:22:26,198 - INFO - logger.py:104 - info - Pytest执行参数: ['D:\\install\\auto_ui-master\\src\\testcase\\LD\\printer_management\\test_verify_delete_function.py', '-p', 'no:xdist', '--tb=short', '--tb=short', '--timeout=180', '--alluredir', 'reports\\allure_report_20260428_132226']
2026-04-28 13:22:27,860 - INFO - logger.py:104 - info - 开始执行测试: TestVerifyDeleteFunction
2026-04-28 13:22:27,871 - INFO - logger.py:104 - info - 启动浏览器: Chromium, 无头模式: False
2026-04-28 13:22:30,616 - INFO - logger.py:104 - info - ============================================================
2026-04-28 13:22:30,662 - INFO - logger.py:104 - info - 开始执行verify_delete_function
2026-04-28 13:22:30,666 - INFO - logger.py:104 - info - 用例ms的id：0
2026-04-28 13:22:30,673 - INFO - logger.py:104 - info - ============================================================
2026-04-28 13:22:30,681 - INFO - logger.py:104 - info - 登录目标系统
2026-04-28 13:22:30,684 - INFO - logger.py:104 - info - 开始登录 LD 项目...
2026-04-28 13:22:30,715 - INFO - logger.py:104 - info - 登录URL: https://test2.saas-test3.supcon.com:32188
2026-04-28 13:22:30,744 - INFO - logger.py:104 - info - 用户名: admin
2026-04-28 13:22:39,143 - INFO - logger.py:104 - info - 检查是否存在在线用户超限提示
2026-04-28 13:22:44,193 - INFO - logger.py:104 - info - LD 项目登录成功！
2026-04-28 13:22:44,195 - INFO - logger.py:104 - info - 导航到打印机管理页面
2026-04-28 13:22:45,961 - INFO - logger.py:104 - info - 开始验证删除功能流程
2026-04-28 13:22:49,063 - INFO - logger.py:104 - info - verify_delete_function 执行完成
2026-04-28 13:22:49,067 - INFO - logger.py:104 - info - 关闭页面
2026-04-28 13:22:49,085 - INFO - logger.py:104 - info - 关闭浏览器上下文
2026-04-28 13:22:49,138 - INFO - logger.py:104 - info - 关闭浏览器
2026-04-28 13:22:49,532 - INFO - logger.py:104 - info - 测试执行完成: TestVerifyDeleteFunction
2026-04-28 13:22:50,489 - ERROR - logger.py:112 - error - 生成Allure报告失败: Allure命令行工具未找到，请确保已安装并添加到系统PATH中
2026-04-28 13:22:50,491 - INFO - logger.py:104 - info - 测试执行完成，耗时: 24.26秒
2026-04-28 13:22:50,491 - INFO - logger.py:104 - info - 执行结果: 成功
