2026-04-27 10:29:14,623 - INFO - logger.py:104 - info - 开始执行测试
2026-04-27 10:29:14,624 - INFO - logger.py:104 - info - 使用单线程运行测试，避免Playwright Sync API在asyncio循环中的错误
2026-04-27 10:29:14,624 - INFO - logger.py:104 - info - Pytest执行参数: ['D:\\install\\auto_ui-master\\src\\testcase\\LD\\code_rule_config\\test_verify_create_button.py', '-p', 'no:xdist', '--tb=short', '--tb=short', '--timeout=180', '--alluredir', 'reports\\allure_report_20260427_102914']
2026-04-27 10:29:16,463 - INFO - logger.py:104 - info - 开始执行测试: TestVerifyCreateCodeRule
2026-04-27 10:29:16,473 - INFO - logger.py:104 - info - 启动浏览器: Chromium, 无头模式: False
2026-04-27 10:29:22,400 - INFO - logger.py:104 - info - ============================================================
2026-04-27 10:29:22,404 - INFO - logger.py:104 - info - 开始执行用例：verify_create_button
2026-04-27 10:29:22,410 - INFO - logger.py:104 - info - 用例ms的id：0
2026-04-27 10:29:22,438 - INFO - logger.py:104 - info - ============================================================
2026-04-27 10:29:22,447 - INFO - logger.py:104 - info - 登录系统
2026-04-27 10:29:22,451 - INFO - logger.py:104 - info - 开始登录 LD 项目...
2026-04-27 10:29:22,462 - INFO - logger.py:104 - info - 登录URL: https://test2.saas-test3.supcon.com:32188
2026-04-27 10:29:22,486 - INFO - logger.py:104 - info - 用户名: admin
2026-04-27 10:29:36,712 - INFO - logger.py:104 - info - 检查是否存在在线用户超限提示
2026-04-27 10:29:37,276 - INFO - logger.py:104 - info - 已自动点击在线用户提示的确定按钮
2026-04-27 10:29:43,309 - INFO - logger.py:104 - info - LD 项目登录成功！
2026-04-27 10:29:43,312 - INFO - logger.py:104 - info - 进入编码规则配置页面
2026-04-27 10:29:44,483 - INFO - logger.py:104 - info - 点击创建按钮打开新增弹窗
2026-04-27 10:29:46,096 - INFO - logger.py:104 - info - 填写规则编码
2026-04-27 10:29:47,736 - INFO - logger.py:104 - info - 填写规则名称
2026-04-27 10:29:48,283 - INFO - logger.py:104 - info - 选择业务类型：采购入库批号
2026-04-27 10:30:19,216 - INFO - logger.py:104 - info - 关闭页面
2026-04-27 10:30:19,232 - INFO - logger.py:104 - info - 关闭浏览器上下文
2026-04-27 10:30:19,290 - INFO - logger.py:104 - info - 关闭浏览器
2026-04-27 10:30:19,612 - INFO - logger.py:104 - info - 测试执行完成: TestVerifyCreateCodeRule
2026-04-27 10:30:21,302 - ERROR - logger.py:112 - error - 生成Allure报告失败: Allure命令行工具未找到，请确保已安装并添加到系统PATH中
2026-04-27 10:30:21,303 - INFO - logger.py:104 - info - 测试执行完成，耗时: 66.62秒
2026-04-27 10:30:21,303 - INFO - logger.py:104 - info - 执行结果: 失败
