2026-04-22 16:17:25,217 - INFO - logger.py:104 - info - 开始执行测试
2026-04-22 16:17:25,217 - INFO - logger.py:104 - info - 使用单线程运行测试，避免Playwright Sync API在asyncio循环中的错误
2026-04-22 16:17:25,217 - INFO - logger.py:104 - info - Pytest执行参数: ['D:\\install\\auto_ui-master\\src\\testcase\\LD\\bom_management\\test_verify_import_empty_excel.py', '-p', 'no:xdist', '--tb=short', '--tb=short', '--timeout=180', '--alluredir', 'reports\\allure_report_20260422_161725']
2026-04-22 16:17:34,874 - INFO - logger.py:104 - info - 开始执行测试: TestVerifyImportEmptyExcelFile
2026-04-22 16:17:34,908 - INFO - logger.py:104 - info - 启动浏览器: Chromium, 无头模式: False
2026-04-22 16:17:41,471 - INFO - logger.py:104 - info - ============================================================
2026-04-22 16:17:41,489 - INFO - logger.py:104 - info - 开始执行用例：verify_import_empty_excel_file
2026-04-22 16:17:41,501 - INFO - logger.py:104 - info - 用例ms的id：0
2026-04-22 16:17:41,517 - INFO - logger.py:104 - info - ============================================================
2026-04-22 16:17:41,521 - INFO - logger.py:104 - info - 测试文件绝对路径: D:\install\auto_ui-master\src\data\LD\bom_management\工作簿1.xlsx
2026-04-22 16:17:41,564 - INFO - logger.py:104 - info - 文件存在性验证通过
2026-04-22 16:17:41,571 - INFO - logger.py:104 - info - 登录目标系统
2026-04-22 16:17:41,601 - INFO - logger.py:104 - info - 开始登录 LD 项目...
2026-04-22 16:17:41,605 - INFO - logger.py:104 - info - 登录URL: https://test2.saas-test3.supcon.com:32188
2026-04-22 16:17:41,614 - INFO - logger.py:104 - info - 用户名: admin
2026-04-22 16:17:56,889 - INFO - logger.py:104 - info - LD 项目登录成功！
2026-04-22 16:17:56,893 - INFO - logger.py:104 - info - 进入基础资料->物料清单页面
2026-04-22 16:18:00,875 - INFO - logger.py:104 - info - 等待导入按钮加载
2026-04-22 16:18:00,908 - INFO - logger.py:104 - info - 上传空Excel文件
2026-04-22 16:18:04,075 - INFO - logger.py:104 - info - 文件已上传: D:\install\auto_ui-master\src\data\LD\bom_management\工作簿1.xlsx
2026-04-22 16:18:04,078 - INFO - logger.py:104 - info - 等待文件上传
2026-04-22 16:18:07,091 - INFO - logger.py:104 - info - 确认导入操作
2026-04-22 16:18:07,678 - INFO - logger.py:104 - info - 验证空文件导入结果提示
2026-04-22 16:18:12,704 - INFO - logger.py:104 - info - 实际导入日志内容: 导入日志
[2026-04-22 16:18:07 315] - 导入开始
[2026-04-22 16:18:07 373] - excel表格数据为空
[2026-04-22 16:18:07 375] - 导入结束

导入结果备份下载
关 闭
2026-04-22 16:18:12,907 - INFO - logger.py:104 - info - 关闭页面
2026-04-22 16:18:13,352 - INFO - logger.py:104 - info - 关闭浏览器上下文
2026-04-22 16:18:13,380 - INFO - logger.py:104 - info - 关闭浏览器
2026-04-22 16:18:14,206 - INFO - logger.py:104 - info - 测试执行完成: TestVerifyImportEmptyExcelFile
2026-04-22 16:18:15,095 - ERROR - logger.py:112 - error - 生成Allure报告失败: Allure命令行工具未找到，请确保已安装并添加到系统PATH中
2026-04-22 16:18:15,098 - INFO - logger.py:104 - info - 测试执行完成，耗时: 49.85秒
2026-04-22 16:18:15,098 - INFO - logger.py:104 - info - 执行结果: 失败
