2026-05-08 09:11:24,264 - INFO - logger.py:104 - info - 开始执行测试
2026-05-08 09:11:24,265 - INFO - logger.py:104 - info - 使用单线程运行测试，避免Playwright Sync API在asyncio循环中的错误
2026-05-08 09:11:24,265 - INFO - logger.py:104 - info - Pytest执行参数: ['D:\\install\\auto_ui-master\\src\\testcase\\LD\\customer_file\\test_verify_import_button.py', '-p', 'no:xdist', '--tb=short', '--tb=short', '--timeout=180', '--alluredir', 'reports\\allure_report_20260508_091124']
2026-05-08 09:11:25,801 - INFO - logger.py:104 - info - 开始执行测试: TestVerifyImportButton
2026-05-08 09:11:25,820 - INFO - logger.py:104 - info - 启动浏览器: Chromium, 无头模式: False
2026-05-08 09:11:28,677 - INFO - logger.py:104 - info - ============================================================
2026-05-08 09:11:28,681 - INFO - logger.py:104 - info - 开始执行用例：verify_import_button
2026-05-08 09:11:28,686 - INFO - logger.py:104 - info - 用例ms的id：0
2026-05-08 09:11:28,689 - INFO - logger.py:104 - info - ============================================================
2026-05-08 09:11:28,694 - INFO - logger.py:104 - info - 开始登录 LD 项目...
2026-05-08 09:11:28,699 - INFO - logger.py:104 - info - 登录URL: https://test2.saas-test3.supcon.com:32188
2026-05-08 09:11:28,703 - INFO - logger.py:104 - info - 用户名: admin
2026-05-08 09:11:32,601 - INFO - logger.py:104 - info - 检查是否存在在线用户超限提示
2026-05-08 09:11:33,164 - INFO - logger.py:104 - info - 已自动点击在线用户提示的确定按钮
2026-05-08 09:11:39,184 - INFO - logger.py:104 - info - LD 项目登录成功！
2026-05-08 09:11:39,186 - INFO - logger.py:104 - info - 系统登录完成
2026-05-08 09:11:39,188 - INFO - logger.py:104 - info - 导航进入客户档案页面
2026-05-08 09:11:40,296 - INFO - logger.py:104 - info - 点击导入按钮唤起导入弹窗
2026-05-08 09:11:41,282 - INFO - logger.py:104 - info - 点击导入说明区域完成交互
2026-05-08 09:11:41,845 - INFO - logger.py:104 - info - verify_import_button用例执行完成
2026-05-08 09:11:41,849 - INFO - logger.py:104 - info - 关闭页面
2026-05-08 09:11:41,866 - INFO - logger.py:104 - info - 关闭浏览器上下文
2026-05-08 09:11:41,911 - INFO - logger.py:104 - info - 关闭浏览器
2026-05-08 09:11:42,207 - INFO - logger.py:104 - info - 测试执行完成: TestVerifyImportButton
2026-05-08 09:11:43,157 - ERROR - logger.py:112 - error - 生成Allure报告失败: Allure命令行工具未找到，请确保已安装并添加到系统PATH中
2026-05-08 09:11:43,158 - INFO - logger.py:104 - info - 测试执行完成，耗时: 18.87秒
2026-05-08 09:11:43,158 - INFO - logger.py:104 - info - 执行结果: 成功
