2026-05-09 14:30:34,073 - INFO - logger.py:104 - info - 开始执行测试
2026-05-09 14:30:34,074 - INFO - logger.py:104 - info - 使用单线程运行测试，避免Playwright Sync API在asyncio循环中的错误
2026-05-09 14:30:34,074 - INFO - logger.py:104 - info - Pytest执行参数: ['D:\\install\\auto_ui-master\\src\\testcase\\LD\\bom_management\\test_import_mode.py', '-p', 'no:xdist', '--tb=short', '--tb=short', '--timeout=180', '--alluredir', 'reports\\allure_report_20260509_143034']
2026-05-09 14:30:35,929 - INFO - logger.py:104 - info - 开始执行测试: TestImportMode
2026-05-09 14:30:35,940 - INFO - logger.py:104 - info - 启动浏览器: Chromium, 无头模式: False
2026-05-09 14:30:39,745 - INFO - logger.py:104 - info - ============================================================
2026-05-09 14:30:39,749 - INFO - logger.py:104 - info - 开始执行用例：import_mode
2026-05-09 14:30:39,752 - INFO - logger.py:104 - info - 用例ms的id：101313
2026-05-09 14:30:39,755 - INFO - logger.py:104 - info - ============================================================
2026-05-09 14:30:39,759 - INFO - logger.py:104 - info - 开始登录 LD 项目...
2026-05-09 14:30:39,762 - INFO - logger.py:104 - info - 登录URL: https://test2.saas-test3.supcon.com:32188
2026-05-09 14:30:39,765 - INFO - logger.py:104 - info - 用户名: admin
2026-05-09 14:30:43,401 - INFO - logger.py:104 - info - 检查是否存在在线用户超限提示
2026-05-09 14:30:43,965 - INFO - logger.py:104 - info - 已自动点击在线用户提示的确定按钮
2026-05-09 14:30:49,994 - INFO - logger.py:104 - info - LD 项目登录成功！
2026-05-09 14:30:49,997 - INFO - logger.py:104 - info - 进入基础资料模块，打开物料清单页面
2026-05-09 14:30:51,250 - INFO - logger.py:104 - info - 点击导入按钮，验证导入弹窗元素
2026-05-09 14:30:52,541 - INFO - logger.py:104 - info - 用例import_mode执行完成
2026-05-09 14:30:52,545 - INFO - logger.py:104 - info - 关闭页面
2026-05-09 14:30:52,562 - INFO - logger.py:104 - info - 关闭浏览器上下文
2026-05-09 14:30:52,613 - INFO - logger.py:104 - info - 关闭浏览器
2026-05-09 14:30:52,996 - INFO - logger.py:104 - info - 测试执行完成: TestImportMode
2026-05-09 14:30:53,926 - ERROR - logger.py:112 - error - 生成Allure报告失败: Allure命令行工具未找到，请确保已安装并添加到系统PATH中
2026-05-09 14:30:53,927 - INFO - logger.py:104 - info - 测试执行完成，耗时: 19.82秒
2026-05-09 14:30:53,928 - INFO - logger.py:104 - info - 执行结果: 成功
