2026-04-23 17:03:35,050 - INFO - logger.py:104 - info - 开始执行测试
2026-04-23 17:03:35,050 - INFO - logger.py:104 - info - 使用单线程运行测试，避免Playwright Sync API在asyncio循环中的错误
2026-04-23 17:03:35,051 - INFO - logger.py:104 - info - Pytest执行参数: ['D:\\install\\auto_ui-master\\src\\testcase\\LD\\bom_management\\test_bom_check_child.py', '-p', 'no:xdist', '--tb=short', '--tb=short', '--timeout=180', '--alluredir', 'reports\\allure_report_20260423_170335']
2026-04-23 17:03:36,888 - INFO - logger.py:104 - info - 开始执行测试: TestBomCheckChild
2026-04-23 17:03:36,901 - INFO - logger.py:104 - info - 启动浏览器: Chromium, 无头模式: False
2026-04-23 17:03:39,631 - INFO - logger.py:104 - info - ============================================================
2026-04-23 17:03:39,638 - INFO - logger.py:104 - info - 开始执行用例：bom_check_child
2026-04-23 17:03:39,660 - INFO - logger.py:104 - info - 用例ms的id：0
2026-04-23 17:03:39,678 - INFO - logger.py:104 - info - ============================================================
2026-04-23 17:03:39,690 - INFO - logger.py:104 - info - 开始登录 LD 项目...
2026-04-23 17:03:39,702 - INFO - logger.py:104 - info - 登录URL: https://test2.saas-test3.supcon.com:32188
2026-04-23 17:03:39,707 - INFO - logger.py:104 - info - 用户名: admin
2026-04-23 17:03:49,181 - INFO - logger.py:104 - info - LD 项目登录成功！
2026-04-23 17:03:49,185 - INFO - logger.py:104 - info - 进入物料清单页面
2026-04-23 17:03:50,413 - INFO - logger.py:104 - info - 定位BOM查询页面iframe
2026-04-23 17:03:50,417 - INFO - logger.py:104 - info - 点击操作图标
2026-04-23 17:03:52,307 - INFO - logger.py:104 - info - 输入子项产品编码并查询
2026-04-23 17:03:54,062 - INFO - logger.py:104 - info - 输入子项产品名称并查询
2026-04-23 17:03:55,912 - INFO - logger.py:104 - info - 选择子项产品来源并查询
2026-04-23 17:03:57,654 - INFO - logger.py:104 - info - 用例bom_check_child执行完成
2026-04-23 17:03:57,661 - INFO - logger.py:104 - info - 关闭页面
2026-04-23 17:03:57,678 - INFO - logger.py:104 - info - 关闭浏览器上下文
2026-04-23 17:03:57,749 - INFO - logger.py:104 - info - 关闭浏览器
2026-04-23 17:03:58,149 - INFO - logger.py:104 - info - 测试执行完成: TestBomCheckChild
2026-04-23 17:03:59,044 - ERROR - logger.py:112 - error - 生成Allure报告失败: Allure命令行工具未找到，请确保已安装并添加到系统PATH中
2026-04-23 17:03:59,046 - INFO - logger.py:104 - info - 测试执行完成，耗时: 23.97秒
2026-04-23 17:03:59,046 - INFO - logger.py:104 - info - 执行结果: 成功
