2026-05-08 09:07:06,660 - INFO - logger.py:104 - info - 开始执行测试
2026-05-08 09:07:06,660 - INFO - logger.py:104 - info - 使用单线程运行测试，避免Playwright Sync API在asyncio循环中的错误
2026-05-08 09:07:06,660 - INFO - logger.py:104 - info - Pytest执行参数: ['D:\\install\\auto_ui-master\\src\\testcase\\LD\\customer_file\\test_verify_edit_button.py', '-p', 'no:xdist', '--tb=short', '--tb=short', '--timeout=180', '--alluredir', 'reports\\allure_report_20260508_090706']
2026-05-08 09:07:09,453 - INFO - logger.py:104 - info - 开始执行测试: TestVerifyEditButton
2026-05-08 09:07:09,491 - INFO - logger.py:104 - info - 启动浏览器: Chromium, 无头模式: False
2026-05-08 09:07:12,534 - INFO - logger.py:104 - info - ============================================================
2026-05-08 09:07:12,537 - INFO - logger.py:104 - info - 开始执行用例：verify_edit_button
2026-05-08 09:07:12,539 - INFO - logger.py:104 - info - 用例ms的id：0
2026-05-08 09:07:12,542 - INFO - logger.py:104 - info - ============================================================
2026-05-08 09:07:12,544 - INFO - logger.py:104 - info - 执行系统登录
2026-05-08 09:07:12,547 - INFO - logger.py:104 - info - 开始登录 LD 项目...
2026-05-08 09:07:12,549 - INFO - logger.py:104 - info - 登录URL: https://test2.saas-test3.supcon.com:32188
2026-05-08 09:07:12,551 - INFO - logger.py:104 - info - 用户名: admin
2026-05-08 09:07:16,066 - INFO - logger.py:104 - info - 检查是否存在在线用户超限提示
2026-05-08 09:07:16,840 - INFO - logger.py:104 - info - 已自动点击在线用户提示的确定按钮
2026-05-08 09:07:22,863 - INFO - logger.py:104 - info - LD 项目登录成功！
2026-05-08 09:07:22,871 - INFO - logger.py:104 - info - 导航进入客户档案页面
2026-05-08 09:07:24,029 - INFO - logger.py:104 - info - 选中目标客户，点击编辑按钮
2026-05-08 09:07:25,823 - INFO - logger.py:104 - info - 用例verify_edit_button执行完成
2026-05-08 09:07:25,828 - INFO - logger.py:104 - info - 关闭页面
2026-05-08 09:07:25,844 - INFO - logger.py:104 - info - 关闭浏览器上下文
2026-05-08 09:07:25,901 - INFO - logger.py:104 - info - 关闭浏览器
2026-05-08 09:07:26,318 - INFO - logger.py:104 - info - 测试执行完成: TestVerifyEditButton
2026-05-08 09:07:26,819 - ERROR - logger.py:112 - error - 生成Allure报告失败: Allure命令行工具未找到，请确保已安装并添加到系统PATH中
2026-05-08 09:07:26,820 - INFO - logger.py:104 - info - 测试执行完成，耗时: 20.14秒
2026-05-08 09:07:26,821 - INFO - logger.py:104 - info - 执行结果: 成功
