2026-05-08 09:40:26,242 - INFO - logger.py:104 - info - 开始执行测试
2026-05-08 09:40:26,243 - INFO - logger.py:104 - info - 使用单线程运行测试，避免Playwright Sync API在asyncio循环中的错误
2026-05-08 09:40:26,243 - INFO - logger.py:104 - info - Pytest执行参数: ['D:\\install\\auto_ui-master\\src\\testcase\\LD\\printer_management\\test_verify_edit_function.py', '-p', 'no:xdist', '--tb=short', '--tb=short', '--timeout=180', '--alluredir', 'reports\\allure_report_20260508_094026']
2026-05-08 09:40:27,813 - INFO - logger.py:104 - info - 开始执行测试: TestVerifyEditFunction
2026-05-08 09:40:27,824 - INFO - logger.py:104 - info - 启动浏览器: Chromium, 无头模式: False
2026-05-08 09:40:30,911 - INFO - logger.py:104 - info - ============================================================
2026-05-08 09:40:30,913 - INFO - logger.py:104 - info - 开始执行用例：verify_edit_function
2026-05-08 09:40:30,915 - INFO - logger.py:104 - info - 用例ms的id：0
2026-05-08 09:40:30,918 - INFO - logger.py:104 - info - ============================================================
2026-05-08 09:40:30,920 - INFO - logger.py:104 - info - 调用公用登录方法完成登录
2026-05-08 09:40:30,922 - INFO - logger.py:104 - info - 开始登录 LD 项目...
2026-05-08 09:40:30,925 - INFO - logger.py:104 - info - 登录URL: https://test2.saas-test3.supcon.com:32188
2026-05-08 09:40:30,927 - INFO - logger.py:104 - info - 用户名: admin
2026-05-08 09:40:34,606 - INFO - logger.py:104 - info - 检查是否存在在线用户超限提示
2026-05-08 09:40:35,174 - INFO - logger.py:104 - info - 已自动点击在线用户提示的确定按钮
2026-05-08 09:40:41,194 - INFO - logger.py:104 - info - LD 项目登录成功！
2026-05-08 09:40:41,197 - INFO - logger.py:104 - info - 进入打印机管理菜单
2026-05-08 09:40:42,935 - INFO - logger.py:104 - info - 执行编辑打印机信息操作
2026-05-08 09:40:42,938 - INFO - logger.py:104 - info - 等待打印机列表加载
2026-05-08 09:40:43,950 - INFO - logger.py:104 - info - 点击第一个'编辑'按钮
2026-05-08 09:40:44,575 - INFO - logger.py:104 - info - 填写名称备注
2026-05-08 09:40:46,262 - INFO - logger.py:104 - info - 用例verify_edit_function执行完成
2026-05-08 09:40:46,272 - INFO - logger.py:104 - info - 关闭页面
2026-05-08 09:40:46,314 - INFO - logger.py:104 - info - 关闭浏览器上下文
2026-05-08 09:40:46,392 - INFO - logger.py:104 - info - 关闭浏览器
2026-05-08 09:40:46,850 - INFO - logger.py:104 - info - 测试执行完成: TestVerifyEditFunction
2026-05-08 09:40:47,454 - ERROR - logger.py:112 - error - 生成Allure报告失败: Allure命令行工具未找到，请确保已安装并添加到系统PATH中
2026-05-08 09:40:47,455 - INFO - logger.py:104 - info - 测试执行完成，耗时: 21.19秒
2026-05-08 09:40:47,456 - INFO - logger.py:104 - info - 执行结果: 成功
