2026-05-09 15:40:31,948 - INFO - logger.py:104 - info - 开始执行测试
2026-05-09 15:40:31,949 - INFO - logger.py:104 - info - 使用单线程运行测试，避免Playwright Sync API在asyncio循环中的错误
2026-05-09 15:40:31,949 - INFO - logger.py:104 - info - Pytest执行参数: ['D:\\install\\auto_ui-master\\src\\testcase\\LD\\code_rule_config\\test_verify_create_button.py', '-p', 'no:xdist', '--tb=short', '--tb=short', '--timeout=180', '--alluredir', 'reports\\allure_report_20260509_154031']
2026-05-09 15:40:33,936 - INFO - logger.py:104 - info - 开始执行测试: TestVerifyCreateButton
2026-05-09 15:40:33,945 - INFO - logger.py:104 - info - 启动浏览器: Chromium, 无头模式: False
2026-05-09 15:40:37,583 - INFO - logger.py:104 - info - ============================================================
2026-05-09 15:40:37,586 - INFO - logger.py:104 - info - 开始执行verify_create_button
2026-05-09 15:40:37,589 - INFO - logger.py:104 - info - 用例ms的id：0
2026-05-09 15:40:37,593 - INFO - logger.py:104 - info - ============================================================
2026-05-09 15:40:37,597 - INFO - logger.py:104 - info - 开始登录 LD 项目...
2026-05-09 15:40:37,600 - INFO - logger.py:104 - info - 登录URL: https://test2.saas-test3.supcon.com:32188
2026-05-09 15:40:37,602 - INFO - logger.py:104 - info - 用户名: admin
2026-05-09 15:40:41,526 - INFO - logger.py:104 - info - 检查是否存在在线用户超限提示
2026-05-09 15:40:42,102 - INFO - logger.py:104 - info - 已自动点击在线用户提示的确定按钮
2026-05-09 15:40:48,139 - INFO - logger.py:104 - info - LD 项目登录成功！
2026-05-09 15:40:48,142 - INFO - logger.py:104 - info - 系统登录完成
2026-05-09 15:40:48,144 - INFO - logger.py:104 - info - 进入编码规则配置页面
2026-05-09 15:40:49,408 - INFO - logger.py:104 - info - 打开新增编码规则弹窗，填写基础信息
2026-05-09 15:40:52,675 - INFO - logger.py:104 - info - 定位业务类型下拉框容器
2026-05-09 15:40:52,678 - INFO - logger.py:104 - info - 点击业务类型下拉框
2026-05-09 15:41:08,021 - INFO - logger.py:104 - info - 关闭页面
2026-05-09 15:41:08,031 - INFO - logger.py:104 - info - 关闭浏览器上下文
2026-05-09 15:41:08,046 - INFO - logger.py:104 - info - 关闭浏览器
2026-05-09 15:41:08,568 - INFO - logger.py:104 - info - 测试执行完成: TestVerifyCreateButton
2026-05-09 15:41:09,402 - ERROR - logger.py:112 - error - 生成Allure报告失败: Allure命令行工具未找到，请确保已安装并添加到系统PATH中
2026-05-09 15:41:09,403 - INFO - logger.py:104 - info - 测试执行完成，耗时: 37.43秒
2026-05-09 15:41:09,403 - INFO - logger.py:104 - info - 执行结果: 失败
