2026-04-22 09:52:22,723 - INFO - logger.py:104 - info - 开始执行测试
2026-04-22 09:52:22,723 - INFO - logger.py:104 - info - 使用单线程运行测试，避免Playwright Sync API在asyncio循环中的错误
2026-04-22 09:52:22,723 - INFO - logger.py:104 - info - Pytest执行参数: ['D:\\install\\auto_ui-master\\src\\testcase\\LD\\bom_management\\test_material_list_modify.py', '-p', 'no:xdist', '--tb=short', '--tb=short', '--timeout=180', '--alluredir', 'reports\\allure_report_20260422_095222']
2026-04-22 09:52:26,769 - INFO - logger.py:104 - info - 开始执行测试: TestMaterialListModify
2026-04-22 09:52:26,780 - INFO - logger.py:104 - info - 启动浏览器: Chromium, 无头模式: False
2026-04-22 09:52:29,261 - INFO - logger.py:104 - info - ============================================================
2026-04-22 09:52:29,265 - INFO - logger.py:104 - info - 开始执行用例：material_list_modify
2026-04-22 09:52:29,268 - INFO - logger.py:104 - info - 用例ms的id：0
2026-04-22 09:52:29,271 - INFO - logger.py:104 - info - ============================================================
2026-04-22 09:52:29,274 - INFO - logger.py:104 - info - 开始登录 LD 项目...
2026-04-22 09:52:29,277 - INFO - logger.py:104 - info - 登录URL: https://test2.saas-test3.supcon.com:32188
2026-04-22 09:52:29,281 - INFO - logger.py:104 - info - 用户名: admin
2026-04-22 09:52:41,924 - INFO - logger.py:104 - info - LD 项目登录成功！
2026-04-22 09:52:41,927 - INFO - logger.py:104 - info - 登录成功，开始导航到物料清单页面
2026-04-22 09:52:43,102 - INFO - logger.py:104 - info - 验证目标物料存在，打开物料详情
2026-04-22 09:52:44,767 - INFO - logger.py:104 - info - 开始验证物料详情弹窗各项信息
2026-04-22 09:52:45,015 - INFO - logger.py:104 - info - 所有断言验证通过，用例执行完成
2026-04-22 09:52:46,910 - INFO - logger.py:104 - info - 关闭页面
2026-04-22 09:52:46,996 - INFO - logger.py:104 - info - 关闭浏览器上下文
2026-04-22 09:52:47,262 - INFO - logger.py:104 - info - 关闭浏览器
2026-04-22 09:52:48,324 - INFO - logger.py:104 - info - 测试执行完成: TestMaterialListModify
2026-04-22 09:52:49,244 - ERROR - logger.py:112 - error - 生成Allure报告失败: Allure命令行工具未找到，请确保已安装并添加到系统PATH中
2026-04-22 09:52:49,245 - INFO - logger.py:104 - info - 测试执行完成，耗时: 26.50秒
2026-04-22 09:52:49,245 - INFO - logger.py:104 - info - 执行结果: 成功
