2026-04-23 16:37:50,615 - INFO - logger.py:104 - info - 开始执行测试
2026-04-23 16:37:50,616 - INFO - logger.py:104 - info - 使用单线程运行测试，避免Playwright Sync API在asyncio循环中的错误
2026-04-23 16:37:50,616 - INFO - logger.py:104 - info - Pytest执行参数: ['D:\\install\\auto_ui-master\\src\\testcase\\LD\\bom_management\\test_bom_check_product.py', '-p', 'no:xdist', '--tb=short', '--tb=short', '--timeout=180', '--alluredir', 'reports\\allure_report_20260423_163750']
2026-04-23 16:37:52,535 - INFO - logger.py:104 - info - 开始执行测试: TestBomCheckProduct
2026-04-23 16:37:52,543 - INFO - logger.py:104 - info - 启动浏览器: Chromium, 无头模式: False
2026-04-23 16:37:55,085 - INFO - logger.py:104 - info - ============================================================
2026-04-23 16:37:55,090 - INFO - logger.py:104 - info - 开始执行测试用例：bom_check_product
2026-04-23 16:37:55,093 - INFO - logger.py:104 - info - 用例ms的id：0
2026-04-23 16:37:55,096 - INFO - logger.py:104 - info - ============================================================
2026-04-23 16:37:55,099 - INFO - logger.py:104 - info - 开始登录 LD 项目...
2026-04-23 16:37:55,103 - INFO - logger.py:104 - info - 登录URL: https://test2.saas-test3.supcon.com:32188
2026-04-23 16:37:55,107 - INFO - logger.py:104 - info - 用户名: admin
2026-04-23 16:38:07,945 - INFO - logger.py:104 - info - LD 项目登录成功！
2026-04-23 16:38:07,948 - INFO - logger.py:104 - info - 系统登录成功，开始进入业务模块
2026-04-23 16:38:07,950 - INFO - logger.py:104 - info - 进入基础资料->物料清单模块
2026-04-23 16:38:09,038 - INFO - logger.py:104 - info - 输入父项产品编码执行查询
2026-04-23 16:38:12,174 - INFO - logger.py:104 - info - 输入子项产品名称执行二次查询
2026-04-23 16:38:16,092 - INFO - logger.py:104 - info - 测试用例bom_check_product执行完成
2026-04-23 16:38:16,098 - INFO - logger.py:104 - info - 关闭页面
2026-04-23 16:38:16,134 - INFO - logger.py:104 - info - 关闭浏览器上下文
2026-04-23 16:38:16,189 - INFO - logger.py:104 - info - 关闭浏览器
2026-04-23 16:38:16,570 - INFO - logger.py:104 - info - 测试执行完成: TestBomCheckProduct
2026-04-23 16:38:17,125 - ERROR - logger.py:112 - error - 生成Allure报告失败: Allure命令行工具未找到，请确保已安装并添加到系统PATH中
2026-04-23 16:38:17,127 - INFO - logger.py:104 - info - 测试执行完成，耗时: 26.48秒
2026-04-23 16:38:17,128 - INFO - logger.py:104 - info - 执行结果: 成功
