2026-04-28 10:17:20,074 - INFO - logger.py:104 - info - 开始执行测试
2026-04-28 10:17:20,074 - INFO - logger.py:104 - info - 使用单线程运行测试，避免Playwright Sync API在asyncio循环中的错误
2026-04-28 10:17:20,075 - INFO - logger.py:104 - info - Pytest执行参数: ['D:\\install\\auto_ui-master\\src\\testcase\\LD\\system_configuration\\test_check_settings_list.py', '-p', 'no:xdist', '--tb=short', '--tb=short', '--timeout=180', '--alluredir', 'reports\\allure_report_20260428_101720']
2026-04-28 10:17:23,898 - INFO - logger.py:104 - info - 开始执行测试: TestCheckSettingsList
2026-04-28 10:17:23,937 - INFO - logger.py:104 - info - 启动浏览器: Chromium, 无头模式: False
2026-04-28 10:17:26,478 - INFO - logger.py:104 - info - ============================================================
2026-04-28 10:17:26,487 - INFO - logger.py:104 - info - 开始执行用例：check_settings_list
2026-04-28 10:17:26,514 - INFO - logger.py:104 - info - 用例ms的id：0
2026-04-28 10:17:26,518 - INFO - logger.py:104 - info - ============================================================
2026-04-28 10:17:26,521 - INFO - logger.py:104 - info - 调用公用登录方法完成登录
2026-04-28 10:17:26,524 - INFO - logger.py:104 - info - 开始登录 LD 项目...
2026-04-28 10:17:26,527 - INFO - logger.py:104 - info - 登录URL: https://test2.saas-test3.supcon.com:32188
2026-04-28 10:17:26,531 - INFO - logger.py:104 - info - 用户名: admin
2026-04-28 10:17:30,480 - INFO - logger.py:104 - info - 检查是否存在在线用户超限提示
2026-04-28 10:17:31,052 - INFO - logger.py:104 - info - 已自动点击在线用户提示的确定按钮
2026-04-28 10:17:37,082 - INFO - logger.py:104 - info - LD 项目登录成功！
2026-04-28 10:17:37,084 - INFO - logger.py:104 - info - 进入标签打印配置页面
2026-04-28 10:17:38,820 - INFO - logger.py:104 - info - 点击页面刷新按钮
2026-04-28 10:17:39,586 - INFO - logger.py:104 - info - 滚动表格横向滚动条
2026-04-28 10:17:39,779 - INFO - logger.py:104 - info - 关闭页面
2026-04-28 10:17:39,796 - INFO - logger.py:104 - info - 关闭浏览器上下文
2026-04-28 10:17:39,851 - INFO - logger.py:104 - info - 关闭浏览器
2026-04-28 10:17:40,165 - INFO - logger.py:104 - info - 测试执行完成: TestCheckSettingsList
2026-04-28 10:17:41,286 - ERROR - logger.py:112 - error - 生成Allure报告失败: Allure命令行工具未找到，请确保已安装并添加到系统PATH中
2026-04-28 10:17:41,287 - INFO - logger.py:104 - info - 测试执行完成，耗时: 21.19秒
2026-04-28 10:17:41,288 - INFO - logger.py:104 - info - 执行结果: 失败
