2026-04-28 11:26:43,399 - INFO - logger.py:104 - info - 开始执行测试
2026-04-28 11:26:43,400 - INFO - logger.py:104 - info - 使用单线程运行测试，避免Playwright Sync API在asyncio循环中的错误
2026-04-28 11:26:43,400 - INFO - logger.py:104 - info - Pytest执行参数: ['D:\\install\\auto_ui-master\\src\\testcase\\LD\\system_configuration\\test_verify_edit_function.py', '-p', 'no:xdist', '--tb=short', '--tb=short', '--timeout=180', '--alluredir', 'reports\\allure_report_20260428_112643']
2026-04-28 11:26:45,126 - INFO - logger.py:104 - info - 开始执行测试: TestVerifyEditFunction
2026-04-28 11:26:45,155 - INFO - logger.py:104 - info - 启动浏览器: Chromium, 无头模式: False
2026-04-28 11:26:48,249 - INFO - logger.py:104 - info - ============================================================
2026-04-28 11:26:48,252 - INFO - logger.py:104 - info - 开始执行用例：verify_edit_function
2026-04-28 11:26:48,256 - INFO - logger.py:104 - info - 用例ms的id：0
2026-04-28 11:26:48,260 - INFO - logger.py:104 - info - ============================================================
2026-04-28 11:26:48,263 - INFO - logger.py:104 - info - 执行系统登录
2026-04-28 11:26:48,267 - INFO - logger.py:104 - info - 开始登录 LD 项目...
2026-04-28 11:26:48,270 - INFO - logger.py:104 - info - 登录URL: https://test2.saas-test3.supcon.com:32188
2026-04-28 11:26:48,273 - INFO - logger.py:104 - info - 用户名: admin
2026-04-28 11:26:52,450 - INFO - logger.py:104 - info - 检查是否存在在线用户超限提示
2026-04-28 11:26:53,038 - INFO - logger.py:104 - info - 已自动点击在线用户提示的确定按钮
2026-04-28 11:26:59,065 - INFO - logger.py:104 - info - LD 项目登录成功！
2026-04-28 11:26:59,068 - INFO - logger.py:104 - info - 导航进入标签打印配置页面
2026-04-28 11:27:00,880 - INFO - logger.py:104 - info - 打开目标条目编辑
2026-04-28 11:27:02,591 - INFO - logger.py:104 - info - 修改模板ID为6001并保存
2026-04-28 11:27:03,706 - INFO - logger.py:104 - info - verify_edit_function用例执行完成
2026-04-28 11:27:03,713 - INFO - logger.py:104 - info - 关闭页面
2026-04-28 11:27:03,736 - INFO - logger.py:104 - info - 关闭浏览器上下文
2026-04-28 11:27:03,823 - INFO - logger.py:104 - info - 关闭浏览器
2026-04-28 11:27:04,222 - INFO - logger.py:104 - info - 测试执行完成: TestVerifyEditFunction
2026-04-28 11:27:04,969 - ERROR - logger.py:112 - error - 生成Allure报告失败: Allure命令行工具未找到，请确保已安装并添加到系统PATH中
2026-04-28 11:27:04,970 - INFO - logger.py:104 - info - 测试执行完成，耗时: 21.54秒
2026-04-28 11:27:04,970 - INFO - logger.py:104 - info - 执行结果: 成功
