2026-04-22 10:20:23,512 - INFO - logger.py:104 - info - 开始执行测试
2026-04-22 10:20:23,512 - INFO - logger.py:104 - info - 使用单线程运行测试，避免Playwright Sync API在asyncio循环中的错误
2026-04-22 10:20:23,513 - INFO - logger.py:104 - info - Pytest执行参数: ['D:\\install\\auto_ui-master\\src\\testcase\\LD\\bom_management\\test_import_export_permission.py', '-p', 'no:xdist', '--tb=short', '--tb=short', '--timeout=180', '--alluredir', 'reports\\allure_report_20260422_102023']
2026-04-22 10:20:24,919 - INFO - logger.py:104 - info - 开始执行测试: TestImportExportPermission
2026-04-22 10:20:24,963 - INFO - logger.py:104 - info - 启动浏览器: Chromium, 无头模式: False
2026-04-22 10:20:26,456 - INFO - logger.py:104 - info - ============================================================
2026-04-22 10:20:26,469 - INFO - logger.py:104 - info - 开始执行用例：import_export_permission
2026-04-22 10:20:26,480 - INFO - logger.py:104 - info - 用例ms的id：0
2026-04-22 10:20:26,671 - INFO - logger.py:104 - info - ============================================================
2026-04-22 10:20:26,674 - INFO - logger.py:104 - info - 调用公用登录方法完成登录
2026-04-22 10:20:26,676 - INFO - logger.py:104 - info - 开始登录 LD 项目...
2026-04-22 10:20:26,679 - INFO - logger.py:104 - info - 登录URL: https://test2.saas-test3.supcon.com:32188
2026-04-22 10:20:26,682 - INFO - logger.py:104 - info - 用户名: admin
2026-04-22 10:20:39,386 - INFO - logger.py:104 - info - LD 项目登录成功！
2026-04-22 10:20:39,390 - INFO - logger.py:104 - info - 导航进入物料清单页面
2026-04-22 10:20:41,111 - INFO - logger.py:104 - info - 验证导入、导出按钮存在且可见
2026-04-22 10:20:41,663 - INFO - logger.py:104 - info - 用例import_export_permission执行完成
2026-04-22 10:20:41,668 - INFO - logger.py:104 - info - 关闭页面
2026-04-22 10:20:41,699 - INFO - logger.py:104 - info - 关闭浏览器上下文
2026-04-22 10:20:41,770 - INFO - logger.py:104 - info - 关闭浏览器
2026-04-22 10:20:42,126 - INFO - logger.py:104 - info - 测试执行完成: TestImportExportPermission
2026-04-22 10:20:43,078 - ERROR - logger.py:112 - error - 生成Allure报告失败: Allure命令行工具未找到，请确保已安装并添加到系统PATH中
2026-04-22 10:20:43,081 - INFO - logger.py:104 - info - 测试执行完成，耗时: 19.54秒
2026-04-22 10:20:43,081 - INFO - logger.py:104 - info - 执行结果: 成功
