2026-04-23 09:52:17,009 - INFO - logger.py:104 - info - 开始执行测试
2026-04-23 09:52:17,010 - INFO - logger.py:104 - info - 使用单线程运行测试，避免Playwright Sync API在asyncio循环中的错误
2026-04-23 09:52:17,010 - INFO - logger.py:104 - info - Pytest执行参数: ['D:\\install\\auto_ui-master\\src\\testcase\\LD\\bom_management\\test_verify_add_child_product.py', '-p', 'no:xdist', '--tb=short', '--tb=short', '--timeout=180', '--alluredir', 'reports\\allure_report_20260423_095217']
2026-04-23 09:52:18,750 - INFO - logger.py:104 - info - 开始执行测试: TestVerifyAddChildProduct
2026-04-23 09:52:18,793 - INFO - logger.py:104 - info - 启动浏览器: Chromium, 无头模式: False
2026-04-23 09:52:21,388 - INFO - logger.py:104 - info - ============================================================
2026-04-23 09:52:21,481 - INFO - logger.py:104 - info - 开始执行用例：verify_add_child_product
2026-04-23 09:52:21,499 - INFO - logger.py:104 - info - 用例ms的id：0
2026-04-23 09:52:21,503 - INFO - logger.py:104 - info - ============================================================
2026-04-23 09:52:21,516 - INFO - logger.py:104 - info - 登录目标系统
2026-04-23 09:52:21,551 - INFO - logger.py:104 - info - 开始登录 LD 项目...
2026-04-23 09:52:21,569 - INFO - logger.py:104 - info - 登录URL: https://test2.saas-test3.supcon.com:32188
2026-04-23 09:52:21,577 - INFO - logger.py:104 - info - 用户名: admin
2026-04-23 09:52:35,414 - INFO - logger.py:104 - info - LD 项目登录成功！
2026-04-23 09:52:35,417 - INFO - logger.py:104 - info - 进入物料清单页面
2026-04-23 09:52:39,665 - INFO - logger.py:104 - info - 打开目标BOM的编辑页面
2026-04-23 09:52:41,293 - INFO - logger.py:104 - info - 点击添加子项产品按钮
2026-04-23 09:52:43,955 - INFO - logger.py:104 - info - 选择列表中的第一个产品
2026-04-23 09:52:54,202 - INFO - logger.py:104 - info - 关闭页面
2026-04-23 09:52:54,220 - INFO - logger.py:104 - info - 关闭浏览器上下文
2026-04-23 09:52:54,289 - INFO - logger.py:104 - info - 关闭浏览器
2026-04-23 09:52:54,808 - INFO - logger.py:104 - info - 测试执行完成: TestVerifyAddChildProduct
2026-04-23 09:52:56,233 - ERROR - logger.py:112 - error - 生成Allure报告失败: Allure命令行工具未找到，请确保已安装并添加到系统PATH中
2026-04-23 09:52:56,234 - INFO - logger.py:104 - info - 测试执行完成，耗时: 39.20秒
2026-04-23 09:52:56,234 - INFO - logger.py:104 - info - 执行结果: 失败
