2026-04-23 10:44:19,492 - INFO - logger.py:104 - info - 开始执行测试
2026-04-23 10:44:19,492 - INFO - logger.py:104 - info - 使用单线程运行测试，避免Playwright Sync API在asyncio循环中的错误
2026-04-23 10:44:19,493 - INFO - logger.py:104 - info - Pytest执行参数: ['D:\\install\\auto_ui-master\\src\\testcase\\LD\\bom_management\\test_verify_add_child_product.py', '-p', 'no:xdist', '--tb=short', '--tb=short', '--timeout=180', '--alluredir', 'reports\\allure_report_20260423_104419']
2026-04-23 10:44:22,707 - INFO - logger.py:104 - info - 开始执行测试: TestVerifyAddChildProduct
2026-04-23 10:44:22,716 - INFO - logger.py:104 - info - 启动浏览器: Chromium, 无头模式: False
2026-04-23 10:44:25,233 - INFO - logger.py:104 - info - ============================================================
2026-04-23 10:44:25,239 - INFO - logger.py:104 - info - 开始执行用例：verify_add_child_product
2026-04-23 10:44:25,243 - INFO - logger.py:104 - info - 用例ms的id：0
2026-04-23 10:44:25,256 - INFO - logger.py:104 - info - ============================================================
2026-04-23 10:44:25,260 - INFO - logger.py:104 - info - 登录目标系统
2026-04-23 10:44:25,269 - INFO - logger.py:104 - info - 开始登录 LD 项目...
2026-04-23 10:44:25,274 - INFO - logger.py:104 - info - 登录URL: https://test2.saas-test3.supcon.com:32188
2026-04-23 10:44:25,284 - INFO - logger.py:104 - info - 用户名: admin
2026-04-23 10:44:34,534 - INFO - logger.py:104 - info - LD 项目登录成功！
2026-04-23 10:44:34,539 - INFO - logger.py:104 - info - 进入物料清单页面
2026-04-23 10:44:40,097 - INFO - logger.py:104 - info - 打开目标BOM的编辑页面
2026-04-23 10:44:40,110 - INFO - logger.py:104 - info - 页面上编辑按钮数量: 10
2026-04-23 10:44:41,740 - INFO - logger.py:104 - info - 点击添加子项产品按钮
2026-04-23 10:44:42,304 - INFO - logger.py:104 - info - 等待产品选择弹窗加载
2026-04-23 10:44:45,333 - INFO - logger.py:104 - info - 选择列表中的第一个产品
2026-04-23 10:45:16,288 - INFO - logger.py:104 - info - 关闭页面
2026-04-23 10:45:16,314 - INFO - logger.py:104 - info - 关闭浏览器上下文
2026-04-23 10:45:16,357 - INFO - logger.py:104 - info - 关闭浏览器
2026-04-23 10:45:16,755 - INFO - logger.py:104 - info - 测试执行完成: TestVerifyAddChildProduct
2026-04-23 10:45:17,501 - ERROR - logger.py:112 - error - 生成Allure报告失败: Allure命令行工具未找到，请确保已安装并添加到系统PATH中
2026-04-23 10:45:17,502 - INFO - logger.py:104 - info - 测试执行完成，耗时: 57.99秒
2026-04-23 10:45:17,502 - INFO - logger.py:104 - info - 执行结果: 失败
