2026-04-27 10:21:57,938 - INFO - logger.py:104 - info - 开始执行测试
2026-04-27 10:21:57,939 - INFO - logger.py:104 - info - 使用单线程运行测试，避免Playwright Sync API在asyncio循环中的错误
2026-04-27 10:21:57,939 - INFO - logger.py:104 - info - Pytest执行参数: ['D:\\install\\auto_ui-master\\src\\testcase\\LD\\code_rule_config\\test_verify_create_button.py', '-p', 'no:xdist', '--tb=short', '--tb=short', '--timeout=180', '--alluredir', 'reports\\allure_report_20260427_102157']
2026-04-27 10:22:03,703 - INFO - logger.py:104 - info - 开始执行测试: TestVerifyCreateCodeRule
2026-04-27 10:22:03,711 - INFO - logger.py:104 - info - 启动浏览器: Chromium, 无头模式: False
2026-04-27 10:22:11,184 - INFO - logger.py:104 - info - ============================================================
2026-04-27 10:22:11,189 - INFO - logger.py:104 - info - 开始执行用例：verify_create_button
2026-04-27 10:22:11,192 - INFO - logger.py:104 - info - 用例ms的id：0
2026-04-27 10:22:11,195 - INFO - logger.py:104 - info - ============================================================
2026-04-27 10:22:11,200 - INFO - logger.py:104 - info - 登录系统
2026-04-27 10:22:11,205 - INFO - logger.py:104 - info - 开始登录 LD 项目...
2026-04-27 10:22:11,212 - INFO - logger.py:104 - info - 登录URL: https://test2.saas-test3.supcon.com:32188
2026-04-27 10:22:11,216 - INFO - logger.py:104 - info - 用户名: admin
2026-04-27 10:22:15,129 - INFO - logger.py:104 - info - 检查是否存在在线用户超限提示
2026-04-27 10:22:15,713 - INFO - logger.py:104 - info - 已自动点击在线用户提示的确定按钮
2026-04-27 10:22:21,734 - INFO - logger.py:104 - info - LD 项目登录成功！
2026-04-27 10:22:21,738 - INFO - logger.py:104 - info - 进入编码规则配置页面
2026-04-27 10:22:22,921 - INFO - logger.py:104 - info - 点击创建按钮打开新增弹窗
2026-04-27 10:22:24,115 - INFO - logger.py:104 - info - 填写规则编码
2026-04-27 10:22:25,732 - INFO - logger.py:104 - info - 填写规则名称
2026-04-27 10:22:26,265 - INFO - logger.py:104 - info - 选择业务类型：采购入库批号
2026-04-27 10:22:57,992 - INFO - logger.py:104 - info - 关闭页面
2026-04-27 10:22:58,009 - INFO - logger.py:104 - info - 关闭浏览器上下文
2026-04-27 10:22:58,091 - INFO - logger.py:104 - info - 关闭浏览器
2026-04-27 10:22:58,401 - INFO - logger.py:104 - info - 测试执行完成: TestVerifyCreateCodeRule
2026-04-27 10:22:59,109 - ERROR - logger.py:112 - error - 生成Allure报告失败: Allure命令行工具未找到，请确保已安装并添加到系统PATH中
2026-04-27 10:22:59,111 - INFO - logger.py:104 - info - 测试执行完成，耗时: 61.14秒
2026-04-27 10:22:59,112 - INFO - logger.py:104 - info - 执行结果: 失败
