2026-05-07 16:34:20,258 - INFO - logger.py:104 - info - 开始执行测试
2026-05-07 16:34:20,258 - INFO - logger.py:104 - info - 使用单线程运行测试，避免Playwright Sync API在asyncio循环中的错误
2026-05-07 16:34:20,259 - INFO - logger.py:104 - info - Pytest执行参数: ['D:\\install\\auto_ui-master\\src\\testcase\\LD\\code_rule_config\\test_verify_production_return_batch.py', '-p', 'no:xdist', '--tb=short', '--tb=short', '--timeout=180', '--alluredir', 'reports\\allure_report_20260507_163420']
2026-05-07 16:34:22,113 - INFO - logger.py:104 - info - 开始执行测试: TestVerifyProductionReturnBatch
2026-05-07 16:34:22,147 - INFO - logger.py:104 - info - 启动浏览器: Chromium, 无头模式: False
2026-05-07 16:34:25,062 - INFO - logger.py:104 - info - ============================================================
2026-05-07 16:34:25,065 - INFO - logger.py:104 - info - 开始执行用例：verify_production_return_batch
2026-05-07 16:34:25,068 - INFO - logger.py:104 - info - 用例ms的id：0
2026-05-07 16:34:25,070 - INFO - logger.py:104 - info - ============================================================
2026-05-07 16:34:25,073 - INFO - logger.py:104 - info - 开始登录 LD 项目...
2026-05-07 16:34:25,075 - INFO - logger.py:104 - info - 登录URL: https://test2.saas-test3.supcon.com:32188
2026-05-07 16:34:25,077 - INFO - logger.py:104 - info - 用户名: admin
2026-05-07 16:34:28,694 - INFO - logger.py:104 - info - 检查是否存在在线用户超限提示
2026-05-07 16:34:29,251 - INFO - logger.py:104 - info - 已自动点击在线用户提示的确定按钮
2026-05-07 16:34:35,273 - INFO - logger.py:104 - info - LD 项目登录成功！
2026-05-07 16:34:35,276 - INFO - logger.py:104 - info - 进入编码规则配置菜单
2026-05-07 16:34:36,490 - INFO - logger.py:104 - info - 等待规则列表加载
2026-05-07 16:34:37,509 - INFO - logger.py:104 - info - 点击第一个'查看'按钮
2026-05-07 16:34:38,173 - INFO - logger.py:104 - info - 完成查看，点击返回
2026-05-07 16:34:38,738 - INFO - logger.py:104 - info - verify_production_return_batch用例执行完成
2026-05-07 16:34:38,742 - INFO - logger.py:104 - info - 关闭页面
2026-05-07 16:34:38,760 - INFO - logger.py:104 - info - 关闭浏览器上下文
2026-05-07 16:34:38,812 - INFO - logger.py:104 - info - 关闭浏览器
2026-05-07 16:34:39,197 - INFO - logger.py:104 - info - 测试执行完成: TestVerifyProductionReturnBatch
2026-05-07 16:34:40,107 - ERROR - logger.py:112 - error - 生成Allure报告失败: Allure命令行工具未找到，请确保已安装并添加到系统PATH中
2026-05-07 16:34:40,109 - INFO - logger.py:104 - info - 测试执行完成，耗时: 19.81秒
2026-05-07 16:34:40,109 - INFO - logger.py:104 - info - 执行结果: 成功
