2026-05-11 09:02:32,740 - INFO - logger.py:104 - info - 开始执行测试
2026-05-11 09:02:32,741 - INFO - logger.py:104 - info - 使用单线程运行测试，避免Playwright Sync API在asyncio循环中的错误
2026-05-11 09:02:32,741 - INFO - logger.py:104 - info - Pytest执行参数: ['D:\\install\\auto_ui-master\\src\\testcase\\LD\\interface_solution_configuration', '-p', 'no:xdist', '--tb=short', '--tb=short', '--timeout=180', '--alluredir', 'reports\\allure_report_20260511_090232']
2026-05-11 09:02:34,521 - INFO - logger.py:104 - info - 开始执行测试: TestVerifyBusinessTree
2026-05-11 09:02:34,531 - INFO - logger.py:104 - info - 启动浏览器: Chromium, 无头模式: False
2026-05-11 09:02:38,184 - INFO - logger.py:104 - info - ============================================================
2026-05-11 09:02:38,217 - INFO - logger.py:104 - info - 开始执行用例：verify_business_tree
2026-05-11 09:02:38,234 - INFO - logger.py:104 - info - 用例ms ID：100879
2026-05-11 09:02:38,248 - INFO - logger.py:104 - info - ============================================================
2026-05-11 09:02:38,252 - INFO - logger.py:104 - info - 开始登录 LD 项目...
2026-05-11 09:02:38,258 - INFO - logger.py:104 - info - 登录URL: https://test2.saas-test3.supcon.com:32188
2026-05-11 09:02:38,262 - INFO - logger.py:104 - info - 用户名: admin
2026-05-11 09:02:42,137 - INFO - logger.py:104 - info - 检查是否存在在线用户超限提示
2026-05-11 09:02:42,709 - INFO - logger.py:104 - info - 已自动点击在线用户提示的确定按钮
2026-05-11 09:02:48,737 - INFO - logger.py:104 - info - LD 项目登录成功！
2026-05-11 09:02:48,740 - INFO - logger.py:104 - info - 登录成功，导航到目标功能页面
2026-05-11 09:02:50,554 - INFO - logger.py:104 - info - 逐层展开业务树折叠节点
2026-05-11 09:02:52,888 - INFO - logger.py:104 - info - 用例verify_business_tree(ms ID: 100879)执行完成
2026-05-11 09:02:52,892 - INFO - logger.py:104 - info - 关闭页面
2026-05-11 09:02:52,922 - INFO - logger.py:104 - info - 关闭浏览器上下文
2026-05-11 09:02:52,968 - INFO - logger.py:104 - info - 关闭浏览器
2026-05-11 09:02:53,536 - INFO - logger.py:104 - info - 测试执行完成: TestVerifyBusinessTree
2026-05-11 09:02:53,568 - INFO - logger.py:104 - info - 开始执行测试: TestVerifyInterfaceIntegrationSave
2026-05-11 09:02:53,571 - INFO - logger.py:104 - info - 启动浏览器: Chromium, 无头模式: False
2026-05-11 09:02:57,073 - INFO - logger.py:104 - info - ============================================================
2026-05-11 09:02:57,088 - INFO - logger.py:104 - info - 开始执行verify_interface_integration_save
2026-05-11 09:02:57,093 - INFO - logger.py:104 - info - 用例ms的id：100881
2026-05-11 09:02:57,097 - INFO - logger.py:104 - info - ============================================================
2026-05-11 09:02:57,105 - INFO - logger.py:104 - info - 完成系统登录
2026-05-11 09:02:57,119 - INFO - logger.py:104 - info - 开始登录 LD 项目...
2026-05-11 09:02:57,191 - INFO - logger.py:104 - info - 登录URL: https://test2.saas-test3.supcon.com:32188
2026-05-11 09:02:57,203 - INFO - logger.py:104 - info - 用户名: admin
2026-05-11 09:03:01,160 - INFO - logger.py:104 - info - 检查是否存在在线用户超限提示
2026-05-11 09:03:01,731 - INFO - logger.py:104 - info - 已自动点击在线用户提示的确定按钮
2026-05-11 09:03:07,756 - INFO - logger.py:104 - info - LD 项目登录成功！
2026-05-11 09:03:07,759 - INFO - logger.py:104 - info - 导航进入接口方案配置页面
2026-05-11 09:03:09,381 - INFO - logger.py:104 - info - 执行编辑后保存操作
2026-05-11 09:03:10,775 - INFO - logger.py:104 - info - verify_interface_integration_save用例执行完成
2026-05-11 09:03:10,779 - INFO - logger.py:104 - info - 关闭页面
2026-05-11 09:03:10,794 - INFO - logger.py:104 - info - 关闭浏览器上下文
2026-05-11 09:03:10,852 - INFO - logger.py:104 - info - 关闭浏览器
2026-05-11 09:03:11,185 - INFO - logger.py:104 - info - 测试执行完成: TestVerifyInterfaceIntegrationSave
2026-05-11 09:03:12,111 - ERROR - logger.py:112 - error - 生成Allure报告失败: Allure命令行工具未找到，请确保已安装并添加到系统PATH中
2026-05-11 09:03:12,113 - INFO - logger.py:104 - info - 测试执行完成，耗时: 39.34秒
2026-05-11 09:03:12,113 - INFO - logger.py:104 - info - 执行结果: 成功
