2026-04-24 15:26:55,270 - INFO - logger.py:104 - info - 开始执行测试
2026-04-24 15:26:55,271 - INFO - logger.py:104 - info - 使用单线程运行测试，避免Playwright Sync API在asyncio循环中的错误
2026-04-24 15:26:55,272 - INFO - logger.py:104 - info - Pytest执行参数: ['D:\\install\\auto_ui-master\\src\\testcase\\LD\\customer_file\\test_import_create_product.py', '-p', 'no:xdist', '--tb=short', '--tb=short', '--timeout=180', '--alluredir', 'reports\\allure_report_20260424_152655']
2026-04-24 15:26:59,517 - INFO - logger.py:104 - info - 开始执行测试: TestImportProductCodeExists
2026-04-24 15:26:59,525 - INFO - logger.py:104 - info - 启动浏览器: Chromium, 无头模式: False
2026-04-24 15:27:02,180 - INFO - logger.py:104 - info - ============================================================
2026-04-24 15:27:02,183 - INFO - logger.py:104 - info - 开始执行测试用例：import_create_product
2026-04-24 15:27:02,189 - INFO - logger.py:104 - info - 用例ms的id：0
2026-04-24 15:27:02,193 - INFO - logger.py:104 - info - ============================================================
2026-04-24 15:27:02,196 - INFO - logger.py:104 - info - 测试文件: D:\install\auto_ui-master\src\data\LD\customer_file\KS202604230022-ldj20260423产品映射表.xlsx
2026-04-24 15:27:02,200 - INFO - logger.py:104 - info - 完成系统登录
2026-04-24 15:27:02,206 - INFO - logger.py:104 - info - 开始登录 LD 项目...
2026-04-24 15:27:02,210 - INFO - logger.py:104 - info - 登录URL: https://test2.saas-test3.supcon.com:32188
2026-04-24 15:27:02,213 - INFO - logger.py:104 - info - 用户名: admin
2026-04-24 15:27:06,122 - INFO - logger.py:104 - info - 检查是否存在在线用户超限提示
2026-04-24 15:27:06,698 - INFO - logger.py:104 - info - 已自动点击在线用户提示的确定按钮
2026-04-24 15:27:12,711 - INFO - logger.py:104 - info - LD 项目登录成功！
2026-04-24 15:27:12,714 - INFO - logger.py:104 - info - 导航进入客户档案页面
2026-04-24 15:27:13,892 - INFO - logger.py:104 - info - 选择目标客户，点击导入按钮
2026-04-24 15:27:15,977 - INFO - logger.py:104 - info - 上传导入文件
2026-04-24 15:27:16,504 - INFO - logger.py:104 - info - 确认导入，校验导入结果
2026-04-24 15:27:17,087 - INFO - logger.py:104 - info - 等待导入完成
2026-04-24 15:27:20,115 - INFO - logger.py:104 - info - 关闭弹窗，验证导入数据展示
2026-04-24 15:27:20,650 - INFO - logger.py:104 - info - 测试用例import_create_product执行完成
2026-04-24 15:27:20,656 - INFO - logger.py:104 - info - 关闭页面
2026-04-24 15:27:20,673 - INFO - logger.py:104 - info - 关闭浏览器上下文
2026-04-24 15:27:20,731 - INFO - logger.py:104 - info - 关闭浏览器
2026-04-24 15:27:21,068 - INFO - logger.py:104 - info - 测试执行完成: TestImportProductCodeExists
2026-04-24 15:27:21,969 - ERROR - logger.py:112 - error - 生成Allure报告失败: Allure命令行工具未找到，请确保已安装并添加到系统PATH中
2026-04-24 15:27:21,973 - INFO - logger.py:104 - info - 测试执行完成，耗时: 26.67秒
2026-04-24 15:27:21,973 - INFO - logger.py:104 - info - 执行结果: 成功
