2026-05-09 14:28:43,765 - INFO - logger.py:104 - info - 开始执行测试
2026-05-09 14:28:43,766 - INFO - logger.py:104 - info - 使用单线程运行测试，避免Playwright Sync API在asyncio循环中的错误
2026-05-09 14:28:43,766 - INFO - logger.py:104 - info - Pytest执行参数: ['D:\\install\\auto_ui-master\\src\\testcase\\LD\\bom_management\\test_export_list.py', '-p', 'no:xdist', '--tb=short', '--tb=short', '--timeout=180', '--alluredir', 'reports\\allure_report_20260509_142843']
2026-05-09 14:28:45,410 - INFO - logger.py:104 - info - 开始执行测试: TestExportList
2026-05-09 14:28:45,418 - INFO - logger.py:104 - info - 启动浏览器: Chromium, 无头模式: False
2026-05-09 14:28:49,006 - INFO - logger.py:104 - info - ============================================================
2026-05-09 14:28:49,010 - INFO - logger.py:104 - info - 开始执行用例：export_list
2026-05-09 14:28:49,013 - INFO - logger.py:104 - info - 用例ms的id：101309
2026-05-09 14:28:49,016 - INFO - logger.py:104 - info - ============================================================
2026-05-09 14:28:49,020 - INFO - logger.py:104 - info - 开始登录 LD 项目...
2026-05-09 14:28:49,023 - INFO - logger.py:104 - info - 登录URL: https://test2.saas-test3.supcon.com:32188
2026-05-09 14:28:49,026 - INFO - logger.py:104 - info - 用户名: admin
2026-05-09 14:28:52,927 - INFO - logger.py:104 - info - 检查是否存在在线用户超限提示
2026-05-09 14:28:53,482 - INFO - logger.py:104 - info - 已自动点击在线用户提示的确定按钮
2026-05-09 14:28:59,513 - INFO - logger.py:104 - info - LD 项目登录成功！
2026-05-09 14:28:59,517 - INFO - logger.py:104 - info - 进入物料清单页面
2026-05-09 14:29:01,255 - INFO - logger.py:104 - info - 点击导出按钮打开导出配置弹窗
2026-05-09 14:29:01,953 - INFO - logger.py:104 - info - 点击确认导出，触发文件下载
2026-05-09 14:29:04,988 - INFO - logger.py:104 - info - 用例执行完成，物料清单导出成功
2026-05-09 14:29:04,997 - INFO - logger.py:104 - info - 关闭页面
2026-05-09 14:29:05,029 - INFO - logger.py:104 - info - 关闭浏览器上下文
2026-05-09 14:29:05,284 - INFO - logger.py:104 - info - 关闭浏览器
2026-05-09 14:29:05,912 - INFO - logger.py:104 - info - 测试执行完成: TestExportList
2026-05-09 14:29:07,102 - ERROR - logger.py:112 - error - 生成Allure报告失败: Allure命令行工具未找到，请确保已安装并添加到系统PATH中
2026-05-09 14:29:07,104 - INFO - logger.py:104 - info - 测试执行完成，耗时: 23.30秒
2026-05-09 14:29:07,105 - INFO - logger.py:104 - info - 执行结果: 成功
