2026-05-08 16:08:18,091 - INFO - logger.py:104 - info - 开始执行测试
2026-05-08 16:08:18,094 - INFO - logger.py:104 - info - 使用单线程运行测试，避免Playwright Sync API在asyncio循环中的错误
2026-05-08 16:08:18,095 - INFO - logger.py:104 - info - Pytest执行参数: ['D:\\install\\auto_ui-master\\src\\testcase\\LD\\customer_file\\test_import_product_code_noexists.py', '-p', 'no:xdist', '--tb=short', '--tb=short', '--timeout=180', '--alluredir', 'reports\\allure_report_20260508_160818']
2026-05-08 16:08:22,449 - INFO - logger.py:104 - info - 开始执行测试: TestImportProductCodeExists
2026-05-08 16:08:22,466 - INFO - logger.py:104 - info - 启动浏览器: Chromium, 无头模式: False
2026-05-08 16:08:26,428 - INFO - logger.py:104 - info - ============================================================
2026-05-08 16:08:26,432 - INFO - logger.py:104 - info - 开始执行测试用例：import_product_code_noexists
2026-05-08 16:08:26,439 - INFO - logger.py:104 - info - 用例ms的id：101246
2026-05-08 16:08:26,442 - INFO - logger.py:104 - info - ============================================================
2026-05-08 16:08:26,445 - INFO - logger.py:104 - info - 测试文件: D:\install\auto_ui-master\src\data\LD\customer_file\更新.xlsx
2026-05-08 16:08:26,447 - INFO - logger.py:104 - info - 完成系统登录
2026-05-08 16:08:26,475 - INFO - logger.py:104 - info - 开始登录 LD 项目...
2026-05-08 16:08:26,481 - INFO - logger.py:104 - info - 登录URL: https://test2.saas-test3.supcon.com:32188
2026-05-08 16:08:26,485 - INFO - logger.py:104 - info - 用户名: admin
2026-05-08 16:08:30,163 - INFO - logger.py:104 - info - 检查是否存在在线用户超限提示
2026-05-08 16:08:30,736 - INFO - logger.py:104 - info - 已自动点击在线用户提示的确定按钮
2026-05-08 16:08:36,762 - INFO - logger.py:104 - info - LD 项目登录成功！
2026-05-08 16:08:36,766 - INFO - logger.py:104 - info - 导航进入客户档案页面
2026-05-08 16:08:38,010 - INFO - logger.py:104 - info - 点击导入按钮
2026-05-08 16:08:39,173 - INFO - logger.py:104 - info - 上传导入文件
2026-05-08 16:08:39,705 - INFO - logger.py:104 - info - 确认导入，校验导入结果
2026-05-08 16:08:40,276 - INFO - logger.py:104 - info - 等待导入完成
2026-05-08 16:08:43,300 - INFO - logger.py:104 - info - 关闭弹窗，验证导入数据展示
2026-05-08 16:08:43,832 - INFO - logger.py:104 - info - 测试用例import_product_code_noexists执行完成
2026-05-08 16:08:43,836 - INFO - logger.py:104 - info - 关闭页面
2026-05-08 16:08:43,891 - INFO - logger.py:104 - info - 关闭浏览器上下文
2026-05-08 16:08:43,941 - INFO - logger.py:104 - info - 关闭浏览器
2026-05-08 16:08:44,358 - INFO - logger.py:104 - info - 测试执行完成: TestImportProductCodeExists
2026-05-08 16:08:45,450 - ERROR - logger.py:112 - error - 生成Allure报告失败: Allure命令行工具未找到，请确保已安装并添加到系统PATH中
2026-05-08 16:08:45,452 - INFO - logger.py:104 - info - 测试执行完成，耗时: 27.31秒
2026-05-08 16:08:45,453 - INFO - logger.py:104 - info - 执行结果: 成功
