2026-05-07 14:50:37,567 - INFO - logger.py:104 - info - 开始执行测试
2026-05-07 14:50:37,568 - INFO - logger.py:104 - info - 使用单线程运行测试，避免Playwright Sync API在asyncio循环中的错误
2026-05-07 14:50:37,568 - INFO - logger.py:104 - info - Pytest执行参数: ['D:\\install\\auto_ui-master\\src\\testcase\\LD\\bom_management\\test_verify_create_bom_page_initialization.py', '-p', 'no:xdist', '--tb=short', '--tb=short', '--timeout=180', '--alluredir', 'reports\\allure_report_20260507_145037']
2026-05-07 14:50:39,177 - INFO - logger.py:104 - info - 开始执行测试: TestVerifyCreateBomPageInitialization
2026-05-07 14:50:39,199 - INFO - logger.py:104 - info - 启动浏览器: Chromium, 无头模式: False
2026-05-07 14:50:42,410 - INFO - logger.py:104 - info - ============================================================
2026-05-07 14:50:42,413 - INFO - logger.py:104 - info - 开始执行用例：verify_create_bom_page_initialization
2026-05-07 14:50:42,416 - INFO - logger.py:104 - info - 用例ms的ID：0
2026-05-07 14:50:42,424 - INFO - logger.py:104 - info - ============================================================
2026-05-07 14:50:42,428 - INFO - logger.py:104 - info - 开始登录 LD 项目...
2026-05-07 14:50:42,439 - INFO - logger.py:104 - info - 登录URL: https://test2.saas-test3.supcon.com:32188
2026-05-07 14:50:42,453 - INFO - logger.py:104 - info - 用户名: admin
2026-05-07 14:50:47,048 - INFO - logger.py:104 - info - 检查是否存在在线用户超限提示
2026-05-07 14:50:47,637 - INFO - logger.py:104 - info - 已自动点击在线用户提示的确定按钮
2026-05-07 14:50:53,663 - INFO - logger.py:104 - info - LD 项目登录成功！
2026-05-07 14:50:53,666 - INFO - logger.py:104 - info - 系统登录成功
2026-05-07 14:50:53,668 - INFO - logger.py:104 - info - 点击【基础资料】菜单
2026-05-07 14:50:54,223 - INFO - logger.py:104 - info - 点击【物料清单】菜单
2026-05-07 14:50:54,849 - INFO - logger.py:104 - info - 校验物料清单页面新增按钮可见性
2026-05-07 14:50:55,250 - INFO - logger.py:104 - info - 点击新增按钮，打开创建物料清单弹窗
2026-05-07 14:50:56,041 - INFO - logger.py:104 - info - 开始校验创建物料清单弹窗初始化元素
2026-05-07 14:50:56,208 - INFO - logger.py:104 - info - 验证弹窗按钮可正常点击
2026-05-07 14:50:57,352 - INFO - logger.py:104 - info - 用例verify_create_bom_page_initialization执行完成
2026-05-07 14:50:57,357 - INFO - logger.py:104 - info - 关闭页面
2026-05-07 14:50:57,377 - INFO - logger.py:104 - info - 关闭浏览器上下文
2026-05-07 14:50:57,428 - INFO - logger.py:104 - info - 关闭浏览器
2026-05-07 14:50:58,871 - INFO - logger.py:104 - info - 测试执行完成: TestVerifyCreateBomPageInitialization
2026-05-07 14:50:59,562 - ERROR - logger.py:112 - error - 生成Allure报告失败: Allure命令行工具未找到，请确保已安装并添加到系统PATH中
2026-05-07 14:50:59,565 - INFO - logger.py:104 - info - 测试执行完成，耗时: 21.96秒
2026-05-07 14:50:59,565 - INFO - logger.py:104 - info - 执行结果: 成功
