2026-05-11 09:03:32,755 - INFO - logger.py:104 - info - 开始执行测试
2026-05-11 09:03:32,755 - INFO - logger.py:104 - info - 使用单线程运行测试，避免Playwright Sync API在asyncio循环中的错误
2026-05-11 09:03:32,755 - INFO - logger.py:104 - info - Pytest执行参数: ['D:\\install\\auto_ui-master\\src\\testcase\\LD\\mobile_card_configuration', '-p', 'no:xdist', '--tb=short', '--tb=short', '--timeout=180', '--alluredir', 'reports\\allure_report_20260511_090332']
2026-05-11 09:03:36,346 - INFO - logger.py:104 - info - 开始执行测试: TestVerifyCreateMobileCardSettings
2026-05-11 09:03:36,354 - INFO - logger.py:104 - info - 启动浏览器: Chromium, 无头模式: False
2026-05-11 09:03:39,445 - INFO - logger.py:104 - info - ============================================================
2026-05-11 09:03:39,449 - INFO - logger.py:104 - info - 开始执行用例：verify_create_settings
2026-05-11 09:03:39,451 - INFO - logger.py:104 - info - 用例ms的id：100791
2026-05-11 09:03:39,457 - INFO - logger.py:104 - info - ============================================================
2026-05-11 09:03:39,461 - INFO - logger.py:104 - info - 执行系统登录
2026-05-11 09:03:39,464 - INFO - logger.py:104 - info - 开始登录 LD 项目...
2026-05-11 09:03:39,477 - INFO - logger.py:104 - info - 登录URL: https://test2.saas-test3.supcon.com:32188
2026-05-11 09:03:39,484 - INFO - logger.py:104 - info - 用户名: admin
2026-05-11 09:03:43,725 - INFO - logger.py:104 - info - 检查是否存在在线用户超限提示
2026-05-11 09:03:44,346 - INFO - logger.py:104 - info - 已自动点击在线用户提示的确定按钮
2026-05-11 09:03:50,439 - INFO - logger.py:104 - info - LD 项目登录成功！
2026-05-11 09:03:50,442 - INFO - logger.py:104 - info - 导航到移动端卡片配置页面
2026-05-11 09:03:52,321 - INFO - logger.py:104 - info - 点击新增模板按钮
2026-05-11 09:03:53,233 - INFO - logger.py:104 - info - 配置模板展示字段
2026-05-11 09:03:55,798 - INFO - logger.py:104 - info - 用例verify_create_settings执行完成
2026-05-11 09:03:55,803 - INFO - logger.py:104 - info - 关闭页面
2026-05-11 09:03:55,824 - INFO - logger.py:104 - info - 关闭浏览器上下文
2026-05-11 09:03:55,877 - INFO - logger.py:104 - info - 关闭浏览器
2026-05-11 09:03:56,169 - INFO - logger.py:104 - info - 测试执行完成: TestVerifyCreateMobileCardSettings
2026-05-11 09:03:57,036 - ERROR - logger.py:112 - error - 生成Allure报告失败: Allure命令行工具未找到，请确保已安装并添加到系统PATH中
2026-05-11 09:03:57,038 - INFO - logger.py:104 - info - 测试执行完成，耗时: 24.24秒
2026-05-11 09:03:57,038 - INFO - logger.py:104 - info - 执行结果: 成功
