2026-04-27 09:51:59,749 - INFO - logger.py:104 - info - 开始执行测试
2026-04-27 09:51:59,750 - INFO - logger.py:104 - info - 使用单线程运行测试，避免Playwright Sync API在asyncio循环中的错误
2026-04-27 09:51:59,750 - INFO - logger.py:104 - info - Pytest执行参数: ['D:\\install\\auto_ui-master\\src\\testcase\\LD\\code_rule_config\\test_verify_multirule_enable.py', '-p', 'no:xdist', '--tb=short', '--tb=short', '--timeout=180', '--alluredir', 'reports\\allure_report_20260427_095159']
2026-04-27 09:52:01,585 - INFO - logger.py:104 - info - 开始执行测试: TestVerifyMultiruleEnable
2026-04-27 09:52:01,596 - INFO - logger.py:104 - info - 启动浏览器: Chromium, 无头模式: False
2026-04-27 09:52:04,195 - INFO - logger.py:104 - info - ============================================================
2026-04-27 09:52:04,199 - INFO - logger.py:104 - info - 开始执行用例：verify_multirule_enable
2026-04-27 09:52:04,204 - INFO - logger.py:104 - info - 用例ms的id：0
2026-04-27 09:52:04,210 - INFO - logger.py:104 - info - ============================================================
2026-04-27 09:52:04,240 - INFO - logger.py:104 - info - 开始登录 LD 项目...
2026-04-27 09:52:04,246 - INFO - logger.py:104 - info - 登录URL: https://test2.saas-test3.supcon.com:32188
2026-04-27 09:52:04,249 - INFO - logger.py:104 - info - 用户名: admin
2026-04-27 09:52:08,293 - INFO - logger.py:104 - info - 检查是否存在在线用户超限提示
2026-04-27 09:52:08,862 - INFO - logger.py:104 - info - 已自动点击在线用户提示的确定按钮
2026-04-27 09:52:14,885 - INFO - logger.py:104 - info - LD 项目登录成功！
2026-04-27 09:52:14,888 - INFO - logger.py:104 - info - 进入编码规则配置菜单
2026-04-27 09:52:16,095 - INFO - logger.py:104 - info - 执行编码规则停用测试操作
2026-04-27 09:52:19,018 - INFO - logger.py:104 - info - 用例执行完成
2026-04-27 09:52:19,024 - INFO - logger.py:104 - info - 关闭页面
2026-04-27 09:52:19,043 - INFO - logger.py:104 - info - 关闭浏览器上下文
2026-04-27 09:52:19,114 - INFO - logger.py:104 - info - 关闭浏览器
2026-04-27 09:52:19,754 - INFO - logger.py:104 - info - 测试执行完成: TestVerifyMultiruleEnable
2026-04-27 09:52:20,589 - ERROR - logger.py:112 - error - 生成Allure报告失败: Allure命令行工具未找到，请确保已安装并添加到系统PATH中
2026-04-27 09:52:20,590 - INFO - logger.py:104 - info - 测试执行完成，耗时: 20.81秒
2026-04-27 09:52:20,591 - INFO - logger.py:104 - info - 执行结果: 成功
