2026-04-23 11:26:36,090 - INFO - logger.py:104 - info - 开始执行测试
2026-04-23 11:26:36,090 - INFO - logger.py:104 - info - 使用单线程运行测试，避免Playwright Sync API在asyncio循环中的错误
2026-04-23 11:26:36,091 - INFO - logger.py:104 - info - Pytest执行参数: ['D:\\install\\auto_ui-master\\src\\testcase\\LD\\bom_management\\test_verify_add_child_product.py', '-p', 'no:xdist', '--tb=short', '--tb=short', '--timeout=180', '--alluredir', 'reports\\allure_report_20260423_112636']
2026-04-23 11:26:37,721 - INFO - logger.py:104 - info - 开始执行测试: TestVerifyAddChildProduct
2026-04-23 11:26:37,735 - INFO - logger.py:104 - info - 启动浏览器: Chromium, 无头模式: False
2026-04-23 11:26:39,839 - INFO - logger.py:104 - info - ============================================================
2026-04-23 11:26:39,844 - INFO - logger.py:104 - info - 开始执行用例：verify_add_child_product
2026-04-23 11:26:39,847 - INFO - logger.py:104 - info - 用例ms的id：0
2026-04-23 11:26:39,857 - INFO - logger.py:104 - info - ============================================================
2026-04-23 11:26:39,867 - INFO - logger.py:104 - info - 登录目标系统
2026-04-23 11:26:39,872 - INFO - logger.py:104 - info - 开始登录 LD 项目...
2026-04-23 11:26:39,893 - INFO - logger.py:104 - info - 登录URL: https://test2.saas-test3.supcon.com:32188
2026-04-23 11:26:39,904 - INFO - logger.py:104 - info - 用户名: admin
2026-04-23 11:26:52,745 - INFO - logger.py:104 - info - LD 项目登录成功！
2026-04-23 11:26:52,748 - INFO - logger.py:104 - info - 进入物料清单页面
2026-04-23 11:26:58,866 - INFO - logger.py:104 - info - 等待iframe加载
2026-04-23 11:26:58,890 - INFO - logger.py:104 - info - 打开目标BOM的编辑页面
2026-04-23 11:27:00,474 - INFO - logger.py:104 - info - 点击添加子项产品按钮
2026-04-23 11:27:01,031 - INFO - logger.py:104 - info - 等待产品选择弹窗加载
2026-04-23 11:27:04,044 - INFO - logger.py:104 - info - 选择列表中的第一个产品
2026-04-23 11:27:04,046 - INFO - logger.py:104 - info - 等待产品选择弹窗可见
2026-04-23 11:27:14,245 - INFO - logger.py:104 - info - 关闭页面
2026-04-23 11:27:14,285 - INFO - logger.py:104 - info - 关闭浏览器上下文
2026-04-23 11:27:14,316 - INFO - logger.py:104 - info - 关闭浏览器
2026-04-23 11:27:14,731 - INFO - logger.py:104 - info - 测试执行完成: TestVerifyAddChildProduct
2026-04-23 11:27:15,702 - ERROR - logger.py:112 - error - 生成Allure报告失败: Allure命令行工具未找到，请确保已安装并添加到系统PATH中
2026-04-23 11:27:15,704 - INFO - logger.py:104 - info - 测试执行完成，耗时: 39.59秒
2026-04-23 11:27:15,704 - INFO - logger.py:104 - info - 执行结果: 失败
