2026-05-09 16:08:02,098 - INFO - logger.py:104 - info - 开始执行测试
2026-05-09 16:08:02,099 - INFO - logger.py:104 - info - 使用单线程运行测试，避免Playwright Sync API在asyncio循环中的错误
2026-05-09 16:08:02,100 - INFO - logger.py:104 - info - Pytest执行参数: ['D:\\install\\auto_ui-master\\src\\testcase\\LD\\printer_management\\test_verify_required_field.py', '-p', 'no:xdist', '--tb=short', '--tb=short', '--timeout=180', '--alluredir', 'reports\\allure_report_20260509_160802']
2026-05-09 16:08:06,330 - INFO - logger.py:104 - info - 开始执行测试: TestPrinterManageRequiredField
2026-05-09 16:08:06,341 - INFO - logger.py:104 - info - 启动浏览器: Chromium, 无头模式: False
2026-05-09 16:08:10,251 - INFO - logger.py:104 - info - ============================================================
2026-05-09 16:08:10,256 - INFO - logger.py:104 - info - 开始执行用例：verify_required_field
2026-05-09 16:08:10,261 - INFO - logger.py:104 - info - 用例ms的id：101128
2026-05-09 16:08:10,267 - INFO - logger.py:104 - info - ============================================================
2026-05-09 16:08:10,274 - INFO - logger.py:104 - info - 开始登录 LD 项目...
2026-05-09 16:08:10,280 - INFO - logger.py:104 - info - 登录URL: https://test2.saas-test3.supcon.com:32188
2026-05-09 16:08:10,287 - INFO - logger.py:104 - info - 用户名: admin
2026-05-09 16:08:13,963 - INFO - logger.py:104 - info - 检查是否存在在线用户超限提示
2026-05-09 16:08:14,562 - INFO - logger.py:104 - info - 已自动点击在线用户提示的确定按钮
2026-05-09 16:08:20,591 - INFO - logger.py:104 - info - LD 项目登录成功！
2026-05-09 16:08:20,593 - INFO - logger.py:104 - info - 进入打印机管理页面
2026-05-09 16:08:22,443 - INFO - logger.py:104 - info - 点击新增按钮打开新增弹窗
2026-05-09 16:08:23,503 - INFO - logger.py:104 - info - 未填写信息直接点击保存，触发必填项校验
2026-05-09 16:08:24,094 - INFO - logger.py:104 - info - 点击取消关闭新增弹窗
2026-05-09 16:08:24,674 - INFO - logger.py:104 - info - 用例verify_required_field执行完成
2026-05-09 16:08:24,680 - INFO - logger.py:104 - info - 关闭页面
2026-05-09 16:08:24,712 - INFO - logger.py:104 - info - 关闭浏览器上下文
2026-05-09 16:08:24,748 - INFO - logger.py:104 - info - 关闭浏览器
2026-05-09 16:08:25,103 - INFO - logger.py:104 - info - 测试执行完成: TestPrinterManageRequiredField
2026-05-09 16:08:26,228 - ERROR - logger.py:112 - error - 生成Allure报告失败: Allure命令行工具未找到，请确保已安装并添加到系统PATH中
2026-05-09 16:08:26,229 - INFO - logger.py:104 - info - 测试执行完成，耗时: 24.09秒
2026-05-09 16:08:26,232 - INFO - logger.py:104 - info - 执行结果: 成功
