2026-04-27 09:28:10,400 - INFO - logger.py:104 - info - 开始执行测试
2026-04-27 09:28:10,400 - INFO - logger.py:104 - info - 使用单线程运行测试，避免Playwright Sync API在asyncio循环中的错误
2026-04-27 09:28:10,401 - INFO - logger.py:104 - info - Pytest执行参数: ['D:\\install\\auto_ui-master\\src\\testcase\\LD\\code_rule_config\\test_verify_whether_field.py', '-p', 'no:xdist', '--tb=short', '--tb=short', '--timeout=180', '--alluredir', 'reports\\allure_report_20260427_092810']
2026-04-27 09:28:12,939 - INFO - logger.py:104 - info - 开始执行测试: TestVerifyWhetherField
2026-04-27 09:28:12,948 - INFO - logger.py:104 - info - 启动浏览器: Chromium, 无头模式: False
2026-04-27 09:28:15,500 - INFO - logger.py:104 - info - ============================================================
2026-04-27 09:28:15,503 - INFO - logger.py:104 - info - 开始执行用例：verify_whether_field
2026-04-27 09:28:15,507 - INFO - logger.py:104 - info - 用例ms的id：0
2026-04-27 09:28:15,512 - INFO - logger.py:104 - info - ============================================================
2026-04-27 09:28:15,518 - INFO - logger.py:104 - info - 调用公用登录方法完成登录
2026-04-27 09:28:15,522 - INFO - logger.py:104 - info - 开始登录 LD 项目...
2026-04-27 09:28:15,527 - INFO - logger.py:104 - info - 登录URL: https://test2.saas-test3.supcon.com:32188
2026-04-27 09:28:15,532 - INFO - logger.py:104 - info - 用户名: admin
2026-04-27 09:28:19,286 - INFO - logger.py:104 - info - 检查是否存在在线用户超限提示
2026-04-27 09:28:19,872 - INFO - logger.py:104 - info - 已自动点击在线用户提示的确定按钮
2026-04-27 09:28:25,891 - INFO - logger.py:104 - info - LD 项目登录成功！
2026-04-27 09:28:25,894 - INFO - logger.py:104 - info - 进入编码规则配置页面
2026-04-27 09:28:27,035 - INFO - logger.py:104 - info - 点击创建按钮，开始新增编码规则
2026-04-27 09:28:28,229 - INFO - logger.py:104 - info - 填写规则名称，选择业务类型
2026-04-27 09:28:30,456 - INFO - logger.py:104 - info - 增行添加流水号规则段，删除多余重复行
2026-04-27 09:29:03,122 - INFO - logger.py:104 - info - 关闭页面
2026-04-27 09:29:03,137 - INFO - logger.py:104 - info - 关闭浏览器上下文
2026-04-27 09:29:03,179 - INFO - logger.py:104 - info - 关闭浏览器
2026-04-27 09:29:03,487 - INFO - logger.py:104 - info - 测试执行完成: TestVerifyWhetherField
2026-04-27 09:29:04,075 - ERROR - logger.py:112 - error - 生成Allure报告失败: Allure命令行工具未找到，请确保已安装并添加到系统PATH中
2026-04-27 09:29:04,076 - INFO - logger.py:104 - info - 测试执行完成，耗时: 53.65秒
2026-04-27 09:29:04,076 - INFO - logger.py:104 - info - 执行结果: 失败
