2026-05-08 10:20:57,818 - INFO - logger.py:104 - info - 开始执行测试
2026-05-08 10:20:57,819 - INFO - logger.py:104 - info - 使用单线程运行测试，避免Playwright Sync API在asyncio循环中的错误
2026-05-08 10:20:57,819 - INFO - logger.py:104 - info - Pytest执行参数: ['D:\\install\\auto_ui-master\\src\\testcase\\LD\\product_file\\test_product_picture.py', '-p', 'no:xdist', '--tb=short', '--tb=short', '--timeout=180', '--alluredir', 'reports\\allure_report_20260508_102057']
2026-05-08 10:20:59,615 - INFO - logger.py:104 - info - 开始执行测试: TestProductPicture
2026-05-08 10:20:59,623 - INFO - logger.py:104 - info - 启动浏览器: Chromium, 无头模式: False
2026-05-08 10:21:02,778 - INFO - logger.py:104 - info - ============================================================
2026-05-08 10:21:02,782 - INFO - logger.py:104 - info - 开始执行用例：product_picture
2026-05-08 10:21:02,787 - INFO - logger.py:104 - info - 用例ms的id：0
2026-05-08 10:21:02,792 - INFO - logger.py:104 - info - ============================================================
2026-05-08 10:21:02,796 - INFO - logger.py:104 - info - 登录系统
2026-05-08 10:21:02,805 - INFO - logger.py:104 - info - 开始登录 LD 项目...
2026-05-08 10:21:02,808 - INFO - logger.py:104 - info - 登录URL: https://test2.saas-test3.supcon.com:32188
2026-05-08 10:21:02,811 - INFO - logger.py:104 - info - 用户名: admin
2026-05-08 10:21:06,856 - INFO - logger.py:104 - info - 检查是否存在在线用户超限提示
2026-05-08 10:21:07,427 - INFO - logger.py:104 - info - 已自动点击在线用户提示的确定按钮
2026-05-08 10:21:13,460 - INFO - logger.py:104 - info - LD 项目登录成功！
2026-05-08 10:21:13,463 - INFO - logger.py:104 - info - 进入产品档案页面
2026-05-08 10:21:14,662 - INFO - logger.py:104 - info - 点击新增产品按钮
2026-05-08 10:21:15,861 - INFO - logger.py:104 - info - 进入产品图片上传环节
2026-05-08 10:21:16,427 - INFO - logger.py:104 - info - 上传测试图片文件: D:\install\auto_ui-master\src\pages\LD\product_file\1.png
2026-05-08 10:21:16,957 - INFO - logger.py:104 - info - 等待图片上传处理完成
2026-05-08 10:21:19,964 - INFO - logger.py:104 - info - 点击预览图片
2026-05-08 10:21:20,640 - INFO - logger.py:104 - info - 等待弹窗出现
2026-05-08 10:21:23,648 - INFO - logger.py:104 - info - 关闭弹窗
2026-05-08 10:21:30,712 - INFO - logger.py:104 - info - 删除上传的图片
2026-05-08 10:21:31,273 - INFO - logger.py:104 - info - 用例product_picture执行完成
2026-05-08 10:21:31,278 - INFO - logger.py:104 - info - 关闭页面
2026-05-08 10:21:31,310 - INFO - logger.py:104 - info - 关闭浏览器上下文
2026-05-08 10:21:31,347 - INFO - logger.py:104 - info - 关闭浏览器
2026-05-08 10:21:31,698 - INFO - logger.py:104 - info - 测试执行完成: TestProductPicture
2026-05-08 10:21:32,790 - ERROR - logger.py:112 - error - 生成Allure报告失败: Allure命令行工具未找到，请确保已安装并添加到系统PATH中
2026-05-08 10:21:32,792 - INFO - logger.py:104 - info - 测试执行完成，耗时: 34.94秒
2026-05-08 10:21:32,792 - INFO - logger.py:104 - info - 执行结果: 成功
