2026-04-24 09:26:41,332 - INFO - logger.py:104 - info - 开始执行测试
2026-04-24 09:26:41,333 - INFO - logger.py:104 - info - 使用单线程运行测试，避免Playwright Sync API在asyncio循环中的错误
2026-04-24 09:26:41,333 - INFO - logger.py:104 - info - Pytest执行参数: ['D:\\install\\auto_ui-master\\src\\testcase\\LD\\customer_file\\test_verify_import.py', '-p', 'no:xdist', '--tb=short', '--tb=short', '--timeout=180', '--alluredir', 'reports\\allure_report_20260424_092641']
2026-04-24 09:26:44,278 - INFO - logger.py:104 - info - 开始执行测试: TestVerifyImport
2026-04-24 09:26:44,287 - INFO - logger.py:104 - info - 启动浏览器: Chromium, 无头模式: False
2026-04-24 09:26:46,650 - INFO - logger.py:104 - info - ============================================================
2026-04-24 09:26:46,655 - INFO - logger.py:104 - info - 开始执行用例：verify_import
2026-04-24 09:26:46,660 - INFO - logger.py:104 - info - 用例ms的id：0
2026-04-24 09:26:46,663 - INFO - logger.py:104 - info - ============================================================
2026-04-24 09:26:46,667 - INFO - logger.py:104 - info - 测试文件: D:\install\auto_ui-master\src\data\LD\customer_file\客户资料_2026_04_24.xls
2026-04-24 09:26:46,672 - INFO - logger.py:104 - info - 调用公用登录方法完成登录
2026-04-24 09:26:46,675 - INFO - logger.py:104 - info - 开始登录 LD 项目...
2026-04-24 09:26:46,679 - INFO - logger.py:104 - info - 登录URL: https://test2.saas-test3.supcon.com:32188
2026-04-24 09:26:46,683 - INFO - logger.py:104 - info - 用户名: admin
2026-04-24 09:26:50,907 - INFO - logger.py:104 - info - 检查是否存在在线用户超限提示
2026-04-24 09:26:51,549 - INFO - logger.py:104 - info - 已自动点击在线用户提示的确定按钮
2026-04-24 09:26:57,586 - INFO - logger.py:104 - info - LD 项目登录成功！
2026-04-24 09:26:57,589 - INFO - logger.py:104 - info - 导航进入基础资料->客户档案页面
2026-04-24 09:27:28,546 - INFO - logger.py:104 - info - 关闭页面
2026-04-24 09:27:28,566 - INFO - logger.py:104 - info - 关闭浏览器上下文
2026-04-24 09:27:28,610 - INFO - logger.py:104 - info - 关闭浏览器
2026-04-24 09:27:29,093 - INFO - logger.py:104 - info - 测试执行完成: TestVerifyImport
2026-04-24 09:27:30,097 - ERROR - logger.py:112 - error - 生成Allure报告失败: Allure命令行工具未找到，请确保已安装并添加到系统PATH中
2026-04-24 09:27:30,098 - INFO - logger.py:104 - info - 测试执行完成，耗时: 48.74秒
2026-04-24 09:27:30,098 - INFO - logger.py:104 - info - 执行结果: 失败
