2026-04-27 14:19:23,144 - INFO - logger.py:104 - info - 开始执行测试
2026-04-27 14:19:23,145 - INFO - logger.py:104 - info - 使用单线程运行测试，避免Playwright Sync API在asyncio循环中的错误
2026-04-27 14:19:23,145 - INFO - logger.py:104 - info - Pytest执行参数: ['D:\\install\\auto_ui-master\\src\\testcase\\LD\\code_rule_config\\test_verify_production_return_batch.py', '-p', 'no:xdist', '--tb=short', '--tb=short', '--timeout=180', '--alluredir', 'reports\\allure_report_20260427_141923']
2026-04-27 14:19:27,613 - INFO - logger.py:104 - info - 开始执行测试: TestVerifyProductionReturnBatch
2026-04-27 14:19:27,622 - INFO - logger.py:104 - info - 启动浏览器: Chromium, 无头模式: False
2026-04-27 14:19:29,988 - INFO - logger.py:104 - info - ============================================================
2026-04-27 14:19:29,993 - INFO - logger.py:104 - info - 开始执行用例：verify_production_return_batch
2026-04-27 14:19:29,995 - INFO - logger.py:104 - info - 用例ms的id：0
2026-04-27 14:19:29,998 - INFO - logger.py:104 - info - ============================================================
2026-04-27 14:19:30,002 - INFO - logger.py:104 - info - 开始登录 LD 项目...
2026-04-27 14:19:30,007 - INFO - logger.py:104 - info - 登录URL: https://test2.saas-test3.supcon.com:32188
2026-04-27 14:19:30,011 - INFO - logger.py:104 - info - 用户名: admin
2026-04-27 14:19:33,911 - INFO - logger.py:104 - info - 检查是否存在在线用户超限提示
2026-04-27 14:19:34,480 - INFO - logger.py:104 - info - 已自动点击在线用户提示的确定按钮
2026-04-27 14:19:40,507 - INFO - logger.py:104 - info - LD 项目登录成功！
2026-04-27 14:19:40,510 - INFO - logger.py:104 - info - 点击确定按钮
2026-04-27 14:20:11,471 - INFO - logger.py:104 - info - 关闭页面
2026-04-27 14:20:11,489 - INFO - logger.py:104 - info - 关闭浏览器上下文
2026-04-27 14:20:11,650 - INFO - logger.py:104 - info - 关闭浏览器
2026-04-27 14:20:12,247 - INFO - logger.py:104 - info - 测试执行完成: TestVerifyProductionReturnBatch
2026-04-27 14:20:12,949 - ERROR - logger.py:112 - error - 生成Allure报告失败: Allure命令行工具未找到，请确保已安装并添加到系统PATH中
2026-04-27 14:20:12,950 - INFO - logger.py:104 - info - 测试执行完成，耗时: 49.78秒
2026-04-27 14:20:12,950 - INFO - logger.py:104 - info - 执行结果: 失败
