2026-04-24 15:05:12,996 - INFO - logger.py:104 - info - 开始执行测试
2026-04-24 15:05:12,996 - INFO - logger.py:104 - info - 使用单线程运行测试，避免Playwright Sync API在asyncio循环中的错误
2026-04-24 15:05:12,997 - INFO - logger.py:104 - info - Pytest执行参数: ['D:\\install\\auto_ui-master\\src\\testcase\\LD\\customer_file\\test_import_product_code_noexists.py', '-p', 'no:xdist', '--tb=short', '--tb=short', '--timeout=180', '--alluredir', 'reports\\allure_report_20260424_150512']
2026-04-24 15:05:19,373 - INFO - logger.py:104 - info - 开始执行测试: TestImportProductCodeExists
2026-04-24 15:05:19,381 - INFO - logger.py:104 - info - 启动浏览器: Chromium, 无头模式: False
2026-04-24 15:05:27,384 - INFO - logger.py:104 - info - ============================================================
2026-04-24 15:05:27,388 - INFO - logger.py:104 - info - 开始执行测试用例：import_product_code_noexists
2026-04-24 15:05:27,391 - INFO - logger.py:104 - info - 用例ms的id：0
2026-04-24 15:05:27,394 - INFO - logger.py:104 - info - ============================================================
2026-04-24 15:05:27,397 - INFO - logger.py:104 - info - 测试文件: D:\install\auto_ui-master\src\data\LD\customer_file\更新.xlsx
2026-04-24 15:05:27,401 - INFO - logger.py:104 - info - 完成系统登录
2026-04-24 15:05:27,408 - INFO - logger.py:104 - info - 开始登录 LD 项目...
2026-04-24 15:05:27,417 - INFO - logger.py:104 - info - 登录URL: https://test2.saas-test3.supcon.com:32188
2026-04-24 15:05:27,429 - INFO - logger.py:104 - info - 用户名: admin
2026-04-24 15:05:31,318 - INFO - logger.py:104 - info - 检查是否存在在线用户超限提示
2026-04-24 15:05:31,986 - INFO - logger.py:104 - info - 已自动点击在线用户提示的确定按钮
2026-04-24 15:05:38,015 - INFO - logger.py:104 - info - LD 项目登录成功！
2026-04-24 15:05:38,018 - INFO - logger.py:104 - info - 导航进入客户档案页面
2026-04-24 15:05:39,177 - INFO - logger.py:104 - info - 选择目标客户，点击导入按钮
2026-04-24 15:05:41,067 - INFO - logger.py:104 - info - 上传导入文件
2026-04-24 15:05:41,596 - INFO - logger.py:104 - info - 确认导入，校验导入结果
2026-04-24 15:05:42,182 - INFO - logger.py:104 - info - 等待导入完成
2026-04-24 15:05:45,200 - INFO - logger.py:104 - info - 关闭弹窗，验证导入数据展示
2026-04-24 15:05:45,748 - INFO - logger.py:104 - info - 测试用例import_product_code_exists执行完成
2026-04-24 15:05:47,826 - INFO - logger.py:104 - info - 关闭页面
2026-04-24 15:05:47,849 - INFO - logger.py:104 - info - 关闭浏览器上下文
2026-04-24 15:05:47,897 - INFO - logger.py:104 - info - 关闭浏览器
2026-04-24 15:05:48,363 - INFO - logger.py:104 - info - 测试执行完成: TestImportProductCodeExists
2026-04-24 15:05:49,553 - ERROR - logger.py:112 - error - 生成Allure报告失败: Allure命令行工具未找到，请确保已安装并添加到系统PATH中
2026-04-24 15:05:49,560 - INFO - logger.py:104 - info - 测试执行完成，耗时: 36.52秒
2026-04-24 15:05:49,561 - INFO - logger.py:104 - info - 执行结果: 成功
