2026-04-22 17:16:50,195 - INFO - logger.py:104 - info - 开始执行测试
2026-04-22 17:16:50,195 - INFO - logger.py:104 - info - 使用单线程运行测试，避免Playwright Sync API在asyncio循环中的错误
2026-04-22 17:16:50,196 - INFO - logger.py:104 - info - Pytest执行参数: ['D:\\install\\auto_ui-master\\src\\testcase\\LD\\bom_management\\test_verify_edit_bom_delete_child_item.py', '-p', 'no:xdist', '--tb=short', '--tb=short', '--timeout=180', '--alluredir', 'reports\\allure_report_20260422_171650']
2026-04-22 17:16:53,360 - INFO - logger.py:104 - info - 开始执行测试: TestEditBOM
2026-04-22 17:16:53,370 - INFO - logger.py:104 - info - 启动浏览器: Chromium, 无头模式: False
2026-04-22 17:16:55,687 - INFO - logger.py:104 - info - ============================================================
2026-04-22 17:16:55,691 - INFO - logger.py:104 - info - 开始执行用例：verify_edit_bom_delete_child_item
2026-04-22 17:16:55,694 - INFO - logger.py:104 - info - 用例ms的id：0
2026-04-22 17:16:55,697 - INFO - logger.py:104 - info - ============================================================
2026-04-22 17:16:55,701 - INFO - logger.py:104 - info - 执行登录操作
2026-04-22 17:16:55,709 - INFO - logger.py:104 - info - 开始登录 LD 项目...
2026-04-22 17:16:55,714 - INFO - logger.py:104 - info - 登录URL: https://test2.saas-test3.supcon.com:32188
2026-04-22 17:16:55,720 - INFO - logger.py:104 - info - 用户名: admin
2026-04-22 17:17:09,010 - INFO - logger.py:104 - info - LD 项目登录成功！
2026-04-22 17:17:09,013 - INFO - logger.py:104 - info - 进入基础资料->物料清单模块
2026-04-22 17:17:15,364 - INFO - logger.py:104 - info - 关闭页面
2026-04-22 17:17:15,397 - INFO - logger.py:104 - info - 关闭浏览器上下文
2026-04-22 17:17:15,490 - INFO - logger.py:104 - info - 关闭浏览器
2026-04-22 17:17:16,661 - INFO - logger.py:104 - info - 测试执行完成: TestEditBOM
2026-04-22 17:17:17,286 - ERROR - logger.py:112 - error - 生成Allure报告失败: Allure命令行工具未找到，请确保已安装并添加到系统PATH中
2026-04-22 17:17:17,287 - INFO - logger.py:104 - info - 测试执行完成，耗时: 27.07秒
2026-04-22 17:17:17,287 - INFO - logger.py:104 - info - 执行结果: 失败
