2026-05-08 09:45:59,310 - INFO - logger.py:104 - info - 开始执行测试
2026-05-08 09:45:59,311 - INFO - logger.py:104 - info - 使用单线程运行测试，避免Playwright Sync API在asyncio循环中的错误
2026-05-08 09:45:59,311 - INFO - logger.py:104 - info - Pytest执行参数: ['D:\\install\\auto_ui-master\\src\\testcase\\LD\\printer_management\\test_verify_list_show.py', '-p', 'no:xdist', '--tb=short', '--tb=short', '--timeout=180', '--alluredir', 'reports\\allure_report_20260508_094559']
2026-05-08 09:46:00,861 - INFO - logger.py:104 - info - 开始执行测试: TestPrinterListShow
2026-05-08 09:46:00,872 - INFO - logger.py:104 - info - 启动浏览器: Chromium, 无头模式: False
2026-05-08 09:46:03,591 - INFO - logger.py:104 - info - ============================================================
2026-05-08 09:46:03,595 - INFO - logger.py:104 - info - 开始执行用例verify_list_show
2026-05-08 09:46:03,599 - INFO - logger.py:104 - info - 用例ms的id：0
2026-05-08 09:46:03,604 - INFO - logger.py:104 - info - ============================================================
2026-05-08 09:46:03,610 - INFO - logger.py:104 - info - 开始登录 LD 项目...
2026-05-08 09:46:03,613 - INFO - logger.py:104 - info - 登录URL: https://test2.saas-test3.supcon.com:32188
2026-05-08 09:46:03,616 - INFO - logger.py:104 - info - 用户名: admin
2026-05-08 09:46:07,250 - INFO - logger.py:104 - info - 检查是否存在在线用户超限提示
2026-05-08 09:46:07,884 - INFO - logger.py:104 - info - 已自动点击在线用户提示的确定按钮
2026-05-08 09:46:13,980 - INFO - logger.py:104 - info - LD 项目登录成功！
2026-05-08 09:46:13,983 - INFO - logger.py:104 - info - 进入打印机管理菜单
2026-05-08 09:46:15,761 - INFO - logger.py:104 - info - 点击iframe内查询图标
2026-05-08 09:46:16,602 - INFO - logger.py:104 - info - 验证页面元素可见性
2026-05-08 09:46:16,866 - INFO - logger.py:104 - info - 用例verify_list_show执行完成
2026-05-08 09:46:17,048 - INFO - logger.py:104 - info - 关闭页面
2026-05-08 09:46:17,068 - INFO - logger.py:104 - info - 关闭浏览器上下文
2026-05-08 09:46:17,128 - INFO - logger.py:104 - info - 关闭浏览器
2026-05-08 09:46:17,497 - INFO - logger.py:104 - info - 测试执行完成: TestPrinterListShow
2026-05-08 09:46:18,376 - ERROR - logger.py:112 - error - 生成Allure报告失败: Allure命令行工具未找到，请确保已安装并添加到系统PATH中
2026-05-08 09:46:18,377 - INFO - logger.py:104 - info - 测试执行完成，耗时: 19.04秒
2026-05-08 09:46:18,377 - INFO - logger.py:104 - info - 执行结果: 成功
