2026-05-09 14:33:22,848 - INFO - logger.py:104 - info - 开始执行测试
2026-05-09 14:33:22,849 - INFO - logger.py:104 - info - 使用单线程运行测试，避免Playwright Sync API在asyncio循环中的错误
2026-05-09 14:33:22,849 - INFO - logger.py:104 - info - Pytest执行参数: ['D:\\install\\auto_ui-master\\src\\testcase\\LD\\bom_management\\test_verify_create_bom_page_initialization.py', '-p', 'no:xdist', '--tb=short', '--tb=short', '--timeout=180', '--alluredir', 'reports\\allure_report_20260509_143322']
2026-05-09 14:33:24,561 - INFO - logger.py:104 - info - 开始执行测试: TestVerifyCreateBomPageInitialization
2026-05-09 14:33:24,575 - INFO - logger.py:104 - info - 启动浏览器: Chromium, 无头模式: False
2026-05-09 14:33:28,825 - INFO - logger.py:104 - info - ============================================================
2026-05-09 14:33:28,828 - INFO - logger.py:104 - info - 开始执行用例：verify_create_bom_page_initialization
2026-05-09 14:33:28,831 - INFO - logger.py:104 - info - 用例ms的ID：101228
2026-05-09 14:33:28,835 - INFO - logger.py:104 - info - ============================================================
2026-05-09 14:33:28,844 - INFO - logger.py:104 - info - 开始登录 LD 项目...
2026-05-09 14:33:28,847 - INFO - logger.py:104 - info - 登录URL: https://test2.saas-test3.supcon.com:32188
2026-05-09 14:33:28,850 - INFO - logger.py:104 - info - 用户名: admin
2026-05-09 14:33:32,691 - INFO - logger.py:104 - info - 检查是否存在在线用户超限提示
2026-05-09 14:33:33,274 - INFO - logger.py:104 - info - 已自动点击在线用户提示的确定按钮
2026-05-09 14:33:39,298 - INFO - logger.py:104 - info - LD 项目登录成功！
2026-05-09 14:33:39,301 - INFO - logger.py:104 - info - 系统登录成功
2026-05-09 14:33:39,303 - INFO - logger.py:104 - info - 点击【基础资料】菜单
2026-05-09 14:33:39,831 - INFO - logger.py:104 - info - 点击【物料清单】菜单
2026-05-09 14:33:40,528 - INFO - logger.py:104 - info - 校验物料清单页面新增按钮可见性
2026-05-09 14:33:41,046 - INFO - logger.py:104 - info - 点击新增按钮，打开创建物料清单弹窗
2026-05-09 14:33:41,797 - INFO - logger.py:104 - info - 开始校验创建物料清单弹窗初始化元素
2026-05-09 14:33:41,953 - INFO - logger.py:104 - info - 验证弹窗按钮可正常点击
2026-05-09 14:33:43,086 - INFO - logger.py:104 - info - 用例verify_create_bom_page_initialization执行完成
2026-05-09 14:33:43,092 - INFO - logger.py:104 - info - 关闭页面
2026-05-09 14:33:43,174 - INFO - logger.py:104 - info - 关闭浏览器上下文
2026-05-09 14:33:43,203 - INFO - logger.py:104 - info - 关闭浏览器
2026-05-09 14:33:44,130 - INFO - logger.py:104 - info - 测试执行完成: TestVerifyCreateBomPageInitialization
2026-05-09 14:33:44,929 - ERROR - logger.py:112 - error - 生成Allure报告失败: Allure命令行工具未找到，请确保已安装并添加到系统PATH中
2026-05-09 14:33:44,930 - INFO - logger.py:104 - info - 测试执行完成，耗时: 22.05秒
2026-05-09 14:33:44,930 - INFO - logger.py:104 - info - 执行结果: 成功
