2026-04-24 13:08:42,641 - INFO - logger.py:104 - info - 开始执行测试
2026-04-24 13:08:42,642 - INFO - logger.py:104 - info - 使用单线程运行测试，避免Playwright Sync API在asyncio循环中的错误
2026-04-24 13:08:42,642 - INFO - logger.py:104 - info - Pytest执行参数: ['D:\\install\\auto_ui-master\\src\\testcase\\LD\\customer_file\\test_import_empty.py', '-p', 'no:xdist', '--tb=short', '--tb=short', '--timeout=180', '--alluredir', 'reports\\allure_report_20260424_130842']
2026-04-24 13:08:44,314 - INFO - logger.py:104 - info - 开始执行测试: TestImportEmpty
2026-04-24 13:08:44,350 - INFO - logger.py:104 - info - 启动浏览器: Chromium, 无头模式: False
2026-04-24 13:08:46,851 - INFO - logger.py:104 - info - ============================================================
2026-04-24 13:08:46,857 - INFO - logger.py:104 - info - 开始执行用例：import_empty
2026-04-24 13:08:46,861 - INFO - logger.py:104 - info - 用例ms ID：0
2026-04-24 13:08:46,881 - INFO - logger.py:104 - info - ============================================================
2026-04-24 13:08:46,893 - INFO - logger.py:104 - info - 测试文件: D:\install\auto_ui-master\src\data\LD\customer_file\客户资料_2026_04_24.xlsx
2026-04-24 13:08:46,900 - INFO - logger.py:104 - info - 调用公用登录方法登录系统
2026-04-24 13:08:46,909 - INFO - logger.py:104 - info - 开始登录 LD 项目...
2026-04-24 13:08:46,917 - INFO - logger.py:104 - info - 登录URL: https://test2.saas-test3.supcon.com:32188
2026-04-24 13:08:46,926 - INFO - logger.py:104 - info - 用户名: admin
2026-04-24 13:08:51,282 - INFO - logger.py:104 - info - 检查是否存在在线用户超限提示
2026-04-24 13:08:51,852 - INFO - logger.py:104 - info - 已自动点击在线用户提示的确定按钮
2026-04-24 13:08:57,884 - INFO - logger.py:104 - info - LD 项目登录成功！
2026-04-24 13:08:57,887 - INFO - logger.py:104 - info - 进入客户档案页面
2026-04-24 13:08:58,999 - INFO - logger.py:104 - info - 选择目标客户，上传导入文件
2026-04-24 13:09:01,099 - INFO - logger.py:104 - info - 上传导入文件，确认导入
2026-04-24 13:09:02,331 - INFO - logger.py:104 - info - 等待导入完成
2026-04-24 13:09:05,382 - INFO - logger.py:104 - info - 关闭弹窗，用例执行完成
2026-04-24 13:09:05,923 - INFO - logger.py:104 - info - 关闭页面
2026-04-24 13:09:05,939 - INFO - logger.py:104 - info - 关闭浏览器上下文
2026-04-24 13:09:05,986 - INFO - logger.py:104 - info - 关闭浏览器
2026-04-24 13:09:06,475 - INFO - logger.py:104 - info - 测试执行完成: TestImportEmpty
2026-04-24 13:09:07,566 - ERROR - logger.py:112 - error - 生成Allure报告失败: Allure命令行工具未找到，请确保已安装并添加到系统PATH中
2026-04-24 13:09:07,567 - INFO - logger.py:104 - info - 测试执行完成，耗时: 24.90秒
2026-04-24 13:09:07,567 - INFO - logger.py:104 - info - 执行结果: 成功
