2026-04-27 10:08:14,004 - INFO - logger.py:104 - info - 开始执行测试
2026-04-27 10:08:14,005 - INFO - logger.py:104 - info - 使用单线程运行测试，避免Playwright Sync API在asyncio循环中的错误
2026-04-27 10:08:14,006 - INFO - logger.py:104 - info - Pytest执行参数: ['D:\\install\\auto_ui-master\\src\\testcase\\LD\\code_rule_config\\test_verify_work_order_batch.py', '-p', 'no:xdist', '--tb=short', '--tb=short', '--timeout=180', '--alluredir', 'reports\\allure_report_20260427_100814']
2026-04-27 10:08:15,611 - INFO - logger.py:104 - info - 开始执行测试: TestVerifyWorkOrderBatch
2026-04-27 10:08:15,620 - INFO - logger.py:104 - info - 启动浏览器: Chromium, 无头模式: False
2026-04-27 10:08:18,262 - INFO - logger.py:104 - info - ============================================================
2026-04-27 10:08:18,289 - INFO - logger.py:104 - info - 开始执行用例verify_work_order_batch
2026-04-27 10:08:18,327 - INFO - logger.py:104 - info - 用例ms的id：0
2026-04-27 10:08:18,338 - INFO - logger.py:104 - info - ============================================================
2026-04-27 10:08:18,342 - INFO - logger.py:104 - info - 开始登录 LD 项目...
2026-04-27 10:08:18,426 - INFO - logger.py:104 - info - 登录URL: https://test2.saas-test3.supcon.com:32188
2026-04-27 10:08:18,489 - INFO - logger.py:104 - info - 用户名: admin
2026-04-27 10:08:22,807 - INFO - logger.py:104 - info - 检查是否存在在线用户超限提示
2026-04-27 10:08:23,482 - INFO - logger.py:104 - info - 已自动点击在线用户提示的确定按钮
2026-04-27 10:08:29,517 - INFO - logger.py:104 - info - LD 项目登录成功！
2026-04-27 10:08:29,521 - INFO - logger.py:104 - info - 导航进入编码规则配置页面
2026-04-27 10:08:30,690 - INFO - logger.py:104 - info - 执行查看生产工单批号编码规则操作
2026-04-27 10:08:33,317 - INFO - logger.py:104 - info - 用例verify_work_order_batch执行完成
2026-04-27 10:08:33,332 - INFO - logger.py:104 - info - 关闭页面
2026-04-27 10:08:33,354 - INFO - logger.py:104 - info - 关闭浏览器上下文
2026-04-27 10:08:33,463 - INFO - logger.py:104 - info - 关闭浏览器
2026-04-27 10:08:34,058 - INFO - logger.py:104 - info - 测试执行完成: TestVerifyWorkOrderBatch
2026-04-27 10:08:34,717 - ERROR - logger.py:112 - error - 生成Allure报告失败: Allure命令行工具未找到，请确保已安装并添加到系统PATH中
2026-04-27 10:08:34,718 - INFO - logger.py:104 - info - 测试执行完成，耗时: 20.69秒
2026-04-27 10:08:34,719 - INFO - logger.py:104 - info - 执行结果: 成功
