2026-05-09 14:31:28,630 - INFO - logger.py:104 - info - 开始执行测试
2026-05-09 14:31:28,631 - INFO - logger.py:104 - info - 使用单线程运行测试，避免Playwright Sync API在asyncio循环中的错误
2026-05-09 14:31:28,631 - INFO - logger.py:104 - info - Pytest执行参数: ['D:\\install\\auto_ui-master\\src\\testcase\\LD\\bom_management\\test_import_mode.py', '-p', 'no:xdist', '--tb=short', '--tb=short', '--timeout=180', '--alluredir', 'reports\\allure_report_20260509_143128']
2026-05-09 14:31:30,364 - INFO - logger.py:104 - info - 开始执行测试: TestImportMode
2026-05-09 14:31:30,375 - INFO - logger.py:104 - info - 启动浏览器: Chromium, 无头模式: False
2026-05-09 14:31:34,148 - INFO - logger.py:104 - info - ============================================================
2026-05-09 14:31:34,152 - INFO - logger.py:104 - info - 开始执行用例：import_mode
2026-05-09 14:31:34,156 - INFO - logger.py:104 - info - 用例ms的id：101313
2026-05-09 14:31:34,163 - INFO - logger.py:104 - info - ============================================================
2026-05-09 14:31:34,166 - INFO - logger.py:104 - info - 开始登录 LD 项目...
2026-05-09 14:31:34,169 - INFO - logger.py:104 - info - 登录URL: https://test2.saas-test3.supcon.com:32188
2026-05-09 14:31:34,173 - INFO - logger.py:104 - info - 用户名: admin
2026-05-09 14:31:37,872 - INFO - logger.py:104 - info - 检查是否存在在线用户超限提示
2026-05-09 14:31:38,439 - INFO - logger.py:104 - info - 已自动点击在线用户提示的确定按钮
2026-05-09 14:31:44,460 - INFO - logger.py:104 - info - LD 项目登录成功！
2026-05-09 14:31:44,464 - INFO - logger.py:104 - info - 进入基础资料模块，打开物料清单页面
2026-05-09 14:31:45,686 - INFO - logger.py:104 - info - 点击导入按钮，验证导入弹窗元素
2026-05-09 14:31:46,794 - INFO - logger.py:104 - info - 用例import_mode执行完成
2026-05-09 14:31:46,799 - INFO - logger.py:104 - info - 关闭页面
2026-05-09 14:31:46,822 - INFO - logger.py:104 - info - 关闭浏览器上下文
2026-05-09 14:31:46,871 - INFO - logger.py:104 - info - 关闭浏览器
2026-05-09 14:31:47,972 - INFO - logger.py:104 - info - 测试执行完成: TestImportMode
2026-05-09 14:31:48,836 - ERROR - logger.py:112 - error - 生成Allure报告失败: Allure命令行工具未找到，请确保已安装并添加到系统PATH中
2026-05-09 14:31:48,838 - INFO - logger.py:104 - info - 测试执行完成，耗时: 20.17秒
2026-05-09 14:31:48,838 - INFO - logger.py:104 - info - 执行结果: 成功
