2026-04-23 15:57:13,154 - INFO - logger.py:104 - info - 开始执行测试
2026-04-23 15:57:13,155 - INFO - logger.py:104 - info - 使用单线程运行测试，避免Playwright Sync API在asyncio循环中的错误
2026-04-23 15:57:13,155 - INFO - logger.py:104 - info - Pytest执行参数: ['D:\\install\\auto_ui-master\\src\\testcase\\LD\\bom_management\\test_verify_child_product_.py', '-p', 'no:xdist', '--tb=short', '--tb=short', '--timeout=180', '--alluredir', 'reports\\allure_report_20260423_155713']
2026-04-23 15:57:15,108 - INFO - logger.py:104 - info - 开始执行测试: TestVerifyChildProduct
2026-04-23 15:57:15,129 - INFO - logger.py:104 - info - 启动浏览器: Chromium, 无头模式: False
2026-04-23 15:57:17,797 - INFO - logger.py:104 - info - ============================================================
2026-04-23 15:57:17,807 - INFO - logger.py:104 - info - 开始执行用例：verify_child_product_
2026-04-23 15:57:17,851 - INFO - logger.py:104 - info - 用例ms的id：0
2026-04-23 15:57:17,855 - INFO - logger.py:104 - info - ============================================================
2026-04-23 15:57:17,868 - INFO - logger.py:104 - info - 开始登录 LD 项目...
2026-04-23 15:57:17,872 - INFO - logger.py:104 - info - 登录URL: https://test2.saas-test3.supcon.com:32188
2026-04-23 15:57:17,875 - INFO - logger.py:104 - info - 用户名: admin
2026-04-23 15:57:30,521 - INFO - logger.py:104 - info - LD 项目登录成功！
2026-04-23 15:57:30,524 - INFO - logger.py:104 - info - 登录成功，开始导航到目标页面
2026-04-23 15:57:30,526 - INFO - logger.py:104 - info - 导航到物料清单页面
2026-04-23 15:57:31,666 - INFO - logger.py:104 - info - 进入物料清单编辑页面
2026-04-23 15:58:02,607 - INFO - logger.py:104 - info - 关闭页面
2026-04-23 15:58:02,674 - INFO - logger.py:104 - info - 关闭浏览器上下文
2026-04-23 15:58:02,717 - INFO - logger.py:104 - info - 关闭浏览器
2026-04-23 15:58:03,121 - INFO - logger.py:104 - info - 测试执行完成: TestVerifyChildProduct
2026-04-23 15:58:03,786 - ERROR - logger.py:112 - error - 生成Allure报告失败: Allure命令行工具未找到，请确保已安装并添加到系统PATH中
2026-04-23 15:58:03,787 - INFO - logger.py:104 - info - 测试执行完成，耗时: 50.60秒
2026-04-23 15:58:03,787 - INFO - logger.py:104 - info - 执行结果: 失败
