2026-05-09 14:55:46,616 - INFO - logger.py:104 - info - 开始执行测试
2026-05-09 14:55:46,616 - INFO - logger.py:104 - info - 使用单线程运行测试，避免Playwright Sync API在asyncio循环中的错误
2026-05-09 14:55:46,616 - INFO - logger.py:104 - info - Pytest执行参数: ['D:\\install\\auto_ui-master\\src\\testcase\\LD\\code_rule_config\\test_verify_enable_sure_action.py', '-p', 'no:xdist', '--tb=short', '--tb=short', '--timeout=180', '--alluredir', 'reports\\allure_report_20260509_145546']
2026-05-09 14:55:49,370 - INFO - logger.py:104 - info - 开始执行测试: TestVerifyEnableSureAction
2026-05-09 14:55:49,382 - INFO - logger.py:104 - info - 启动浏览器: Chromium, 无头模式: False
2026-05-09 14:55:53,201 - INFO - logger.py:104 - info - ============================================================
2026-05-09 14:55:53,203 - INFO - logger.py:104 - info - 开始执行用例：verify_enable_sure_action
2026-05-09 14:55:53,205 - INFO - logger.py:104 - info - 用例ms的id：101077
2026-05-09 14:55:53,207 - INFO - logger.py:104 - info - ============================================================
2026-05-09 14:55:53,208 - INFO - logger.py:104 - info - 开始登录 LD 项目...
2026-05-09 14:55:53,210 - INFO - logger.py:104 - info - 登录URL: https://test2.saas-test3.supcon.com:32188
2026-05-09 14:55:53,212 - INFO - logger.py:104 - info - 用户名: admin
2026-05-09 14:55:56,760 - INFO - logger.py:104 - info - 检查是否存在在线用户超限提示
2026-05-09 14:55:57,319 - INFO - logger.py:104 - info - 已自动点击在线用户提示的确定按钮
2026-05-09 14:56:03,347 - INFO - logger.py:104 - info - LD 项目登录成功！
2026-05-09 14:56:03,349 - INFO - logger.py:104 - info - 进入编码规则配置菜单
2026-05-09 14:56:04,566 - INFO - logger.py:104 - info - 选择目标编码规则，进入编辑
2026-05-09 14:56:04,569 - INFO - logger.py:104 - info - 等待规则列表加载
2026-05-09 14:56:05,587 - INFO - logger.py:104 - info - 查找第一个状态为“停用”的规则
2026-05-09 14:56:06,209 - INFO - logger.py:104 - info - 点击保存按钮提交编辑操作
2026-05-09 14:56:06,833 - INFO - logger.py:104 - info - verify_enable_sure_action用例执行完成
2026-05-09 14:56:06,844 - INFO - logger.py:104 - info - 关闭页面
2026-05-09 14:56:06,870 - INFO - logger.py:104 - info - 关闭浏览器上下文
2026-05-09 14:56:06,931 - INFO - logger.py:104 - info - 关闭浏览器
2026-05-09 14:56:07,431 - INFO - logger.py:104 - info - 测试执行完成: TestVerifyEnableSureAction
2026-05-09 14:56:08,569 - ERROR - logger.py:112 - error - 生成Allure报告失败: Allure命令行工具未找到，请确保已安装并添加到系统PATH中
2026-05-09 14:56:08,570 - INFO - logger.py:104 - info - 测试执行完成，耗时: 21.92秒
2026-05-09 14:56:08,570 - INFO - logger.py:104 - info - 执行结果: 成功
