2026-04-23 13:28:06,538 - INFO - logger.py:104 - info - 开始执行测试
2026-04-23 13:28:06,538 - INFO - logger.py:104 - info - 使用单线程运行测试，避免Playwright Sync API在asyncio循环中的错误
2026-04-23 13:28:06,539 - INFO - logger.py:104 - info - Pytest执行参数: ['D:\\install\\auto_ui-master\\src\\testcase\\LD\\bom_management\\test_verify_cancel_bom_operation.py', '-p', 'no:xdist', '--tb=short', '--tb=short', '--timeout=180', '--alluredir', 'reports\\allure_report_20260423_132806']
2026-04-23 13:28:10,521 - INFO - logger.py:104 - info - 开始执行测试: TestVerifyCancelBomOperation
2026-04-23 13:28:10,532 - INFO - logger.py:104 - info - 启动浏览器: Chromium, 无头模式: False
2026-04-23 13:28:13,257 - INFO - logger.py:104 - info - ============================================================
2026-04-23 13:28:13,261 - INFO - logger.py:104 - info - 开始执行verify_cancel_bom_operation
2026-04-23 13:28:13,267 - INFO - logger.py:104 - info - 用例ms的id：0
2026-04-23 13:28:13,271 - INFO - logger.py:104 - info - ============================================================
2026-04-23 13:28:13,274 - INFO - logger.py:104 - info - 登录系统
2026-04-23 13:28:13,276 - INFO - logger.py:104 - info - 开始登录 LD 项目...
2026-04-23 13:28:13,281 - INFO - logger.py:104 - info - 登录URL: https://test2.saas-test3.supcon.com:32188
2026-04-23 13:28:13,286 - INFO - logger.py:104 - info - 用户名: admin
2026-04-23 13:28:26,106 - INFO - logger.py:104 - info - LD 项目登录成功！
2026-04-23 13:28:26,108 - INFO - logger.py:104 - info - 进入物料清单页面
2026-04-23 13:28:27,205 - INFO - logger.py:104 - info - 点击新增按钮
2026-04-23 13:28:28,658 - INFO - logger.py:104 - info - 输入物料编码并选择对应物料
2026-04-23 13:28:30,586 - INFO - logger.py:104 - info - 点击取消按钮，验证取消新增BOM操作
2026-04-23 13:28:31,161 - INFO - logger.py:104 - info - verify_cancel_bom_operation 执行完成
2026-04-23 13:28:31,166 - INFO - logger.py:104 - info - 关闭页面
2026-04-23 13:28:31,208 - INFO - logger.py:104 - info - 关闭浏览器上下文
2026-04-23 13:28:31,262 - INFO - logger.py:104 - info - 关闭浏览器
2026-04-23 13:28:31,932 - INFO - logger.py:104 - info - 测试执行完成: TestVerifyCancelBomOperation
2026-04-23 13:28:34,460 - ERROR - logger.py:112 - error - 生成Allure报告失败: Allure命令行工具未找到，请确保已安装并添加到系统PATH中
2026-04-23 13:28:34,462 - INFO - logger.py:104 - info - 测试执行完成，耗时: 27.89秒
2026-04-23 13:28:34,462 - INFO - logger.py:104 - info - 执行结果: 成功
