2026-05-07 16:17:39,351 - INFO - logger.py:104 - info - 开始执行测试
2026-05-07 16:17:39,351 - INFO - logger.py:104 - info - 使用单线程运行测试，避免Playwright Sync API在asyncio循环中的错误
2026-05-07 16:17:39,351 - INFO - logger.py:104 - info - Pytest执行参数: ['D:\\install\\auto_ui-master\\src\\testcase\\LD\\code_rule_config\\test_verify_production_inbound_rule.py', '-p', 'no:xdist', '--tb=short', '--tb=short', '--timeout=180', '--alluredir', 'reports\\allure_report_20260507_161739']
2026-05-07 16:17:41,358 - INFO - logger.py:104 - info - 开始执行测试: TestVerifyProductionInboundRule
2026-05-07 16:17:41,368 - INFO - logger.py:104 - info - 启动浏览器: Chromium, 无头模式: False
2026-05-07 16:17:44,683 - INFO - logger.py:104 - info - ============================================================
2026-05-07 16:17:44,909 - INFO - logger.py:104 - info - 开始执行用例verify_production_inbound_rule
2026-05-07 16:17:44,914 - INFO - logger.py:104 - info - 用例ms的id：0
2026-05-07 16:17:44,918 - INFO - logger.py:104 - info - ============================================================
2026-05-07 16:17:44,921 - INFO - logger.py:104 - info - 开始登录 LD 项目...
2026-05-07 16:17:44,923 - INFO - logger.py:104 - info - 登录URL: https://test2.saas-test3.supcon.com:32188
2026-05-07 16:17:44,926 - INFO - logger.py:104 - info - 用户名: admin
2026-05-07 16:17:48,959 - INFO - logger.py:104 - info - 检查是否存在在线用户超限提示
2026-05-07 16:17:49,507 - INFO - logger.py:104 - info - 已自动点击在线用户提示的确定按钮
2026-05-07 16:17:55,529 - INFO - logger.py:104 - info - LD 项目登录成功！
2026-05-07 16:17:55,532 - INFO - logger.py:104 - info - 进入编码规则配置菜单
2026-05-07 16:17:56,689 - INFO - logger.py:104 - info - 等待规则列表加载
2026-05-07 16:17:57,708 - INFO - logger.py:104 - info - 查找第一个业务类型为'生产入库批号'的规则
2026-05-07 16:17:57,734 - INFO - logger.py:104 - info - 成功定位到第一个业务类型为'生产入库批号'的规则
2026-05-07 16:17:57,736 - INFO - logger.py:104 - info - 点击目标行的'查看'按钮
2026-05-07 16:17:58,367 - INFO - logger.py:104 - info - 完成查看，点击返回
2026-05-07 16:17:58,931 - INFO - logger.py:104 - info - ============================================================
2026-05-07 16:17:58,933 - INFO - logger.py:104 - info - 用例verify_production_inbound_rule执行完成
2026-05-07 16:17:58,938 - INFO - logger.py:104 - info - 关闭页面
2026-05-07 16:17:58,977 - INFO - logger.py:104 - info - 关闭浏览器上下文
2026-05-07 16:17:59,003 - INFO - logger.py:104 - info - 关闭浏览器
2026-05-07 16:17:59,371 - INFO - logger.py:104 - info - 测试执行完成: TestVerifyProductionInboundRule
2026-05-07 16:18:00,284 - ERROR - logger.py:112 - error - 生成Allure报告失败: Allure命令行工具未找到，请确保已安装并添加到系统PATH中
2026-05-07 16:18:00,286 - INFO - logger.py:104 - info - 测试执行完成，耗时: 20.90秒
2026-05-07 16:18:00,286 - INFO - logger.py:104 - info - 执行结果: 成功
