2026-05-08 09:58:24,085 - INFO - logger.py:104 - info - 开始执行测试
2026-05-08 09:58:24,086 - INFO - logger.py:104 - info - 使用单线程运行测试，避免Playwright Sync API在asyncio循环中的错误
2026-05-08 09:58:24,086 - INFO - logger.py:104 - info - Pytest执行参数: ['D:\\install\\auto_ui-master\\src\\testcase\\LD\\product_file\\test_product_picture.py', '-p', 'no:xdist', '--tb=short', '--tb=short', '--timeout=180', '--alluredir', 'reports\\allure_report_20260508_095824']
2026-05-08 09:58:25,787 - INFO - logger.py:104 - info - 开始执行测试: TestProductPicture
2026-05-08 09:58:25,796 - INFO - logger.py:104 - info - 启动浏览器: Chromium, 无头模式: False
2026-05-08 09:58:28,562 - INFO - logger.py:104 - info - ============================================================
2026-05-08 09:58:28,566 - INFO - logger.py:104 - info - 开始执行用例：product_picture
2026-05-08 09:58:28,569 - INFO - logger.py:104 - info - 用例ms的id：0
2026-05-08 09:58:28,571 - INFO - logger.py:104 - info - ============================================================
2026-05-08 09:58:28,573 - INFO - logger.py:104 - info - 登录系统
2026-05-08 09:58:28,575 - INFO - logger.py:104 - info - 开始登录 LD 项目...
2026-05-08 09:58:28,577 - INFO - logger.py:104 - info - 登录URL: https://test2.saas-test3.supcon.com:32188
2026-05-08 09:58:28,583 - INFO - logger.py:104 - info - 用户名: admin
2026-05-08 09:58:32,364 - INFO - logger.py:104 - info - 检查是否存在在线用户超限提示
2026-05-08 09:58:32,937 - INFO - logger.py:104 - info - 已自动点击在线用户提示的确定按钮
2026-05-08 09:58:38,973 - INFO - logger.py:104 - info - LD 项目登录成功！
2026-05-08 09:58:38,976 - INFO - logger.py:104 - info - 进入产品档案页面
2026-05-08 09:58:40,152 - INFO - logger.py:104 - info - 点击新增产品按钮
2026-05-08 09:58:41,383 - INFO - logger.py:104 - info - 进入产品图片上传环节
2026-05-08 09:58:41,970 - INFO - logger.py:104 - info - 上传测试图片文件: D:\install\auto_ui-master\src\pages\LD\product_file\1.png
2026-05-08 09:58:42,540 - INFO - logger.py:104 - info - 等待图片上传处理完成
2026-05-08 09:58:47,550 - INFO - logger.py:104 - info - 点击预览图片
2026-05-08 09:58:58,589 - INFO - logger.py:104 - info - 未找到预览按钮，跳过预览步骤
2026-05-08 09:58:58,592 - INFO - logger.py:104 - info - 等待弹窗出现
2026-05-08 09:59:01,615 - INFO - logger.py:104 - info - 关闭弹窗
2026-05-08 09:59:08,735 - INFO - logger.py:104 - info - 删除上传的图片
2026-05-08 09:59:17,232 - INFO - logger.py:104 - info - 未找到删除按钮，跳过删除步骤
2026-05-08 09:59:17,235 - INFO - logger.py:104 - info - 用例product_picture执行完成
2026-05-08 09:59:17,240 - INFO - logger.py:104 - info - 关闭页面
2026-05-08 09:59:17,245 - INFO - logger.py:104 - info - 关闭浏览器上下文
2026-05-08 09:59:17,256 - INFO - logger.py:104 - info - 关闭浏览器
2026-05-08 09:59:17,733 - INFO - logger.py:104 - info - 测试执行完成: TestProductPicture
2026-05-08 09:59:18,303 - ERROR - logger.py:112 - error - 生成Allure报告失败: Allure命令行工具未找到，请确保已安装并添加到系统PATH中
2026-05-08 09:59:18,304 - INFO - logger.py:104 - info - 测试执行完成，耗时: 54.19秒
2026-05-08 09:59:18,304 - INFO - logger.py:104 - info - 执行结果: 成功
