2026-05-09 10:06:14,146 - INFO - logger.py:104 - info - 开始执行测试
2026-05-09 10:06:14,146 - INFO - logger.py:104 - info - 使用单线程运行测试，避免Playwright Sync API在asyncio循环中的错误
2026-05-09 10:06:14,146 - INFO - logger.py:104 - info - Pytest执行参数: ['D:\\install\\auto_ui-master\\src\\testcase\\LD\\printer_management\\test_verify_required_field.py', '-p', 'no:xdist', '--tb=short', '--tb=short', '--timeout=180', '--alluredir', 'reports\\allure_report_20260509_100614']
2026-05-09 10:06:15,970 - INFO - logger.py:104 - info - 开始执行测试: TestPrinterManageRequiredField
2026-05-09 10:06:15,981 - INFO - logger.py:104 - info - 启动浏览器: Chromium, 无头模式: False
2026-05-09 10:06:19,815 - INFO - logger.py:104 - info - ============================================================
2026-05-09 10:06:19,818 - INFO - logger.py:104 - info - 开始执行用例：verify_required_field
2026-05-09 10:06:19,822 - INFO - logger.py:104 - info - 用例ms的id：101128
2026-05-09 10:06:19,826 - INFO - logger.py:104 - info - ============================================================
2026-05-09 10:06:19,829 - INFO - logger.py:104 - info - 开始登录 LD 项目...
2026-05-09 10:06:19,832 - INFO - logger.py:104 - info - 登录URL: https://test2.saas-test3.supcon.com:32188
2026-05-09 10:06:19,835 - INFO - logger.py:104 - info - 用户名: admin
2026-05-09 10:06:24,021 - INFO - logger.py:104 - info - 检查是否存在在线用户超限提示
2026-05-09 10:06:24,594 - INFO - logger.py:104 - info - 已自动点击在线用户提示的确定按钮
2026-05-09 10:06:30,617 - INFO - logger.py:104 - info - LD 项目登录成功！
2026-05-09 10:06:30,621 - INFO - logger.py:104 - info - 进入打印机管理页面
2026-05-09 10:06:32,494 - INFO - logger.py:104 - info - 点击新增按钮打开新增弹窗
2026-05-09 10:06:33,597 - INFO - logger.py:104 - info - 未填写信息直接点击保存，触发必填项校验
2026-05-09 10:06:34,171 - INFO - logger.py:104 - info - 点击取消关闭新增弹窗
2026-05-09 10:06:34,743 - INFO - logger.py:104 - info - 用例verify_required_field执行完成
2026-05-09 10:06:34,752 - INFO - logger.py:104 - info - 关闭页面
2026-05-09 10:06:34,782 - INFO - logger.py:104 - info - 关闭浏览器上下文
2026-05-09 10:06:34,879 - INFO - logger.py:104 - info - 关闭浏览器
2026-05-09 10:06:35,883 - INFO - logger.py:104 - info - 测试执行完成: TestPrinterManageRequiredField
2026-05-09 10:06:36,525 - ERROR - logger.py:112 - error - 生成Allure报告失败: Allure命令行工具未找到，请确保已安装并添加到系统PATH中
2026-05-09 10:06:36,526 - INFO - logger.py:104 - info - 测试执行完成，耗时: 22.35秒
2026-05-09 10:06:36,526 - INFO - logger.py:104 - info - 执行结果: 成功
