2026-05-09 11:20:53,712 - INFO - logger.py:104 - info - 开始执行测试
2026-05-09 11:20:53,712 - INFO - logger.py:104 - info - 使用单线程运行测试，避免Playwright Sync API在asyncio循环中的错误
2026-05-09 11:20:53,712 - INFO - logger.py:104 - info - Pytest执行参数: ['D:\\install\\auto_ui-master\\src\\testcase\\LD\\customer_file\\test_import_empty.py', '-p', 'no:xdist', '--tb=short', '--tb=short', '--timeout=180', '--alluredir', 'reports\\allure_report_20260509_112053']
2026-05-09 11:20:55,199 - INFO - logger.py:104 - info - 开始执行测试: TestImportEmpty
2026-05-09 11:20:55,213 - INFO - logger.py:104 - info - 启动浏览器: Chromium, 无头模式: False
2026-05-09 11:20:59,005 - INFO - logger.py:104 - info - ============================================================
2026-05-09 11:20:59,009 - INFO - logger.py:104 - info - 开始执行用例：import_empty
2026-05-09 11:20:59,013 - INFO - logger.py:104 - info - 用例ms ID：101271
2026-05-09 11:20:59,015 - INFO - logger.py:104 - info - ============================================================
2026-05-09 11:20:59,019 - INFO - logger.py:104 - info - 测试文件: D:\install\auto_ui-master\src\data\LD\customer_file\空表.xlsx
2026-05-09 11:20:59,022 - INFO - logger.py:104 - info - 调用公用登录方法登录系统
2026-05-09 11:20:59,034 - INFO - logger.py:104 - info - 开始登录 LD 项目...
2026-05-09 11:20:59,037 - INFO - logger.py:104 - info - 登录URL: https://test2.saas-test3.supcon.com:32188
2026-05-09 11:20:59,040 - INFO - logger.py:104 - info - 用户名: admin
2026-05-09 11:21:07,239 - INFO - logger.py:104 - info - 检查是否存在在线用户超限提示
2026-05-09 11:21:12,273 - INFO - logger.py:104 - info - LD 项目登录成功！
2026-05-09 11:21:12,276 - INFO - logger.py:104 - info - 进入客户档案页面
2026-05-09 11:21:13,494 - INFO - logger.py:104 - info - 点击客户资料区域的第一个客户，激活右侧客户产品映射
2026-05-09 11:21:44,421 - INFO - logger.py:104 - info - 关闭页面
2026-05-09 11:21:44,459 - INFO - logger.py:104 - info - 关闭浏览器上下文
2026-05-09 11:21:44,552 - INFO - logger.py:104 - info - 关闭浏览器
2026-05-09 11:21:44,855 - INFO - logger.py:104 - info - 测试执行完成: TestImportEmpty
2026-05-09 11:21:45,442 - ERROR - logger.py:112 - error - 生成Allure报告失败: Allure命令行工具未找到，请确保已安装并添加到系统PATH中
2026-05-09 11:21:45,443 - INFO - logger.py:104 - info - 测试执行完成，耗时: 51.71秒
2026-05-09 11:21:45,443 - INFO - logger.py:104 - info - 执行结果: 失败
