2026-04-24 09:42:48,701 - INFO - logger.py:104 - info - 开始执行测试
2026-04-24 09:42:48,701 - INFO - logger.py:104 - info - 使用单线程运行测试，避免Playwright Sync API在asyncio循环中的错误
2026-04-24 09:42:48,701 - INFO - logger.py:104 - info - Pytest执行参数: ['D:\\install\\auto_ui-master\\src\\testcase\\LD\\customer_file\\test_verify_import.py', '-p', 'no:xdist', '--tb=short', '--tb=short', '--timeout=180', '--alluredir', 'reports\\allure_report_20260424_094248']
2026-04-24 09:42:55,104 - INFO - logger.py:104 - info - 开始执行测试: TestVerifyImport
2026-04-24 09:42:55,113 - INFO - logger.py:104 - info - 启动浏览器: Chromium, 无头模式: False
2026-04-24 09:43:05,378 - INFO - logger.py:104 - info - ============================================================
2026-04-24 09:43:05,386 - INFO - logger.py:104 - info - 开始执行用例：verify_import
2026-04-24 09:43:05,392 - INFO - logger.py:104 - info - 用例ms的id：0
2026-04-24 09:43:05,398 - INFO - logger.py:104 - info - ============================================================
2026-04-24 09:43:05,403 - INFO - logger.py:104 - info - 测试文件: D:\install\auto_ui-master\src\data\LD\customer_file\客户资料_2026_04_24.xls
2026-04-24 09:43:05,407 - INFO - logger.py:104 - info - 调用公用登录方法完成登录
2026-04-24 09:43:05,414 - INFO - logger.py:104 - info - 开始登录 LD 项目...
2026-04-24 09:43:05,421 - INFO - logger.py:104 - info - 登录URL: https://test2.saas-test3.supcon.com:32188
2026-04-24 09:43:05,440 - INFO - logger.py:104 - info - 用户名: admin
2026-04-24 09:43:15,620 - INFO - logger.py:104 - info - 检查是否存在在线用户超限提示
2026-04-24 09:43:16,199 - INFO - logger.py:104 - info - 已自动点击在线用户提示的确定按钮
2026-04-24 09:43:22,230 - INFO - logger.py:104 - info - LD 项目登录成功！
2026-04-24 09:43:22,233 - INFO - logger.py:104 - info - 导航进入客户档案页面
2026-04-24 09:43:23,378 - INFO - logger.py:104 - info - 打开导入弹窗
2026-04-24 09:43:29,933 - INFO - logger.py:104 - info - 关闭页面
2026-04-24 09:43:29,962 - INFO - logger.py:104 - info - 关闭浏览器上下文
2026-04-24 09:43:30,025 - INFO - logger.py:104 - info - 关闭浏览器
2026-04-24 09:43:30,580 - INFO - logger.py:104 - info - 测试执行完成: TestVerifyImport
2026-04-24 09:43:37,677 - ERROR - logger.py:112 - error - 生成Allure报告失败: Allure命令行工具未找到，请确保已安装并添加到系统PATH中
2026-04-24 09:43:37,679 - INFO - logger.py:104 - info - 测试执行完成，耗时: 48.95秒
2026-04-24 09:43:37,679 - INFO - logger.py:104 - info - 执行结果: 失败
