2026-05-09 14:38:06,952 - INFO - logger.py:104 - info - 开始执行测试
2026-05-09 14:38:06,953 - INFO - logger.py:104 - info - 使用单线程运行测试，避免Playwright Sync API在asyncio循环中的错误
2026-05-09 14:38:06,953 - INFO - logger.py:104 - info - Pytest执行参数: ['D:\\install\\auto_ui-master\\src\\testcase\\LD\\code_rule_config\\test_verify_business-field.py', '-p', 'no:xdist', '--tb=short', '--tb=short', '--timeout=180', '--alluredir', 'reports\\allure_report_20260509_143806']
2026-05-09 14:38:18,940 - INFO - logger.py:104 - info - 开始执行测试: TestVerifyBusinessField
2026-05-09 14:38:18,952 - INFO - logger.py:104 - info - 启动浏览器: Chromium, 无头模式: False
2026-05-09 14:38:22,404 - INFO - logger.py:104 - info - ============================================================
2026-05-09 14:38:22,409 - INFO - logger.py:104 - info - 开始执行verify_business-field
2026-05-09 14:38:22,412 - INFO - logger.py:104 - info - 用例ms的id：101093
2026-05-09 14:38:22,415 - INFO - logger.py:104 - info - ============================================================
2026-05-09 14:38:22,418 - INFO - logger.py:104 - info - 开始登录 LD 项目...
2026-05-09 14:38:22,421 - INFO - logger.py:104 - info - 登录URL: https://test2.saas-test3.supcon.com:32188
2026-05-09 14:38:22,424 - INFO - logger.py:104 - info - 用户名: admin
2026-05-09 14:38:26,392 - INFO - logger.py:104 - info - 检查是否存在在线用户超限提示
2026-05-09 14:38:26,965 - INFO - logger.py:104 - info - 已自动点击在线用户提示的确定按钮
2026-05-09 14:38:32,982 - INFO - logger.py:104 - info - LD 项目登录成功！
2026-05-09 14:38:32,986 - INFO - logger.py:104 - info - 导航到编码规则配置页面
2026-05-09 14:38:34,243 - INFO - logger.py:104 - info - 开始执行新增编码规则操作
2026-05-09 14:38:37,240 - INFO - logger.py:104 - info - 点击取消，结束测试流程
2026-05-09 14:38:37,817 - INFO - logger.py:104 - info - 用例verify_business-field执行完成
2026-05-09 14:38:38,902 - INFO - logger.py:104 - info - 关闭页面
2026-05-09 14:38:39,050 - INFO - logger.py:104 - info - 关闭浏览器上下文
2026-05-09 14:38:39,102 - INFO - logger.py:104 - info - 关闭浏览器
2026-05-09 14:38:39,757 - INFO - logger.py:104 - info - 测试执行完成: TestVerifyBusinessField
2026-05-09 14:38:40,354 - ERROR - logger.py:112 - error - 生成Allure报告失败: Allure命令行工具未找到，请确保已安装并添加到系统PATH中
2026-05-09 14:38:40,355 - INFO - logger.py:104 - info - 测试执行完成，耗时: 33.38秒
2026-05-09 14:38:40,355 - INFO - logger.py:104 - info - 执行结果: 成功
