2026-04-23 13:09:04,266 - INFO - logger.py:104 - info - 开始执行测试
2026-04-23 13:09:04,267 - INFO - logger.py:104 - info - 使用单线程运行测试，避免Playwright Sync API在asyncio循环中的错误
2026-04-23 13:09:04,268 - INFO - logger.py:104 - info - Pytest执行参数: ['D:\\install\\auto_ui-master\\src\\testcase\\LD\\bom_management\\test_verify_add_child_product.py', '-p', 'no:xdist', '--tb=short', '--tb=short', '--timeout=180', '--alluredir', 'reports\\allure_report_20260423_130904']
2026-04-23 13:09:09,022 - INFO - logger.py:104 - info - 开始执行测试: TestVerifyAddChildProduct
2026-04-23 13:09:09,030 - INFO - logger.py:104 - info - 启动浏览器: Chromium, 无头模式: False
2026-04-23 13:09:11,424 - INFO - logger.py:104 - info - ============================================================
2026-04-23 13:09:11,430 - INFO - logger.py:104 - info - 开始执行用例：verify_add_child_product
2026-04-23 13:09:11,458 - INFO - logger.py:104 - info - 用例ms ID：0
2026-04-23 13:09:11,466 - INFO - logger.py:104 - info - ============================================================
2026-04-23 13:09:11,472 - INFO - logger.py:104 - info - 执行系统登录
2026-04-23 13:09:11,476 - INFO - logger.py:104 - info - 开始登录 LD 项目...
2026-04-23 13:09:11,488 - INFO - logger.py:104 - info - 登录URL: https://test2.saas-test3.supcon.com:32188
2026-04-23 13:09:11,495 - INFO - logger.py:104 - info - 用户名: admin
2026-04-23 13:09:25,007 - INFO - logger.py:104 - info - LD 项目登录成功！
2026-04-23 13:09:25,009 - INFO - logger.py:104 - info - 进入物料清单页面
2026-04-23 13:09:26,153 - INFO - logger.py:104 - info - 验证目标物料行和编辑按钮可见
2026-04-23 13:09:26,742 - INFO - logger.py:104 - info - 点击编辑按钮
2026-04-23 13:09:27,648 - INFO - logger.py:104 - info - 触发添加子项产品操作
2026-04-23 13:09:28,477 - INFO - logger.py:104 - info - 勾选目标子项产品
2026-04-23 13:09:29,143 - INFO - logger.py:104 - info - 确认选择的子项产品
2026-04-23 13:09:29,794 - INFO - logger.py:104 - info - 保存BOM修改
2026-04-23 13:09:30,410 - INFO - logger.py:104 - info - 验证新增子项存在
2026-04-23 13:09:31,022 - INFO - logger.py:104 - info - 用例verify_add_child_product执行完成
2026-04-23 13:09:31,028 - INFO - logger.py:104 - info - 关闭页面
2026-04-23 13:09:31,078 - INFO - logger.py:104 - info - 关闭浏览器上下文
2026-04-23 13:09:31,196 - INFO - logger.py:104 - info - 关闭浏览器
2026-04-23 13:09:31,770 - INFO - logger.py:104 - info - 测试执行完成: TestVerifyAddChildProduct
2026-04-23 13:09:33,400 - ERROR - logger.py:112 - error - 生成Allure报告失败: Allure命令行工具未找到，请确保已安装并添加到系统PATH中
2026-04-23 13:09:33,401 - INFO - logger.py:104 - info - 测试执行完成，耗时: 29.11秒
2026-04-23 13:09:33,402 - INFO - logger.py:104 - info - 执行结果: 成功
