2026-05-09 15:15:31,142 - INFO - logger.py:104 - info - 开始执行测试
2026-05-09 15:15:31,142 - INFO - logger.py:104 - info - 使用单线程运行测试，避免Playwright Sync API在asyncio循环中的错误
2026-05-09 15:15:31,143 - INFO - logger.py:104 - info - Pytest执行参数: ['D:\\install\\auto_ui-master\\src\\testcase\\LD\\code_rule_config\\test_verify_serialnum_field_fill.py', '-p', 'no:xdist', '--tb=short', '--tb=short', '--timeout=180', '--alluredir', 'reports\\allure_report_20260509_151531']
2026-05-09 15:15:32,910 - INFO - logger.py:104 - info - 开始执行测试: TestVerifySerialnumFieldFill
2026-05-09 15:15:32,922 - INFO - logger.py:104 - info - 启动浏览器: Chromium, 无头模式: False
2026-05-09 15:15:36,864 - INFO - logger.py:104 - info - ============================================================
2026-05-09 15:15:36,869 - INFO - logger.py:104 - info - 开始执行用例：verify_serialnum_field_fill
2026-05-09 15:15:36,872 - INFO - logger.py:104 - info - 用例ms的id：101095
2026-05-09 15:15:36,878 - INFO - logger.py:104 - info - ============================================================
2026-05-09 15:15:36,881 - INFO - logger.py:104 - info - 开始登录 LD 项目...
2026-05-09 15:15:36,883 - INFO - logger.py:104 - info - 登录URL: https://test2.saas-test3.supcon.com:32188
2026-05-09 15:15:36,886 - INFO - logger.py:104 - info - 用户名: admin
2026-05-09 15:15:40,579 - INFO - logger.py:104 - info - 检查是否存在在线用户超限提示
2026-05-09 15:15:41,147 - INFO - logger.py:104 - info - 已自动点击在线用户提示的确定按钮
2026-05-09 15:15:47,170 - INFO - logger.py:104 - info - LD 项目登录成功！
2026-05-09 15:15:47,173 - INFO - logger.py:104 - info - 进入编码规则配置菜单
2026-05-09 15:15:48,398 - INFO - logger.py:104 - info - 开始执行编码规则新增操作流程
2026-05-09 15:15:55,119 - INFO - logger.py:104 - info - 操作完成，点击取消退出
2026-05-09 15:15:55,683 - INFO - logger.py:104 - info - 关闭页面
2026-05-09 15:15:55,703 - INFO - logger.py:104 - info - 关闭浏览器上下文
2026-05-09 15:15:55,778 - INFO - logger.py:104 - info - 关闭浏览器
2026-05-09 15:15:56,199 - INFO - logger.py:104 - info - 测试执行完成: TestVerifySerialnumFieldFill
2026-05-09 15:15:57,110 - ERROR - logger.py:112 - error - 生成Allure报告失败: Allure命令行工具未找到，请确保已安装并添加到系统PATH中
2026-05-09 15:15:57,112 - INFO - logger.py:104 - info - 测试执行完成，耗时: 25.94秒
2026-05-09 15:15:57,112 - INFO - logger.py:104 - info - 执行结果: 成功
