2026-05-07 14:07:08,019 - INFO - logger.py:104 - info - 开始执行测试
2026-05-07 14:07:08,019 - INFO - logger.py:104 - info - 使用单线程运行测试，避免Playwright Sync API在asyncio循环中的错误
2026-05-07 14:07:08,019 - INFO - logger.py:104 - info - Pytest执行参数: ['D:\\install\\auto_ui-master\\src\\testcase\\LD\\bom_management\\test_verify_add_child_product.py', '-p', 'no:xdist', '--tb=short', '--tb=short', '--timeout=180', '--alluredir', 'reports\\allure_report_20260507_140708']
2026-05-07 14:07:09,614 - INFO - logger.py:104 - info - 开始执行测试: TestVerifyAddChildProduct
2026-05-07 14:07:09,624 - INFO - logger.py:104 - info - 启动浏览器: Chromium, 无头模式: False
2026-05-07 14:07:12,635 - INFO - logger.py:104 - info - ============================================================
2026-05-07 14:07:12,645 - INFO - logger.py:104 - info - 开始执行用例：verify_add_child_product
2026-05-07 14:07:12,762 - INFO - logger.py:104 - info - 用例ms ID：0
2026-05-07 14:07:12,768 - INFO - logger.py:104 - info - ============================================================
2026-05-07 14:07:12,774 - INFO - logger.py:104 - info - 执行系统登录
2026-05-07 14:07:12,784 - INFO - logger.py:104 - info - 开始登录 LD 项目...
2026-05-07 14:07:12,786 - INFO - logger.py:104 - info - 登录URL: https://test2.saas-test3.supcon.com:32188
2026-05-07 14:07:12,803 - INFO - logger.py:104 - info - 用户名: admin
2026-05-07 14:07:16,427 - INFO - logger.py:104 - info - 检查是否存在在线用户超限提示
2026-05-07 14:07:16,994 - INFO - logger.py:104 - info - 已自动点击在线用户提示的确定按钮
2026-05-07 14:07:23,030 - INFO - logger.py:104 - info - LD 项目登录成功！
2026-05-07 14:07:23,035 - INFO - logger.py:104 - info - 进入物料清单页面
2026-05-07 14:07:24,233 - INFO - logger.py:104 - info - 等待BOM列表加载完成
2026-05-07 14:07:25,241 - INFO - logger.py:104 - info - 定位并点击第一行的编辑按钮
2026-05-07 14:07:25,867 - INFO - logger.py:104 - info - 触发添加子项产品操作
2026-05-07 14:07:37,252 - INFO - logger.py:104 - info - 关闭页面
2026-05-07 14:07:37,283 - INFO - logger.py:104 - info - 关闭浏览器上下文
2026-05-07 14:07:37,300 - INFO - logger.py:104 - info - 关闭浏览器
2026-05-07 14:07:37,661 - INFO - logger.py:104 - info - 测试执行完成: TestVerifyAddChildProduct
2026-05-07 14:07:38,595 - ERROR - logger.py:112 - error - 生成Allure报告失败: Allure命令行工具未找到，请确保已安装并添加到系统PATH中
2026-05-07 14:07:38,597 - INFO - logger.py:104 - info - 测试执行完成，耗时: 30.55秒
2026-05-07 14:07:38,597 - INFO - logger.py:104 - info - 执行结果: 失败
