2026-05-11 09:18:23,475 - INFO - logger.py:104 - info - 开始执行测试
2026-05-11 09:18:23,475 - INFO - logger.py:104 - info - 使用单线程运行测试，避免Playwright Sync API在asyncio循环中的错误
2026-05-11 09:18:23,475 - INFO - logger.py:104 - info - Pytest执行参数: ['D:\\install\\auto_ui-master\\src\\testcase\\LD\\product_file\\test_product_picture.py', '-p', 'no:xdist', '--tb=short', '--tb=short', '--timeout=180', '--alluredir', 'reports\\allure_report_20260511_091823']
2026-05-11 09:18:25,344 - INFO - logger.py:104 - info - 开始执行测试: TestProductPicture
2026-05-11 09:18:25,353 - INFO - logger.py:104 - info - 启动浏览器: Chromium, 无头模式: False
2026-05-11 09:18:28,532 - INFO - logger.py:104 - info - ============================================================
2026-05-11 09:18:28,546 - INFO - logger.py:104 - info - 开始执行用例：product_picture
2026-05-11 09:18:28,571 - INFO - logger.py:104 - info - 用例ms的id：101210
2026-05-11 09:18:28,578 - INFO - logger.py:104 - info - ============================================================
2026-05-11 09:18:28,603 - INFO - logger.py:104 - info - 登录系统
2026-05-11 09:18:28,607 - INFO - logger.py:104 - info - 开始登录 LD 项目...
2026-05-11 09:18:28,614 - INFO - logger.py:104 - info - 登录URL: https://test2.saas-test3.supcon.com:32188
2026-05-11 09:18:28,621 - INFO - logger.py:104 - info - 用户名: admin
2026-05-11 09:18:32,787 - INFO - logger.py:104 - info - 检查是否存在在线用户超限提示
2026-05-11 09:18:33,352 - INFO - logger.py:104 - info - 已自动点击在线用户提示的确定按钮
2026-05-11 09:18:39,375 - INFO - logger.py:104 - info - LD 项目登录成功！
2026-05-11 09:18:39,378 - INFO - logger.py:104 - info - 进入产品档案页面
2026-05-11 09:18:40,576 - INFO - logger.py:104 - info - 点击新增产品按钮
2026-05-11 09:18:41,790 - INFO - logger.py:104 - info - 进入产品图片上传环节
2026-05-11 09:18:42,357 - INFO - logger.py:104 - info - 上传测试图片文件: D:\install\auto_ui-master\src\pages\LD\product_file\1.png
2026-05-11 09:18:42,886 - INFO - logger.py:104 - info - 等待图片上传处理完成
2026-05-11 09:18:44,897 - INFO - logger.py:104 - info - 点击预览图片
2026-05-11 09:18:45,563 - INFO - logger.py:104 - info - 等待预览弹窗出现
2026-05-11 09:18:45,948 - INFO - logger.py:104 - info - 关闭页面
2026-05-11 09:18:45,966 - INFO - logger.py:104 - info - 关闭浏览器上下文
2026-05-11 09:18:46,010 - INFO - logger.py:104 - info - 关闭浏览器
2026-05-11 09:18:46,337 - INFO - logger.py:104 - info - 测试执行完成: TestProductPicture
2026-05-11 09:18:47,428 - ERROR - logger.py:112 - error - 生成Allure报告失败: Allure命令行工具未找到，请确保已安装并添加到系统PATH中
2026-05-11 09:18:47,430 - INFO - logger.py:104 - info - 测试执行完成，耗时: 23.93秒
2026-05-11 09:18:47,430 - INFO - logger.py:104 - info - 执行结果: 失败
