2026-04-27 10:58:23,926 - INFO - logger.py:104 - info - 开始执行测试
2026-04-27 10:58:23,927 - INFO - logger.py:104 - info - 使用单线程运行测试，避免Playwright Sync API在asyncio循环中的错误
2026-04-27 10:58:23,927 - INFO - logger.py:104 - info - Pytest执行参数: ['D:\\install\\auto_ui-master\\src\\testcase\\LD\\code_rule_config\\test_verify_create_button.py', '-p', 'no:xdist', '--tb=short', '--tb=short', '--timeout=180', '--alluredir', 'reports\\allure_report_20260427_105823']
2026-04-27 10:58:25,614 - INFO - logger.py:104 - info - 开始执行测试: TestVerifyCreateEncodingRule
2026-04-27 10:58:25,685 - INFO - logger.py:104 - info - 启动浏览器: Chromium, 无头模式: False
2026-04-27 10:58:28,364 - INFO - logger.py:104 - info - ============================================================
2026-04-27 10:58:28,375 - INFO - logger.py:104 - info - 开始执行用例：verify_create_button
2026-04-27 10:58:28,393 - INFO - logger.py:104 - info - 用例ms的id：0
2026-04-27 10:58:28,399 - INFO - logger.py:104 - info - ============================================================
2026-04-27 10:58:28,406 - INFO - logger.py:104 - info - 开始登录 LD 项目...
2026-04-27 10:58:28,410 - INFO - logger.py:104 - info - 登录URL: https://test2.saas-test3.supcon.com:32188
2026-04-27 10:58:28,428 - INFO - logger.py:104 - info - 用户名: admin
2026-04-27 10:58:32,587 - INFO - logger.py:104 - info - 检查是否存在在线用户超限提示
2026-04-27 10:58:33,158 - INFO - logger.py:104 - info - 已自动点击在线用户提示的确定按钮
2026-04-27 10:58:39,200 - INFO - logger.py:104 - info - LD 项目登录成功！
2026-04-27 10:58:39,203 - INFO - logger.py:104 - info - 登录成功，导航到编码规则配置页面
2026-04-27 10:58:40,365 - INFO - logger.py:104 - info - 点击创建按钮，开始新增编码规则
2026-04-27 10:58:41,347 - INFO - logger.py:104 - info - 填写编码规则基本信息
2026-04-27 10:58:43,544 - INFO - logger.py:104 - info - 选择业务类型
2026-04-27 10:58:45,234 - INFO - logger.py:104 - info - 添加编码规则段配置
2026-04-27 10:59:16,451 - INFO - logger.py:104 - info - 保存规则并执行停用验证
2026-04-27 10:59:18,237 - INFO - logger.py:104 - info - 用例verify_create_button执行完成
2026-04-27 10:59:18,242 - INFO - logger.py:104 - info - 关闭页面
2026-04-27 10:59:18,265 - INFO - logger.py:104 - info - 关闭浏览器上下文
2026-04-27 10:59:18,332 - INFO - logger.py:104 - info - 关闭浏览器
2026-04-27 10:59:18,752 - INFO - logger.py:104 - info - 测试执行完成: TestVerifyCreateEncodingRule
2026-04-27 10:59:19,631 - ERROR - logger.py:112 - error - 生成Allure报告失败: Allure命令行工具未找到，请确保已安装并添加到系统PATH中
2026-04-27 10:59:19,632 - INFO - logger.py:104 - info - 测试执行完成，耗时: 55.68秒
2026-04-27 10:59:19,632 - INFO - logger.py:104 - info - 执行结果: 成功
