2026-05-09 14:24:49,322 - INFO - logger.py:104 - info - 开始执行测试
2026-05-09 14:24:49,323 - INFO - logger.py:104 - info - 使用单线程运行测试，避免Playwright Sync API在asyncio循环中的错误
2026-05-09 14:24:49,325 - INFO - logger.py:104 - info - Pytest执行参数: ['D:\\install\\auto_ui-master\\src\\testcase\\LD\\base_information', '-p', 'no:xdist', '--tb=short', '--tb=short', '--timeout=180', '--alluredir', 'reports\\allure_report_20260509_142449']
2026-05-09 14:24:51,817 - INFO - logger.py:104 - info - 开始执行测试: TestVerifyProdLineNameRejected
2026-05-09 14:24:51,828 - INFO - logger.py:104 - info - 启动浏览器: Chromium, 无头模式: False
2026-05-09 14:24:55,974 - INFO - logger.py:104 - info - ============================================================
2026-05-09 14:24:55,979 - INFO - logger.py:104 - info - 开始执行用例：verify_name_rejected
2026-05-09 14:24:55,982 - INFO - logger.py:104 - info - 用例ms ID：0
2026-05-09 14:24:55,985 - INFO - logger.py:104 - info - ============================================================
2026-05-09 14:24:55,988 - INFO - logger.py:104 - info - 执行公用登录
2026-05-09 14:24:55,991 - INFO - logger.py:104 - info - 开始登录 LD 项目...
2026-05-09 14:24:55,995 - INFO - logger.py:104 - info - 登录URL: https://test2.saas-test3.supcon.com:32188
2026-05-09 14:24:55,999 - INFO - logger.py:104 - info - 用户名: admin
2026-05-09 14:24:59,777 - INFO - logger.py:104 - info - 检查是否存在在线用户超限提示
2026-05-09 14:25:00,345 - INFO - logger.py:104 - info - 已自动点击在线用户提示的确定按钮
2026-05-09 14:25:06,362 - INFO - logger.py:104 - info - LD 项目登录成功！
2026-05-09 14:25:06,366 - INFO - logger.py:104 - info - 导航到产线设置页面
2026-05-09 14:25:08,276 - INFO - logger.py:104 - info - 打开新增产线弹窗
2026-05-09 14:25:09,057 - INFO - logger.py:104 - info - 填充产线基本信息
2026-05-09 14:25:10,139 - INFO - logger.py:104 - info - 选择关联设备
2026-05-09 14:25:12,710 - INFO - logger.py:104 - info - 选择关联部门
2026-05-09 14:25:14,855 - INFO - logger.py:104 - info - 提交表单，验证产线名称重复校验逻辑
2026-05-09 14:25:15,437 - INFO - logger.py:104 - info - 成功捕获'产线名称重复！'提示，校验通过
2026-05-09 14:25:15,440 - INFO - logger.py:104 - info - 关闭新增产线弹窗
2026-05-09 14:25:16,026 - INFO - logger.py:104 - info - 用例verify_name_rejected执行完成
2026-05-09 14:25:16,032 - INFO - logger.py:104 - info - 关闭页面
2026-05-09 14:25:16,054 - INFO - logger.py:104 - info - 关闭浏览器上下文
2026-05-09 14:25:16,115 - INFO - logger.py:104 - info - 关闭浏览器
2026-05-09 14:25:16,566 - INFO - logger.py:104 - info - 测试执行完成: TestVerifyProdLineNameRejected
2026-05-09 14:25:16,644 - INFO - logger.py:104 - info - 开始执行测试: TestVerifyWarehouseCreateUpdate
2026-05-09 14:25:16,649 - INFO - logger.py:104 - info - 启动浏览器: Chromium, 无头模式: False
2026-05-09 14:25:20,599 - INFO - logger.py:104 - info - ============================================================
2026-05-09 14:25:20,603 - INFO - logger.py:104 - info - 开始执行用例：verify_warehouse_create_update
2026-05-09 14:25:20,606 - INFO - logger.py:104 - info - 用例ms的id：101011
2026-05-09 14:25:20,608 - INFO - logger.py:104 - info - ============================================================
2026-05-09 14:25:20,611 - INFO - logger.py:104 - info - 完成系统登录
2026-05-09 14:25:20,615 - INFO - logger.py:104 - info - 开始登录 LD 项目...
2026-05-09 14:25:20,619 - INFO - logger.py:104 - info - 登录URL: https://test2.saas-test3.supcon.com:32188
2026-05-09 14:25:20,622 - INFO - logger.py:104 - info - 用户名: admin
2026-05-09 14:25:24,396 - INFO - logger.py:104 - info - 检查是否存在在线用户超限提示
2026-05-09 14:25:24,953 - INFO - logger.py:104 - info - 已自动点击在线用户提示的确定按钮
2026-05-09 14:25:30,977 - INFO - logger.py:104 - info - LD 项目登录成功！
2026-05-09 14:25:30,980 - INFO - logger.py:104 - info - 导航进入仓库管理页面
2026-05-09 14:25:32,845 - INFO - logger.py:104 - info - 点击创建按钮，打开创建仓库弹窗
2026-05-09 14:25:34,296 - INFO - logger.py:104 - info - 填写仓库编码和名称信息
2026-05-09 14:25:36,490 - INFO - logger.py:104 - info - 选择仓库配置项
2026-05-09 14:25:37,048 - INFO - logger.py:104 - info - 点击保存按钮完成创建
2026-05-09 14:25:37,741 - INFO - logger.py:104 - info - verify_warehouse_create_update用例执行完成
2026-05-09 14:25:37,749 - INFO - logger.py:104 - info - 关闭页面
2026-05-09 14:25:37,908 - INFO - logger.py:104 - info - 关闭浏览器上下文
2026-05-09 14:25:37,974 - INFO - logger.py:104 - info - 关闭浏览器
2026-05-09 14:25:38,382 - INFO - logger.py:104 - info - 测试执行完成: TestVerifyWarehouseCreateUpdate
2026-05-09 14:25:39,406 - ERROR - logger.py:112 - error - 生成Allure报告失败: Allure命令行工具未找到，请确保已安装并添加到系统PATH中
2026-05-09 14:25:39,407 - INFO - logger.py:104 - info - 测试执行完成，耗时: 50.05秒
2026-05-09 14:25:39,408 - INFO - logger.py:104 - info - 执行结果: 成功
