2026-05-11 09:20:44,995 - INFO - logger.py:104 - info - 开始执行测试
2026-05-11 09:20:44,995 - INFO - logger.py:104 - info - 使用单线程运行测试，避免Playwright Sync API在asyncio循环中的错误
2026-05-11 09:20:44,996 - INFO - logger.py:104 - info - Pytest执行参数: ['D:\\install\\auto_ui-master\\src\\testcase\\LD\\product_file\\test_product_picture.py', '-p', 'no:xdist', '--tb=short', '--tb=short', '--timeout=180', '--alluredir', 'reports\\allure_report_20260511_092044']
2026-05-11 09:20:46,726 - INFO - logger.py:104 - info - 开始执行测试: TestProductPicture
2026-05-11 09:20:46,735 - INFO - logger.py:104 - info - 启动浏览器: Chromium, 无头模式: False
2026-05-11 09:20:50,465 - INFO - logger.py:104 - info - ============================================================
2026-05-11 09:20:50,469 - INFO - logger.py:104 - info - 开始执行用例：product_picture
2026-05-11 09:20:50,473 - INFO - logger.py:104 - info - 用例ms的id：101210
2026-05-11 09:20:50,475 - INFO - logger.py:104 - info - ============================================================
2026-05-11 09:20:50,478 - INFO - logger.py:104 - info - 登录系统
2026-05-11 09:20:50,480 - INFO - logger.py:104 - info - 开始登录 LD 项目...
2026-05-11 09:20:50,484 - INFO - logger.py:104 - info - 登录URL: https://test2.saas-test3.supcon.com:32188
2026-05-11 09:20:50,486 - INFO - logger.py:104 - info - 用户名: admin
2026-05-11 09:20:54,301 - INFO - logger.py:104 - info - 检查是否存在在线用户超限提示
2026-05-11 09:20:54,869 - INFO - logger.py:104 - info - 已自动点击在线用户提示的确定按钮
2026-05-11 09:21:00,899 - INFO - logger.py:104 - info - LD 项目登录成功！
2026-05-11 09:21:00,903 - INFO - logger.py:104 - info - 进入产品档案页面
2026-05-11 09:21:02,136 - INFO - logger.py:104 - info - 点击新增产品按钮
2026-05-11 09:21:03,514 - INFO - logger.py:104 - info - 进入产品图片上传环节
2026-05-11 09:21:04,090 - INFO - logger.py:104 - info - 上传测试图片文件: D:\install\auto_ui-master\src\pages\LD\product_file\1.png
2026-05-11 09:21:04,620 - INFO - logger.py:104 - info - 等待图片上传处理完成
2026-05-11 09:21:06,636 - INFO - logger.py:104 - info - 点击预览图片
2026-05-11 09:21:07,339 - INFO - logger.py:104 - info - 关闭预览弹窗
2026-05-11 09:21:07,900 - INFO - logger.py:104 - info - 删除上传的图片
2026-05-11 09:21:08,462 - INFO - logger.py:104 - info - 用例product_picture执行完成
2026-05-11 09:21:08,466 - INFO - logger.py:104 - info - 关闭页面
2026-05-11 09:21:08,484 - INFO - logger.py:104 - info - 关闭浏览器上下文
2026-05-11 09:21:08,540 - INFO - logger.py:104 - info - 关闭浏览器
2026-05-11 09:21:08,900 - INFO - logger.py:104 - info - 测试执行完成: TestProductPicture
2026-05-11 09:21:09,867 - ERROR - logger.py:112 - error - 生成Allure报告失败: Allure命令行工具未找到，请确保已安装并添加到系统PATH中
2026-05-11 09:21:09,887 - INFO - logger.py:104 - info - 测试执行完成，耗时: 24.84秒
2026-05-11 09:21:09,888 - INFO - logger.py:104 - info - 执行结果: 成功
