2026-05-08 15:43:59,406 - INFO - logger.py:104 - info - 开始执行测试
2026-05-08 15:43:59,407 - INFO - logger.py:104 - info - 使用单线程运行测试，避免Playwright Sync API在asyncio循环中的错误
2026-05-08 15:43:59,407 - INFO - logger.py:104 - info - Pytest执行参数: ['D:\\install\\auto_ui-master\\src\\testcase\\LD\\customer_file\\test_import_empty.py', '-p', 'no:xdist', '--tb=short', '--tb=short', '--timeout=180', '--alluredir', 'reports\\allure_report_20260508_154359']
2026-05-08 15:44:01,450 - INFO - logger.py:104 - info - 开始执行测试: TestImportEmpty
2026-05-08 15:44:01,470 - INFO - logger.py:104 - info - 启动浏览器: Chromium, 无头模式: False
2026-05-08 15:44:04,655 - INFO - logger.py:104 - info - ============================================================
2026-05-08 15:44:04,660 - INFO - logger.py:104 - info - 开始执行用例：import_empty
2026-05-08 15:44:04,663 - INFO - logger.py:104 - info - 用例ms ID：101271
2026-05-08 15:44:04,668 - INFO - logger.py:104 - info - ============================================================
2026-05-08 15:44:04,671 - INFO - logger.py:104 - info - 测试文件: D:\install\auto_ui-master\src\data\LD\customer_file\客户资料_2026_04_24.xlsx
2026-05-08 15:44:04,677 - INFO - logger.py:104 - info - 调用公用登录方法登录系统
2026-05-08 15:44:04,684 - INFO - logger.py:104 - info - 开始登录 LD 项目...
2026-05-08 15:44:04,692 - INFO - logger.py:104 - info - 登录URL: https://test2.saas-test3.supcon.com:32188
2026-05-08 15:44:04,698 - INFO - logger.py:104 - info - 用户名: admin
2026-05-08 15:44:08,568 - INFO - logger.py:104 - info - 检查是否存在在线用户超限提示
2026-05-08 15:44:09,120 - INFO - logger.py:104 - info - 已自动点击在线用户提示的确定按钮
2026-05-08 15:44:15,151 - INFO - logger.py:104 - info - LD 项目登录成功！
2026-05-08 15:44:15,153 - INFO - logger.py:104 - info - 进入客户档案页面
2026-05-08 15:44:16,347 - INFO - logger.py:104 - info - 上传导入文件
2026-05-08 15:44:17,476 - INFO - logger.py:104 - info - 上传导入文件，确认导入
2026-05-08 15:44:18,593 - INFO - logger.py:104 - info - 等待导入完成
2026-05-08 15:44:21,623 - INFO - logger.py:104 - info - 关闭弹窗，用例执行完成
2026-05-08 15:44:22,185 - INFO - logger.py:104 - info - 关闭页面
2026-05-08 15:44:22,206 - INFO - logger.py:104 - info - 关闭浏览器上下文
2026-05-08 15:44:22,306 - INFO - logger.py:104 - info - 关闭浏览器
2026-05-08 15:44:22,752 - INFO - logger.py:104 - info - 测试执行完成: TestImportEmpty
2026-05-08 15:44:23,733 - ERROR - logger.py:112 - error - 生成Allure报告失败: Allure命令行工具未找到，请确保已安装并添加到系统PATH中
2026-05-08 15:44:23,735 - INFO - logger.py:104 - info - 测试执行完成，耗时: 24.30秒
2026-05-08 15:44:23,735 - INFO - logger.py:104 - info - 执行结果: 成功
