2026-04-24 14:00:55,503 - INFO - logger.py:104 - info - 开始执行测试
2026-04-24 14:00:55,503 - INFO - logger.py:104 - info - 使用单线程运行测试，避免Playwright Sync API在asyncio循环中的错误
2026-04-24 14:00:55,504 - INFO - logger.py:104 - info - Pytest执行参数: ['D:\\install\\auto_ui-master\\src\\testcase\\LD\\customer_file\\test_product_mapping_menu.py', '-p', 'no:xdist', '--tb=short', '--tb=short', '--timeout=180', '--alluredir', 'reports\\allure_report_20260424_140055']
2026-04-24 14:00:57,294 - INFO - logger.py:104 - info - 开始执行测试: TestProductMappingMenu
2026-04-24 14:00:57,343 - INFO - logger.py:104 - info - 启动浏览器: Chromium, 无头模式: False
2026-04-24 14:01:00,287 - INFO - logger.py:104 - info - ============================================================
2026-04-24 14:01:00,313 - INFO - logger.py:104 - info - 开始执行用例：product_mapping_menu
2026-04-24 14:01:00,317 - INFO - logger.py:104 - info - 用例ms的id：0
2026-04-24 14:01:00,325 - INFO - logger.py:104 - info - ============================================================
2026-04-24 14:01:00,329 - INFO - logger.py:104 - info - 开始登录 LD 项目...
2026-04-24 14:01:00,332 - INFO - logger.py:104 - info - 登录URL: https://test2.saas-test3.supcon.com:32188
2026-04-24 14:01:00,336 - INFO - logger.py:104 - info - 用户名: admin
2026-04-24 14:01:04,067 - INFO - logger.py:104 - info - 检查是否存在在线用户超限提示
2026-04-24 14:01:04,649 - INFO - logger.py:104 - info - 已自动点击在线用户提示的确定按钮
2026-04-24 14:01:10,953 - INFO - logger.py:104 - info - LD 项目登录成功！
2026-04-24 14:01:10,957 - INFO - logger.py:104 - info - 点击基础资料菜单
2026-04-24 14:01:11,646 - INFO - logger.py:104 - info - 点击客户档案菜单
2026-04-24 14:01:12,850 - INFO - logger.py:104 - info - 点击客户产品映射菜单
2026-04-24 14:01:14,739 - INFO - logger.py:104 - info - 验证页面加载完成
2026-04-24 14:01:15,302 - INFO - logger.py:104 - info - 关闭页面
2026-04-24 14:01:15,323 - INFO - logger.py:104 - info - 关闭浏览器上下文
2026-04-24 14:01:15,389 - INFO - logger.py:104 - info - 关闭浏览器
2026-04-24 14:01:16,059 - INFO - logger.py:104 - info - 测试执行完成: TestProductMappingMenu
2026-04-24 14:01:16,803 - ERROR - logger.py:112 - error - 生成Allure报告失败: Allure命令行工具未找到，请确保已安装并添加到系统PATH中
2026-04-24 14:01:16,804 - INFO - logger.py:104 - info - 测试执行完成，耗时: 21.28秒
2026-04-24 14:01:16,805 - INFO - logger.py:104 - info - 执行结果: 成功
