2026-04-22 10:34:46,488 - INFO - logger.py:104 - info - 开始执行测试
2026-04-22 10:34:46,488 - INFO - logger.py:104 - info - 使用单线程运行测试，避免Playwright Sync API在asyncio循环中的错误
2026-04-22 10:34:46,489 - INFO - logger.py:104 - info - Pytest执行参数: ['D:\\install\\auto_ui-master\\src\\testcase\\LD\\bom_management\\test_export_list.py', '-p', 'no:xdist', '--tb=short', '--tb=short', '--timeout=180', '--alluredir', 'reports\\allure_report_20260422_103446']
2026-04-22 10:34:52,632 - INFO - logger.py:104 - info - 开始执行测试: TestExportList
2026-04-22 10:34:52,734 - INFO - logger.py:104 - info - 启动浏览器: Chromium, 无头模式: False
2026-04-22 10:34:54,794 - INFO - logger.py:104 - info - ============================================================
2026-04-22 10:34:54,797 - INFO - logger.py:104 - info - 开始执行用例：export_list
2026-04-22 10:34:54,803 - INFO - logger.py:104 - info - 用例ms的id：0
2026-04-22 10:34:54,812 - INFO - logger.py:104 - info - ============================================================
2026-04-22 10:34:54,815 - INFO - logger.py:104 - info - 开始登录 LD 项目...
2026-04-22 10:34:54,819 - INFO - logger.py:104 - info - 登录URL: https://test2.saas-test3.supcon.com:32188
2026-04-22 10:34:54,826 - INFO - logger.py:104 - info - 用户名: admin
2026-04-22 10:35:08,439 - INFO - logger.py:104 - info - LD 项目登录成功！
2026-04-22 10:35:08,443 - INFO - logger.py:104 - info - 进入物料清单页面
2026-04-22 10:35:10,120 - INFO - logger.py:104 - info - 点击导出按钮打开导出配置弹窗
2026-04-22 10:35:10,862 - INFO - logger.py:104 - info - 点击确认导出，触发文件下载
2026-04-22 10:35:13,732 - INFO - logger.py:104 - info - 用例执行完成，物料清单导出成功
2026-04-22 10:35:13,740 - INFO - logger.py:104 - info - 关闭页面
2026-04-22 10:35:13,888 - INFO - logger.py:104 - info - 关闭浏览器上下文
2026-04-22 10:35:13,982 - INFO - logger.py:104 - info - 关闭浏览器
2026-04-22 10:35:14,722 - INFO - logger.py:104 - info - 测试执行完成: TestExportList
2026-04-22 10:35:16,137 - ERROR - logger.py:112 - error - 生成Allure报告失败: Allure命令行工具未找到，请确保已安装并添加到系统PATH中
2026-04-22 10:35:16,138 - INFO - logger.py:104 - info - 测试执行完成，耗时: 29.62秒
2026-04-22 10:35:16,139 - INFO - logger.py:104 - info - 执行结果: 成功
