2026-04-28 10:11:17,730 - INFO - logger.py:104 - info - 开始执行测试
2026-04-28 10:11:17,730 - INFO - logger.py:104 - info - 使用单线程运行测试，避免Playwright Sync API在asyncio循环中的错误
2026-04-28 10:11:17,731 - INFO - logger.py:104 - info - Pytest执行参数: ['D:\\install\\auto_ui-master\\src\\testcase\\LD\\system_configuration\\test_check_settings_list.py', '-p', 'no:xdist', '--tb=short', '--tb=short', '--timeout=180', '--alluredir', 'reports\\allure_report_20260428_101117']
2026-04-28 10:11:24,293 - INFO - logger.py:104 - info - 开始执行测试: TestCheckSettingsList
2026-04-28 10:11:24,307 - INFO - logger.py:104 - info - 启动浏览器: Chromium, 无头模式: False
2026-04-28 10:11:30,075 - INFO - logger.py:104 - info - ============================================================
2026-04-28 10:11:30,079 - INFO - logger.py:104 - info - 开始执行用例：check_settings_list
2026-04-28 10:11:30,083 - INFO - logger.py:104 - info - 用例ms的id：0
2026-04-28 10:11:30,085 - INFO - logger.py:104 - info - ============================================================
2026-04-28 10:11:30,087 - INFO - logger.py:104 - info - 调用公用登录方法完成登录
2026-04-28 10:11:30,089 - INFO - logger.py:104 - info - 开始登录 LD 项目...
2026-04-28 10:11:30,093 - INFO - logger.py:104 - info - 登录URL: https://test2.saas-test3.supcon.com:32188
2026-04-28 10:11:30,095 - INFO - logger.py:104 - info - 用户名: admin
2026-04-28 10:11:35,249 - INFO - logger.py:104 - info - 检查是否存在在线用户超限提示
2026-04-28 10:11:36,010 - INFO - logger.py:104 - info - 已自动点击在线用户提示的确定按钮
2026-04-28 10:11:42,066 - INFO - logger.py:104 - info - LD 项目登录成功！
2026-04-28 10:11:42,069 - INFO - logger.py:104 - info - 进入标签打印配置页面
2026-04-28 10:11:43,806 - INFO - logger.py:104 - info - 点击页面刷新按钮
2026-04-28 10:11:44,680 - INFO - logger.py:104 - info - 开始校验列表表头信息
2026-04-28 10:11:44,743 - INFO - logger.py:104 - info - 校验列表行操作按钮信息
2026-04-28 10:11:44,758 - INFO - logger.py:104 - info - 用例check_settings_list执行完成
2026-04-28 10:11:48,833 - INFO - logger.py:104 - info - 关闭页面
2026-04-28 10:11:48,858 - INFO - logger.py:104 - info - 关闭浏览器上下文
2026-04-28 10:11:48,924 - INFO - logger.py:104 - info - 关闭浏览器
2026-04-28 10:11:49,309 - INFO - logger.py:104 - info - 测试执行完成: TestCheckSettingsList
2026-04-28 10:11:56,732 - ERROR - logger.py:112 - error - 生成Allure报告失败: Allure命令行工具未找到，请确保已安装并添加到系统PATH中
2026-04-28 10:11:56,733 - INFO - logger.py:104 - info - 测试执行完成，耗时: 38.98秒
2026-04-28 10:11:56,733 - INFO - logger.py:104 - info - 执行结果: 成功
