2026-04-28 13:27:05,660 - INFO - logger.py:104 - info - 开始执行测试
2026-04-28 13:27:05,660 - INFO - logger.py:104 - info - 使用单线程运行测试，避免Playwright Sync API在asyncio循环中的错误
2026-04-28 13:27:05,660 - INFO - logger.py:104 - info - Pytest执行参数: ['D:\\install\\auto_ui-master\\src\\testcase\\LD\\printer_management\\test_verify_list_show.py', '-p', 'no:xdist', '--tb=short', '--tb=short', '--timeout=180', '--alluredir', 'reports\\allure_report_20260428_132705']
2026-04-28 13:27:07,455 - INFO - logger.py:104 - info - 开始执行测试: TestPrinterListShow
2026-04-28 13:27:07,466 - INFO - logger.py:104 - info - 启动浏览器: Chromium, 无头模式: False
2026-04-28 13:27:10,788 - INFO - logger.py:104 - info - ============================================================
2026-04-28 13:27:10,909 - INFO - logger.py:104 - info - 开始执行用例verify_list_show
2026-04-28 13:27:10,913 - INFO - logger.py:104 - info - 用例ms的id：0
2026-04-28 13:27:10,948 - INFO - logger.py:104 - info - ============================================================
2026-04-28 13:27:10,952 - INFO - logger.py:104 - info - 开始登录 LD 项目...
2026-04-28 13:27:10,957 - INFO - logger.py:104 - info - 登录URL: https://test2.saas-test3.supcon.com:32188
2026-04-28 13:27:10,960 - INFO - logger.py:104 - info - 用户名: admin
2026-04-28 13:27:19,087 - INFO - logger.py:104 - info - 检查是否存在在线用户超限提示
2026-04-28 13:27:24,144 - INFO - logger.py:104 - info - LD 项目登录成功！
2026-04-28 13:27:24,147 - INFO - logger.py:104 - info - 进入打印机管理菜单
2026-04-28 13:27:25,933 - INFO - logger.py:104 - info - 点击iframe内查询图标
2026-04-28 13:27:26,695 - INFO - logger.py:104 - info - 验证页面元素可见性
2026-04-28 13:27:26,728 - INFO - logger.py:104 - info - 用例verify_list_show执行完成
2026-04-28 13:27:26,732 - INFO - logger.py:104 - info - 关闭页面
2026-04-28 13:27:26,753 - INFO - logger.py:104 - info - 关闭浏览器上下文
2026-04-28 13:27:26,815 - INFO - logger.py:104 - info - 关闭浏览器
2026-04-28 13:27:27,167 - INFO - logger.py:104 - info - 测试执行完成: TestPrinterListShow
2026-04-28 13:27:28,003 - ERROR - logger.py:112 - error - 生成Allure报告失败: Allure命令行工具未找到，请确保已安装并添加到系统PATH中
2026-04-28 13:27:28,004 - INFO - logger.py:104 - info - 测试执行完成，耗时: 22.32秒
2026-04-28 13:27:28,004 - INFO - logger.py:104 - info - 执行结果: 成功
