2026-05-07 16:21:19,407 - INFO - logger.py:104 - info - 开始执行测试
2026-05-07 16:21:19,407 - INFO - logger.py:104 - info - 使用单线程运行测试，避免Playwright Sync API在asyncio循环中的错误
2026-05-07 16:21:19,408 - INFO - logger.py:104 - info - Pytest执行参数: ['D:\\install\\auto_ui-master\\src\\testcase\\LD\\code_rule_config\\test_verify_other_inbound_initialization.py', '-p', 'no:xdist', '--tb=short', '--tb=short', '--timeout=180', '--alluredir', 'reports\\allure_report_20260507_162119']
2026-05-07 16:21:21,367 - INFO - logger.py:104 - info - 开始执行测试: TestVerifyOtherInboundInitialization
2026-05-07 16:21:21,376 - INFO - logger.py:104 - info - 启动浏览器: Chromium, 无头模式: False
2026-05-07 16:21:24,675 - INFO - logger.py:104 - info - ============================================================
2026-05-07 16:21:24,721 - INFO - logger.py:104 - info - 开始执行用例：verify_other_inbound_initialization
2026-05-07 16:21:24,736 - INFO - logger.py:104 - info - 用例ms的id：0
2026-05-07 16:21:24,772 - INFO - logger.py:104 - info - ============================================================
2026-05-07 16:21:24,782 - INFO - logger.py:104 - info - 开始登录 LD 项目...
2026-05-07 16:21:24,789 - INFO - logger.py:104 - info - 登录URL: https://test2.saas-test3.supcon.com:32188
2026-05-07 16:21:24,793 - INFO - logger.py:104 - info - 用户名: admin
2026-05-07 16:21:28,453 - INFO - logger.py:104 - info - 检查是否存在在线用户超限提示
2026-05-07 16:21:29,030 - INFO - logger.py:104 - info - 已自动点击在线用户提示的确定按钮
2026-05-07 16:21:35,058 - INFO - logger.py:104 - info - LD 项目登录成功！
2026-05-07 16:21:35,061 - INFO - logger.py:104 - info - 进入编码规则配置菜单
2026-05-07 16:21:36,185 - INFO - logger.py:104 - info - 等待规则列表加载
2026-05-07 16:21:37,192 - INFO - logger.py:104 - info - 查找第一个业务类型为'其它入库批号'的规则
2026-05-07 16:21:42,417 - INFO - logger.py:104 - info - 关闭页面
2026-05-07 16:21:42,427 - INFO - logger.py:104 - info - 关闭浏览器上下文
2026-05-07 16:21:42,448 - INFO - logger.py:104 - info - 关闭浏览器
2026-05-07 16:21:42,770 - INFO - logger.py:104 - info - 测试执行完成: TestVerifyOtherInboundInitialization
2026-05-07 16:21:44,164 - ERROR - logger.py:112 - error - 生成Allure报告失败: Allure命令行工具未找到，请确保已安装并添加到系统PATH中
2026-05-07 16:21:44,165 - INFO - logger.py:104 - info - 测试执行完成，耗时: 24.73秒
2026-05-07 16:21:44,165 - INFO - logger.py:104 - info - 执行结果: 失败
