2026-04-24 09:21:24,365 - INFO - logger.py:104 - info - 开始执行测试
2026-04-24 09:21:24,366 - INFO - logger.py:104 - info - 使用单线程运行测试，避免Playwright Sync API在asyncio循环中的错误
2026-04-24 09:21:24,366 - INFO - logger.py:104 - info - Pytest执行参数: ['D:\\install\\auto_ui-master\\src\\testcase\\LD\\customer_file\\test_verify_import.py', '-p', 'no:xdist', '--tb=short', '--tb=short', '--timeout=180', '--alluredir', 'reports\\allure_report_20260424_092124']
2026-04-24 09:21:26,157 - INFO - logger.py:104 - info - 开始执行测试: TestVerifyImport
2026-04-24 09:21:26,168 - INFO - logger.py:104 - info - 启动浏览器: Chromium, 无头模式: False
2026-04-24 09:21:28,437 - INFO - logger.py:104 - info - ============================================================
2026-04-24 09:21:28,631 - INFO - logger.py:104 - info - 开始执行用例：verify_import
2026-04-24 09:21:28,638 - INFO - logger.py:104 - info - 用例ms的id：0
2026-04-24 09:21:28,640 - INFO - logger.py:104 - info - ============================================================
2026-04-24 09:21:28,643 - INFO - logger.py:104 - info - 开始登录 LD 项目...
2026-04-24 09:21:28,645 - INFO - logger.py:104 - info - 登录URL: https://test2.saas-test3.supcon.com:32188
2026-04-24 09:21:28,648 - INFO - logger.py:104 - info - 用户名: admin
2026-04-24 09:21:36,605 - INFO - logger.py:104 - info - 检查是否存在在线用户超限提示
2026-04-24 09:21:41,646 - INFO - logger.py:104 - info - LD 项目登录成功！
2026-04-24 09:21:41,648 - INFO - logger.py:104 - info - 登录成功，进入客户档案页面
2026-04-24 09:21:42,789 - INFO - logger.py:104 - info - 测试文件: D:\install\auto_ui-master\src\data\LD\customer_file\客户资料_2026_04_24.xls
2026-04-24 09:21:42,792 - INFO - logger.py:104 - info - 开始导入客户档案文件
2026-04-24 09:22:13,697 - INFO - logger.py:104 - info - 关闭页面
2026-04-24 09:22:13,713 - INFO - logger.py:104 - info - 关闭浏览器上下文
2026-04-24 09:22:13,743 - INFO - logger.py:104 - info - 关闭浏览器
2026-04-24 09:22:13,984 - INFO - logger.py:104 - info - 测试执行完成: TestVerifyImport
2026-04-24 09:22:14,637 - ERROR - logger.py:112 - error - 生成Allure报告失败: Allure命令行工具未找到，请确保已安装并添加到系统PATH中
2026-04-24 09:22:14,638 - INFO - logger.py:104 - info - 测试执行完成，耗时: 50.24秒
2026-04-24 09:22:14,638 - INFO - logger.py:104 - info - 执行结果: 失败
