2026-05-07 16:37:08,894 - INFO - logger.py:104 - info - 开始执行测试
2026-05-07 16:37:08,895 - INFO - logger.py:104 - info - 使用单线程运行测试，避免Playwright Sync API在asyncio循环中的错误
2026-05-07 16:37:08,895 - INFO - logger.py:104 - info - Pytest执行参数: ['D:\\install\\auto_ui-master\\src\\testcase\\LD\\code_rule_config\\test_verify_purchase_inbound_initialization.py', '-p', 'no:xdist', '--tb=short', '--tb=short', '--timeout=180', '--alluredir', 'reports\\allure_report_20260507_163708']
2026-05-07 16:37:10,496 - INFO - logger.py:104 - info - 开始执行测试: TestVerifyCodingRuleConfig
2026-05-07 16:37:10,528 - INFO - logger.py:104 - info - 启动浏览器: Chromium, 无头模式: False
2026-05-07 16:37:13,942 - INFO - logger.py:104 - info - ============================================================
2026-05-07 16:37:13,947 - INFO - logger.py:104 - info - 开始执行verify_purchase_inbound_initialization
2026-05-07 16:37:13,951 - INFO - logger.py:104 - info - 用例ms的id：0
2026-05-07 16:37:13,956 - INFO - logger.py:104 - info - ============================================================
2026-05-07 16:37:13,960 - INFO - logger.py:104 - info - 开始登录 LD 项目...
2026-05-07 16:37:13,962 - INFO - logger.py:104 - info - 登录URL: https://test2.saas-test3.supcon.com:32188
2026-05-07 16:37:13,965 - INFO - logger.py:104 - info - 用户名: admin
2026-05-07 16:37:17,607 - INFO - logger.py:104 - info - 检查是否存在在线用户超限提示
2026-05-07 16:37:18,245 - INFO - logger.py:104 - info - 已自动点击在线用户提示的确定按钮
2026-05-07 16:37:24,269 - INFO - logger.py:104 - info - LD 项目登录成功！
2026-05-07 16:37:24,272 - INFO - logger.py:104 - info - 导航进入编码规则配置页面
2026-05-07 16:37:25,460 - INFO - logger.py:104 - info - 等待规则列表加载
2026-05-07 16:37:26,479 - INFO - logger.py:104 - info - 查找第一个业务类型为'采购入库批号'的规则
2026-05-07 16:37:26,510 - INFO - logger.py:104 - info - 成功定位到第一个业务类型为'采购入库批号'的规则
2026-05-07 16:37:26,513 - INFO - logger.py:104 - info - 点击目标行的'查看'按钮
2026-05-07 16:37:27,178 - INFO - logger.py:104 - info - 完成查看，点击返回
2026-05-07 16:37:27,727 - INFO - logger.py:104 - info - verify_purchase_inbound_initialization 用例执行完成
2026-05-07 16:37:27,734 - INFO - logger.py:104 - info - 关闭页面
2026-05-07 16:37:27,750 - INFO - logger.py:104 - info - 关闭浏览器上下文
2026-05-07 16:37:27,795 - INFO - logger.py:104 - info - 关闭浏览器
2026-05-07 16:37:28,164 - INFO - logger.py:104 - info - 测试执行完成: TestVerifyCodingRuleConfig
2026-05-07 16:37:28,662 - ERROR - logger.py:112 - error - 生成Allure报告失败: Allure命令行工具未找到，请确保已安装并添加到系统PATH中
2026-05-07 16:37:28,663 - INFO - logger.py:104 - info - 测试执行完成，耗时: 19.75秒
2026-05-07 16:37:28,663 - INFO - logger.py:104 - info - 执行结果: 成功
