2026-05-07 17:04:22,517 - INFO - logger.py:104 - info - 开始执行测试
2026-05-07 17:04:22,520 - INFO - logger.py:104 - info - 使用单线程运行测试，避免Playwright Sync API在asyncio循环中的错误
2026-05-07 17:04:22,520 - INFO - logger.py:104 - info - Pytest执行参数: ['D:\\install\\auto_ui-master\\src\\testcase\\LD\\printer_management\\test_verify_create_save.py', '-p', 'no:xdist', '--tb=short', '--tb=short', '--timeout=180', '--alluredir', 'reports\\allure_report_20260507_170422']
2026-05-07 17:04:24,778 - INFO - logger.py:104 - info - 开始执行测试: TestVerifyCreateSave
2026-05-07 17:04:24,787 - INFO - logger.py:104 - info - 启动浏览器: Chromium, 无头模式: False
2026-05-07 17:04:27,926 - INFO - logger.py:104 - info - ============================================================
2026-05-07 17:04:27,929 - INFO - logger.py:104 - info - 开始执行用例：verify_create_save
2026-05-07 17:04:27,930 - INFO - logger.py:104 - info - 用例ms的id：0
2026-05-07 17:04:27,932 - INFO - logger.py:104 - info - ============================================================
2026-05-07 17:04:27,935 - INFO - logger.py:104 - info - 完成系统登录
2026-05-07 17:04:27,938 - INFO - logger.py:104 - info - 开始登录 LD 项目...
2026-05-07 17:04:27,941 - INFO - logger.py:104 - info - 登录URL: https://test2.saas-test3.supcon.com:32188
2026-05-07 17:04:27,944 - INFO - logger.py:104 - info - 用户名: admin
2026-05-07 17:04:31,737 - INFO - logger.py:104 - info - 检查是否存在在线用户超限提示
2026-05-07 17:04:32,314 - INFO - logger.py:104 - info - 已自动点击在线用户提示的确定按钮
2026-05-07 17:04:38,335 - INFO - logger.py:104 - info - LD 项目登录成功！
2026-05-07 17:04:38,338 - INFO - logger.py:104 - info - 导航进入打印机管理菜单
2026-05-07 17:04:40,137 - INFO - logger.py:104 - info - 点击新增按钮，填写打印机信息
2026-05-07 17:04:43,875 - INFO - logger.py:104 - info - 点击保存按钮完成新增
2026-05-07 17:04:44,442 - INFO - logger.py:104 - info - 用例verify_create_save执行完成
2026-05-07 17:04:44,446 - INFO - logger.py:104 - info - 关闭页面
2026-05-07 17:04:44,465 - INFO - logger.py:104 - info - 关闭浏览器上下文
2026-05-07 17:04:44,527 - INFO - logger.py:104 - info - 关闭浏览器
2026-05-07 17:04:44,903 - INFO - logger.py:104 - info - 测试执行完成: TestVerifyCreateSave
2026-05-07 17:04:45,600 - ERROR - logger.py:112 - error - 生成Allure报告失败: Allure命令行工具未找到，请确保已安装并添加到系统PATH中
2026-05-07 17:04:45,601 - INFO - logger.py:104 - info - 测试执行完成，耗时: 23.06秒
2026-05-07 17:04:45,601 - INFO - logger.py:104 - info - 执行结果: 成功
