2026-04-24 14:54:30,243 - INFO - logger.py:104 - info - 开始执行测试
2026-04-24 14:54:30,244 - INFO - logger.py:104 - info - 使用单线程运行测试，避免Playwright Sync API在asyncio循环中的错误
2026-04-24 14:54:30,244 - INFO - logger.py:104 - info - Pytest执行参数: ['D:\\install\\auto_ui-master\\src\\testcase\\LD\\customer_file\\test_verify_import_button.py', '-p', 'no:xdist', '--tb=short', '--tb=short', '--timeout=180', '--alluredir', 'reports\\allure_report_20260424_145430']
2026-04-24 14:54:32,055 - INFO - logger.py:104 - info - 开始执行测试: TestVerifyImportButton
2026-04-24 14:54:32,069 - INFO - logger.py:104 - info - 启动浏览器: Chromium, 无头模式: False
2026-04-24 14:54:34,564 - INFO - logger.py:104 - info - ============================================================
2026-04-24 14:54:34,572 - INFO - logger.py:104 - info - 开始执行用例：verify_import_button
2026-04-24 14:54:34,604 - INFO - logger.py:104 - info - 用例ms的id：0
2026-04-24 14:54:34,619 - INFO - logger.py:104 - info - ============================================================
2026-04-24 14:54:34,623 - INFO - logger.py:104 - info - 开始登录 LD 项目...
2026-04-24 14:54:34,629 - INFO - logger.py:104 - info - 登录URL: https://test2.saas-test3.supcon.com:32188
2026-04-24 14:54:34,636 - INFO - logger.py:104 - info - 用户名: admin
2026-04-24 14:54:38,899 - INFO - logger.py:104 - info - 检查是否存在在线用户超限提示
2026-04-24 14:54:39,487 - INFO - logger.py:104 - info - 已自动点击在线用户提示的确定按钮
2026-04-24 14:54:45,507 - INFO - logger.py:104 - info - LD 项目登录成功！
2026-04-24 14:54:45,511 - INFO - logger.py:104 - info - 系统登录完成
2026-04-24 14:54:45,513 - INFO - logger.py:104 - info - 导航进入客户档案页面
2026-04-24 14:54:46,704 - INFO - logger.py:104 - info - 点击导入按钮唤起导入弹窗
2026-04-24 14:54:47,753 - INFO - logger.py:104 - info - 点击导入说明区域完成交互
2026-04-24 14:54:48,329 - INFO - logger.py:104 - info - verify_import_button用例执行完成
2026-04-24 14:54:48,337 - INFO - logger.py:104 - info - 关闭页面
2026-04-24 14:54:48,357 - INFO - logger.py:104 - info - 关闭浏览器上下文
2026-04-24 14:54:48,414 - INFO - logger.py:104 - info - 关闭浏览器
2026-04-24 14:54:48,737 - INFO - logger.py:104 - info - 测试执行完成: TestVerifyImportButton
2026-04-24 14:54:49,789 - ERROR - logger.py:112 - error - 生成Allure报告失败: Allure命令行工具未找到，请确保已安装并添加到系统PATH中
2026-04-24 14:54:49,790 - INFO - logger.py:104 - info - 测试执行完成，耗时: 19.52秒
2026-04-24 14:54:49,790 - INFO - logger.py:104 - info - 执行结果: 成功
