2026-05-09 14:46:10,430 - INFO - logger.py:104 - info - 开始执行测试
2026-05-09 14:46:10,431 - INFO - logger.py:104 - info - 使用单线程运行测试，避免Playwright Sync API在asyncio循环中的错误
2026-05-09 14:46:10,431 - INFO - logger.py:104 - info - Pytest执行参数: ['D:\\install\\auto_ui-master\\src\\testcase\\LD\\code_rule_config\\test_verify_create_button.py', '-p', 'no:xdist', '--tb=short', '--tb=short', '--timeout=180', '--alluredir', 'reports\\allure_report_20260509_144610']
2026-05-09 14:46:12,406 - INFO - logger.py:104 - info - 开始执行测试: TestVerifyCreateButton
2026-05-09 14:46:12,413 - INFO - logger.py:104 - info - 启动浏览器: Chromium, 无头模式: False
2026-05-09 14:46:16,669 - INFO - logger.py:104 - info - ============================================================
2026-05-09 14:46:16,672 - INFO - logger.py:104 - info - 开始执行verify_create_button
2026-05-09 14:46:16,699 - INFO - logger.py:104 - info - 用例ms的id：0
2026-05-09 14:46:16,703 - INFO - logger.py:104 - info - ============================================================
2026-05-09 14:46:16,723 - INFO - logger.py:104 - info - 开始登录 LD 项目...
2026-05-09 14:46:16,727 - INFO - logger.py:104 - info - 登录URL: https://test2.saas-test3.supcon.com:32188
2026-05-09 14:46:16,730 - INFO - logger.py:104 - info - 用户名: admin
2026-05-09 14:46:20,599 - INFO - logger.py:104 - info - 检查是否存在在线用户超限提示
2026-05-09 14:46:21,163 - INFO - logger.py:104 - info - 已自动点击在线用户提示的确定按钮
2026-05-09 14:46:27,195 - INFO - logger.py:104 - info - LD 项目登录成功！
2026-05-09 14:46:27,199 - INFO - logger.py:104 - info - 系统登录完成
2026-05-09 14:46:27,201 - INFO - logger.py:104 - info - 进入编码规则配置页面
2026-05-09 14:46:28,450 - INFO - logger.py:104 - info - 打开新增编码规则弹窗，填写基础信息
2026-05-09 14:46:31,768 - INFO - logger.py:104 - info - 定位业务类型下拉框
2026-05-09 14:46:31,769 - INFO - logger.py:104 - info - 点击业务类型下拉框
2026-05-09 14:46:32,707 - INFO - logger.py:104 - info - 关闭页面
2026-05-09 14:46:32,728 - INFO - logger.py:104 - info - 关闭浏览器上下文
2026-05-09 14:46:32,820 - INFO - logger.py:104 - info - 关闭浏览器
2026-05-09 14:46:33,222 - INFO - logger.py:104 - info - 测试执行完成: TestVerifyCreateButton
2026-05-09 14:46:34,637 - ERROR - logger.py:112 - error - 生成Allure报告失败: Allure命令行工具未找到，请确保已安装并添加到系统PATH中
2026-05-09 14:46:34,638 - INFO - logger.py:104 - info - 测试执行完成，耗时: 24.18秒
2026-05-09 14:46:34,638 - INFO - logger.py:104 - info - 执行结果: 失败
