2026-04-27 11:08:41,390 - INFO - logger.py:104 - info - 开始执行测试
2026-04-27 11:08:41,392 - INFO - logger.py:104 - info - 使用单线程运行测试，避免Playwright Sync API在asyncio循环中的错误
2026-04-27 11:08:41,392 - INFO - logger.py:104 - info - Pytest执行参数: ['D:\\install\\auto_ui-master\\src\\testcase\\LD\\code_rule_config\\test_verify_create_button.py', '-p', 'no:xdist', '--tb=short', '--tb=short', '--timeout=180', '--alluredir', 'reports\\allure_report_20260427_110841']
2026-04-27 11:08:43,016 - INFO - logger.py:104 - info - 开始执行测试: TestVerifyCreateButton
2026-04-27 11:08:43,035 - INFO - logger.py:104 - info - 启动浏览器: Chromium, 无头模式: False
2026-04-27 11:08:45,521 - INFO - logger.py:104 - info - ============================================================
2026-04-27 11:08:45,524 - INFO - logger.py:104 - info - 开始执行verify_create_button
2026-04-27 11:08:45,529 - INFO - logger.py:104 - info - 用例ms的id：0
2026-04-27 11:08:45,533 - INFO - logger.py:104 - info - ============================================================
2026-04-27 11:08:45,538 - INFO - logger.py:104 - info - 开始登录 LD 项目...
2026-04-27 11:08:45,545 - INFO - logger.py:104 - info - 登录URL: https://test2.saas-test3.supcon.com:32188
2026-04-27 11:08:45,549 - INFO - logger.py:104 - info - 用户名: admin
2026-04-27 11:08:49,632 - INFO - logger.py:104 - info - 检查是否存在在线用户超限提示
2026-04-27 11:08:50,213 - INFO - logger.py:104 - info - 已自动点击在线用户提示的确定按钮
2026-04-27 11:08:56,241 - INFO - logger.py:104 - info - LD 项目登录成功！
2026-04-27 11:08:56,245 - INFO - logger.py:104 - info - 系统登录完成
2026-04-27 11:08:56,246 - INFO - logger.py:104 - info - 进入编码规则配置页面
2026-04-27 11:08:57,420 - INFO - logger.py:104 - info - 打开新增编码规则弹窗
2026-04-27 11:08:58,481 - INFO - logger.py:104 - info - 填写编码规则基础信息
2026-04-27 11:09:01,268 - INFO - logger.py:104 - info - 选择业务类型
2026-04-27 11:09:15,197 - INFO - logger.py:104 - info - 关闭页面
2026-04-27 11:09:15,218 - INFO - logger.py:104 - info - 关闭浏览器上下文
2026-04-27 11:09:15,253 - INFO - logger.py:104 - info - 关闭浏览器
2026-04-27 11:09:15,575 - INFO - logger.py:104 - info - 测试执行完成: TestVerifyCreateButton
2026-04-27 11:09:16,169 - ERROR - logger.py:112 - error - 生成Allure报告失败: Allure命令行工具未找到，请确保已安装并添加到系统PATH中
2026-04-27 11:09:16,170 - INFO - logger.py:104 - info - 测试执行完成，耗时: 34.75秒
2026-04-27 11:09:16,170 - INFO - logger.py:104 - info - 执行结果: 失败
