2026-04-27 14:55:54,395 - INFO - logger.py:104 - info - 开始执行测试
2026-04-27 14:55:54,395 - INFO - logger.py:104 - info - 使用单线程运行测试，避免Playwright Sync API在asyncio循环中的错误
2026-04-27 14:55:54,396 - INFO - logger.py:104 - info - Pytest执行参数: ['D:\\install\\auto_ui-master\\src\\testcase\\LD\\code_rule_config\\test_verify_production_inbound_rule.py', '-p', 'no:xdist', '--tb=short', '--tb=short', '--timeout=180', '--alluredir', 'reports\\allure_report_20260427_145554']
2026-04-27 14:55:56,080 - INFO - logger.py:104 - info - 开始执行测试: TestVerifyProductionInboundRule
2026-04-27 14:55:56,102 - INFO - logger.py:104 - info - 启动浏览器: Chromium, 无头模式: False
2026-04-27 14:55:58,852 - INFO - logger.py:104 - info - ============================================================
2026-04-27 14:55:58,864 - INFO - logger.py:104 - info - 开始执行用例verify_production_inbound_rule
2026-04-27 14:55:58,880 - INFO - logger.py:104 - info - 用例ms的id：0
2026-04-27 14:55:58,886 - INFO - logger.py:104 - info - ============================================================
2026-04-27 14:55:58,891 - INFO - logger.py:104 - info - 开始登录 LD 项目...
2026-04-27 14:55:58,901 - INFO - logger.py:104 - info - 登录URL: https://test2.saas-test3.supcon.com:32188
2026-04-27 14:55:58,910 - INFO - logger.py:104 - info - 用户名: admin
2026-04-27 14:56:03,011 - INFO - logger.py:104 - info - 检查是否存在在线用户超限提示
2026-04-27 14:56:03,613 - INFO - logger.py:104 - info - 已自动点击在线用户提示的确定按钮
2026-04-27 14:56:09,639 - INFO - logger.py:104 - info - LD 项目登录成功！
2026-04-27 14:56:09,643 - INFO - logger.py:104 - info - 进入编码规则配置菜单
2026-04-27 14:56:10,783 - INFO - logger.py:104 - info - 查看AA0004编码规则
2026-04-27 14:56:12,935 - INFO - logger.py:104 - info - 查看SCRKPH编码规则
2026-04-27 14:56:14,702 - INFO - logger.py:104 - info - ============================================================
2026-04-27 14:56:14,705 - INFO - logger.py:104 - info - 用例verify_production_inbound_rule执行完成
2026-04-27 14:56:14,707 - INFO - logger.py:104 - info - ============================================================
2026-04-27 14:56:14,712 - INFO - logger.py:104 - info - 关闭页面
2026-04-27 14:56:14,758 - INFO - logger.py:104 - info - 关闭浏览器上下文
2026-04-27 14:56:14,796 - INFO - logger.py:104 - info - 关闭浏览器
2026-04-27 14:56:15,118 - INFO - logger.py:104 - info - 测试执行完成: TestVerifyProductionInboundRule
2026-04-27 14:56:15,860 - ERROR - logger.py:112 - error - 生成Allure报告失败: Allure命令行工具未找到，请确保已安装并添加到系统PATH中
2026-04-27 14:56:15,861 - INFO - logger.py:104 - info - 测试执行完成，耗时: 21.44秒
2026-04-27 14:56:15,862 - INFO - logger.py:104 - info - 执行结果: 成功
