2026-05-08 14:28:37,740 - INFO - logger.py:104 - info - 开始执行测试
2026-05-08 14:28:37,741 - INFO - logger.py:104 - info - 使用单线程运行测试，避免Playwright Sync API在asyncio循环中的错误
2026-05-08 14:28:37,741 - INFO - logger.py:104 - info - Pytest执行参数: ['D:\\install\\auto_ui-master\\src\\testcase\\LD\\product_file\\test_batch_create.py', '-p', 'no:xdist', '--tb=short', '--tb=short', '--timeout=180', '--alluredir', 'reports\\allure_report_20260508_142837']
2026-05-08 14:28:39,434 - INFO - logger.py:104 - info - 开始执行测试: TestBatchCreateProduct
2026-05-08 14:28:39,501 - INFO - logger.py:104 - info - 启动浏览器: Chromium, 无头模式: False
2026-05-08 14:28:43,373 - INFO - logger.py:104 - info - ============================================================
2026-05-08 14:28:43,378 - INFO - logger.py:104 - info - 开始执行test_batch_create
2026-05-08 14:28:43,381 - INFO - logger.py:104 - info - 用例ms的id：0
2026-05-08 14:28:43,384 - INFO - logger.py:104 - info - ============================================================
2026-05-08 14:28:43,388 - INFO - logger.py:104 - info - 开始登录 LD 项目...
2026-05-08 14:28:43,397 - INFO - logger.py:104 - info - 登录URL: https://test2.saas-test3.supcon.com:32188
2026-05-08 14:28:43,404 - INFO - logger.py:104 - info - 用户名: admin
2026-05-08 14:28:47,368 - INFO - logger.py:104 - info - 检查是否存在在线用户超限提示
2026-05-08 14:28:47,954 - INFO - logger.py:104 - info - 已自动点击在线用户提示的确定按钮
2026-05-08 14:28:53,973 - INFO - logger.py:104 - info - LD 项目登录成功！
2026-05-08 14:28:53,977 - INFO - logger.py:104 - info - 进入基础资料-产品档案模块
2026-05-08 14:28:55,318 - INFO - logger.py:104 - info - 点击批量创建按钮
2026-05-08 14:28:57,117 - INFO - logger.py:104 - info - 断言批量创建表单区域可见
2026-05-08 14:28:57,139 - INFO - logger.py:104 - info - batch_create执行完成
2026-05-08 14:28:57,144 - INFO - logger.py:104 - info - 关闭页面
2026-05-08 14:28:57,164 - INFO - logger.py:104 - info - 关闭浏览器上下文
2026-05-08 14:28:57,229 - INFO - logger.py:104 - info - 关闭浏览器
2026-05-08 14:28:57,631 - INFO - logger.py:104 - info - 测试执行完成: TestBatchCreateProduct
2026-05-08 14:28:59,071 - ERROR - logger.py:112 - error - 生成Allure报告失败: Allure命令行工具未找到，请确保已安装并添加到系统PATH中
2026-05-08 14:28:59,073 - INFO - logger.py:104 - info - 测试执行完成，耗时: 21.30秒
2026-05-08 14:28:59,073 - INFO - logger.py:104 - info - 执行结果: 成功
