2026-04-21 15:32:05,803 - INFO - logger.py:104 - info - 开始执行测试
2026-04-21 15:32:05,803 - INFO - logger.py:104 - info - 使用单线程运行测试，避免Playwright Sync API在asyncio循环中的错误
2026-04-21 15:32:05,804 - INFO - logger.py:104 - info - Pytest执行参数: ['D:\\install\\auto_ui-master\\src\\testcase\\LD\\product_file\\test_copy.py', '-p', 'no:xdist', '--tb=short', '--tb=short', '--timeout=180', '--alluredir', 'reports\\allure_report_20260421_153205']
2026-04-21 15:32:08,081 - INFO - logger.py:104 - info - 开始执行测试: TestCopyProduct
2026-04-21 15:32:08,089 - INFO - logger.py:104 - info - 启动浏览器: Chromium, 无头模式: False
2026-04-21 15:32:10,432 - INFO - logger.py:104 - info - ============================================================
2026-04-21 15:32:10,454 - INFO - logger.py:104 - info - 开始执行用例：copy
2026-04-21 15:32:10,457 - INFO - logger.py:104 - info - 用例ms的id：0
2026-04-21 15:32:10,464 - INFO - logger.py:104 - info - ============================================================
2026-04-21 15:32:10,484 - INFO - logger.py:104 - info - 开始登录 LD 项目...
2026-04-21 15:32:10,488 - INFO - logger.py:104 - info - 登录URL: https://test2.saas-test3.supcon.com:32188
2026-04-21 15:32:10,491 - INFO - logger.py:104 - info - 用户名: admin
2026-04-21 15:32:23,286 - INFO - logger.py:104 - info - LD 项目登录成功！
2026-04-21 15:32:23,289 - INFO - logger.py:104 - info - 进入产品档案页面
2026-04-21 15:32:24,452 - INFO - logger.py:104 - info - 验证操作列和复制按钮可用性
2026-04-21 15:32:25,577 - INFO - logger.py:104 - info - 点击第一个产品的复制按钮
2026-04-21 15:32:26,275 - INFO - logger.py:104 - info - 验证复制带出的产品基础信息可见
2026-04-21 15:32:26,298 - INFO - logger.py:104 - info - 点击保存复制的产品信息
2026-04-21 15:32:27,163 - INFO - logger.py:104 - info - 验证保存成功，返回产品档案列表页
2026-04-21 15:32:27,208 - INFO - logger.py:104 - info - 用例copy执行完成
2026-04-21 15:32:27,229 - INFO - logger.py:104 - info - 关闭页面
2026-04-21 15:32:27,269 - INFO - logger.py:104 - info - 关闭浏览器上下文
2026-04-21 15:32:27,347 - INFO - logger.py:104 - info - 关闭浏览器
2026-04-21 15:32:27,927 - INFO - logger.py:104 - info - 测试执行完成: TestCopyProduct
2026-04-21 15:32:28,804 - ERROR - logger.py:112 - error - 生成Allure报告失败: Allure命令行工具未找到，请确保已安装并添加到系统PATH中
2026-04-21 15:32:28,805 - INFO - logger.py:104 - info - 测试执行完成，耗时: 22.98秒
2026-04-21 15:32:28,806 - INFO - logger.py:104 - info - 执行结果: 成功
