2026-04-27 09:41:34,439 - INFO - logger.py:104 - info - 开始执行测试
2026-04-27 09:41:34,439 - INFO - logger.py:104 - info - 使用单线程运行测试，避免Playwright Sync API在asyncio循环中的错误
2026-04-27 09:41:34,439 - INFO - logger.py:104 - info - Pytest执行参数: ['D:\\install\\auto_ui-master\\src\\testcase\\LD\\code_rule_config\\test_verify_whether_field.py', '-p', 'no:xdist', '--tb=short', '--tb=short', '--timeout=180', '--alluredir', 'reports\\allure_report_20260427_094134']
2026-04-27 09:41:36,097 - INFO - logger.py:104 - info - 开始执行测试: TestVerifyWhetherField
2026-04-27 09:41:36,107 - INFO - logger.py:104 - info - 启动浏览器: Chromium, 无头模式: False
2026-04-27 09:41:38,641 - INFO - logger.py:104 - info - ============================================================
2026-04-27 09:41:38,662 - INFO - logger.py:104 - info - 开始执行用例verify_whether_field
2026-04-27 09:41:38,668 - INFO - logger.py:104 - info - 用例ms的id：0
2026-04-27 09:41:38,676 - INFO - logger.py:104 - info - ============================================================
2026-04-27 09:41:38,679 - INFO - logger.py:104 - info - 开始登录 LD 项目...
2026-04-27 09:41:38,702 - INFO - logger.py:104 - info - 登录URL: https://test2.saas-test3.supcon.com:32188
2026-04-27 09:41:38,706 - INFO - logger.py:104 - info - 用户名: admin
2026-04-27 09:41:43,140 - INFO - logger.py:104 - info - 检查是否存在在线用户超限提示
2026-04-27 09:41:43,697 - INFO - logger.py:104 - info - 已自动点击在线用户提示的确定按钮
2026-04-27 09:41:49,715 - INFO - logger.py:104 - info - LD 项目登录成功！
2026-04-27 09:41:49,719 - INFO - logger.py:104 - info - 进入编码规则配置菜单
2026-04-27 09:41:50,889 - INFO - logger.py:104 - info - 打开新增编码规则弹窗，填写基础信息
2026-04-27 09:41:54,414 - INFO - logger.py:104 - info - 新增规则段并清理多余项
2026-04-27 09:41:57,799 - INFO - logger.py:104 - info - 取消新增，结束用例
2026-04-27 09:41:58,374 - INFO - logger.py:104 - info - 关闭页面
2026-04-27 09:41:58,391 - INFO - logger.py:104 - info - 关闭浏览器上下文
2026-04-27 09:41:58,451 - INFO - logger.py:104 - info - 关闭浏览器
2026-04-27 09:41:58,802 - INFO - logger.py:104 - info - 测试执行完成: TestVerifyWhetherField
2026-04-27 09:41:59,942 - ERROR - logger.py:112 - error - 生成Allure报告失败: Allure命令行工具未找到，请确保已安装并添加到系统PATH中
2026-04-27 09:41:59,944 - INFO - logger.py:104 - info - 测试执行完成，耗时: 25.46秒
2026-04-27 09:41:59,944 - INFO - logger.py:104 - info - 执行结果: 成功
