2026-04-28 14:18:26,891 - INFO - logger.py:104 - info - 开始执行测试
2026-04-28 14:18:26,892 - INFO - logger.py:104 - info - 使用单线程运行测试，避免Playwright Sync API在asyncio循环中的错误
2026-04-28 14:18:26,892 - INFO - logger.py:104 - info - Pytest执行参数: ['D:\\install\\auto_ui-master\\src\\testcase\\LD\\mobile_card_configuration\\test_verify_create_settings.py', '-p', 'no:xdist', '--tb=short', '--tb=short', '--timeout=180', '--alluredir', 'reports\\allure_report_20260428_141826']
2026-04-28 14:18:28,938 - INFO - logger.py:104 - info - 开始执行测试: TestVerifyCreateMobileCardSettings
2026-04-28 14:18:28,948 - INFO - logger.py:104 - info - 启动浏览器: Chromium, 无头模式: False
2026-04-28 14:18:31,656 - INFO - logger.py:104 - info - ============================================================
2026-04-28 14:18:31,737 - INFO - logger.py:104 - info - 开始执行用例：verify_create_settings
2026-04-28 14:18:31,742 - INFO - logger.py:104 - info - 用例ms的id：0
2026-04-28 14:18:31,748 - INFO - logger.py:104 - info - ============================================================
2026-04-28 14:18:31,752 - INFO - logger.py:104 - info - 执行系统登录
2026-04-28 14:18:31,755 - INFO - logger.py:104 - info - 开始登录 LD 项目...
2026-04-28 14:18:31,759 - INFO - logger.py:104 - info - 登录URL: https://test2.saas-test3.supcon.com:32188
2026-04-28 14:18:31,764 - INFO - logger.py:104 - info - 用户名: admin
2026-04-28 14:18:37,339 - INFO - logger.py:104 - info - 检查是否存在在线用户超限提示
2026-04-28 14:18:37,907 - INFO - logger.py:104 - info - 已自动点击在线用户提示的确定按钮
2026-04-28 14:18:43,922 - INFO - logger.py:104 - info - LD 项目登录成功！
2026-04-28 14:18:43,925 - INFO - logger.py:104 - info - 导航到移动端卡片配置页面
2026-04-28 14:18:45,692 - INFO - logger.py:104 - info - 点击新增模板按钮
2026-04-28 14:18:46,441 - INFO - logger.py:104 - info - 配置模板展示字段
2026-04-28 14:18:48,852 - INFO - logger.py:104 - info - 用例verify_create_settings执行完成
2026-04-28 14:18:48,859 - INFO - logger.py:104 - info - 关闭页面
2026-04-28 14:18:48,887 - INFO - logger.py:104 - info - 关闭浏览器上下文
2026-04-28 14:18:48,956 - INFO - logger.py:104 - info - 关闭浏览器
2026-04-28 14:18:49,275 - INFO - logger.py:104 - info - 测试执行完成: TestVerifyCreateMobileCardSettings
2026-04-28 14:18:50,202 - ERROR - logger.py:112 - error - 生成Allure报告失败: Allure命令行工具未找到，请确保已安装并添加到系统PATH中
2026-04-28 14:18:50,203 - INFO - logger.py:104 - info - 测试执行完成，耗时: 23.29秒
2026-04-28 14:18:50,204 - INFO - logger.py:104 - info - 执行结果: 成功
