2026-05-08 10:08:10,236 - INFO - logger.py:104 - info - 开始执行测试
2026-05-08 10:08:10,236 - INFO - logger.py:104 - info - 使用单线程运行测试，避免Playwright Sync API在asyncio循环中的错误
2026-05-08 10:08:10,236 - INFO - logger.py:104 - info - Pytest执行参数: ['D:\\install\\auto_ui-master\\src\\testcase\\LD\\system_configuration\\test_verify_delete_function.py', '-p', 'no:xdist', '--tb=short', '--tb=short', '--timeout=180', '--alluredir', 'reports\\allure_report_20260508_100810']
2026-05-08 10:08:12,113 - INFO - logger.py:104 - info - 开始执行测试: TestVerifyDeleteFunction
2026-05-08 10:08:12,126 - INFO - logger.py:104 - info - 启动浏览器: Chromium, 无头模式: False
2026-05-08 10:08:15,567 - INFO - logger.py:104 - info - ============================================================
2026-05-08 10:08:15,570 - INFO - logger.py:104 - info - 开始执行用例：verify_delete_function
2026-05-08 10:08:15,573 - INFO - logger.py:104 - info - 用例ms的id：0
2026-05-08 10:08:15,576 - INFO - logger.py:104 - info - ============================================================
2026-05-08 10:08:15,579 - INFO - logger.py:104 - info - 调用公用登录方法登录系统
2026-05-08 10:08:15,583 - INFO - logger.py:104 - info - 开始登录 LD 项目...
2026-05-08 10:08:15,586 - INFO - logger.py:104 - info - 登录URL: https://test2.saas-test3.supcon.com:32188
2026-05-08 10:08:15,589 - INFO - logger.py:104 - info - 用户名: admin
2026-05-08 10:08:19,498 - INFO - logger.py:104 - info - 检查是否存在在线用户超限提示
2026-05-08 10:08:20,064 - INFO - logger.py:104 - info - 已自动点击在线用户提示的确定按钮
2026-05-08 10:08:26,107 - INFO - logger.py:104 - info - LD 项目登录成功！
2026-05-08 10:08:26,110 - INFO - logger.py:104 - info - 登录完成，后续跳转进入标签打印配置页面
2026-05-08 10:08:27,772 - INFO - logger.py:104 - info - 开始执行删除功能验证
2026-05-08 10:08:27,775 - INFO - logger.py:104 - info - 测试场景1：删除第二条配置，确认删除操作
2026-05-08 10:08:29,432 - INFO - logger.py:104 - info - 测试场景2：删除第一条配置，取消删除操作
2026-05-08 10:08:30,566 - INFO - logger.py:104 - info - 用例verify_delete_function执行完成
2026-05-08 10:08:30,625 - INFO - logger.py:104 - info - 关闭页面
2026-05-08 10:08:30,684 - INFO - logger.py:104 - info - 关闭浏览器上下文
2026-05-08 10:08:30,741 - INFO - logger.py:104 - info - 关闭浏览器
2026-05-08 10:08:31,745 - INFO - logger.py:104 - info - 测试执行完成: TestVerifyDeleteFunction
2026-05-08 10:08:32,335 - ERROR - logger.py:112 - error - 生成Allure报告失败: Allure命令行工具未找到，请确保已安装并添加到系统PATH中
2026-05-08 10:08:32,336 - INFO - logger.py:104 - info - 测试执行完成，耗时: 22.07秒
2026-05-08 10:08:32,336 - INFO - logger.py:104 - info - 执行结果: 成功
