2026-04-23 16:25:13,165 - INFO - logger.py:104 - info - 开始执行测试
2026-04-23 16:25:13,166 - INFO - logger.py:104 - info - 使用单线程运行测试，避免Playwright Sync API在asyncio循环中的错误
2026-04-23 16:25:13,166 - INFO - logger.py:104 - info - Pytest执行参数: ['D:\\install\\auto_ui-master\\src\\testcase\\LD\\bom_management\\test_verify_child_product.py', '-p', 'no:xdist', '--tb=short', '--tb=short', '--timeout=180', '--alluredir', 'reports\\allure_report_20260423_162513']
2026-04-23 16:25:14,984 - INFO - logger.py:104 - info - 开始执行测试: TestVerifyChildProduct
2026-04-23 16:25:14,997 - INFO - logger.py:104 - info - 启动浏览器: Chromium, 无头模式: False
2026-04-23 16:25:17,364 - INFO - logger.py:104 - info - ============================================================
2026-04-23 16:25:17,372 - INFO - logger.py:104 - info - 开始执行用例：verify_child_product
2026-04-23 16:25:17,379 - INFO - logger.py:104 - info - 用例ms的id：0
2026-04-23 16:25:17,399 - INFO - logger.py:104 - info - ============================================================
2026-04-23 16:25:17,410 - INFO - logger.py:104 - info - 开始登录 LD 项目...
2026-04-23 16:25:17,430 - INFO - logger.py:104 - info - 登录URL: https://test2.saas-test3.supcon.com:32188
2026-04-23 16:25:17,434 - INFO - logger.py:104 - info - 用户名: admin
2026-04-23 16:25:27,281 - INFO - logger.py:104 - info - LD 项目登录成功！
2026-04-23 16:25:27,285 - INFO - logger.py:104 - info - 进入基础资料->物料清单页面
2026-04-23 16:25:43,822 - INFO - logger.py:104 - info - 关闭页面
2026-04-23 16:25:43,830 - INFO - logger.py:104 - info - 关闭浏览器上下文
2026-04-23 16:25:43,847 - INFO - logger.py:104 - info - 关闭浏览器
2026-04-23 16:25:44,190 - INFO - logger.py:104 - info - 测试执行完成: TestVerifyChildProduct
2026-04-23 16:25:44,807 - ERROR - logger.py:112 - error - 生成Allure报告失败: Allure命令行工具未找到，请确保已安装并添加到系统PATH中
2026-04-23 16:25:44,808 - INFO - logger.py:104 - info - 测试执行完成，耗时: 31.62秒
2026-04-23 16:25:44,809 - INFO - logger.py:104 - info - 执行结果: 失败
