2026-04-27 11:21:17,741 - INFO - logger.py:104 - info - 开始执行测试
2026-04-27 11:21:17,741 - INFO - logger.py:104 - info - 使用单线程运行测试，避免Playwright Sync API在asyncio循环中的错误
2026-04-27 11:21:17,741 - INFO - logger.py:104 - info - Pytest执行参数: ['D:\\install\\auto_ui-master\\src\\testcase\\LD\\code_rule_config\\test_verify_serialnum_field.py', '-p', 'no:xdist', '--tb=short', '--tb=short', '--timeout=180', '--alluredir', 'reports\\allure_report_20260427_112117']
2026-04-27 11:21:19,436 - INFO - logger.py:104 - info - 开始执行测试: TestVerifySerialnumField
2026-04-27 11:21:19,456 - INFO - logger.py:104 - info - 启动浏览器: Chromium, 无头模式: False
2026-04-27 11:21:22,027 - INFO - logger.py:104 - info - ============================================================
2026-04-27 11:21:22,106 - INFO - logger.py:104 - info - 开始执行用例：verify_serialnum_field
2026-04-27 11:21:22,172 - INFO - logger.py:104 - info - 用例ms的id：0
2026-04-27 11:21:22,175 - INFO - logger.py:104 - info - ============================================================
2026-04-27 11:21:22,179 - INFO - logger.py:104 - info - 开始登录 LD 项目...
2026-04-27 11:21:22,189 - INFO - logger.py:104 - info - 登录URL: https://test2.saas-test3.supcon.com:32188
2026-04-27 11:21:22,194 - INFO - logger.py:104 - info - 用户名: admin
2026-04-27 11:21:26,524 - INFO - logger.py:104 - info - 检查是否存在在线用户超限提示
2026-04-27 11:21:27,102 - INFO - logger.py:104 - info - 已自动点击在线用户提示的确定按钮
2026-04-27 11:21:33,253 - INFO - logger.py:104 - info - LD 项目登录成功！
2026-04-27 11:21:33,256 - INFO - logger.py:104 - info - 登录完成，开始业务操作
2026-04-27 11:21:33,258 - INFO - logger.py:104 - info - 点击登录后确定按钮
2026-04-27 11:22:04,197 - INFO - logger.py:104 - info - 关闭页面
2026-04-27 11:22:04,213 - INFO - logger.py:104 - info - 关闭浏览器上下文
2026-04-27 11:22:04,246 - INFO - logger.py:104 - info - 关闭浏览器
2026-04-27 11:22:04,539 - INFO - logger.py:104 - info - 测试执行完成: TestVerifySerialnumField
2026-04-27 11:22:05,394 - ERROR - logger.py:112 - error - 生成Allure报告失败: Allure命令行工具未找到，请确保已安装并添加到系统PATH中
2026-04-27 11:22:05,395 - INFO - logger.py:104 - info - 测试执行完成，耗时: 47.63秒
2026-04-27 11:22:05,395 - INFO - logger.py:104 - info - 执行结果: 失败
