2026-04-23 09:56:13,677 - INFO - logger.py:104 - info - 开始执行测试
2026-04-23 09:56:13,678 - INFO - logger.py:104 - info - 使用单线程运行测试，避免Playwright Sync API在asyncio循环中的错误
2026-04-23 09:56:13,679 - INFO - logger.py:104 - info - Pytest执行参数: ['D:\\install\\auto_ui-master\\src\\testcase\\LD\\bom_management\\test_verify_add_child_product.py', '-p', 'no:xdist', '--tb=short', '--tb=short', '--timeout=180', '--alluredir', 'reports\\allure_report_20260423_095613']
2026-04-23 09:56:25,638 - INFO - logger.py:104 - info - 开始执行测试: TestVerifyAddChildProduct
2026-04-23 09:56:25,649 - INFO - logger.py:104 - info - 启动浏览器: Chromium, 无头模式: False
2026-04-23 09:56:30,662 - INFO - logger.py:104 - info - ============================================================
2026-04-23 09:56:30,666 - INFO - logger.py:104 - info - 开始执行用例：verify_add_child_product
2026-04-23 09:56:30,669 - INFO - logger.py:104 - info - 用例ms的id：0
2026-04-23 09:56:30,672 - INFO - logger.py:104 - info - ============================================================
2026-04-23 09:56:30,681 - INFO - logger.py:104 - info - 登录目标系统
2026-04-23 09:56:30,696 - INFO - logger.py:104 - info - 开始登录 LD 项目...
2026-04-23 09:56:30,701 - INFO - logger.py:104 - info - 登录URL: https://test2.saas-test3.supcon.com:32188
2026-04-23 09:56:30,737 - INFO - logger.py:104 - info - 用户名: admin
2026-04-23 09:56:43,265 - INFO - logger.py:104 - info - LD 项目登录成功！
2026-04-23 09:56:43,268 - INFO - logger.py:104 - info - 进入物料清单页面
2026-04-23 09:56:47,255 - INFO - logger.py:104 - info - 打开目标BOM的编辑页面
2026-04-23 09:56:48,898 - INFO - logger.py:104 - info - 点击添加子项产品按钮
2026-04-23 09:56:49,951 - INFO - logger.py:104 - info - 等待产品选择弹窗加载
2026-04-23 09:56:53,198 - INFO - logger.py:104 - info - 关闭页面
2026-04-23 09:56:53,247 - INFO - logger.py:104 - info - 关闭浏览器上下文
2026-04-23 09:56:53,304 - INFO - logger.py:104 - info - 关闭浏览器
2026-04-23 09:56:53,760 - INFO - logger.py:104 - info - 测试执行完成: TestVerifyAddChildProduct
2026-04-23 09:56:55,293 - ERROR - logger.py:112 - error - 生成Allure报告失败: Allure命令行工具未找到，请确保已安装并添加到系统PATH中
2026-04-23 09:56:55,295 - INFO - logger.py:104 - info - 测试执行完成，耗时: 41.59秒
2026-04-23 09:56:55,295 - INFO - logger.py:104 - info - 执行结果: 失败
