2026-05-07 13:30:32,697 - INFO - logger.py:104 - info - 开始执行测试
2026-05-07 13:30:32,697 - INFO - logger.py:104 - info - 使用单线程运行测试，避免Playwright Sync API在asyncio循环中的错误
2026-05-07 13:30:32,698 - INFO - logger.py:104 - info - Pytest执行参数: ['D:\\install\\auto_ui-master\\src\\testcase\\LD\\base_information', '-p', 'no:xdist', '--tb=short', '--tb=short', '--timeout=180', '--alluredir', 'reports\\allure_report_20260507_133032']
2026-05-07 13:30:35,480 - INFO - logger.py:104 - info - 开始执行测试: TestVerifyProdLineNameRejected
2026-05-07 13:30:35,487 - INFO - logger.py:104 - info - 启动浏览器: Chromium, 无头模式: False
2026-05-07 13:30:38,251 - INFO - logger.py:104 - info - ============================================================
2026-05-07 13:30:38,255 - INFO - logger.py:104 - info - 开始执行用例：verify_name_rejected
2026-05-07 13:30:38,257 - INFO - logger.py:104 - info - 用例ms ID：0
2026-05-07 13:30:38,271 - INFO - logger.py:104 - info - ============================================================
2026-05-07 13:30:38,276 - INFO - logger.py:104 - info - 执行公用登录
2026-05-07 13:30:38,282 - INFO - logger.py:104 - info - 开始登录 LD 项目...
2026-05-07 13:30:38,285 - INFO - logger.py:104 - info - 登录URL: https://test2.saas-test3.supcon.com:32188
2026-05-07 13:30:38,318 - INFO - logger.py:104 - info - 用户名: admin
2026-05-07 13:30:42,136 - INFO - logger.py:104 - info - 检查是否存在在线用户超限提示
2026-05-07 13:30:42,707 - INFO - logger.py:104 - info - 已自动点击在线用户提示的确定按钮
2026-05-07 13:30:48,724 - INFO - logger.py:104 - info - LD 项目登录成功！
2026-05-07 13:30:48,728 - INFO - logger.py:104 - info - 导航到产线设置页面
2026-05-07 13:30:50,522 - INFO - logger.py:104 - info - 打开新增产线弹窗
2026-05-07 13:30:51,194 - INFO - logger.py:104 - info - 填充产线基本信息
2026-05-07 13:30:52,263 - INFO - logger.py:104 - info - 选择关联设备
2026-05-07 13:30:54,585 - INFO - logger.py:104 - info - 选择关联部门
2026-05-07 13:30:56,347 - INFO - logger.py:104 - info - 提交表单，验证产线名称重复校验逻辑
2026-05-07 13:30:56,908 - INFO - logger.py:104 - info - 成功捕获'产线名称重复！'提示，校验通过
2026-05-07 13:30:56,910 - INFO - logger.py:104 - info - 关闭新增产线弹窗
2026-05-07 13:30:57,488 - INFO - logger.py:104 - info - 用例verify_name_rejected执行完成
2026-05-07 13:30:57,493 - INFO - logger.py:104 - info - 关闭页面
2026-05-07 13:30:57,511 - INFO - logger.py:104 - info - 关闭浏览器上下文
2026-05-07 13:30:57,558 - INFO - logger.py:104 - info - 关闭浏览器
2026-05-07 13:30:57,876 - INFO - logger.py:104 - info - 测试执行完成: TestVerifyProdLineNameRejected
2026-05-07 13:30:57,906 - INFO - logger.py:104 - info - 开始执行测试: TestVerifyWarehouseCreateUpdate
2026-05-07 13:30:57,911 - INFO - logger.py:104 - info - 启动浏览器: Chromium, 无头模式: False
2026-05-07 13:31:00,969 - INFO - logger.py:104 - info - ============================================================
2026-05-07 13:31:00,973 - INFO - logger.py:104 - info - 开始执行用例：verify_warehouse_create_update
2026-05-07 13:31:00,977 - INFO - logger.py:104 - info - 用例ms的id：0
2026-05-07 13:31:00,981 - INFO - logger.py:104 - info - ============================================================
2026-05-07 13:31:00,988 - INFO - logger.py:104 - info - 完成系统登录
2026-05-07 13:31:01,020 - INFO - logger.py:104 - info - 开始登录 LD 项目...
2026-05-07 13:31:01,033 - INFO - logger.py:104 - info - 登录URL: https://test2.saas-test3.supcon.com:32188
2026-05-07 13:31:01,036 - INFO - logger.py:104 - info - 用户名: admin
2026-05-07 13:31:04,757 - INFO - logger.py:104 - info - 检查是否存在在线用户超限提示
2026-05-07 13:31:05,325 - INFO - logger.py:104 - info - 已自动点击在线用户提示的确定按钮
2026-05-07 13:31:11,347 - INFO - logger.py:104 - info - LD 项目登录成功！
2026-05-07 13:31:11,350 - INFO - logger.py:104 - info - 导航进入仓库管理页面
2026-05-07 13:31:13,118 - INFO - logger.py:104 - info - 点击创建按钮，打开创建仓库弹窗
2026-05-07 13:31:14,554 - INFO - logger.py:104 - info - 填写仓库编码和名称信息
2026-05-07 13:31:16,724 - INFO - logger.py:104 - info - 选择仓库配置项
2026-05-07 13:31:17,302 - INFO - logger.py:104 - info - 点击保存按钮完成创建
2026-05-07 13:31:17,958 - INFO - logger.py:104 - info - verify_warehouse_create_update用例执行完成
2026-05-07 13:31:17,964 - INFO - logger.py:104 - info - 关闭页面
2026-05-07 13:31:18,034 - INFO - logger.py:104 - info - 关闭浏览器上下文
2026-05-07 13:31:18,093 - INFO - logger.py:104 - info - 关闭浏览器
2026-05-07 13:31:18,400 - INFO - logger.py:104 - info - 测试执行完成: TestVerifyWarehouseCreateUpdate
2026-05-07 13:31:19,331 - ERROR - logger.py:112 - error - 生成Allure报告失败: Allure命令行工具未找到，请确保已安装并添加到系统PATH中
2026-05-07 13:31:19,334 - INFO - logger.py:104 - info - 测试执行完成，耗时: 46.60秒
2026-05-07 13:31:19,334 - INFO - logger.py:104 - info - 执行结果: 成功
