2026-05-08 16:12:20,387 - INFO - logger.py:104 - info - 开始执行测试
2026-05-08 16:12:20,387 - INFO - logger.py:104 - info - 使用单线程运行测试，避免Playwright Sync API在asyncio循环中的错误
2026-05-08 16:12:20,388 - INFO - logger.py:104 - info - Pytest执行参数: ['D:\\install\\auto_ui-master\\src\\testcase\\LD\\customer_file\\test_import_product_code_exists.py', '-p', 'no:xdist', '--tb=short', '--tb=short', '--timeout=180', '--alluredir', 'reports\\allure_report_20260508_161220']
2026-05-08 16:12:27,921 - INFO - logger.py:104 - info - 开始执行测试: TestImportProductCodeExists
2026-05-08 16:12:27,935 - INFO - logger.py:104 - info - 启动浏览器: Chromium, 无头模式: False
2026-05-08 16:12:31,156 - INFO - logger.py:104 - info - ============================================================
2026-05-08 16:12:31,170 - INFO - logger.py:104 - info - 开始执行测试用例：import_product_code_exists
2026-05-08 16:12:31,180 - INFO - logger.py:104 - info - 用例ms的id：0
2026-05-08 16:12:31,183 - INFO - logger.py:104 - info - ============================================================
2026-05-08 16:12:31,195 - INFO - logger.py:104 - info - 测试文件: D:\install\auto_ui-master\src\data\LD\customer_file\KS202604230022-ldj20260423产品映射表.xlsx
2026-05-08 16:12:31,202 - INFO - logger.py:104 - info - 完成系统登录
2026-05-08 16:12:31,235 - INFO - logger.py:104 - info - 开始登录 LD 项目...
2026-05-08 16:12:31,238 - INFO - logger.py:104 - info - 登录URL: https://test2.saas-test3.supcon.com:32188
2026-05-08 16:12:31,242 - INFO - logger.py:104 - info - 用户名: admin
2026-05-08 16:12:34,848 - INFO - logger.py:104 - info - 检查是否存在在线用户超限提示
2026-05-08 16:12:35,433 - INFO - logger.py:104 - info - 已自动点击在线用户提示的确定按钮
2026-05-08 16:12:41,462 - INFO - logger.py:104 - info - LD 项目登录成功！
2026-05-08 16:12:41,465 - INFO - logger.py:104 - info - 导航进入客户档案页面
2026-05-08 16:12:42,682 - INFO - logger.py:104 - info - 点击导入按钮
2026-05-08 16:12:43,902 - INFO - logger.py:104 - info - 上传导入文件
2026-05-08 16:12:44,445 - INFO - logger.py:104 - info - 确认导入，校验导入结果
2026-05-08 16:12:45,024 - INFO - logger.py:104 - info - 等待导入完成
2026-05-08 16:12:48,055 - INFO - logger.py:104 - info - 关闭弹窗，验证导入数据展示
2026-05-08 16:12:48,612 - INFO - logger.py:104 - info - 测试用例import_product_code_exists执行完成
2026-05-08 16:12:53,176 - INFO - logger.py:104 - info - 关闭页面
2026-05-08 16:12:53,197 - INFO - logger.py:104 - info - 关闭浏览器上下文
2026-05-08 16:12:53,251 - INFO - logger.py:104 - info - 关闭浏览器
2026-05-08 16:12:53,661 - INFO - logger.py:104 - info - 测试执行完成: TestImportProductCodeExists
2026-05-08 16:12:54,774 - ERROR - logger.py:112 - error - 生成Allure报告失败: Allure命令行工具未找到，请确保已安装并添加到系统PATH中
2026-05-08 16:12:54,775 - INFO - logger.py:104 - info - 测试执行完成，耗时: 34.35秒
2026-05-08 16:12:54,775 - INFO - logger.py:104 - info - 执行结果: 成功
