2026-04-28 13:17:14,074 - INFO - logger.py:104 - info - 开始执行测试
2026-04-28 13:17:14,075 - INFO - logger.py:104 - info - 使用单线程运行测试，避免Playwright Sync API在asyncio循环中的错误
2026-04-28 13:17:14,075 - INFO - logger.py:104 - info - Pytest执行参数: ['D:\\install\\auto_ui-master\\src\\testcase\\LD\\printer_management\\test_verify_serial_number_duplicate.py', '-p', 'no:xdist', '--tb=short', '--tb=short', '--timeout=180', '--alluredir', 'reports\\allure_report_20260428_131714']
2026-04-28 13:17:15,744 - INFO - logger.py:104 - info - 开始执行测试: TestVerifyCreateSave
2026-04-28 13:17:15,755 - INFO - logger.py:104 - info - 启动浏览器: Chromium, 无头模式: False
2026-04-28 13:17:18,803 - INFO - logger.py:104 - info - ============================================================
2026-04-28 13:17:18,806 - INFO - logger.py:104 - info - 开始执行用例：verify_serial_number_duplicate
2026-04-28 13:17:18,810 - INFO - logger.py:104 - info - 用例ms的id：0
2026-04-28 13:17:18,814 - INFO - logger.py:104 - info - ============================================================
2026-04-28 13:17:18,837 - INFO - logger.py:104 - info - 完成系统登录
2026-04-28 13:17:18,847 - INFO - logger.py:104 - info - 开始登录 LD 项目...
2026-04-28 13:17:18,861 - INFO - logger.py:104 - info - 登录URL: https://test2.saas-test3.supcon.com:32188
2026-04-28 13:17:18,871 - INFO - logger.py:104 - info - 用户名: admin
2026-04-28 13:17:26,724 - INFO - logger.py:104 - info - 检查是否存在在线用户超限提示
2026-04-28 13:17:31,775 - INFO - logger.py:104 - info - LD 项目登录成功！
2026-04-28 13:17:31,778 - INFO - logger.py:104 - info - 导航进入打印机管理菜单
2026-04-28 13:17:33,543 - INFO - logger.py:104 - info - 点击新增按钮，填写打印机信息
2026-04-28 13:17:36,613 - INFO - logger.py:104 - info - 点击保存按钮完成新增
2026-04-28 13:17:37,170 - INFO - logger.py:104 - info - 用例verify_serial_number_duplicate执行完成
2026-04-28 13:17:37,174 - INFO - logger.py:104 - info - 关闭页面
2026-04-28 13:17:37,195 - INFO - logger.py:104 - info - 关闭浏览器上下文
2026-04-28 13:17:37,243 - INFO - logger.py:104 - info - 关闭浏览器
2026-04-28 13:17:37,718 - INFO - logger.py:104 - info - 测试执行完成: TestVerifyCreateSave
2026-04-28 13:17:38,549 - ERROR - logger.py:112 - error - 生成Allure报告失败: Allure命令行工具未找到，请确保已安装并添加到系统PATH中
2026-04-28 13:17:38,550 - INFO - logger.py:104 - info - 测试执行完成，耗时: 24.45秒
2026-04-28 13:17:38,550 - INFO - logger.py:104 - info - 执行结果: 成功
