2026-05-08 08:58:49,283 - INFO - logger.py:104 - info - 开始执行测试
2026-05-08 08:58:49,284 - INFO - logger.py:104 - info - 使用单线程运行测试，避免Playwright Sync API在asyncio循环中的错误
2026-05-08 08:58:49,284 - INFO - logger.py:104 - info - Pytest执行参数: ['D:\\install\\auto_ui-master\\src\\testcase\\LD\\customer_file\\test_verify_delete.py', '-p', 'no:xdist', '--tb=short', '--tb=short', '--timeout=180', '--alluredir', 'reports\\allure_report_20260508_085849']
2026-05-08 08:58:50,777 - INFO - logger.py:104 - info - 开始执行测试: TestVerifyDelete
2026-05-08 08:58:50,785 - INFO - logger.py:104 - info - 启动浏览器: Chromium, 无头模式: False
2026-05-08 08:58:53,804 - INFO - logger.py:104 - info - ============================================================
2026-05-08 08:58:53,817 - INFO - logger.py:104 - info - 开始执行用例：verify_delete
2026-05-08 08:58:53,821 - INFO - logger.py:104 - info - 用例ms的id：0
2026-05-08 08:58:53,824 - INFO - logger.py:104 - info - ============================================================
2026-05-08 08:58:53,828 - INFO - logger.py:104 - info - 执行系统登录
2026-05-08 08:58:53,831 - INFO - logger.py:104 - info - 开始登录 LD 项目...
2026-05-08 08:58:53,837 - INFO - logger.py:104 - info - 登录URL: https://test2.saas-test3.supcon.com:32188
2026-05-08 08:58:53,842 - INFO - logger.py:104 - info - 用户名: admin
2026-05-08 08:58:57,841 - INFO - logger.py:104 - info - 检查是否存在在线用户超限提示
2026-05-08 08:58:58,402 - INFO - logger.py:104 - info - 已自动点击在线用户提示的确定按钮
2026-05-08 08:59:04,444 - INFO - logger.py:104 - info - LD 项目登录成功！
2026-05-08 08:59:04,448 - INFO - logger.py:104 - info - 进入客户档案模块
2026-05-08 08:59:05,607 - INFO - logger.py:104 - info - 执行删除目标客商操作，验证提示信息
2026-05-08 08:59:07,832 - INFO - logger.py:104 - info - 验证完成：正确弹出「客商已启用，不可删除！」提示
2026-05-08 08:59:07,845 - INFO - logger.py:104 - info - 用例verify_delete执行完毕
2026-05-08 08:59:07,850 - INFO - logger.py:104 - info - 关闭页面
2026-05-08 08:59:07,882 - INFO - logger.py:104 - info - 关闭浏览器上下文
2026-05-08 08:59:07,927 - INFO - logger.py:104 - info - 关闭浏览器
2026-05-08 08:59:08,320 - INFO - logger.py:104 - info - 测试执行完成: TestVerifyDelete
2026-05-08 08:59:09,128 - ERROR - logger.py:112 - error - 生成Allure报告失败: Allure命令行工具未找到，请确保已安装并添加到系统PATH中
2026-05-08 08:59:09,129 - INFO - logger.py:104 - info - 测试执行完成，耗时: 19.82秒
2026-05-08 08:59:09,129 - INFO - logger.py:104 - info - 执行结果: 成功
