2026-04-21 14:47:51,932 - INFO - logger.py:96 - info - 开始执行测试
2026-04-21 14:47:51,932 - INFO - logger.py:96 - info - 使用单线程运行测试，避免Playwright Sync API在asyncio循环中的错误
2026-04-21 14:47:51,933 - INFO - logger.py:96 - info - Pytest执行参数: ['D:\\install\\auto_ui-master\\src\\testcase\\LD\\product_file\\test_view_table_body.py', '-p', 'no:xdist', '--tb=short', '--tb=short', '--timeout=180', '--alluredir', 'reports\\allure_report_20260421_144751']
2026-04-21 14:47:56,070 - INFO - logger.py:96 - info - 开始执行测试: TestViewTableBody
2026-04-21 14:47:56,080 - INFO - logger.py:96 - info - 启动浏览器: Chromium, 无头模式: False
2026-04-21 14:47:58,104 - INFO - logger.py:96 - info - ============================================================
2026-04-21 14:47:58,111 - INFO - logger.py:96 - info - 开始执行用例：view_table_body
2026-04-21 14:47:58,181 - INFO - logger.py:96 - info - 用例ms的id：0
2026-04-21 14:47:58,190 - INFO - logger.py:96 - info - ============================================================
2026-04-21 14:47:58,199 - INFO - logger.py:96 - info - 开始登录 LD 项目...
2026-04-21 14:47:58,203 - INFO - logger.py:96 - info - 登录URL: https://test2.saas-test3.supcon.com:32188
2026-04-21 14:47:58,221 - INFO - logger.py:96 - info - 用户名: admin
2026-04-21 14:48:07,591 - INFO - logger.py:96 - info - LD 项目登录成功！
2026-04-21 14:48:07,594 - INFO - logger.py:96 - info - 点击登录后的确定按钮
2026-04-21 14:48:08,141 - INFO - logger.py:96 - info - 点击基础资料菜单
2026-04-21 14:48:09,973 - INFO - logger.py:96 - info - 点击产品档案菜单
2026-04-21 14:48:10,616 - INFO - logger.py:96 - info - 验证表格表头包含所有预期字段
2026-04-21 14:48:11,791 - INFO - logger.py:96 - info - 验证第一行操作按钮可见性
2026-04-21 14:48:11,832 - INFO - logger.py:96 - info - 验证右上角退出按钮可见性
2026-04-21 14:48:11,846 - INFO - logger.py:96 - info - 用例view_table_body执行完成
2026-04-21 14:48:11,850 - INFO - logger.py:96 - info - 关闭页面
2026-04-21 14:48:11,869 - INFO - logger.py:96 - info - 关闭浏览器上下文
2026-04-21 14:48:11,943 - INFO - logger.py:96 - info - 关闭浏览器
2026-04-21 14:48:12,423 - INFO - logger.py:96 - info - 测试执行完成: TestViewTableBody
2026-04-21 14:48:13,472 - ERROR - logger.py:104 - error - 生成Allure报告失败: Allure命令行工具未找到，请确保已安装并添加到系统PATH中
2026-04-21 14:48:13,474 - INFO - logger.py:96 - info - 测试执行完成，耗时: 21.51秒
2026-04-21 14:48:13,475 - INFO - logger.py:96 - info - 执行结果: 成功
