2026-05-08 13:54:36,494 - INFO - logger.py:104 - info - 开始执行测试
2026-05-08 13:54:36,524 - INFO - logger.py:104 - info - 使用单线程运行测试，避免Playwright Sync API在asyncio循环中的错误
2026-05-08 13:54:36,525 - INFO - logger.py:104 - info - Pytest执行参数: ['D:\\install\\auto_ui-master\\src\\testcase\\LD\\product_file\\test_copy.py', '-p', 'no:xdist', '--tb=short', '--tb=short', '--timeout=180', '--alluredir', 'reports\\allure_report_20260508_135436']
2026-05-08 13:54:38,262 - INFO - logger.py:104 - info - 开始执行测试: TestCopyProduct
2026-05-08 13:54:38,270 - INFO - logger.py:104 - info - 启动浏览器: Chromium, 无头模式: False
2026-05-08 13:54:41,338 - INFO - logger.py:104 - info - ============================================================
2026-05-08 13:54:41,341 - INFO - logger.py:104 - info - 开始执行用例：copy
2026-05-08 13:54:41,344 - INFO - logger.py:104 - info - 用例ms的id：0
2026-05-08 13:54:41,347 - INFO - logger.py:104 - info - ============================================================
2026-05-08 13:54:41,350 - INFO - logger.py:104 - info - 开始登录 LD 项目...
2026-05-08 13:54:41,353 - INFO - logger.py:104 - info - 登录URL: https://test2.saas-test3.supcon.com:32188
2026-05-08 13:54:41,357 - INFO - logger.py:104 - info - 用户名: admin
2026-05-08 13:54:45,235 - INFO - logger.py:104 - info - 检查是否存在在线用户超限提示
2026-05-08 13:54:45,792 - INFO - logger.py:104 - info - 已自动点击在线用户提示的确定按钮
2026-05-08 13:54:51,835 - INFO - logger.py:104 - info - LD 项目登录成功！
2026-05-08 13:54:51,838 - INFO - logger.py:104 - info - 进入产品档案页面
2026-05-08 13:54:53,009 - INFO - logger.py:104 - info - 验证操作列和复制按钮可用性
2026-05-08 13:54:54,328 - INFO - logger.py:104 - info - 点击第一个产品的复制按钮
2026-05-08 13:54:54,905 - INFO - logger.py:104 - info - 验证复制带出的产品基础信息可见
2026-05-08 13:55:00,168 - INFO - logger.py:104 - info - 关闭页面
2026-05-08 13:55:00,189 - INFO - logger.py:104 - info - 关闭浏览器上下文
2026-05-08 13:55:00,263 - INFO - logger.py:104 - info - 关闭浏览器
2026-05-08 13:55:01,700 - INFO - logger.py:104 - info - 测试执行完成: TestCopyProduct
2026-05-08 13:55:02,546 - ERROR - logger.py:112 - error - 生成Allure报告失败: Allure命令行工具未找到，请确保已安装并添加到系统PATH中
2026-05-08 13:55:02,548 - INFO - logger.py:104 - info - 测试执行完成，耗时: 26.00秒
2026-05-08 13:55:02,548 - INFO - logger.py:104 - info - 执行结果: 失败
