2026-05-08 08:42:51,330 - INFO - logger.py:104 - info - 开始执行测试
2026-05-08 08:42:51,347 - INFO - logger.py:104 - info - 使用单线程运行测试，避免Playwright Sync API在asyncio循环中的错误
2026-05-08 08:42:51,357 - INFO - logger.py:104 - info - Pytest执行参数: ['D:\\install\\auto_ui-master\\src\\testcase\\LD\\customer_file\\test_mismatch_product.py', '-p', 'no:xdist', '--tb=short', '--tb=short', '--timeout=180', '--alluredir', 'reports\\allure_report_20260508_084251']
2026-05-08 08:43:03,262 - INFO - logger.py:104 - info - 开始执行测试: TestImportProductCodeExists
2026-05-08 08:43:04,086 - INFO - logger.py:104 - info - 启动浏览器: Chromium, 无头模式: False
2026-05-08 08:43:09,849 - INFO - logger.py:104 - info - ============================================================
2026-05-08 08:43:09,851 - INFO - logger.py:104 - info - 开始执行测试用例：mismatch_product
2026-05-08 08:43:09,852 - INFO - logger.py:104 - info - 用例ms的id：0
2026-05-08 08:43:09,854 - INFO - logger.py:104 - info - ============================================================
2026-05-08 08:43:09,856 - INFO - logger.py:104 - info - 测试文件: D:\install\auto_ui-master\src\data\LD\customer_file\验证3.xlsx
2026-05-08 08:43:09,858 - INFO - logger.py:104 - info - 完成系统登录
2026-05-08 08:43:09,860 - INFO - logger.py:104 - info - 开始登录 LD 项目...
2026-05-08 08:43:09,861 - INFO - logger.py:104 - info - 登录URL: https://test2.saas-test3.supcon.com:32188
2026-05-08 08:43:09,863 - INFO - logger.py:104 - info - 用户名: admin
2026-05-08 08:43:15,372 - INFO - logger.py:104 - info - 检查是否存在在线用户超限提示
2026-05-08 08:43:15,920 - INFO - logger.py:104 - info - 已自动点击在线用户提示的确定按钮
2026-05-08 08:43:21,942 - INFO - logger.py:104 - info - LD 项目登录成功！
2026-05-08 08:43:21,945 - INFO - logger.py:104 - info - 导航进入客户档案页面
2026-05-08 08:43:23,123 - INFO - logger.py:104 - info - 等待客户列表加载
2026-05-08 08:43:37,016 - INFO - logger.py:104 - info - 关闭页面
2026-05-08 08:43:37,370 - INFO - logger.py:104 - info - 关闭浏览器上下文
2026-05-08 08:43:37,501 - INFO - logger.py:104 - info - 关闭浏览器
2026-05-08 08:43:38,872 - INFO - logger.py:104 - info - 测试执行完成: TestImportProductCodeExists
2026-05-08 08:43:43,631 - ERROR - logger.py:112 - error - 生成Allure报告失败: Allure命令行工具未找到，请确保已安装并添加到系统PATH中
2026-05-08 08:43:43,637 - INFO - logger.py:104 - info - 测试执行完成，耗时: 52.24秒
2026-05-08 08:43:43,641 - INFO - logger.py:104 - info - 执行结果: 失败
