2026-04-28 13:36:13,446 - INFO - logger.py:104 - info - 开始执行测试
2026-04-28 13:36:13,446 - INFO - logger.py:104 - info - 使用单线程运行测试，避免Playwright Sync API在asyncio循环中的错误
2026-04-28 13:36:13,447 - INFO - logger.py:104 - info - Pytest执行参数: ['D:\\install\\auto_ui-master\\src\\testcase\\LD\\printer_management\\test_verify_create_save.py', '-p', 'no:xdist', '--tb=short', '--tb=short', '--timeout=180', '--alluredir', 'reports\\allure_report_20260428_133613']
2026-04-28 13:36:16,463 - INFO - logger.py:104 - info - 开始执行测试: TestVerifyCreateSave
2026-04-28 13:36:16,472 - INFO - logger.py:104 - info - 启动浏览器: Chromium, 无头模式: False
2026-04-28 13:36:19,423 - INFO - logger.py:104 - info - ============================================================
2026-04-28 13:36:19,428 - INFO - logger.py:104 - info - 开始执行用例：verify_create_save
2026-04-28 13:36:19,481 - INFO - logger.py:104 - info - 用例ms的id：0
2026-04-28 13:36:19,485 - INFO - logger.py:104 - info - ============================================================
2026-04-28 13:36:19,494 - INFO - logger.py:104 - info - 完成系统登录
2026-04-28 13:36:19,497 - INFO - logger.py:104 - info - 开始登录 LD 项目...
2026-04-28 13:36:19,500 - INFO - logger.py:104 - info - 登录URL: https://test2.saas-test3.supcon.com:32188
2026-04-28 13:36:19,525 - INFO - logger.py:104 - info - 用户名: admin
2026-04-28 13:36:23,761 - INFO - logger.py:104 - info - 检查是否存在在线用户超限提示
2026-04-28 13:36:24,370 - INFO - logger.py:104 - info - 已自动点击在线用户提示的确定按钮
2026-04-28 13:36:30,407 - INFO - logger.py:104 - info - LD 项目登录成功！
2026-04-28 13:36:30,411 - INFO - logger.py:104 - info - 导航进入打印机管理菜单
2026-04-28 13:36:32,187 - INFO - logger.py:104 - info - 点击新增按钮，填写打印机信息
2026-04-28 13:36:35,246 - INFO - logger.py:104 - info - 点击保存按钮完成新增
2026-04-28 13:36:35,820 - INFO - logger.py:104 - info - 点击新增按钮，填写打印机信息
2026-04-28 13:36:38,640 - INFO - logger.py:104 - info - 点击保存按钮完成新增
2026-04-28 13:36:39,213 - INFO - logger.py:104 - info - 用例verify_create_save执行完成
2026-04-28 13:36:39,218 - INFO - logger.py:104 - info - 关闭页面
2026-04-28 13:36:39,235 - INFO - logger.py:104 - info - 关闭浏览器上下文
2026-04-28 13:36:39,302 - INFO - logger.py:104 - info - 关闭浏览器
2026-04-28 13:36:39,673 - INFO - logger.py:104 - info - 测试执行完成: TestVerifyCreateSave
2026-04-28 13:36:40,643 - ERROR - logger.py:112 - error - 生成Allure报告失败: Allure命令行工具未找到，请确保已安装并添加到系统PATH中
2026-04-28 13:36:40,644 - INFO - logger.py:104 - info - 测试执行完成，耗时: 27.17秒
2026-04-28 13:36:40,644 - INFO - logger.py:104 - info - 执行结果: 成功
