2026-05-07 13:59:23,209 - INFO - logger.py:104 - info - 开始执行测试
2026-05-07 13:59:23,209 - INFO - logger.py:104 - info - 使用单线程运行测试，避免Playwright Sync API在asyncio循环中的错误
2026-05-07 13:59:23,209 - INFO - logger.py:104 - info - Pytest执行参数: ['D:\\install\\auto_ui-master\\src\\testcase\\LD\\bom_management\\test_create_bom.py', '-p', 'no:xdist', '--tb=short', '--tb=short', '--timeout=180', '--alluredir', 'reports\\allure_report_20260507_135923']
2026-05-07 13:59:24,827 - INFO - logger.py:104 - info - 开始执行测试: TestCreateBOM
2026-05-07 13:59:24,835 - INFO - logger.py:104 - info - 启动浏览器: Chromium, 无头模式: False
2026-05-07 13:59:27,967 - INFO - logger.py:104 - info - ============================================================
2026-05-07 13:59:28,034 - INFO - logger.py:104 - info - 开始执行1
2026-05-07 13:59:28,037 - INFO - logger.py:104 - info - 用例ms的id：0
2026-05-07 13:59:28,065 - INFO - logger.py:104 - info - ============================================================
2026-05-07 13:59:28,069 - INFO - logger.py:104 - info - 完成系统登录
2026-05-07 13:59:28,073 - INFO - logger.py:104 - info - 开始登录 LD 项目...
2026-05-07 13:59:28,078 - INFO - logger.py:104 - info - 登录URL: https://test2.saas-test3.supcon.com:32188
2026-05-07 13:59:28,081 - INFO - logger.py:104 - info - 用户名: admin
2026-05-07 13:59:31,801 - INFO - logger.py:104 - info - 检查是否存在在线用户超限提示
2026-05-07 13:59:32,380 - INFO - logger.py:104 - info - 已自动点击在线用户提示的确定按钮
2026-05-07 13:59:38,398 - INFO - logger.py:104 - info - LD 项目登录成功！
2026-05-07 13:59:38,401 - INFO - logger.py:104 - info - 导航到物料清单页面
2026-05-07 13:59:39,592 - INFO - logger.py:104 - info - 点击新增按钮，打开创建物料清单弹窗
2026-05-07 13:59:40,741 - INFO - logger.py:104 - info - 验证创建弹窗基础区域显示正确
2026-05-07 13:59:40,777 - INFO - logger.py:104 - info - 打开产品选择弹窗并选中第一个产品
2026-05-07 13:59:42,664 - INFO - logger.py:104 - info - 验证子项产品表格表头显示符合预期
2026-05-07 13:59:42,741 - INFO - logger.py:104 - info - 用例执行完成
2026-05-07 13:59:42,746 - INFO - logger.py:104 - info - 关闭页面
2026-05-07 13:59:42,765 - INFO - logger.py:104 - info - 关闭浏览器上下文
2026-05-07 13:59:42,822 - INFO - logger.py:104 - info - 关闭浏览器
2026-05-07 13:59:43,341 - INFO - logger.py:104 - info - 测试执行完成: TestCreateBOM
2026-05-07 13:59:44,234 - ERROR - logger.py:112 - error - 生成Allure报告失败: Allure命令行工具未找到，请确保已安装并添加到系统PATH中
2026-05-07 13:59:44,236 - INFO - logger.py:104 - info - 测试执行完成，耗时: 21.00秒
2026-05-07 13:59:44,237 - INFO - logger.py:104 - info - 执行结果: 成功
