2026-04-27 09:23:49,448 - INFO - logger.py:104 - info - 开始执行测试
2026-04-27 09:23:49,448 - INFO - logger.py:104 - info - 使用单线程运行测试，避免Playwright Sync API在asyncio循环中的错误
2026-04-27 09:23:49,449 - INFO - logger.py:104 - info - Pytest执行参数: ['D:\\install\\auto_ui-master\\src\\testcase\\LD\\code_rule_config\\test_verify_whether_field.py', '-p', 'no:xdist', '--tb=short', '--tb=short', '--timeout=180', '--alluredir', 'reports\\allure_report_20260427_092349']
2026-04-27 09:24:07,763 - INFO - logger.py:104 - info - 开始执行测试: TestVerifyWhetherField
2026-04-27 09:24:08,773 - INFO - logger.py:104 - info - 启动浏览器: Chromium, 无头模式: False
2026-04-27 09:24:11,221 - INFO - logger.py:104 - info - ============================================================
2026-04-27 09:24:11,229 - INFO - logger.py:104 - info - 开始执行用例：verify_whether_field
2026-04-27 09:24:11,233 - INFO - logger.py:104 - info - 用例ms的id：0
2026-04-27 09:24:11,236 - INFO - logger.py:104 - info - ============================================================
2026-04-27 09:24:11,239 - INFO - logger.py:104 - info - 调用公用登录方法完成登录
2026-04-27 09:24:11,244 - INFO - logger.py:104 - info - 开始登录 LD 项目...
2026-04-27 09:24:11,247 - INFO - logger.py:104 - info - 登录URL: https://test2.saas-test3.supcon.com:32188
2026-04-27 09:24:11,250 - INFO - logger.py:104 - info - 用户名: admin
2026-04-27 09:24:15,370 - INFO - logger.py:104 - info - 检查是否存在在线用户超限提示
2026-04-27 09:24:15,930 - INFO - logger.py:104 - info - 已自动点击在线用户提示的确定按钮
2026-04-27 09:24:21,954 - INFO - logger.py:104 - info - LD 项目登录成功！
2026-04-27 09:24:21,957 - INFO - logger.py:104 - info - 处理登录弹窗，进入编码规则配置页面
2026-04-27 09:24:53,099 - INFO - logger.py:104 - info - 关闭页面
2026-04-27 09:24:53,133 - INFO - logger.py:104 - info - 关闭浏览器上下文
2026-04-27 09:24:53,173 - INFO - logger.py:104 - info - 关闭浏览器
2026-04-27 09:24:53,585 - INFO - logger.py:104 - info - 测试执行完成: TestVerifyWhetherField
2026-04-27 09:24:55,328 - ERROR - logger.py:112 - error - 生成Allure报告失败: Allure命令行工具未找到，请确保已安装并添加到系统PATH中
2026-04-27 09:24:55,328 - INFO - logger.py:104 - info - 测试执行完成，耗时: 65.86秒
2026-04-27 09:24:55,329 - INFO - logger.py:104 - info - 执行结果: 失败
