2026-04-27 13:24:00,689 - INFO - logger.py:104 - info - 开始执行测试
2026-04-27 13:24:00,689 - INFO - logger.py:104 - info - 使用单线程运行测试，避免Playwright Sync API在asyncio循环中的错误
2026-04-27 13:24:00,690 - INFO - logger.py:104 - info - Pytest执行参数: ['D:\\install\\auto_ui-master\\src\\testcase\\LD\\code_rule_config\\test_verify_serialnum_field_fill.py', '-p', 'no:xdist', '--tb=short', '--tb=short', '--timeout=180', '--alluredir', 'reports\\allure_report_20260427_132400']
2026-04-27 13:24:02,338 - INFO - logger.py:104 - info - 开始执行测试: TestVerifySerialnumFieldFill
2026-04-27 13:24:02,348 - INFO - logger.py:104 - info - 启动浏览器: Chromium, 无头模式: False
2026-04-27 13:24:05,045 - INFO - logger.py:104 - info - ============================================================
2026-04-27 13:24:05,146 - INFO - logger.py:104 - info - 开始执行用例：verify_serialnum_field_fill
2026-04-27 13:24:05,150 - INFO - logger.py:104 - info - 用例ms的id：0
2026-04-27 13:24:05,153 - INFO - logger.py:104 - info - ============================================================
2026-04-27 13:24:05,175 - INFO - logger.py:104 - info - 开始登录 LD 项目...
2026-04-27 13:24:05,179 - INFO - logger.py:104 - info - 登录URL: https://test2.saas-test3.supcon.com:32188
2026-04-27 13:24:05,211 - INFO - logger.py:104 - info - 用户名: admin
2026-04-27 13:24:09,448 - INFO - logger.py:104 - info - 检查是否存在在线用户超限提示
2026-04-27 13:24:10,018 - INFO - logger.py:104 - info - 已自动点击在线用户提示的确定按钮
2026-04-27 13:24:16,116 - INFO - logger.py:104 - info - LD 项目登录成功！
2026-04-27 13:24:16,125 - INFO - logger.py:104 - info - 进入编码规则配置菜单
2026-04-27 13:24:17,325 - INFO - logger.py:104 - info - 开始执行编码规则新增操作流程
2026-04-27 13:24:53,083 - INFO - logger.py:104 - info - 关闭页面
2026-04-27 13:24:53,111 - INFO - logger.py:104 - info - 关闭浏览器上下文
2026-04-27 13:24:53,155 - INFO - logger.py:104 - info - 关闭浏览器
2026-04-27 13:24:53,465 - INFO - logger.py:104 - info - 测试执行完成: TestVerifySerialnumFieldFill
2026-04-27 13:24:54,063 - ERROR - logger.py:112 - error - 生成Allure报告失败: Allure命令行工具未找到，请确保已安装并添加到系统PATH中
2026-04-27 13:24:54,064 - INFO - logger.py:104 - info - 测试执行完成，耗时: 53.35秒
2026-04-27 13:24:54,065 - INFO - logger.py:104 - info - 执行结果: 失败
