2026-04-27 10:16:15,519 - INFO - logger.py:104 - info - 开始执行测试
2026-04-27 10:16:15,519 - INFO - logger.py:104 - info - 使用单线程运行测试，避免Playwright Sync API在asyncio循环中的错误
2026-04-27 10:16:15,520 - INFO - logger.py:104 - info - Pytest执行参数: ['D:\\install\\auto_ui-master\\src\\testcase\\LD\\code_rule_config\\test_verify_constant_field.py', '-p', 'no:xdist', '--tb=short', '--tb=short', '--timeout=180', '--alluredir', 'reports\\allure_report_20260427_101615']
2026-04-27 10:16:17,910 - INFO - logger.py:104 - info - 开始执行测试: TestVerifyConstantField
2026-04-27 10:16:17,919 - INFO - logger.py:104 - info - 启动浏览器: Chromium, 无头模式: False
2026-04-27 10:16:20,657 - INFO - logger.py:104 - info - ============================================================
2026-04-27 10:16:20,730 - INFO - logger.py:104 - info - 开始执行用例：verify_constant_field
2026-04-27 10:16:20,737 - INFO - logger.py:104 - info - 用例ms ID：0
2026-04-27 10:16:20,742 - INFO - logger.py:104 - info - ============================================================
2026-04-27 10:16:20,745 - INFO - logger.py:104 - info - 执行系统登录
2026-04-27 10:16:20,758 - INFO - logger.py:104 - info - 开始登录 LD 项目...
2026-04-27 10:16:20,770 - INFO - logger.py:104 - info - 登录URL: https://test2.saas-test3.supcon.com:32188
2026-04-27 10:16:20,776 - INFO - logger.py:104 - info - 用户名: admin
2026-04-27 10:16:24,979 - INFO - logger.py:104 - info - 检查是否存在在线用户超限提示
2026-04-27 10:16:25,534 - INFO - logger.py:104 - info - 已自动点击在线用户提示的确定按钮
2026-04-27 10:16:31,558 - INFO - logger.py:104 - info - LD 项目登录成功！
2026-04-27 10:16:31,561 - INFO - logger.py:104 - info - 进入编码规则配置页面
2026-04-27 10:16:32,759 - INFO - logger.py:104 - info - 开始新增编码规则，测试固定字段输入
2026-04-27 10:16:36,561 - INFO - logger.py:104 - info - 测试操作完成，点击取消
2026-04-27 10:16:37,127 - INFO - logger.py:104 - info - 关闭页面
2026-04-27 10:16:37,143 - INFO - logger.py:104 - info - 关闭浏览器上下文
2026-04-27 10:16:37,203 - INFO - logger.py:104 - info - 关闭浏览器
2026-04-27 10:16:37,595 - INFO - logger.py:104 - info - 测试执行完成: TestVerifyConstantField
2026-04-27 10:16:38,405 - ERROR - logger.py:112 - error - 生成Allure报告失败: Allure命令行工具未找到，请确保已安装并添加到系统PATH中
2026-04-27 10:16:38,405 - INFO - logger.py:104 - info - 测试执行完成，耗时: 22.86秒
2026-04-27 10:16:38,406 - INFO - logger.py:104 - info - 执行结果: 成功
