2026-05-09 16:05:48,919 - INFO - logger.py:104 - info - 开始执行测试
2026-05-09 16:05:48,920 - INFO - logger.py:104 - info - 使用单线程运行测试，避免Playwright Sync API在asyncio循环中的错误
2026-05-09 16:05:48,920 - INFO - logger.py:104 - info - Pytest执行参数: ['D:\\install\\auto_ui-master\\src\\testcase\\LD\\printer_management\\test_verify_create_button.py', '-p', 'no:xdist', '--tb=short', '--tb=short', '--timeout=180', '--alluredir', 'reports\\allure_report_20260509_160548']
2026-05-09 16:05:50,791 - INFO - logger.py:104 - info - 开始执行测试: TestVerifyCreateCodeRule
2026-05-09 16:05:50,800 - INFO - logger.py:104 - info - 启动浏览器: Chromium, 无头模式: False
2026-05-09 16:05:54,390 - INFO - logger.py:104 - info - ============================================================
2026-05-09 16:05:54,442 - INFO - logger.py:104 - info - 开始执行verify_create_button
2026-05-09 16:05:54,450 - INFO - logger.py:104 - info - 用例ms的id：101097
2026-05-09 16:05:54,456 - INFO - logger.py:104 - info - ============================================================
2026-05-09 16:05:54,460 - INFO - logger.py:104 - info - 开始登录 LD 项目...
2026-05-09 16:05:54,463 - INFO - logger.py:104 - info - 登录URL: https://test2.saas-test3.supcon.com:32188
2026-05-09 16:05:54,472 - INFO - logger.py:104 - info - 用户名: admin
2026-05-09 16:05:58,382 - INFO - logger.py:104 - info - 检查是否存在在线用户超限提示
2026-05-09 16:05:58,958 - INFO - logger.py:104 - info - 已自动点击在线用户提示的确定按钮
2026-05-09 16:06:04,987 - INFO - logger.py:104 - info - LD 项目登录成功！
2026-05-09 16:06:04,991 - INFO - logger.py:104 - info - 处理登录后确认
2026-05-09 16:06:19,732 - INFO - logger.py:104 - info - 关闭页面
2026-05-09 16:06:19,741 - INFO - logger.py:104 - info - 关闭浏览器上下文
2026-05-09 16:06:19,772 - INFO - logger.py:104 - info - 关闭浏览器
2026-05-09 16:06:20,100 - INFO - logger.py:104 - info - 测试执行完成: TestVerifyCreateCodeRule
2026-05-09 16:06:21,021 - ERROR - logger.py:112 - error - 生成Allure报告失败: Allure命令行工具未找到，请确保已安装并添加到系统PATH中
2026-05-09 16:06:21,022 - INFO - logger.py:104 - info - 测试执行完成，耗时: 32.07秒
2026-05-09 16:06:21,022 - INFO - logger.py:104 - info - 执行结果: 失败
