2026-05-08 10:33:47,929 - INFO - logger.py:104 - info - 开始执行测试
2026-05-08 10:33:47,929 - INFO - logger.py:104 - info - 使用单线程运行测试，避免Playwright Sync API在asyncio循环中的错误
2026-05-08 10:33:47,930 - INFO - logger.py:104 - info - Pytest执行参数: ['D:\\install\\auto_ui-master\\src\\testcase\\LD\\product_file\\test_product_picture.py', '-p', 'no:xdist', '--tb=short', '--tb=short', '--timeout=180', '--alluredir', 'reports\\allure_report_20260508_103347']
2026-05-08 10:33:50,047 - INFO - logger.py:104 - info - 开始执行测试: TestProductPicture
2026-05-08 10:33:50,056 - INFO - logger.py:104 - info - 启动浏览器: Chromium, 无头模式: False
2026-05-08 10:33:54,145 - INFO - logger.py:104 - info - ============================================================
2026-05-08 10:33:54,149 - INFO - logger.py:104 - info - 开始执行用例：product_picture
2026-05-08 10:33:54,153 - INFO - logger.py:104 - info - 用例ms的id：0
2026-05-08 10:33:54,165 - INFO - logger.py:104 - info - ============================================================
2026-05-08 10:33:54,173 - INFO - logger.py:104 - info - 登录系统
2026-05-08 10:33:54,179 - INFO - logger.py:104 - info - 开始登录 LD 项目...
2026-05-08 10:33:54,184 - INFO - logger.py:104 - info - 登录URL: https://test2.saas-test3.supcon.com:32188
2026-05-08 10:33:54,188 - INFO - logger.py:104 - info - 用户名: admin
2026-05-08 10:33:57,769 - INFO - logger.py:104 - info - 检查是否存在在线用户超限提示
2026-05-08 10:33:58,464 - INFO - logger.py:104 - info - 已自动点击在线用户提示的确定按钮
2026-05-08 10:34:04,480 - INFO - logger.py:104 - info - LD 项目登录成功！
2026-05-08 10:34:04,484 - INFO - logger.py:104 - info - 进入产品档案页面
2026-05-08 10:34:05,588 - INFO - logger.py:104 - info - 点击新增产品按钮
2026-05-08 10:34:06,897 - INFO - logger.py:104 - info - 进入产品图片上传环节
2026-05-08 10:34:07,617 - INFO - logger.py:104 - info - 上传测试图片文件: D:\install\auto_ui-master\src\pages\LD\product_file\1.png
2026-05-08 10:34:08,147 - INFO - logger.py:104 - info - 等待图片上传处理完成
2026-05-08 10:34:10,162 - INFO - logger.py:104 - info - 点击预览图片
2026-05-08 10:34:10,806 - INFO - logger.py:104 - info - 等待预览弹窗出现
2026-05-08 10:34:11,820 - INFO - logger.py:104 - info - 关闭预览弹窗
2026-05-08 10:34:33,793 - INFO - logger.py:104 - info - 关闭页面
2026-05-08 10:34:33,799 - INFO - logger.py:104 - info - 关闭浏览器上下文
2026-05-08 10:34:33,817 - INFO - logger.py:104 - info - 关闭浏览器
2026-05-08 10:34:34,052 - INFO - logger.py:104 - info - 测试执行完成: TestProductPicture
2026-05-08 10:34:34,633 - ERROR - logger.py:112 - error - 生成Allure报告失败: Allure命令行工具未找到，请确保已安装并添加到系统PATH中
2026-05-08 10:34:34,634 - INFO - logger.py:104 - info - 测试执行完成，耗时: 46.68秒
2026-05-08 10:34:34,635 - INFO - logger.py:104 - info - 执行结果: 失败
