2026-05-08 11:19:20,197 - INFO - logger.py:104 - info - 开始执行测试
2026-05-08 11:19:20,198 - INFO - logger.py:104 - info - 使用单线程运行测试，避免Playwright Sync API在asyncio循环中的错误
2026-05-08 11:19:20,198 - INFO - logger.py:104 - info - Pytest执行参数: ['D:\\install\\auto_ui-master\\src\\testcase\\LD\\system_configuration\\test_verify_new_create_function.py', '-p', 'no:xdist', '--tb=short', '--tb=short', '--timeout=180', '--alluredir', 'reports\\allure_report_20260508_111920']
2026-05-08 11:19:23,545 - INFO - logger.py:104 - info - 开始执行测试: TestLabelPrintTemplateCreate
2026-05-08 11:19:23,552 - INFO - logger.py:104 - info - 启动浏览器: Chromium, 无头模式: False
2026-05-08 11:19:26,635 - INFO - logger.py:104 - info - ============================================================
2026-05-08 11:19:26,640 - INFO - logger.py:104 - info - 开始执行用例：verify_new_create_function
2026-05-08 11:19:26,643 - INFO - logger.py:104 - info - 用例ms的id：0
2026-05-08 11:19:26,649 - INFO - logger.py:104 - info - ============================================================
2026-05-08 11:19:26,654 - INFO - logger.py:104 - info - 开始登录 LD 项目...
2026-05-08 11:19:26,658 - INFO - logger.py:104 - info - 登录URL: https://test2.saas-test3.supcon.com:32188
2026-05-08 11:19:26,663 - INFO - logger.py:104 - info - 用户名: admin
2026-05-08 11:19:30,670 - INFO - logger.py:104 - info - 检查是否存在在线用户超限提示
2026-05-08 11:19:31,231 - INFO - logger.py:104 - info - 已自动点击在线用户提示的确定按钮
2026-05-08 11:19:37,260 - INFO - logger.py:104 - info - LD 项目登录成功！
2026-05-08 11:19:37,262 - INFO - logger.py:104 - info - 系统登录完成，开始业务操作
2026-05-08 11:19:37,264 - INFO - logger.py:104 - info - 导航进入标签打印配置页面
2026-05-08 11:19:39,035 - INFO - logger.py:104 - info - 获取业务iframe完成，开始新增操作
2026-05-08 11:19:40,063 - INFO - logger.py:104 - info - 填写模板基础信息
2026-05-08 11:19:41,137 - INFO - logger.py:104 - info - 选择模板类型为包码
2026-05-08 11:19:42,325 - INFO - logger.py:104 - info - 点击保存按钮完成新增
2026-05-08 11:19:42,903 - INFO - logger.py:104 - info - 用例verify_new_create_function执行完成
2026-05-08 11:19:42,908 - INFO - logger.py:104 - info - 关闭页面
2026-05-08 11:19:42,925 - INFO - logger.py:104 - info - 关闭浏览器上下文
2026-05-08 11:19:42,977 - INFO - logger.py:104 - info - 关闭浏览器
2026-05-08 11:19:43,290 - INFO - logger.py:104 - info - 测试执行完成: TestLabelPrintTemplateCreate
2026-05-08 11:19:44,047 - ERROR - logger.py:112 - error - 生成Allure报告失败: Allure命令行工具未找到，请确保已安装并添加到系统PATH中
2026-05-08 11:19:44,052 - INFO - logger.py:104 - info - 测试执行完成，耗时: 23.79秒
2026-05-08 11:19:44,053 - INFO - logger.py:104 - info - 执行结果: 成功
