2026-05-08 14:30:23,368 - INFO - logger.py:104 - info - 开始执行测试
2026-05-08 14:30:23,368 - INFO - logger.py:104 - info - 使用单线程运行测试，避免Playwright Sync API在asyncio循环中的错误
2026-05-08 14:30:23,368 - INFO - logger.py:104 - info - Pytest执行参数: ['D:\\install\\auto_ui-master\\src\\testcase\\LD\\product_file\\test_view_table_body.py', '-p', 'no:xdist', '--tb=short', '--tb=short', '--timeout=180', '--alluredir', 'reports\\allure_report_20260508_143023']
2026-05-08 14:30:25,622 - INFO - logger.py:104 - info - 开始执行测试: TestViewTableBody
2026-05-08 14:30:25,631 - INFO - logger.py:104 - info - 启动浏览器: Chromium, 无头模式: False
2026-05-08 14:30:29,288 - INFO - logger.py:104 - info - ============================================================
2026-05-08 14:30:29,292 - INFO - logger.py:104 - info - 开始执行用例：view_table_body
2026-05-08 14:30:29,295 - INFO - logger.py:104 - info - 用例ms的id：0
2026-05-08 14:30:29,298 - INFO - logger.py:104 - info - ============================================================
2026-05-08 14:30:29,300 - INFO - logger.py:104 - info - 开始登录 LD 项目...
2026-05-08 14:30:29,302 - INFO - logger.py:104 - info - 登录URL: https://test2.saas-test3.supcon.com:32188
2026-05-08 14:30:29,305 - INFO - logger.py:104 - info - 用户名: admin
2026-05-08 14:30:32,993 - INFO - logger.py:104 - info - 检查是否存在在线用户超限提示
2026-05-08 14:30:33,565 - INFO - logger.py:104 - info - 已自动点击在线用户提示的确定按钮
2026-05-08 14:30:39,587 - INFO - logger.py:104 - info - LD 项目登录成功！
2026-05-08 14:30:39,590 - INFO - logger.py:104 - info - 点击基础资料菜单
2026-05-08 14:30:40,119 - INFO - logger.py:104 - info - 点击产品档案菜单
2026-05-08 14:30:40,788 - INFO - logger.py:104 - info - 验证表格表头包含所有预期字段
2026-05-08 14:30:41,378 - INFO - logger.py:104 - info - 验证第一行操作按钮可见性
2026-05-08 14:30:41,416 - INFO - logger.py:104 - info - 验证右上角退出按钮可见性
2026-05-08 14:30:41,429 - INFO - logger.py:104 - info - 用例view_table_body执行完成
2026-05-08 14:30:41,434 - INFO - logger.py:104 - info - 关闭页面
2026-05-08 14:30:41,457 - INFO - logger.py:104 - info - 关闭浏览器上下文
2026-05-08 14:30:41,518 - INFO - logger.py:104 - info - 关闭浏览器
2026-05-08 14:30:42,060 - INFO - logger.py:104 - info - 测试执行完成: TestViewTableBody
2026-05-08 14:30:43,412 - ERROR - logger.py:112 - error - 生成Allure报告失败: Allure命令行工具未找到，请确保已安装并添加到系统PATH中
2026-05-08 14:30:43,414 - INFO - logger.py:104 - info - 测试执行完成，耗时: 20.02秒
2026-05-08 14:30:43,416 - INFO - logger.py:104 - info - 执行结果: 成功
