2026-04-28 13:43:00,383 - INFO - logger.py:104 - info - 开始执行测试
2026-04-28 13:43:00,383 - INFO - logger.py:104 - info - 使用单线程运行测试，避免Playwright Sync API在asyncio循环中的错误
2026-04-28 13:43:00,384 - INFO - logger.py:104 - info - Pytest执行参数: ['D:\\install\\auto_ui-master\\src\\testcase\\LD\\printer_management\\test_verify_create_page.py', '-p', 'no:xdist', '--tb=short', '--tb=short', '--timeout=180', '--alluredir', 'reports\\allure_report_20260428_134300']
2026-04-28 13:43:02,192 - INFO - logger.py:104 - info - 开始执行测试: TestPrinterCreateVerify
2026-04-28 13:43:02,213 - INFO - logger.py:104 - info - 启动浏览器: Chromium, 无头模式: False
2026-04-28 13:43:05,014 - INFO - logger.py:104 - info - ============================================================
2026-04-28 13:43:05,156 - INFO - logger.py:104 - info - 开始执行用例verify_create_page
2026-04-28 13:43:05,159 - INFO - logger.py:104 - info - 用例ms的id：0
2026-04-28 13:43:05,165 - INFO - logger.py:104 - info - ============================================================
2026-04-28 13:43:05,168 - INFO - logger.py:104 - info - 登录目标系统
2026-04-28 13:43:05,171 - INFO - logger.py:104 - info - 开始登录 LD 项目...
2026-04-28 13:43:05,174 - INFO - logger.py:104 - info - 登录URL: https://test2.saas-test3.supcon.com:32188
2026-04-28 13:43:05,191 - INFO - logger.py:104 - info - 用户名: admin
2026-04-28 13:43:09,329 - INFO - logger.py:104 - info - 检查是否存在在线用户超限提示
2026-04-28 13:43:09,921 - INFO - logger.py:104 - info - 已自动点击在线用户提示的确定按钮
2026-04-28 13:43:16,191 - INFO - logger.py:104 - info - LD 项目登录成功！
2026-04-28 13:43:16,193 - INFO - logger.py:104 - info - 进入打印机管理页面
2026-04-28 13:43:17,960 - INFO - logger.py:104 - info - 打开新增打印机页面
2026-04-28 13:43:18,902 - INFO - logger.py:104 - info - 点击保存按钮校验页面
2026-04-28 13:43:19,482 - INFO - logger.py:104 - info - 点击取消返回列表页
2026-04-28 13:43:20,058 - INFO - logger.py:104 - info - 关闭页面
2026-04-28 13:43:20,076 - INFO - logger.py:104 - info - 关闭浏览器上下文
2026-04-28 13:43:20,157 - INFO - logger.py:104 - info - 关闭浏览器
2026-04-28 13:43:20,483 - INFO - logger.py:104 - info - 测试执行完成: TestPrinterCreateVerify
2026-04-28 13:43:21,266 - ERROR - logger.py:112 - error - 生成Allure报告失败: Allure命令行工具未找到，请确保已安装并添加到系统PATH中
2026-04-28 13:43:21,266 - INFO - logger.py:104 - info - 测试执行完成，耗时: 20.86秒
2026-04-28 13:43:21,267 - INFO - logger.py:104 - info - 执行结果: 成功
