2026-05-08 15:25:49,276 - INFO - logger.py:104 - info - 开始执行测试
2026-05-08 15:25:49,277 - INFO - logger.py:104 - info - 使用单线程运行测试，避免Playwright Sync API在asyncio循环中的错误
2026-05-08 15:25:49,277 - INFO - logger.py:104 - info - Pytest执行参数: ['D:\\install\\auto_ui-master\\src\\testcase\\LD\\interface_solution_configuration\\test_verify_business_tree.py', '-p', 'no:xdist', '--tb=short', '--tb=short', '--timeout=180', '--alluredir', 'reports\\allure_report_20260508_152549']
2026-05-08 15:25:50,994 - INFO - logger.py:104 - info - 开始执行测试: TestVerifyBusinessTree
2026-05-08 15:25:51,003 - INFO - logger.py:104 - info - 启动浏览器: Chromium, 无头模式: False
2026-05-08 15:25:54,762 - INFO - logger.py:104 - info - ============================================================
2026-05-08 15:25:54,766 - INFO - logger.py:104 - info - 开始执行用例：verify_business_tree
2026-05-08 15:25:54,770 - INFO - logger.py:104 - info - 用例ms的id：0
2026-05-08 15:25:54,775 - INFO - logger.py:104 - info - ============================================================
2026-05-08 15:25:54,779 - INFO - logger.py:104 - info - 开始登录 LD 项目...
2026-05-08 15:25:54,786 - INFO - logger.py:104 - info - 登录URL: https://test2.saas-test3.supcon.com:32188
2026-05-08 15:25:54,790 - INFO - logger.py:104 - info - 用户名: admin
2026-05-08 15:25:58,459 - INFO - logger.py:104 - info - 检查是否存在在线用户超限提示
2026-05-08 15:25:59,015 - INFO - logger.py:104 - info - 已自动点击在线用户提示的确定按钮
2026-05-08 15:26:05,046 - INFO - logger.py:104 - info - LD 项目登录成功！
2026-05-08 15:26:05,048 - INFO - logger.py:104 - info - 登录成功，开始导航菜单
2026-05-08 15:26:05,050 - INFO - logger.py:104 - info - 点击基础资料菜单
2026-05-08 15:26:05,606 - INFO - logger.py:104 - info - 点击系统配置菜单
2026-05-08 15:26:06,198 - INFO - logger.py:104 - info - 点击进入接口方案配置页面
2026-05-08 15:26:06,769 - INFO - logger.py:104 - info - 开始操作业务树节点
2026-05-08 15:26:19,360 - INFO - logger.py:104 - info - 关闭页面
2026-05-08 15:26:19,385 - INFO - logger.py:104 - info - 关闭浏览器上下文
2026-05-08 15:26:19,444 - INFO - logger.py:104 - info - 关闭浏览器
2026-05-08 15:26:19,956 - INFO - logger.py:104 - info - 测试执行完成: TestVerifyBusinessTree
2026-05-08 15:26:21,964 - ERROR - logger.py:112 - error - 生成Allure报告失败: Allure命令行工具未找到，请确保已安装并添加到系统PATH中
2026-05-08 15:26:22,032 - INFO - logger.py:104 - info - 测试执行完成，耗时: 32.61秒
2026-05-08 15:26:22,039 - INFO - logger.py:104 - info - 执行结果: 失败
