2026-04-24 14:19:11,062 - INFO - logger.py:104 - info - 开始执行测试
2026-04-24 14:19:11,065 - INFO - logger.py:104 - info - 使用单线程运行测试，避免Playwright Sync API在asyncio循环中的错误
2026-04-24 14:19:11,065 - INFO - logger.py:104 - info - Pytest执行参数: ['D:\\install\\auto_ui-master\\src\\testcase\\LD\\customer_file\\test_verify_reset_button.py', '-p', 'no:xdist', '--tb=short', '--tb=short', '--timeout=180', '--alluredir', 'reports\\allure_report_20260424_141911']
2026-04-24 14:19:12,725 - INFO - logger.py:104 - info - 开始执行测试: TestVerifyResetButton
2026-04-24 14:19:12,741 - INFO - logger.py:104 - info - 启动浏览器: Chromium, 无头模式: False
2026-04-24 14:19:15,449 - INFO - logger.py:104 - info - ============================================================
2026-04-24 14:19:15,527 - INFO - logger.py:104 - info - 开始执行用例：verify_reset_button
2026-04-24 14:19:15,530 - INFO - logger.py:104 - info - 用例ms的id：0
2026-04-24 14:19:15,533 - INFO - logger.py:104 - info - ============================================================
2026-04-24 14:19:15,537 - INFO - logger.py:104 - info - 开始登录 LD 项目...
2026-04-24 14:19:15,541 - INFO - logger.py:104 - info - 登录URL: https://test2.saas-test3.supcon.com:32188
2026-04-24 14:19:15,545 - INFO - logger.py:104 - info - 用户名: admin
2026-04-24 14:19:19,968 - INFO - logger.py:104 - info - 检查是否存在在线用户超限提示
2026-04-24 14:19:20,545 - INFO - logger.py:104 - info - 已自动点击在线用户提示的确定按钮
2026-04-24 14:19:26,578 - INFO - logger.py:104 - info - LD 项目登录成功！
2026-04-24 14:19:26,581 - INFO - logger.py:104 - info - 进入客户档案页面
2026-04-24 14:19:27,791 - INFO - logger.py:104 - info - 输入客户编码执行查询，点击重置按钮
2026-04-24 14:19:30,725 - INFO - logger.py:104 - info - 关闭页面
2026-04-24 14:19:30,792 - INFO - logger.py:104 - info - 关闭浏览器上下文
2026-04-24 14:19:30,876 - INFO - logger.py:104 - info - 关闭浏览器
2026-04-24 14:19:31,291 - INFO - logger.py:104 - info - 测试执行完成: TestVerifyResetButton
2026-04-24 14:19:32,203 - ERROR - logger.py:112 - error - 生成Allure报告失败: Allure命令行工具未找到，请确保已安装并添加到系统PATH中
2026-04-24 14:19:32,204 - INFO - logger.py:104 - info - 测试执行完成，耗时: 21.11秒
2026-04-24 14:19:32,205 - INFO - logger.py:104 - info - 执行结果: 成功
