2026-05-09 14:32:12,429 - INFO - logger.py:104 - info - 开始执行测试
2026-05-09 14:32:12,429 - INFO - logger.py:104 - info - 使用单线程运行测试，避免Playwright Sync API在asyncio循环中的错误
2026-05-09 14:32:12,429 - INFO - logger.py:104 - info - Pytest执行参数: ['D:\\install\\auto_ui-master\\src\\testcase\\LD\\bom_management\\test_verify_child_product.py', '-p', 'no:xdist', '--tb=short', '--tb=short', '--timeout=180', '--alluredir', 'reports\\allure_report_20260509_143212']
2026-05-09 14:32:13,940 - INFO - logger.py:104 - info - 开始执行测试: TestVerifyChildProduct
2026-05-09 14:32:13,949 - INFO - logger.py:104 - info - 启动浏览器: Chromium, 无头模式: False
2026-05-09 14:32:17,500 - INFO - logger.py:104 - info - ============================================================
2026-05-09 14:32:17,504 - INFO - logger.py:104 - info - 开始执行测试用例：verify_child_product
2026-05-09 14:32:17,507 - INFO - logger.py:104 - info - 用例ms ID：100991
2026-05-09 14:32:17,509 - INFO - logger.py:104 - info - ============================================================
2026-05-09 14:32:17,512 - INFO - logger.py:104 - info - 开始登录 LD 项目...
2026-05-09 14:32:17,516 - INFO - logger.py:104 - info - 登录URL: https://test2.saas-test3.supcon.com:32188
2026-05-09 14:32:17,519 - INFO - logger.py:104 - info - 用户名: admin
2026-05-09 14:32:21,242 - INFO - logger.py:104 - info - 检查是否存在在线用户超限提示
2026-05-09 14:32:21,799 - INFO - logger.py:104 - info - 已自动点击在线用户提示的确定按钮
2026-05-09 14:32:27,835 - INFO - logger.py:104 - info - LD 项目登录成功！
2026-05-09 14:32:27,838 - INFO - logger.py:104 - info - 导航到物料清单模块
2026-05-09 14:32:29,086 - INFO - logger.py:104 - info - 进入编辑，发起添加子产品操作
2026-05-09 14:32:31,429 - INFO - logger.py:104 - info - 选择目标子产品
2026-05-09 14:32:32,766 - INFO - logger.py:104 - info - 执行关联工序操作
2026-05-09 14:32:34,445 - INFO - logger.py:104 - info - 取消操作，结束测试
2026-05-09 14:32:35,008 - INFO - logger.py:104 - info - 测试用例verify_child_product执行完成
2026-05-09 14:32:35,013 - INFO - logger.py:104 - info - 关闭页面
2026-05-09 14:32:35,051 - INFO - logger.py:104 - info - 关闭浏览器上下文
2026-05-09 14:32:35,090 - INFO - logger.py:104 - info - 关闭浏览器
2026-05-09 14:32:35,595 - INFO - logger.py:104 - info - 测试执行完成: TestVerifyChildProduct
2026-05-09 14:32:36,683 - ERROR - logger.py:112 - error - 生成Allure报告失败: Allure命令行工具未找到，请确保已安装并添加到系统PATH中
2026-05-09 14:32:36,684 - INFO - logger.py:104 - info - 测试执行完成，耗时: 24.22秒
2026-05-09 14:32:36,684 - INFO - logger.py:104 - info - 执行结果: 成功
