2026-05-08 15:11:59,592 - INFO - logger.py:104 - info - 开始执行测试
2026-05-08 15:11:59,592 - INFO - logger.py:104 - info - 使用单线程运行测试，避免Playwright Sync API在asyncio循环中的错误
2026-05-08 15:11:59,595 - INFO - logger.py:104 - info - Pytest执行参数: ['D:\\install\\auto_ui-master\\src\\testcase\\LD\\mobile_card_configuration', '-p', 'no:xdist', '--tb=short', '--tb=short', '--timeout=180', '--alluredir', 'reports\\allure_report_20260508_151159']
2026-05-08 15:12:12,128 - INFO - logger.py:104 - info - 开始执行测试: TestVerifyCreateMobileCardSettings
2026-05-08 15:12:12,136 - INFO - logger.py:104 - info - 启动浏览器: Chromium, 无头模式: False
2026-05-08 15:12:16,109 - INFO - logger.py:104 - info - ============================================================
2026-05-08 15:12:16,112 - INFO - logger.py:104 - info - 开始执行用例：verify_create_settings
2026-05-08 15:12:16,116 - INFO - logger.py:104 - info - 用例ms的id：0
2026-05-08 15:12:16,130 - INFO - logger.py:104 - info - ============================================================
2026-05-08 15:12:16,133 - INFO - logger.py:104 - info - 执行系统登录
2026-05-08 15:12:16,137 - INFO - logger.py:104 - info - 开始登录 LD 项目...
2026-05-08 15:12:16,141 - INFO - logger.py:104 - info - 登录URL: https://test2.saas-test3.supcon.com:32188
2026-05-08 15:12:16,165 - INFO - logger.py:104 - info - 用户名: admin
2026-05-08 15:12:20,038 - INFO - logger.py:104 - info - 检查是否存在在线用户超限提示
2026-05-08 15:12:20,606 - INFO - logger.py:104 - info - 已自动点击在线用户提示的确定按钮
2026-05-08 15:12:26,627 - INFO - logger.py:104 - info - LD 项目登录成功！
2026-05-08 15:12:26,631 - INFO - logger.py:104 - info - 导航到移动端卡片配置页面
2026-05-08 15:12:28,406 - INFO - logger.py:104 - info - 点击新增模板按钮
2026-05-08 15:12:29,578 - INFO - logger.py:104 - info - 配置模板展示字段
2026-05-08 15:12:32,057 - INFO - logger.py:104 - info - 用例verify_create_settings执行完成
2026-05-08 15:12:35,904 - INFO - logger.py:104 - info - 关闭页面
2026-05-08 15:12:35,936 - INFO - logger.py:104 - info - 关闭浏览器上下文
2026-05-08 15:12:35,973 - INFO - logger.py:104 - info - 关闭浏览器
2026-05-08 15:12:36,397 - INFO - logger.py:104 - info - 测试执行完成: TestVerifyCreateMobileCardSettings
2026-05-08 15:12:37,506 - ERROR - logger.py:112 - error - 生成Allure报告失败: Allure命令行工具未找到，请确保已安装并添加到系统PATH中
2026-05-08 15:12:37,507 - INFO - logger.py:104 - info - 测试执行完成，耗时: 37.88秒
2026-05-08 15:12:37,508 - INFO - logger.py:104 - info - 执行结果: 成功
