2026-05-09 15:16:16,824 - INFO - logger.py:104 - info - 开始执行测试
2026-05-09 15:16:16,825 - INFO - logger.py:104 - info - 使用单线程运行测试，避免Playwright Sync API在asyncio循环中的错误
2026-05-09 15:16:16,826 - INFO - logger.py:104 - info - Pytest执行参数: ['D:\\install\\auto_ui-master\\src\\testcase\\LD\\code_rule_config\\test_verify_whether_field.py', '-p', 'no:xdist', '--tb=short', '--tb=short', '--timeout=180', '--alluredir', 'reports\\allure_report_20260509_151616']
2026-05-09 15:16:19,734 - INFO - logger.py:104 - info - 开始执行测试: TestVerifyWhetherField
2026-05-09 15:16:19,745 - INFO - logger.py:104 - info - 启动浏览器: Chromium, 无头模式: False
2026-05-09 15:16:23,863 - INFO - logger.py:104 - info - ============================================================
2026-05-09 15:16:23,866 - INFO - logger.py:104 - info - 开始执行用例verify_whether_field
2026-05-09 15:16:23,869 - INFO - logger.py:104 - info - 用例ms的id：101106
2026-05-09 15:16:23,871 - INFO - logger.py:104 - info - ============================================================
2026-05-09 15:16:23,875 - INFO - logger.py:104 - info - 开始登录 LD 项目...
2026-05-09 15:16:23,878 - INFO - logger.py:104 - info - 登录URL: https://test2.saas-test3.supcon.com:32188
2026-05-09 15:16:23,882 - INFO - logger.py:104 - info - 用户名: admin
2026-05-09 15:16:27,523 - INFO - logger.py:104 - info - 检查是否存在在线用户超限提示
2026-05-09 15:16:28,075 - INFO - logger.py:104 - info - 已自动点击在线用户提示的确定按钮
2026-05-09 15:16:34,087 - INFO - logger.py:104 - info - LD 项目登录成功！
2026-05-09 15:16:34,091 - INFO - logger.py:104 - info - 进入编码规则配置菜单
2026-05-09 15:16:35,203 - INFO - logger.py:104 - info - 打开新增编码规则弹窗，填写基础信息
2026-05-09 15:16:49,507 - INFO - logger.py:104 - info - 关闭页面
2026-05-09 15:16:49,515 - INFO - logger.py:104 - info - 关闭浏览器上下文
2026-05-09 15:16:49,529 - INFO - logger.py:104 - info - 关闭浏览器
2026-05-09 15:16:49,836 - INFO - logger.py:104 - info - 测试执行完成: TestVerifyWhetherField
2026-05-09 15:16:50,591 - ERROR - logger.py:112 - error - 生成Allure报告失败: Allure命令行工具未找到，请确保已安装并添加到系统PATH中
2026-05-09 15:16:50,592 - INFO - logger.py:104 - info - 测试执行完成，耗时: 33.74秒
2026-05-09 15:16:50,593 - INFO - logger.py:104 - info - 执行结果: 失败
