2026-04-24 14:52:55,929 - INFO - logger.py:104 - info - 开始执行测试
2026-04-24 14:52:55,929 - INFO - logger.py:104 - info - 使用单线程运行测试，避免Playwright Sync API在asyncio循环中的错误
2026-04-24 14:52:55,929 - INFO - logger.py:104 - info - Pytest执行参数: ['D:\\install\\auto_ui-master\\src\\testcase\\LD\\customer_file\\test_verify_import_button.py', '-p', 'no:xdist', '--tb=short', '--tb=short', '--timeout=180', '--alluredir', 'reports\\allure_report_20260424_145255']
2026-04-24 14:52:57,648 - INFO - logger.py:104 - info - 开始执行测试: TestVerifyImportButton
2026-04-24 14:52:57,661 - INFO - logger.py:104 - info - 启动浏览器: Chromium, 无头模式: False
2026-04-24 14:53:00,544 - INFO - logger.py:104 - info - ============================================================
2026-04-24 14:53:00,548 - INFO - logger.py:104 - info - 开始执行用例：verify_import_button
2026-04-24 14:53:00,551 - INFO - logger.py:104 - info - 用例ms的id：0
2026-04-24 14:53:00,556 - INFO - logger.py:104 - info - ============================================================
2026-04-24 14:53:00,559 - INFO - logger.py:104 - info - 开始登录 LD 项目...
2026-04-24 14:53:00,564 - INFO - logger.py:104 - info - 登录URL: https://test2.saas-test3.supcon.com:32188
2026-04-24 14:53:00,570 - INFO - logger.py:104 - info - 用户名: admin
2026-04-24 14:53:04,447 - INFO - logger.py:104 - info - 检查是否存在在线用户超限提示
2026-04-24 14:53:05,043 - INFO - logger.py:104 - info - 已自动点击在线用户提示的确定按钮
2026-04-24 14:53:11,068 - INFO - logger.py:104 - info - LD 项目登录成功！
2026-04-24 14:53:11,071 - INFO - logger.py:104 - info - 系统登录完成
2026-04-24 14:53:11,072 - INFO - logger.py:104 - info - 关闭登录确认弹窗
2026-04-24 14:53:41,970 - INFO - logger.py:104 - info - 关闭页面
2026-04-24 14:53:41,990 - INFO - logger.py:104 - info - 关闭浏览器上下文
2026-04-24 14:53:42,039 - INFO - logger.py:104 - info - 关闭浏览器
2026-04-24 14:53:42,342 - INFO - logger.py:104 - info - 测试执行完成: TestVerifyImportButton
2026-04-24 14:53:42,881 - ERROR - logger.py:112 - error - 生成Allure报告失败: Allure命令行工具未找到，请确保已安装并添加到系统PATH中
2026-04-24 14:53:42,882 - INFO - logger.py:104 - info - 测试执行完成，耗时: 46.93秒
2026-04-24 14:53:42,882 - INFO - logger.py:104 - info - 执行结果: 失败
