2026-05-09 13:54:47,308 - INFO - logger.py:104 - info - 开始执行测试
2026-05-09 13:54:47,308 - INFO - logger.py:104 - info - 使用单线程运行测试，避免Playwright Sync API在asyncio循环中的错误
2026-05-09 13:54:47,309 - INFO - logger.py:104 - info - Pytest执行参数: ['D:\\install\\auto_ui-master\\src\\testcase\\LD\\customer_file\\test_import_create_product.py', '-p', 'no:xdist', '--tb=short', '--tb=short', '--timeout=180', '--alluredir', 'reports\\allure_report_20260509_135447']
2026-05-09 13:54:48,964 - INFO - logger.py:104 - info - 开始执行测试: TestImportProductCodeExists
2026-05-09 13:54:48,973 - INFO - logger.py:104 - info - 启动浏览器: Chromium, 无头模式: False
2026-05-09 13:54:53,300 - INFO - logger.py:104 - info - ============================================================
2026-05-09 13:54:53,308 - INFO - logger.py:104 - info - 开始执行测试用例：import_create_product
2026-05-09 13:54:53,311 - INFO - logger.py:104 - info - 用例ms的id：101240
2026-05-09 13:54:53,319 - INFO - logger.py:104 - info - ============================================================
2026-05-09 13:54:53,323 - INFO - logger.py:104 - info - 测试文件: D:\install\auto_ui-master\src\data\LD\customer_file\101240测试文件.xlsx
2026-05-09 13:54:53,333 - INFO - logger.py:104 - info - 完成系统登录
2026-05-09 13:54:53,340 - INFO - logger.py:104 - info - 开始登录 LD 项目...
2026-05-09 13:54:53,348 - INFO - logger.py:104 - info - 登录URL: https://test2.saas-test3.supcon.com:32188
2026-05-09 13:54:53,353 - INFO - logger.py:104 - info - 用户名: admin
2026-05-09 13:54:57,255 - INFO - logger.py:104 - info - 检查是否存在在线用户超限提示
2026-05-09 13:54:57,828 - INFO - logger.py:104 - info - 已自动点击在线用户提示的确定按钮
2026-05-09 13:55:03,851 - INFO - logger.py:104 - info - LD 项目登录成功！
2026-05-09 13:55:03,854 - INFO - logger.py:104 - info - 导航进入客户档案页面
2026-05-09 13:55:05,043 - INFO - logger.py:104 - info - 定位客户资料页面
2026-05-09 13:55:05,044 - INFO - logger.py:104 - info - 点击客户资料页面的导入按钮
2026-05-09 13:55:06,275 - INFO - logger.py:104 - info - 点击导入按钮
2026-05-09 13:55:07,293 - INFO - logger.py:104 - info - 关闭页面
2026-05-09 13:55:07,311 - INFO - logger.py:104 - info - 关闭浏览器上下文
2026-05-09 13:55:07,373 - INFO - logger.py:104 - info - 关闭浏览器
2026-05-09 13:55:07,763 - INFO - logger.py:104 - info - 测试执行完成: TestImportProductCodeExists
2026-05-09 13:55:08,984 - ERROR - logger.py:112 - error - 生成Allure报告失败: Allure命令行工具未找到，请确保已安装并添加到系统PATH中
2026-05-09 13:55:08,986 - INFO - logger.py:104 - info - 测试执行完成，耗时: 21.62秒
2026-05-09 13:55:08,986 - INFO - logger.py:104 - info - 执行结果: 失败
