2026-04-27 10:41:32,262 - INFO - logger.py:104 - info - 开始执行测试
2026-04-27 10:41:32,262 - INFO - logger.py:104 - info - 使用单线程运行测试，避免Playwright Sync API在asyncio循环中的错误
2026-04-27 10:41:32,263 - INFO - logger.py:104 - info - Pytest执行参数: ['D:\\install\\auto_ui-master\\src\\testcase\\LD\\code_rule_config\\test_verify_create_button.py', '-p', 'no:xdist', '--tb=short', '--tb=short', '--timeout=180', '--alluredir', 'reports\\allure_report_20260427_104132']
2026-04-27 10:41:33,889 - INFO - logger.py:104 - info - 开始执行测试: TestVerifyCreateCodeRule
2026-04-27 10:41:33,898 - INFO - logger.py:104 - info - 启动浏览器: Chromium, 无头模式: False
2026-04-27 10:41:36,667 - INFO - logger.py:104 - info - ============================================================
2026-04-27 10:41:36,672 - INFO - logger.py:104 - info - 开始执行用例：verify_create_button
2026-04-27 10:41:36,678 - INFO - logger.py:104 - info - 用例ms的id：0
2026-04-27 10:41:36,700 - INFO - logger.py:104 - info - ============================================================
2026-04-27 10:41:36,704 - INFO - logger.py:104 - info - 开始登录 LD 项目...
2026-04-27 10:41:36,718 - INFO - logger.py:104 - info - 登录URL: https://test2.saas-test3.supcon.com:32188
2026-04-27 10:41:36,728 - INFO - logger.py:104 - info - 用户名: admin
2026-04-27 10:41:40,868 - INFO - logger.py:104 - info - 检查是否存在在线用户超限提示
2026-04-27 10:41:41,459 - INFO - logger.py:104 - info - 已自动点击在线用户提示的确定按钮
2026-04-27 10:41:47,492 - INFO - logger.py:104 - info - LD 项目登录成功！
2026-04-27 10:41:47,495 - INFO - logger.py:104 - info - 登录成功，进入编码规则配置菜单
2026-04-27 10:41:48,668 - INFO - logger.py:104 - info - 点击创建按钮，开始新增编码规则
2026-04-27 10:41:49,814 - INFO - logger.py:104 - info - 填写编码规则基础信息
2026-04-27 10:41:52,037 - INFO - logger.py:104 - info - 选择业务类型：采购入库批号
2026-04-27 10:41:53,108 - INFO - logger.py:104 - info - 关闭页面
2026-04-27 10:41:53,133 - INFO - logger.py:104 - info - 关闭浏览器上下文
2026-04-27 10:41:53,225 - INFO - logger.py:104 - info - 关闭浏览器
2026-04-27 10:41:53,670 - INFO - logger.py:104 - info - 测试执行完成: TestVerifyCreateCodeRule
2026-04-27 10:41:54,603 - ERROR - logger.py:112 - error - 生成Allure报告失败: Allure命令行工具未找到，请确保已安装并添加到系统PATH中
2026-04-27 10:41:54,604 - INFO - logger.py:104 - info - 测试执行完成，耗时: 22.32秒
2026-04-27 10:41:54,604 - INFO - logger.py:104 - info - 执行结果: 失败
