2026-04-23 13:56:09,254 - INFO - logger.py:104 - info - 开始执行测试
2026-04-23 13:56:09,254 - INFO - logger.py:104 - info - 使用单线程运行测试，避免Playwright Sync API在asyncio循环中的错误
2026-04-23 13:56:09,254 - INFO - logger.py:104 - info - Pytest执行参数: ['D:\\install\\auto_ui-master\\src\\testcase\\LD\\bom_management\\test_verify_bom_template_pagination.py', '-p', 'no:xdist', '--tb=short', '--tb=short', '--timeout=180', '--alluredir', 'reports\\allure_report_20260423_135609']
2026-04-23 13:56:12,504 - INFO - logger.py:104 - info - 开始执行测试: TestBOMTemplatePagination
2026-04-23 13:56:12,512 - INFO - logger.py:104 - info - 启动浏览器: Chromium, 无头模式: False
2026-04-23 13:56:14,945 - INFO - logger.py:104 - info - ============================================================
2026-04-23 13:56:14,951 - INFO - logger.py:104 - info - 开始执行verify_bom_template_pagination
2026-04-23 13:56:14,954 - INFO - logger.py:104 - info - 用例ms的id：0
2026-04-23 13:56:14,958 - INFO - logger.py:104 - info - ============================================================
2026-04-23 13:56:14,962 - INFO - logger.py:104 - info - 开始登录 LD 项目...
2026-04-23 13:56:14,967 - INFO - logger.py:104 - info - 登录URL: https://test2.saas-test3.supcon.com:32188
2026-04-23 13:56:14,971 - INFO - logger.py:104 - info - 用户名: admin
2026-04-23 13:56:28,402 - INFO - logger.py:104 - info - LD 项目登录成功！
2026-04-23 13:56:28,406 - INFO - logger.py:104 - info - 进入物料清单菜单
2026-04-23 13:56:29,561 - INFO - logger.py:104 - info - 验证BOM列表总信息可见
2026-04-23 13:56:31,359 - INFO - logger.py:104 - info - 测试下一页跳转功能
2026-04-23 13:56:33,381 - INFO - logger.py:104 - info - 测试切换每页条数为50条
2026-04-23 13:56:34,657 - INFO - logger.py:104 - info - 测试上一页跳转功能
2026-04-23 13:56:36,854 - INFO - logger.py:104 - info - 测试指定页码跳转功能，跳转到第3页
2026-04-23 13:56:39,870 - INFO - logger.py:104 - info - 用例verify_bom_template_pagination执行完成
2026-04-23 13:56:39,874 - INFO - logger.py:104 - info - 关闭页面
2026-04-23 13:56:39,898 - INFO - logger.py:104 - info - 关闭浏览器上下文
2026-04-23 13:56:39,984 - INFO - logger.py:104 - info - 关闭浏览器
2026-04-23 13:56:40,465 - INFO - logger.py:104 - info - 测试执行完成: TestBOMTemplatePagination
2026-04-23 13:56:41,838 - ERROR - logger.py:112 - error - 生成Allure报告失败: Allure命令行工具未找到，请确保已安装并添加到系统PATH中
2026-04-23 13:56:41,839 - INFO - logger.py:104 - info - 测试执行完成，耗时: 32.55秒
2026-04-23 13:56:41,839 - INFO - logger.py:104 - info - 执行结果: 成功
