2026-05-08 08:45:17,569 - INFO - logger.py:104 - info - 开始执行测试
2026-05-08 08:45:17,570 - INFO - logger.py:104 - info - 使用单线程运行测试，避免Playwright Sync API在asyncio循环中的错误
2026-05-08 08:45:17,570 - INFO - logger.py:104 - info - Pytest执行参数: ['D:\\install\\auto_ui-master\\src\\testcase\\LD\\customer_file\\test_mismatch_product.py', '-p', 'no:xdist', '--tb=short', '--tb=short', '--timeout=180', '--alluredir', 'reports\\allure_report_20260508_084517']
2026-05-08 08:45:19,043 - INFO - logger.py:104 - info - 开始执行测试: TestImportProductCodeExists
2026-05-08 08:45:19,475 - INFO - logger.py:104 - info - 启动浏览器: Chromium, 无头模式: False
2026-05-08 08:45:22,517 - INFO - logger.py:104 - info - ============================================================
2026-05-08 08:45:22,528 - INFO - logger.py:104 - info - 开始执行测试用例：mismatch_product
2026-05-08 08:45:22,532 - INFO - logger.py:104 - info - 用例ms的id：0
2026-05-08 08:45:22,540 - INFO - logger.py:104 - info - ============================================================
2026-05-08 08:45:22,544 - INFO - logger.py:104 - info - 测试文件: D:\install\auto_ui-master\src\data\LD\customer_file\验证3.xlsx
2026-05-08 08:45:22,548 - INFO - logger.py:104 - info - 完成系统登录
2026-05-08 08:45:22,552 - INFO - logger.py:104 - info - 开始登录 LD 项目...
2026-05-08 08:45:22,556 - INFO - logger.py:104 - info - 登录URL: https://test2.saas-test3.supcon.com:32188
2026-05-08 08:45:22,560 - INFO - logger.py:104 - info - 用户名: admin
2026-05-08 08:45:26,606 - INFO - logger.py:104 - info - 检查是否存在在线用户超限提示
2026-05-08 08:45:27,204 - INFO - logger.py:104 - info - 已自动点击在线用户提示的确定按钮
2026-05-08 08:45:33,237 - INFO - logger.py:104 - info - LD 项目登录成功！
2026-05-08 08:45:33,240 - INFO - logger.py:104 - info - 导航进入客户档案页面
2026-05-08 08:45:34,422 - INFO - logger.py:104 - info - 等待客户列表加载
2026-05-08 08:45:37,454 - INFO - logger.py:104 - info - 选择第一个客户记录
2026-05-08 08:45:38,177 - INFO - logger.py:104 - info - 点击导入按钮
2026-05-08 08:45:38,818 - INFO - logger.py:104 - info - 上传导入文件
2026-05-08 08:45:39,348 - INFO - logger.py:104 - info - 确认导入，校验导入结果
2026-05-08 08:45:39,912 - INFO - logger.py:104 - info - 等待导入完成
2026-05-08 08:45:45,412 - INFO - logger.py:104 - info - 关闭弹窗，验证导入数据展示
2026-05-08 08:45:45,954 - INFO - logger.py:104 - info - 测试用例mismatch_product执行完成
2026-05-08 08:45:45,958 - INFO - logger.py:104 - info - 关闭页面
2026-05-08 08:45:46,041 - INFO - logger.py:104 - info - 关闭浏览器上下文
2026-05-08 08:45:46,059 - INFO - logger.py:104 - info - 关闭浏览器
2026-05-08 08:45:46,405 - INFO - logger.py:104 - info - 测试执行完成: TestImportProductCodeExists
2026-05-08 08:45:47,601 - ERROR - logger.py:112 - error - 生成Allure报告失败: Allure命令行工具未找到，请确保已安装并添加到系统PATH中
2026-05-08 08:45:47,614 - INFO - logger.py:104 - info - 测试执行完成，耗时: 29.98秒
2026-05-08 08:45:47,617 - INFO - logger.py:104 - info - 执行结果: 成功
