2026-04-23 16:45:44,166 - INFO - logger.py:104 - info - 开始执行测试
2026-04-23 16:45:44,167 - INFO - logger.py:104 - info - 使用单线程运行测试，避免Playwright Sync API在asyncio循环中的错误
2026-04-23 16:45:44,168 - INFO - logger.py:104 - info - Pytest执行参数: ['D:\\install\\auto_ui-master\\src\\testcase\\LD\\bom_management\\test_bom_export_button.py', '-p', 'no:xdist', '--tb=short', '--tb=short', '--timeout=180', '--alluredir', 'reports\\allure_report_20260423_164544']
2026-04-23 16:45:47,201 - INFO - logger.py:104 - info - 开始执行测试: TestBomExportButton
2026-04-23 16:45:47,215 - INFO - logger.py:104 - info - 启动浏览器: Chromium, 无头模式: False
2026-04-23 16:45:49,632 - INFO - logger.py:104 - info - ============================================================
2026-04-23 16:45:49,642 - INFO - logger.py:104 - info - 开始执行用例：bom_export_button
2026-04-23 16:45:49,663 - INFO - logger.py:104 - info - 用例ms的id：0
2026-04-23 16:45:49,669 - INFO - logger.py:104 - info - ============================================================
2026-04-23 16:45:49,673 - INFO - logger.py:104 - info - 登录系统
2026-04-23 16:45:49,677 - INFO - logger.py:104 - info - 开始登录 LD 项目...
2026-04-23 16:45:49,681 - INFO - logger.py:104 - info - 登录URL: https://test2.saas-test3.supcon.com:32188
2026-04-23 16:45:49,709 - INFO - logger.py:104 - info - 用户名: admin
2026-04-23 16:46:02,424 - INFO - logger.py:104 - info - LD 项目登录成功！
2026-04-23 16:46:02,428 - INFO - logger.py:104 - info - 进入物料清单页面
2026-04-23 16:46:03,584 - INFO - logger.py:104 - info - 开始执行导出配置操作
2026-04-23 16:46:06,911 - INFO - logger.py:104 - info - 触发导出，等待下载完成
2026-04-23 16:46:08,328 - INFO - logger.py:104 - info - 导出文件下载完成，文件名：物料清单_列表_2026_4_23.xls
2026-04-23 16:46:09,356 - INFO - logger.py:104 - info - bom_export_button用例执行完成
2026-04-23 16:46:09,360 - INFO - logger.py:104 - info - 关闭页面
2026-04-23 16:46:09,374 - INFO - logger.py:104 - info - 关闭浏览器上下文
2026-04-23 16:46:09,433 - INFO - logger.py:104 - info - 关闭浏览器
2026-04-23 16:46:09,817 - INFO - logger.py:104 - info - 测试执行完成: TestBomExportButton
2026-04-23 16:46:10,323 - ERROR - logger.py:112 - error - 生成Allure报告失败: Allure命令行工具未找到，请确保已安装并添加到系统PATH中
2026-04-23 16:46:10,324 - INFO - logger.py:104 - info - 测试执行完成，耗时: 26.13秒
2026-04-23 16:46:10,324 - INFO - logger.py:104 - info - 执行结果: 成功
