2026-04-24 09:06:14,614 - INFO - logger.py:104 - info - 开始执行测试
2026-04-24 09:06:14,614 - INFO - logger.py:104 - info - 使用单线程运行测试，避免Playwright Sync API在asyncio循环中的错误
2026-04-24 09:06:14,615 - INFO - logger.py:104 - info - Pytest执行参数: ['D:\\install\\auto_ui-master\\src\\testcase\\LD\\customer_file\\test_verify_import.py', '-p', 'no:xdist', '--tb=short', '--tb=short', '--timeout=180', '--alluredir', 'reports\\allure_report_20260424_090614']
2026-04-24 09:06:16,260 - INFO - logger.py:104 - info - 开始执行测试: TestVerifyImport
2026-04-24 09:06:16,273 - INFO - logger.py:104 - info - 启动浏览器: Chromium, 无头模式: False
2026-04-24 09:06:18,535 - INFO - logger.py:104 - info - ============================================================
2026-04-24 09:06:18,562 - INFO - logger.py:104 - info - 开始执行verify_import
2026-04-24 09:06:18,568 - INFO - logger.py:104 - info - 用例ms的id：0
2026-04-24 09:06:18,572 - INFO - logger.py:104 - info - ============================================================
2026-04-24 09:06:18,575 - INFO - logger.py:104 - info - 开始登录 LD 项目...
2026-04-24 09:06:18,579 - INFO - logger.py:104 - info - 登录URL: https://test2.saas-test3.supcon.com:32188
2026-04-24 09:06:18,583 - INFO - logger.py:104 - info - 用户名: admin
2026-04-24 09:06:26,849 - INFO - logger.py:104 - info - 检查是否存在在线用户超限提示
2026-04-24 09:06:31,896 - INFO - logger.py:104 - info - LD 项目登录成功！
2026-04-24 09:06:31,900 - INFO - logger.py:104 - info - 进入客户档案页面
2026-04-24 09:06:33,064 - INFO - logger.py:104 - info - 测试文件: D:\install\auto_ui-master\src\data\LD\customer_file\客户资料_2026_04_24.xls
2026-04-24 09:06:33,067 - INFO - logger.py:104 - info - 上传待导入的客户资料文件
2026-04-24 09:06:36,045 - INFO - logger.py:104 - info - 关闭页面
2026-04-24 09:06:36,060 - INFO - logger.py:104 - info - 关闭浏览器上下文
2026-04-24 09:06:36,110 - INFO - logger.py:104 - info - 关闭浏览器
2026-04-24 09:06:36,470 - INFO - logger.py:104 - info - 测试执行完成: TestVerifyImport
2026-04-24 09:06:38,064 - ERROR - logger.py:112 - error - 生成Allure报告失败: Allure命令行工具未找到，请确保已安装并添加到系统PATH中
2026-04-24 09:06:38,160 - INFO - logger.py:104 - info - 测试执行完成，耗时: 23.41秒
2026-04-24 09:06:38,171 - INFO - logger.py:104 - info - 执行结果: 失败
